nohup: ignoring input
[Decode Mode] Current Length of sequences is modified into input_len
Using synthesis trace
ACT: 0.941723GB, Weight: 15.6074GB, Cache: 961.304GB, Shared Cache: 150.174GB
Total: 1128.03GB
Available capacity for KV cache is 25.2773GB
KV cache per seq is 0.120163GB
Modify max_batch_size to 209
-----------------------------------
-------------start-----------------
-----------------------------------
Total: 1438133943.906233
../data//llama3_405B_synthesis_1000_1000_GPU_N4_D8_TP32_DP1_maxbatch8000_maxprocess524288_iter10_skew0_precision_byte1_parallel_execution0_decode.csv
LLM | 1.4381e+05us  | 0 - 1.4381e+05 | tensor(1, 128256) -> tensor(209, 128256) | ACT: 168.56mJ  | RD: 5262.5mJ  | WR: 28.194mJ  | all_ACT: 0mJ  | all_RD: 0mJ  | all_WR: 0mJ  | MAC: 1.2697e+05mJ  | Total: 5459.2mJ | compute util: 0, memory util: 0, Op/B 2903.9
	Embedding_layer | 0us  | 0 - 0 | tensor(1, 128256) -> tensor(209, 16384) | ACT: 0mJ  | RD: 0mJ  | WR: 0mJ  | all_ACT: 0mJ  | all_RD: 0mJ  | all_WR: 0mJ  | MAC: 0mJ  | Total: 0mJ | compute util: 0, memory util: 0, Op/B 0
	decoder_0 | 1144.9us  | 0 - 1144.9 | tensor(209, 16384) -> tensor(209, 16384) | ACT: 1.3378mJ  | RD: 41.766mJ  | WR: 0.22376mJ  | all_ACT: 0mJ  | all_RD: 0mJ  | all_WR: 0mJ  | MAC: 1007.7mJ  | Total: 43.327mJ | compute util: 0, memory util: 0, Op/B 2903.9
		input_layer_norm | 0.85811us  | 0 - 0.85811 | tensor(209, 16384) -> tensor(209, 16384) | ACT: 0mJ  | RD: 0mJ  | WR: 0mJ  | all_ACT: 0mJ  | all_RD: 0mJ  | all_WR: 0mJ  | MAC: 0mJ  | Total: 0mJ | compute util: 0, memory util: 0, Op/B 0
		attention | 1054.4us  | 0.85811 - 1055.3 | tensor(209, 16384) -> tensor(209, 16384) | ACT: 1.2547mJ  | RD: 39.268mJ  | WR: 0.09888mJ  | all_ACT: 0mJ  | all_RD: 0mJ  | all_WR: 0mJ  | MAC: 999.85mJ  | Total: 40.621mJ | compute util: 0, memory util: 0, Op/B 3073
			attn_qkv_proj | 1.6227us  | 0.85811 - 2.4808 | tensor(209, 16384) -> tensor(209, 576) | ACT: 0.011519mJ  | RD: 0.35834mJ  | WR: 0.0034214mJ  | all_ACT: 0mJ  | all_RD: 0mJ  | all_WR: 0mJ  | MAC: 0.90729mJ  | Total: 0.37328mJ | compute util: 0, memory util: 0, Op/B 303.87
				Linear | 1.6227us  | 0.85811 - 2.4808 | tensor(209, 16384) -> tensor(209, 576) | ACT: 0.011519mJ  | RD: 0.35834mJ  | WR: 0.0034214mJ  | all_ACT: 0mJ  | all_RD: 0mJ  | all_WR: 0mJ  | MAC: 0.90729mJ  | Total: 0.37328mJ | compute util: 0.54021, memory util: 1, Op/B 303.87, GPU
			self_attention | 976.9us  | 2.4808 - 979.38 | tensor(209, 576) -> tensor(209, 512) | ACT: 1.2326mJ  | RD: 38.672mJ  | WR: 0mJ  | all_ACT: 0mJ  | all_RD: 0mJ  | all_WR: 0mJ  | MAC: 998.14mJ  | Total: 39.905mJ | compute util: 0, memory util: 0, Op/B 3122.7
				AttentionSplit | 0us  | 2.4808 - 2.4808 | tensor(209, 576) -> tensor(0, 768) tensor(209, 768) | ACT: 0mJ  | RD: 0mJ  | WR: 0mJ  | all_ACT: 0mJ  | all_RD: 0mJ  | all_WR: 0mJ  | MAC: 0mJ  | Total: 0mJ | compute util: 0, memory util: 0, Op/B 0
				AttentionSum | 0us  | 2.4808 - 2.4808 | tensor(0, 768) -> tensor(0, 2048) | ACT: 0mJ  | RD: 0mJ  | WR: 0mJ  | all_ACT: 0mJ  | all_RD: 0mJ  | all_WR: 0mJ  | MAC: 0mJ  | Total: 0mJ | compute util: 0, memory util: 0, Op/B 0, GPU
				AttentionGen | 964.39us  | 2.4808 - 966.87 | tensor(209, 768) -> tensor(209, 2048) | ACT: 1.2326mJ  | RD: 38.672mJ  | WR: 0mJ  | all_ACT: 0mJ  | all_RD: 0mJ  | all_WR: 0mJ  | MAC: 998.14mJ  | Total: 39.905mJ | compute util: 1, memory util: 0.18013, Op/B 3122.7, GPU
				context_merge | 12.517us  | 966.87 - 979.38 | tensor(209, 2048) -> tensor(209, 2048) | ACT: 0mJ  | RD: 0mJ  | WR: 0mJ  | all_ACT: 0mJ  | all_RD: 0mJ  | all_WR: 0mJ  | MAC: 0mJ  | Total: 0mJ | compute util: 0, memory util: 0, Op/B 0
				AttentionMerge | 0us  | 979.38 - 979.38 | tensor(0, 2048) tensor(209, 2048) -> tensor(209, 512) | ACT: 0mJ  | RD: 0mJ  | WR: 0mJ  | all_ACT: 0mJ  | all_RD: 0mJ  | all_WR: 0mJ  | MAC: 0mJ  | Total: 0mJ | compute util: 0, memory util: 0, Op/B 0
			attn_o_proj | 1.49us  | 979.38 - 980.87 | tensor(209, 512) -> tensor(209, 16384) | ACT: 0.010588mJ  | RD: 0.23688mJ  | WR: 0.095458mJ  | all_ACT: 0mJ  | all_RD: 0mJ  | all_WR: 0mJ  | MAC: 0.80648mJ  | Total: 0.34292mJ | compute util: 0, memory util: 0, Op/B 294.17
				Linear | 1.49us  | 979.38 - 980.87 | tensor(209, 512) -> tensor(209, 16384) | ACT: 0.010588mJ  | RD: 0.23688mJ  | WR: 0.095458mJ  | all_ACT: 0mJ  | all_RD: 0mJ  | all_WR: 0mJ  | MAC: 0.80648mJ  | Total: 0.34292mJ | compute util: 0.52296, memory util: 1, Op/B 294.17, GPU
			all_reduce | 74.405us  | 980.87 - 1055.3 | tensor(209, 16384) -> tensor(209, 16384) | ACT: 0mJ  | RD: 0mJ  | WR: 0mJ  | all_ACT: 0mJ  | all_RD: 0mJ  | all_WR: 0mJ  | MAC: 0mJ  | Total: 0mJ | compute util: 0, memory util: 0, Op/B 0
		residual_1 | 1.2841us  | 1055.3 - 1056.6 | tensor(209, 16384) -> tensor(209, 16384) | ACT: 0mJ  | RD: 0mJ  | WR: 0mJ  | all_ACT: 0mJ  | all_RD: 0mJ  | all_WR: 0mJ  | MAC: 0mJ  | Total: 0mJ | compute util: 0, memory util: 0, Op/B 0
		post_attn_layer_norm | 0.85811us  | 1056.6 - 1057.4 | tensor(209, 16384) -> tensor(209, 16384) | ACT: 0mJ  | RD: 0mJ  | WR: 0mJ  | all_ACT: 0mJ  | all_RD: 0mJ  | all_WR: 0mJ  | MAC: 0mJ  | Total: 0mJ | compute util: 0, memory util: 0, Op/B 0
		feedforward | 11.769us  | 1057.4 - 1069.2 | tensor(209, 16384) -> tensor(209, 16384) | ACT: 0.083075mJ  | RD: 2.498mJ  | WR: 0.12488mJ  | all_ACT: 0mJ  | all_RD: 0mJ  | all_WR: 0mJ  | MAC: 7.8632mJ  | Total: 2.706mJ | compute util: 0, memory util: 0, Op/B 363.13
			gate_proj | 3.8794us  | 1057.4 - 1061.3 | tensor(209, 16384) -> tensor(209, 1664) | ACT: 0.027459mJ  | RD: 0.85468mJ  | WR: 0.0098081mJ  | all_ACT: 0mJ  | all_RD: 0mJ  | all_WR: 0mJ  | MAC: 2.6211mJ  | Total: 0.89194mJ | compute util: 0, memory util: 0, Op/B 367.2
				Linear | 3.8794us  | 1057.4 - 1061.3 | tensor(209, 16384) -> tensor(209, 1664) | ACT: 0.027459mJ  | RD: 0.85468mJ  | WR: 0.0098081mJ  | all_ACT: 0mJ  | all_RD: 0mJ  | all_WR: 0mJ  | MAC: 2.6211mJ  | Total: 0.89194mJ | compute util: 0.65279, memory util: 1, Op/B 367.2, GPU
			activation | 0.13042us  | 1061.3 - 1061.4 | tensor(209, 1664) -> tensor(209, 1664) | ACT: 0.00069811mJ  | RD: 0.019616mJ  | WR: 0.0098081mJ  | all_ACT: 0mJ  | all_RD: 0mJ  | all_WR: 0mJ  | MAC: 0mJ  | Total: 0.030122mJ | compute util: 0, memory util: 1, Op/B 0, GPU
			up_proj | 3.8794us  | 1061.4 - 1065.3 | tensor(209, 16384) -> tensor(209, 1664) | ACT: 0.027459mJ  | RD: 0.85468mJ  | WR: 0.0098081mJ  | all_ACT: 0mJ  | all_RD: 0mJ  | all_WR: 0mJ  | MAC: 2.6211mJ  | Total: 0.89194mJ | compute util: 0, memory util: 0, Op/B 367.2
				Linear | 3.8794us  | 1061.4 - 1065.3 | tensor(209, 16384) -> tensor(209, 1664) | ACT: 0.027459mJ  | RD: 0.85468mJ  | WR: 0.0098081mJ  | all_ACT: 0mJ  | all_RD: 0mJ  | all_WR: 0mJ  | MAC: 2.6211mJ  | Total: 0.89194mJ | compute util: 0.65279, memory util: 1, Op/B 367.2, GPU
			down_proj | 3.8794us  | 1065.3 - 1069.2 | tensor(209, 1664) -> tensor(209, 16384) | ACT: 0.027459mJ  | RD: 0.76903mJ  | WR: 0.095458mJ  | all_ACT: 0mJ  | all_RD: 0mJ  | all_WR: 0mJ  | MAC: 2.6211mJ  | Total: 0.89194mJ | compute util: 0, memory util: 0, Op/B 367.2
				Linear | 3.8794us  | 1065.3 - 1069.2 | tensor(209, 1664) -> tensor(209, 16384) | ACT: 0.027459mJ  | RD: 0.76903mJ  | WR: 0.095458mJ  | all_ACT: 0mJ  | all_RD: 0mJ  | all_WR: 0mJ  | MAC: 2.6211mJ  | Total: 0.89194mJ | compute util: 0.65279, memory util: 1, Op/B 367.2, GPU
		all_reduce | 74.405us  | 1069.2 - 1143.6 | tensor(209, 16384) -> tensor(209, 16384) | ACT: 0mJ  | RD: 0mJ  | WR: 0mJ  | all_ACT: 0mJ  | all_RD: 0mJ  | all_WR: 0mJ  | MAC: 0mJ  | Total: 0mJ | compute util: 0, memory util: 0, Op/B 0
		residual_1 | 1.2841us  | 1143.6 - 1144.9 | tensor(209, 16384) -> tensor(209, 16384) | ACT: 0mJ  | RD: 0mJ  | WR: 0mJ  | all_ACT: 0mJ  | all_RD: 0mJ  | all_WR: 0mJ  | MAC: 0mJ  | Total: 0mJ | compute util: 0, memory util: 0, Op/B 0
	decoder_1 | 1137.9us  | 1144.9 - 2282.8 | tensor(209, 16384) -> tensor(209, 16384) | ACT: 1.3378mJ  | RD: 41.766mJ  | WR: 0.22376mJ  | all_ACT: 0mJ  | all_RD: 0mJ  | all_WR: 0mJ  | MAC: 1007.7mJ  | Total: 43.327mJ | compute util: 0, memory util: 0, Op/B 2903.9
		input_layer_norm | 0.85811us  | 1144.9 - 1145.7 | tensor(209, 16384) -> tensor(209, 16384) | ACT: 0mJ  | RD: 0mJ  | WR: 0mJ  | all_ACT: 0mJ  | all_RD: 0mJ  | all_WR: 0mJ  | MAC: 0mJ  | Total: 0mJ | compute util: 0, memory util: 0, Op/B 0
		attention | 1047.4us  | 1145.7 - 2193.2 | tensor(209, 16384) -> tensor(209, 16384) | ACT: 1.2547mJ  | RD: 39.268mJ  | WR: 0.09888mJ  | all_ACT: 0mJ  | all_RD: 0mJ  | all_WR: 0mJ  | MAC: 999.85mJ  | Total: 40.621mJ | compute util: 0, memory util: 0, Op/B 3073
			attn_qkv_proj | 1.6227us  | 1145.7 - 1147.4 | tensor(209, 16384) -> tensor(209, 576) | ACT: 0.011519mJ  | RD: 0.35834mJ  | WR: 0.0034214mJ  | all_ACT: 0mJ  | all_RD: 0mJ  | all_WR: 0mJ  | MAC: 0.90729mJ  | Total: 0.37328mJ | compute util: 0, memory util: 0, Op/B 303.87
				Linear | 1.6227us  | 1145.7 - 1147.4 | tensor(209, 16384) -> tensor(209, 576) | ACT: 0.011519mJ  | RD: 0.35834mJ  | WR: 0.0034214mJ  | all_ACT: 0mJ  | all_RD: 0mJ  | all_WR: 0mJ  | MAC: 0.90729mJ  | Total: 0.37328mJ | compute util: 0.54021, memory util: 1, Op/B 303.87, GPU
			self_attention | 969.9us  | 1147.4 - 2117.3 | tensor(209, 576) -> tensor(209, 512) | ACT: 1.2326mJ  | RD: 38.672mJ  | WR: 0mJ  | all_ACT: 0mJ  | all_RD: 0mJ  | all_WR: 0mJ  | MAC: 998.14mJ  | Total: 39.905mJ | compute util: 0, memory util: 0, Op/B 3122.7
				AttentionSplit | 0us  | 1147.4 - 1147.4 | tensor(209, 576) -> tensor(0, 768) tensor(209, 768) | ACT: 0mJ  | RD: 0mJ  | WR: 0mJ  | all_ACT: 0mJ  | all_RD: 0mJ  | all_WR: 0mJ  | MAC: 0mJ  | Total: 0mJ | compute util: 0, memory util: 0, Op/B 0
				AttentionSum | 0us  | 1147.4 - 1147.4 | tensor(0, 768) -> tensor(0, 2048) | ACT: 0mJ  | RD: 0mJ  | WR: 0mJ  | all_ACT: 0mJ  | all_RD: 0mJ  | all_WR: 0mJ  | MAC: 0mJ  | Total: 0mJ | compute util: 0, memory util: 0, Op/B 0, GPU
				AttentionGen | 964.39us  | 1147.4 - 2111.7 | tensor(209, 768) -> tensor(209, 2048) | ACT: 1.2326mJ  | RD: 38.672mJ  | WR: 0mJ  | all_ACT: 0mJ  | all_RD: 0mJ  | all_WR: 0mJ  | MAC: 998.14mJ  | Total: 39.905mJ | compute util: 1, memory util: 0.18013, Op/B 3122.7, GPU
				context_merge | 5.5134us  | 2111.7 - 2117.3 | tensor(209, 2048) -> tensor(209, 2048) | ACT: 0mJ  | RD: 0mJ  | WR: 0mJ  | all_ACT: 0mJ  | all_RD: 0mJ  | all_WR: 0mJ  | MAC: 0mJ  | Total: 0mJ | compute util: 0, memory util: 0, Op/B 0
				AttentionMerge | 0us  | 2117.3 - 2117.3 | tensor(0, 2048) tensor(209, 2048) -> tensor(209, 512) | ACT: 0mJ  | RD: 0mJ  | WR: 0mJ  | all_ACT: 0mJ  | all_RD: 0mJ  | all_WR: 0mJ  | MAC: 0mJ  | Total: 0mJ | compute util: 0, memory util: 0, Op/B 0
			attn_o_proj | 1.49us  | 2117.3 - 2118.8 | tensor(209, 512) -> tensor(209, 16384) | ACT: 0.010588mJ  | RD: 0.23688mJ  | WR: 0.095458mJ  | all_ACT: 0mJ  | all_RD: 0mJ  | all_WR: 0mJ  | MAC: 0.80648mJ  | Total: 0.34292mJ | compute util: 0, memory util: 0, Op/B 294.17
				Linear | 1.49us  | 2117.3 - 2118.8 | tensor(209, 512) -> tensor(209, 16384) | ACT: 0.010588mJ  | RD: 0.23688mJ  | WR: 0.095458mJ  | all_ACT: 0mJ  | all_RD: 0mJ  | all_WR: 0mJ  | MAC: 0.80648mJ  | Total: 0.34292mJ | compute util: 0.52296, memory util: 1, Op/B 294.17, GPU
			all_reduce | 74.405us  | 2118.8 - 2193.2 | tensor(209, 16384) -> tensor(209, 16384) | ACT: 0mJ  | RD: 0mJ  | WR: 0mJ  | all_ACT: 0mJ  | all_RD: 0mJ  | all_WR: 0mJ  | MAC: 0mJ  | Total: 0mJ | compute util: 0, memory util: 0, Op/B 0
		residual_1 | 1.2841us  | 2193.2 - 2194.4 | tensor(209, 16384) -> tensor(209, 16384) | ACT: 0mJ  | RD: 0mJ  | WR: 0mJ  | all_ACT: 0mJ  | all_RD: 0mJ  | all_WR: 0mJ  | MAC: 0mJ  | Total: 0mJ | compute util: 0, memory util: 0, Op/B 0
		post_attn_layer_norm | 0.85811us  | 2194.4 - 2195.3 | tensor(209, 16384) -> tensor(209, 16384) | ACT: 0mJ  | RD: 0mJ  | WR: 0mJ  | all_ACT: 0mJ  | all_RD: 0mJ  | all_WR: 0mJ  | MAC: 0mJ  | Total: 0mJ | compute util: 0, memory util: 0, Op/B 0
		feedforward | 11.769us  | 2195.3 - 2207.1 | tensor(209, 16384) -> tensor(209, 16384) | ACT: 0.083075mJ  | RD: 2.498mJ  | WR: 0.12488mJ  | all_ACT: 0mJ  | all_RD: 0mJ  | all_WR: 0mJ  | MAC: 7.8632mJ  | Total: 2.706mJ | compute util: 0, memory util: 0, Op/B 363.13
			gate_proj | 3.8794us  | 2195.3 - 2199.2 | tensor(209, 16384) -> tensor(209, 1664) | ACT: 0.027459mJ  | RD: 0.85468mJ  | WR: 0.0098081mJ  | all_ACT: 0mJ  | all_RD: 0mJ  | all_WR: 0mJ  | MAC: 2.6211mJ  | Total: 0.89194mJ | compute util: 0, memory util: 0, Op/B 367.2
				Linear | 3.8794us  | 2195.3 - 2199.2 | tensor(209, 16384) -> tensor(209, 1664) | ACT: 0.027459mJ  | RD: 0.85468mJ  | WR: 0.0098081mJ  | all_ACT: 0mJ  | all_RD: 0mJ  | all_WR: 0mJ  | MAC: 2.6211mJ  | Total: 0.89194mJ | compute util: 0.65279, memory util: 1, Op/B 367.2, GPU
			activation | 0.13042us  | 2199.2 - 2199.3 | tensor(209, 1664) -> tensor(209, 1664) | ACT: 0.00069811mJ  | RD: 0.019616mJ  | WR: 0.0098081mJ  | all_ACT: 0mJ  | all_RD: 0mJ  | all_WR: 0mJ  | MAC: 0mJ  | Total: 0.030122mJ | compute util: 0, memory util: 1, Op/B 0, GPU
			up_proj | 3.8794us  | 2199.3 - 2203.2 | tensor(209, 16384) -> tensor(209, 1664) | ACT: 0.027459mJ  | RD: 0.85468mJ  | WR: 0.0098081mJ  | all_ACT: 0mJ  | all_RD: 0mJ  | all_WR: 0mJ  | MAC: 2.6211mJ  | Total: 0.89194mJ | compute util: 0, memory util: 0, Op/B 367.2
				Linear | 3.8794us  | 2199.3 - 2203.2 | tensor(209, 16384) -> tensor(209, 1664) | ACT: 0.027459mJ  | RD: 0.85468mJ  | WR: 0.0098081mJ  | all_ACT: 0mJ  | all_RD: 0mJ  | all_WR: 0mJ  | MAC: 2.6211mJ  | Total: 0.89194mJ | compute util: 0.65279, memory util: 1, Op/B 367.2, GPU
			down_proj | 3.8794us  | 2203.2 - 2207.1 | tensor(209, 1664) -> tensor(209, 16384) | ACT: 0.027459mJ  | RD: 0.76903mJ  | WR: 0.095458mJ  | all_ACT: 0mJ  | all_RD: 0mJ  | all_WR: 0mJ  | MAC: 2.6211mJ  | Total: 0.89194mJ | compute util: 0, memory util: 0, Op/B 367.2
				Linear | 3.8794us  | 2203.2 - 2207.1 | tensor(209, 1664) -> tensor(209, 16384) | ACT: 0.027459mJ  | RD: 0.76903mJ  | WR: 0.095458mJ  | all_ACT: 0mJ  | all_RD: 0mJ  | all_WR: 0mJ  | MAC: 2.6211mJ  | Total: 0.89194mJ | compute util: 0.65279, memory util: 1, Op/B 367.2, GPU
		all_reduce | 74.405us  | 2207.1 - 2281.5 | tensor(209, 16384) -> tensor(209, 16384) | ACT: 0mJ  | RD: 0mJ  | WR: 0mJ  | all_ACT: 0mJ  | all_RD: 0mJ  | all_WR: 0mJ  | MAC: 0mJ  | Total: 0mJ | compute util: 0, memory util: 0, Op/B 0
		residual_1 | 1.2841us  | 2281.5 - 2282.8 | tensor(209, 16384) -> tensor(209, 16384) | ACT: 0mJ  | RD: 0mJ  | WR: 0mJ  | all_ACT: 0mJ  | all_RD: 0mJ  | all_WR: 0mJ  | MAC: 0mJ  | Total: 0mJ | compute util: 0, memory util: 0, Op/B 0
	decoder_2 | 1144.9us  | 2282.8 - 3427.6 | tensor(209, 16384) -> tensor(209, 16384) | ACT: 1.3378mJ  | RD: 41.766mJ  | WR: 0.22376mJ  | all_ACT: 0mJ  | all_RD: 0mJ  | all_WR: 0mJ  | MAC: 1007.7mJ  | Total: 43.327mJ | compute util: 0, memory util: 0, Op/B 2903.9
		input_layer_norm | 0.85811us  | 2282.8 - 2283.6 | tensor(209, 16384) -> tensor(209, 16384) | ACT: 0mJ  | RD: 0mJ  | WR: 0mJ  | all_ACT: 0mJ  | all_RD: 0mJ  | all_WR: 0mJ  | MAC: 0mJ  | Total: 0mJ | compute util: 0, memory util: 0, Op/B 0
		attention | 1054.4us  | 2283.6 - 3338 | tensor(209, 16384) -> tensor(209, 16384) | ACT: 1.2547mJ  | RD: 39.268mJ  | WR: 0.09888mJ  | all_ACT: 0mJ  | all_RD: 0mJ  | all_WR: 0mJ  | MAC: 999.85mJ  | Total: 40.621mJ | compute util: 0, memory util: 0, Op/B 3073
			attn_qkv_proj | 1.6227us  | 2283.6 - 2285.2 | tensor(209, 16384) -> tensor(209, 576) | ACT: 0.011519mJ  | RD: 0.35834mJ  | WR: 0.0034214mJ  | all_ACT: 0mJ  | all_RD: 0mJ  | all_WR: 0mJ  | MAC: 0.90729mJ  | Total: 0.37328mJ | compute util: 0, memory util: 0, Op/B 303.87
				Linear | 1.6227us  | 2283.6 - 2285.2 | tensor(209, 16384) -> tensor(209, 576) | ACT: 0.011519mJ  | RD: 0.35834mJ  | WR: 0.0034214mJ  | all_ACT: 0mJ  | all_RD: 0mJ  | all_WR: 0mJ  | MAC: 0.90729mJ  | Total: 0.37328mJ | compute util: 0.54021, memory util: 1, Op/B 303.87, GPU
			self_attention | 976.9us  | 2285.2 - 3262.1 | tensor(209, 576) -> tensor(209, 512) | ACT: 1.2326mJ  | RD: 38.672mJ  | WR: 0mJ  | all_ACT: 0mJ  | all_RD: 0mJ  | all_WR: 0mJ  | MAC: 998.14mJ  | Total: 39.905mJ | compute util: 0, memory util: 0, Op/B 3122.7
				AttentionSplit | 0us  | 2285.2 - 2285.2 | tensor(209, 576) -> tensor(0, 768) tensor(209, 768) | ACT: 0mJ  | RD: 0mJ  | WR: 0mJ  | all_ACT: 0mJ  | all_RD: 0mJ  | all_WR: 0mJ  | MAC: 0mJ  | Total: 0mJ | compute util: 0, memory util: 0, Op/B 0
				AttentionSum | 0us  | 2285.2 - 2285.2 | tensor(0, 768) -> tensor(0, 2048) | ACT: 0mJ  | RD: 0mJ  | WR: 0mJ  | all_ACT: 0mJ  | all_RD: 0mJ  | all_WR: 0mJ  | MAC: 0mJ  | Total: 0mJ | compute util: 0, memory util: 0, Op/B 0, GPU
				AttentionGen | 964.39us  | 2285.2 - 3249.6 | tensor(209, 768) -> tensor(209, 2048) | ACT: 1.2326mJ  | RD: 38.672mJ  | WR: 0mJ  | all_ACT: 0mJ  | all_RD: 0mJ  | all_WR: 0mJ  | MAC: 998.14mJ  | Total: 39.905mJ | compute util: 1, memory util: 0.18013, Op/B 3122.7, GPU
				context_merge | 12.517us  | 3249.6 - 3262.1 | tensor(209, 2048) -> tensor(209, 2048) | ACT: 0mJ  | RD: 0mJ  | WR: 0mJ  | all_ACT: 0mJ  | all_RD: 0mJ  | all_WR: 0mJ  | MAC: 0mJ  | Total: 0mJ | compute util: 0, memory util: 0, Op/B 0
				AttentionMerge | 0us  | 3262.1 - 3262.1 | tensor(0, 2048) tensor(209, 2048) -> tensor(209, 512) | ACT: 0mJ  | RD: 0mJ  | WR: 0mJ  | all_ACT: 0mJ  | all_RD: 0mJ  | all_WR: 0mJ  | MAC: 0mJ  | Total: 0mJ | compute util: 0, memory util: 0, Op/B 0
			attn_o_proj | 1.49us  | 3262.1 - 3263.6 | tensor(209, 512) -> tensor(209, 16384) | ACT: 0.010588mJ  | RD: 0.23688mJ  | WR: 0.095458mJ  | all_ACT: 0mJ  | all_RD: 0mJ  | all_WR: 0mJ  | MAC: 0.80648mJ  | Total: 0.34292mJ | compute util: 0, memory util: 0, Op/B 294.17
				Linear | 1.49us  | 3262.1 - 3263.6 | tensor(209, 512) -> tensor(209, 16384) | ACT: 0.010588mJ  | RD: 0.23688mJ  | WR: 0.095458mJ  | all_ACT: 0mJ  | all_RD: 0mJ  | all_WR: 0mJ  | MAC: 0.80648mJ  | Total: 0.34292mJ | compute util: 0.52296, memory util: 1, Op/B 294.17, GPU
			all_reduce | 74.405us  | 3263.6 - 3338 | tensor(209, 16384) -> tensor(209, 16384) | ACT: 0mJ  | RD: 0mJ  | WR: 0mJ  | all_ACT: 0mJ  | all_RD: 0mJ  | all_WR: 0mJ  | MAC: 0mJ  | Total: 0mJ | compute util: 0, memory util: 0, Op/B 0
		residual_1 | 1.2841us  | 3338 - 3339.3 | tensor(209, 16384) -> tensor(209, 16384) | ACT: 0mJ  | RD: 0mJ  | WR: 0mJ  | all_ACT: 0mJ  | all_RD: 0mJ  | all_WR: 0mJ  | MAC: 0mJ  | Total: 0mJ | compute util: 0, memory util: 0, Op/B 0
		post_attn_layer_norm | 0.85811us  | 3339.3 - 3340.2 | tensor(209, 16384) -> tensor(209, 16384) | ACT: 0mJ  | RD: 0mJ  | WR: 0mJ  | all_ACT: 0mJ  | all_RD: 0mJ  | all_WR: 0mJ  | MAC: 0mJ  | Total: 0mJ | compute util: 0, memory util: 0, Op/B 0
		feedforward | 11.769us  | 3340.2 - 3351.9 | tensor(209, 16384) -> tensor(209, 16384) | ACT: 0.083075mJ  | RD: 2.498mJ  | WR: 0.12488mJ  | all_ACT: 0mJ  | all_RD: 0mJ  | all_WR: 0mJ  | MAC: 7.8632mJ  | Total: 2.706mJ | compute util: 0, memory util: 0, Op/B 363.13
			gate_proj | 3.8794us  | 3340.2 - 3344.1 | tensor(209, 16384) -> tensor(209, 1664) | ACT: 0.027459mJ  | RD: 0.85468mJ  | WR: 0.0098081mJ  | all_ACT: 0mJ  | all_RD: 0mJ  | all_WR: 0mJ  | MAC: 2.6211mJ  | Total: 0.89194mJ | compute util: 0, memory util: 0, Op/B 367.2
				Linear | 3.8794us  | 3340.2 - 3344.1 | tensor(209, 16384) -> tensor(209, 1664) | ACT: 0.027459mJ  | RD: 0.85468mJ  | WR: 0.0098081mJ  | all_ACT: 0mJ  | all_RD: 0mJ  | all_WR: 0mJ  | MAC: 2.6211mJ  | Total: 0.89194mJ | compute util: 0.65279, memory util: 1, Op/B 367.2, GPU
			activation | 0.13042us  | 3344.1 - 3344.2 | tensor(209, 1664) -> tensor(209, 1664) | ACT: 0.00069811mJ  | RD: 0.019616mJ  | WR: 0.0098081mJ  | all_ACT: 0mJ  | all_RD: 0mJ  | all_WR: 0mJ  | MAC: 0mJ  | Total: 0.030122mJ | compute util: 0, memory util: 1, Op/B 0, GPU
			up_proj | 3.8794us  | 3344.2 - 3348.1 | tensor(209, 16384) -> tensor(209, 1664) | ACT: 0.027459mJ  | RD: 0.85468mJ  | WR: 0.0098081mJ  | all_ACT: 0mJ  | all_RD: 0mJ  | all_WR: 0mJ  | MAC: 2.6211mJ  | Total: 0.89194mJ | compute util: 0, memory util: 0, Op/B 367.2
				Linear | 3.8794us  | 3344.2 - 3348.1 | tensor(209, 16384) -> tensor(209, 1664) | ACT: 0.027459mJ  | RD: 0.85468mJ  | WR: 0.0098081mJ  | all_ACT: 0mJ  | all_RD: 0mJ  | all_WR: 0mJ  | MAC: 2.6211mJ  | Total: 0.89194mJ | compute util: 0.65279, memory util: 1, Op/B 367.2, GPU
			down_proj | 3.8794us  | 3348.1 - 3351.9 | tensor(209, 1664) -> tensor(209, 16384) | ACT: 0.027459mJ  | RD: 0.76903mJ  | WR: 0.095458mJ  | all_ACT: 0mJ  | all_RD: 0mJ  | all_WR: 0mJ  | MAC: 2.6211mJ  | Total: 0.89194mJ | compute util: 0, memory util: 0, Op/B 367.2
				Linear | 3.8794us  | 3348.1 - 3351.9 | tensor(209, 1664) -> tensor(209, 16384) | ACT: 0.027459mJ  | RD: 0.76903mJ  | WR: 0.095458mJ  | all_ACT: 0mJ  | all_RD: 0mJ  | all_WR: 0mJ  | MAC: 2.6211mJ  | Total: 0.89194mJ | compute util: 0.65279, memory util: 1, Op/B 367.2, GPU
		all_reduce | 74.405us  | 3351.9 - 3426.4 | tensor(209, 16384) -> tensor(209, 16384) | ACT: 0mJ  | RD: 0mJ  | WR: 0mJ  | all_ACT: 0mJ  | all_RD: 0mJ  | all_WR: 0mJ  | MAC: 0mJ  | Total: 0mJ | compute util: 0, memory util: 0, Op/B 0
		residual_1 | 1.2841us  | 3426.4 - 3427.6 | tensor(209, 16384) -> tensor(209, 16384) | ACT: 0mJ  | RD: 0mJ  | WR: 0mJ  | all_ACT: 0mJ  | all_RD: 0mJ  | all_WR: 0mJ  | MAC: 0mJ  | Total: 0mJ | compute util: 0, memory util: 0, Op/B 0
	decoder_3 | 1137.9us  | 3427.6 - 4565.5 | tensor(209, 16384) -> tensor(209, 16384) | ACT: 1.3378mJ  | RD: 41.766mJ  | WR: 0.22376mJ  | all_ACT: 0mJ  | all_RD: 0mJ  | all_WR: 0mJ  | MAC: 1007.7mJ  | Total: 43.327mJ | compute util: 0, memory util: 0, Op/B 2903.9
		input_layer_norm | 0.85811us  | 3427.6 - 3428.5 | tensor(209, 16384) -> tensor(209, 16384) | ACT: 0mJ  | RD: 0mJ  | WR: 0mJ  | all_ACT: 0mJ  | all_RD: 0mJ  | all_WR: 0mJ  | MAC: 0mJ  | Total: 0mJ | compute util: 0, memory util: 0, Op/B 0
		attention | 1047.4us  | 3428.5 - 4475.9 | tensor(209, 16384) -> tensor(209, 16384) | ACT: 1.2547mJ  | RD: 39.268mJ  | WR: 0.09888mJ  | all_ACT: 0mJ  | all_RD: 0mJ  | all_WR: 0mJ  | MAC: 999.85mJ  | Total: 40.621mJ | compute util: 0, memory util: 0, Op/B 3073
			attn_qkv_proj | 1.6227us  | 3428.5 - 3430.1 | tensor(209, 16384) -> tensor(209, 576) | ACT: 0.011519mJ  | RD: 0.35834mJ  | WR: 0.0034214mJ  | all_ACT: 0mJ  | all_RD: 0mJ  | all_WR: 0mJ  | MAC: 0.90729mJ  | Total: 0.37328mJ | compute util: 0, memory util: 0, Op/B 303.87
				Linear | 1.6227us  | 3428.5 - 3430.1 | tensor(209, 16384) -> tensor(209, 576) | ACT: 0.011519mJ  | RD: 0.35834mJ  | WR: 0.0034214mJ  | all_ACT: 0mJ  | all_RD: 0mJ  | all_WR: 0mJ  | MAC: 0.90729mJ  | Total: 0.37328mJ | compute util: 0.54021, memory util: 1, Op/B 303.87, GPU
			self_attention | 969.9us  | 3430.1 - 4400 | tensor(209, 576) -> tensor(209, 512) | ACT: 1.2326mJ  | RD: 38.672mJ  | WR: 0mJ  | all_ACT: 0mJ  | all_RD: 0mJ  | all_WR: 0mJ  | MAC: 998.14mJ  | Total: 39.905mJ | compute util: 0, memory util: 0, Op/B 3122.7
				AttentionSplit | 0us  | 3430.1 - 3430.1 | tensor(209, 576) -> tensor(0, 768) tensor(209, 768) | ACT: 0mJ  | RD: 0mJ  | WR: 0mJ  | all_ACT: 0mJ  | all_RD: 0mJ  | all_WR: 0mJ  | MAC: 0mJ  | Total: 0mJ | compute util: 0, memory util: 0, Op/B 0
				AttentionSum | 0us  | 3430.1 - 3430.1 | tensor(0, 768) -> tensor(0, 2048) | ACT: 0mJ  | RD: 0mJ  | WR: 0mJ  | all_ACT: 0mJ  | all_RD: 0mJ  | all_WR: 0mJ  | MAC: 0mJ  | Total: 0mJ | compute util: 0, memory util: 0, Op/B 0, GPU
				AttentionGen | 964.39us  | 3430.1 - 4394.5 | tensor(209, 768) -> tensor(209, 2048) | ACT: 1.2326mJ  | RD: 38.672mJ  | WR: 0mJ  | all_ACT: 0mJ  | all_RD: 0mJ  | all_WR: 0mJ  | MAC: 998.14mJ  | Total: 39.905mJ | compute util: 1, memory util: 0.18013, Op/B 3122.7, GPU
				context_merge | 5.5134us  | 4394.5 - 4400 | tensor(209, 2048) -> tensor(209, 2048) | ACT: 0mJ  | RD: 0mJ  | WR: 0mJ  | all_ACT: 0mJ  | all_RD: 0mJ  | all_WR: 0mJ  | MAC: 0mJ  | Total: 0mJ | compute util: 0, memory util: 0, Op/B 0
				AttentionMerge | 0us  | 4400 - 4400 | tensor(0, 2048) tensor(209, 2048) -> tensor(209, 512) | ACT: 0mJ  | RD: 0mJ  | WR: 0mJ  | all_ACT: 0mJ  | all_RD: 0mJ  | all_WR: 0mJ  | MAC: 0mJ  | Total: 0mJ | compute util: 0, memory util: 0, Op/B 0
			attn_o_proj | 1.49us  | 4400 - 4401.5 | tensor(209, 512) -> tensor(209, 16384) | ACT: 0.010588mJ  | RD: 0.23688mJ  | WR: 0.095458mJ  | all_ACT: 0mJ  | all_RD: 0mJ  | all_WR: 0mJ  | MAC: 0.80648mJ  | Total: 0.34292mJ | compute util: 0, memory util: 0, Op/B 294.17
				Linear | 1.49us  | 4400 - 4401.5 | tensor(209, 512) -> tensor(209, 16384) | ACT: 0.010588mJ  | RD: 0.23688mJ  | WR: 0.095458mJ  | all_ACT: 0mJ  | all_RD: 0mJ  | all_WR: 0mJ  | MAC: 0.80648mJ  | Total: 0.34292mJ | compute util: 0.52296, memory util: 1, Op/B 294.17, GPU
			all_reduce | 74.405us  | 4401.5 - 4475.9 | tensor(209, 16384) -> tensor(209, 16384) | ACT: 0mJ  | RD: 0mJ  | WR: 0mJ  | all_ACT: 0mJ  | all_RD: 0mJ  | all_WR: 0mJ  | MAC: 0mJ  | Total: 0mJ | compute util: 0, memory util: 0, Op/B 0
		residual_1 | 1.2841us  | 4475.9 - 4477.2 | tensor(209, 16384) -> tensor(209, 16384) | ACT: 0mJ  | RD: 0mJ  | WR: 0mJ  | all_ACT: 0mJ  | all_RD: 0mJ  | all_WR: 0mJ  | MAC: 0mJ  | Total: 0mJ | compute util: 0, memory util: 0, Op/B 0
		post_attn_layer_norm | 0.85811us  | 4477.2 - 4478.1 | tensor(209, 16384) -> tensor(209, 16384) | ACT: 0mJ  | RD: 0mJ  | WR: 0mJ  | all_ACT: 0mJ  | all_RD: 0mJ  | all_WR: 0mJ  | MAC: 0mJ  | Total: 0mJ | compute util: 0, memory util: 0, Op/B 0
		feedforward | 11.769us  | 4478.1 - 4489.8 | tensor(209, 16384) -> tensor(209, 16384) | ACT: 0.083075mJ  | RD: 2.498mJ  | WR: 0.12488mJ  | all_ACT: 0mJ  | all_RD: 0mJ  | all_WR: 0mJ  | MAC: 7.8632mJ  | Total: 2.706mJ | compute util: 0, memory util: 0, Op/B 363.13
			gate_proj | 3.8794us  | 4478.1 - 4481.9 | tensor(209, 16384) -> tensor(209, 1664) | ACT: 0.027459mJ  | RD: 0.85468mJ  | WR: 0.0098081mJ  | all_ACT: 0mJ  | all_RD: 0mJ  | all_WR: 0mJ  | MAC: 2.6211mJ  | Total: 0.89194mJ | compute util: 0, memory util: 0, Op/B 367.2
				Linear | 3.8794us  | 4478.1 - 4481.9 | tensor(209, 16384) -> tensor(209, 1664) | ACT: 0.027459mJ  | RD: 0.85468mJ  | WR: 0.0098081mJ  | all_ACT: 0mJ  | all_RD: 0mJ  | all_WR: 0mJ  | MAC: 2.6211mJ  | Total: 0.89194mJ | compute util: 0.65279, memory util: 1, Op/B 367.2, GPU
			activation | 0.13042us  | 4481.9 - 4482.1 | tensor(209, 1664) -> tensor(209, 1664) | ACT: 0.00069811mJ  | RD: 0.019616mJ  | WR: 0.0098081mJ  | all_ACT: 0mJ  | all_RD: 0mJ  | all_WR: 0mJ  | MAC: 0mJ  | Total: 0.030122mJ | compute util: 0, memory util: 1, Op/B 0, GPU
			up_proj | 3.8794us  | 4482.1 - 4485.9 | tensor(209, 16384) -> tensor(209, 1664) | ACT: 0.027459mJ  | RD: 0.85468mJ  | WR: 0.0098081mJ  | all_ACT: 0mJ  | all_RD: 0mJ  | all_WR: 0mJ  | MAC: 2.6211mJ  | Total: 0.89194mJ | compute util: 0, memory util: 0, Op/B 367.2
				Linear | 3.8794us  | 4482.1 - 4485.9 | tensor(209, 16384) -> tensor(209, 1664) | ACT: 0.027459mJ  | RD: 0.85468mJ  | WR: 0.0098081mJ  | all_ACT: 0mJ  | all_RD: 0mJ  | all_WR: 0mJ  | MAC: 2.6211mJ  | Total: 0.89194mJ | compute util: 0.65279, memory util: 1, Op/B 367.2, GPU
			down_proj | 3.8794us  | 4485.9 - 4489.8 | tensor(209, 1664) -> tensor(209, 16384) | ACT: 0.027459mJ  | RD: 0.76903mJ  | WR: 0.095458mJ  | all_ACT: 0mJ  | all_RD: 0mJ  | all_WR: 0mJ  | MAC: 2.6211mJ  | Total: 0.89194mJ | compute util: 0, memory util: 0, Op/B 367.2
				Linear | 3.8794us  | 4485.9 - 4489.8 | tensor(209, 1664) -> tensor(209, 16384) | ACT: 0.027459mJ  | RD: 0.76903mJ  | WR: 0.095458mJ  | all_ACT: 0mJ  | all_RD: 0mJ  | all_WR: 0mJ  | MAC: 2.6211mJ  | Total: 0.89194mJ | compute util: 0.65279, memory util: 1, Op/B 367.2, GPU
		all_reduce | 74.405us  | 4489.8 - 4564.2 | tensor(209, 16384) -> tensor(209, 16384) | ACT: 0mJ  | RD: 0mJ  | WR: 0mJ  | all_ACT: 0mJ  | all_RD: 0mJ  | all_WR: 0mJ  | MAC: 0mJ  | Total: 0mJ | compute util: 0, memory util: 0, Op/B 0
		residual_1 | 1.2841us  | 4564.2 - 4565.5 | tensor(209, 16384) -> tensor(209, 16384) | ACT: 0mJ  | RD: 0mJ  | WR: 0mJ  | all_ACT: 0mJ  | all_RD: 0mJ  | all_WR: 0mJ  | MAC: 0mJ  | Total: 0mJ | compute util: 0, memory util: 0, Op/B 0
	decoder_4 | 1144.9us  | 4565.5 - 5710.4 | tensor(209, 16384) -> tensor(209, 16384) | ACT: 1.3378mJ  | RD: 41.766mJ  | WR: 0.22376mJ  | all_ACT: 0mJ  | all_RD: 0mJ  | all_WR: 0mJ  | MAC: 1007.7mJ  | Total: 43.327mJ | compute util: 0, memory util: 0, Op/B 2903.9
		input_layer_norm | 0.85811us  | 4565.5 - 4566.4 | tensor(209, 16384) -> tensor(209, 16384) | ACT: 0mJ  | RD: 0mJ  | WR: 0mJ  | all_ACT: 0mJ  | all_RD: 0mJ  | all_WR: 0mJ  | MAC: 0mJ  | Total: 0mJ | compute util: 0, memory util: 0, Op/B 0
		attention | 1054.4us  | 4566.4 - 5620.8 | tensor(209, 16384) -> tensor(209, 16384) | ACT: 1.2547mJ  | RD: 39.268mJ  | WR: 0.09888mJ  | all_ACT: 0mJ  | all_RD: 0mJ  | all_WR: 0mJ  | MAC: 999.85mJ  | Total: 40.621mJ | compute util: 0, memory util: 0, Op/B 3073
			attn_qkv_proj | 1.6227us  | 4566.4 - 4568 | tensor(209, 16384) -> tensor(209, 576) | ACT: 0.011519mJ  | RD: 0.35834mJ  | WR: 0.0034214mJ  | all_ACT: 0mJ  | all_RD: 0mJ  | all_WR: 0mJ  | MAC: 0.90729mJ  | Total: 0.37328mJ | compute util: 0, memory util: 0, Op/B 303.87
				Linear | 1.6227us  | 4566.4 - 4568 | tensor(209, 16384) -> tensor(209, 576) | ACT: 0.011519mJ  | RD: 0.35834mJ  | WR: 0.0034214mJ  | all_ACT: 0mJ  | all_RD: 0mJ  | all_WR: 0mJ  | MAC: 0.90729mJ  | Total: 0.37328mJ | compute util: 0.54021, memory util: 1, Op/B 303.87, GPU
			self_attention | 976.9us  | 4568 - 5544.9 | tensor(209, 576) -> tensor(209, 512) | ACT: 1.2326mJ  | RD: 38.672mJ  | WR: 0mJ  | all_ACT: 0mJ  | all_RD: 0mJ  | all_WR: 0mJ  | MAC: 998.14mJ  | Total: 39.905mJ | compute util: 0, memory util: 0, Op/B 3122.7
				AttentionSplit | 0us  | 4568 - 4568 | tensor(209, 576) -> tensor(0, 768) tensor(209, 768) | ACT: 0mJ  | RD: 0mJ  | WR: 0mJ  | all_ACT: 0mJ  | all_RD: 0mJ  | all_WR: 0mJ  | MAC: 0mJ  | Total: 0mJ | compute util: 0, memory util: 0, Op/B 0
				AttentionSum | 0us  | 4568 - 4568 | tensor(0, 768) -> tensor(0, 2048) | ACT: 0mJ  | RD: 0mJ  | WR: 0mJ  | all_ACT: 0mJ  | all_RD: 0mJ  | all_WR: 0mJ  | MAC: 0mJ  | Total: 0mJ | compute util: 0, memory util: 0, Op/B 0, GPU
				AttentionGen | 964.39us  | 4568 - 5532.4 | tensor(209, 768) -> tensor(209, 2048) | ACT: 1.2326mJ  | RD: 38.672mJ  | WR: 0mJ  | all_ACT: 0mJ  | all_RD: 0mJ  | all_WR: 0mJ  | MAC: 998.14mJ  | Total: 39.905mJ | compute util: 1, memory util: 0.18013, Op/B 3122.7, GPU
				context_merge | 12.517us  | 5532.4 - 5544.9 | tensor(209, 2048) -> tensor(209, 2048) | ACT: 0mJ  | RD: 0mJ  | WR: 0mJ  | all_ACT: 0mJ  | all_RD: 0mJ  | all_WR: 0mJ  | MAC: 0mJ  | Total: 0mJ | compute util: 0, memory util: 0, Op/B 0
				AttentionMerge | 0us  | 5544.9 - 5544.9 | tensor(0, 2048) tensor(209, 2048) -> tensor(209, 512) | ACT: 0mJ  | RD: 0mJ  | WR: 0mJ  | all_ACT: 0mJ  | all_RD: 0mJ  | all_WR: 0mJ  | MAC: 0mJ  | Total: 0mJ | compute util: 0, memory util: 0, Op/B 0
			attn_o_proj | 1.49us  | 5544.9 - 5546.4 | tensor(209, 512) -> tensor(209, 16384) | ACT: 0.010588mJ  | RD: 0.23688mJ  | WR: 0.095458mJ  | all_ACT: 0mJ  | all_RD: 0mJ  | all_WR: 0mJ  | MAC: 0.80648mJ  | Total: 0.34292mJ | compute util: 0, memory util: 0, Op/B 294.17
				Linear | 1.49us  | 5544.9 - 5546.4 | tensor(209, 512) -> tensor(209, 16384) | ACT: 0.010588mJ  | RD: 0.23688mJ  | WR: 0.095458mJ  | all_ACT: 0mJ  | all_RD: 0mJ  | all_WR: 0mJ  | MAC: 0.80648mJ  | Total: 0.34292mJ | compute util: 0.52296, memory util: 1, Op/B 294.17, GPU
			all_reduce | 74.405us  | 5546.4 - 5620.8 | tensor(209, 16384) -> tensor(209, 16384) | ACT: 0mJ  | RD: 0mJ  | WR: 0mJ  | all_ACT: 0mJ  | all_RD: 0mJ  | all_WR: 0mJ  | MAC: 0mJ  | Total: 0mJ | compute util: 0, memory util: 0, Op/B 0
		residual_1 | 1.2841us  | 5620.8 - 5622.1 | tensor(209, 16384) -> tensor(209, 16384) | ACT: 0mJ  | RD: 0mJ  | WR: 0mJ  | all_ACT: 0mJ  | all_RD: 0mJ  | all_WR: 0mJ  | MAC: 0mJ  | Total: 0mJ | compute util: 0, memory util: 0, Op/B 0
		post_attn_layer_norm | 0.85811us  | 5622.1 - 5622.9 | tensor(209, 16384) -> tensor(209, 16384) | ACT: 0mJ  | RD: 0mJ  | WR: 0mJ  | all_ACT: 0mJ  | all_RD: 0mJ  | all_WR: 0mJ  | MAC: 0mJ  | Total: 0mJ | compute util: 0, memory util: 0, Op/B 0
		feedforward | 11.769us  | 5622.9 - 5634.7 | tensor(209, 16384) -> tensor(209, 16384) | ACT: 0.083075mJ  | RD: 2.498mJ  | WR: 0.12488mJ  | all_ACT: 0mJ  | all_RD: 0mJ  | all_WR: 0mJ  | MAC: 7.8632mJ  | Total: 2.706mJ | compute util: 0, memory util: 0, Op/B 363.13
			gate_proj | 3.8794us  | 5622.9 - 5626.8 | tensor(209, 16384) -> tensor(209, 1664) | ACT: 0.027459mJ  | RD: 0.85468mJ  | WR: 0.0098081mJ  | all_ACT: 0mJ  | all_RD: 0mJ  | all_WR: 0mJ  | MAC: 2.6211mJ  | Total: 0.89194mJ | compute util: 0, memory util: 0, Op/B 367.2
				Linear | 3.8794us  | 5622.9 - 5626.8 | tensor(209, 16384) -> tensor(209, 1664) | ACT: 0.027459mJ  | RD: 0.85468mJ  | WR: 0.0098081mJ  | all_ACT: 0mJ  | all_RD: 0mJ  | all_WR: 0mJ  | MAC: 2.6211mJ  | Total: 0.89194mJ | compute util: 0.65279, memory util: 1, Op/B 367.2, GPU
			activation | 0.13042us  | 5626.8 - 5626.9 | tensor(209, 1664) -> tensor(209, 1664) | ACT: 0.00069811mJ  | RD: 0.019616mJ  | WR: 0.0098081mJ  | all_ACT: 0mJ  | all_RD: 0mJ  | all_WR: 0mJ  | MAC: 0mJ  | Total: 0.030122mJ | compute util: 0, memory util: 1, Op/B 0, GPU
			up_proj | 3.8794us  | 5626.9 - 5630.8 | tensor(209, 16384) -> tensor(209, 1664) | ACT: 0.027459mJ  | RD: 0.85468mJ  | WR: 0.0098081mJ  | all_ACT: 0mJ  | all_RD: 0mJ  | all_WR: 0mJ  | MAC: 2.6211mJ  | Total: 0.89194mJ | compute util: 0, memory util: 0, Op/B 367.2
				Linear | 3.8794us  | 5626.9 - 5630.8 | tensor(209, 16384) -> tensor(209, 1664) | ACT: 0.027459mJ  | RD: 0.85468mJ  | WR: 0.0098081mJ  | all_ACT: 0mJ  | all_RD: 0mJ  | all_WR: 0mJ  | MAC: 2.6211mJ  | Total: 0.89194mJ | compute util: 0.65279, memory util: 1, Op/B 367.2, GPU
			down_proj | 3.8794us  | 5630.8 - 5634.7 | tensor(209, 1664) -> tensor(209, 16384) | ACT: 0.027459mJ  | RD: 0.76903mJ  | WR: 0.095458mJ  | all_ACT: 0mJ  | all_RD: 0mJ  | all_WR: 0mJ  | MAC: 2.6211mJ  | Total: 0.89194mJ | compute util: 0, memory util: 0, Op/B 367.2
				Linear | 3.8794us  | 5630.8 - 5634.7 | tensor(209, 1664) -> tensor(209, 16384) | ACT: 0.027459mJ  | RD: 0.76903mJ  | WR: 0.095458mJ  | all_ACT: 0mJ  | all_RD: 0mJ  | all_WR: 0mJ  | MAC: 2.6211mJ  | Total: 0.89194mJ | compute util: 0.65279, memory util: 1, Op/B 367.2, GPU
		all_reduce | 74.405us  | 5634.7 - 5709.1 | tensor(209, 16384) -> tensor(209, 16384) | ACT: 0mJ  | RD: 0mJ  | WR: 0mJ  | all_ACT: 0mJ  | all_RD: 0mJ  | all_WR: 0mJ  | MAC: 0mJ  | Total: 0mJ | compute util: 0, memory util: 0, Op/B 0
		residual_1 | 1.2841us  | 5709.1 - 5710.4 | tensor(209, 16384) -> tensor(209, 16384) | ACT: 0mJ  | RD: 0mJ  | WR: 0mJ  | all_ACT: 0mJ  | all_RD: 0mJ  | all_WR: 0mJ  | MAC: 0mJ  | Total: 0mJ | compute util: 0, memory util: 0, Op/B 0
	decoder_5 | 1137.9us  | 5710.4 - 6848.3 | tensor(209, 16384) -> tensor(209, 16384) | ACT: 1.3378mJ  | RD: 41.766mJ  | WR: 0.22376mJ  | all_ACT: 0mJ  | all_RD: 0mJ  | all_WR: 0mJ  | MAC: 1007.7mJ  | Total: 43.327mJ | compute util: 0, memory util: 0, Op/B 2903.9
		input_layer_norm | 0.85811us  | 5710.4 - 5711.2 | tensor(209, 16384) -> tensor(209, 16384) | ACT: 0mJ  | RD: 0mJ  | WR: 0mJ  | all_ACT: 0mJ  | all_RD: 0mJ  | all_WR: 0mJ  | MAC: 0mJ  | Total: 0mJ | compute util: 0, memory util: 0, Op/B 0
		attention | 1047.4us  | 5711.2 - 6758.7 | tensor(209, 16384) -> tensor(209, 16384) | ACT: 1.2547mJ  | RD: 39.268mJ  | WR: 0.09888mJ  | all_ACT: 0mJ  | all_RD: 0mJ  | all_WR: 0mJ  | MAC: 999.85mJ  | Total: 40.621mJ | compute util: 0, memory util: 0, Op/B 3073
			attn_qkv_proj | 1.6227us  | 5711.2 - 5712.9 | tensor(209, 16384) -> tensor(209, 576) | ACT: 0.011519mJ  | RD: 0.35834mJ  | WR: 0.0034214mJ  | all_ACT: 0mJ  | all_RD: 0mJ  | all_WR: 0mJ  | MAC: 0.90729mJ  | Total: 0.37328mJ | compute util: 0, memory util: 0, Op/B 303.87
				Linear | 1.6227us  | 5711.2 - 5712.9 | tensor(209, 16384) -> tensor(209, 576) | ACT: 0.011519mJ  | RD: 0.35834mJ  | WR: 0.0034214mJ  | all_ACT: 0mJ  | all_RD: 0mJ  | all_WR: 0mJ  | MAC: 0.90729mJ  | Total: 0.37328mJ | compute util: 0.54021, memory util: 1, Op/B 303.87, GPU
			self_attention | 969.9us  | 5712.9 - 6682.8 | tensor(209, 576) -> tensor(209, 512) | ACT: 1.2326mJ  | RD: 38.672mJ  | WR: 0mJ  | all_ACT: 0mJ  | all_RD: 0mJ  | all_WR: 0mJ  | MAC: 998.14mJ  | Total: 39.905mJ | compute util: 0, memory util: 0, Op/B 3122.7
				AttentionSplit | 0us  | 5712.9 - 5712.9 | tensor(209, 576) -> tensor(0, 768) tensor(209, 768) | ACT: 0mJ  | RD: 0mJ  | WR: 0mJ  | all_ACT: 0mJ  | all_RD: 0mJ  | all_WR: 0mJ  | MAC: 0mJ  | Total: 0mJ | compute util: 0, memory util: 0, Op/B 0
				AttentionSum | 0us  | 5712.9 - 5712.9 | tensor(0, 768) -> tensor(0, 2048) | ACT: 0mJ  | RD: 0mJ  | WR: 0mJ  | all_ACT: 0mJ  | all_RD: 0mJ  | all_WR: 0mJ  | MAC: 0mJ  | Total: 0mJ | compute util: 0, memory util: 0, Op/B 0, GPU
				AttentionGen | 964.39us  | 5712.9 - 6677.3 | tensor(209, 768) -> tensor(209, 2048) | ACT: 1.2326mJ  | RD: 38.672mJ  | WR: 0mJ  | all_ACT: 0mJ  | all_RD: 0mJ  | all_WR: 0mJ  | MAC: 998.14mJ  | Total: 39.905mJ | compute util: 1, memory util: 0.18013, Op/B 3122.7, GPU
				context_merge | 5.5134us  | 6677.3 - 6682.8 | tensor(209, 2048) -> tensor(209, 2048) | ACT: 0mJ  | RD: 0mJ  | WR: 0mJ  | all_ACT: 0mJ  | all_RD: 0mJ  | all_WR: 0mJ  | MAC: 0mJ  | Total: 0mJ | compute util: 0, memory util: 0, Op/B 0
				AttentionMerge | 0us  | 6682.8 - 6682.8 | tensor(0, 2048) tensor(209, 2048) -> tensor(209, 512) | ACT: 0mJ  | RD: 0mJ  | WR: 0mJ  | all_ACT: 0mJ  | all_RD: 0mJ  | all_WR: 0mJ  | MAC: 0mJ  | Total: 0mJ | compute util: 0, memory util: 0, Op/B 0
			attn_o_proj | 1.49us  | 6682.8 - 6684.3 | tensor(209, 512) -> tensor(209, 16384) | ACT: 0.010588mJ  | RD: 0.23688mJ  | WR: 0.095458mJ  | all_ACT: 0mJ  | all_RD: 0mJ  | all_WR: 0mJ  | MAC: 0.80648mJ  | Total: 0.34292mJ | compute util: 0, memory util: 0, Op/B 294.17
				Linear | 1.49us  | 6682.8 - 6684.3 | tensor(209, 512) -> tensor(209, 16384) | ACT: 0.010588mJ  | RD: 0.23688mJ  | WR: 0.095458mJ  | all_ACT: 0mJ  | all_RD: 0mJ  | all_WR: 0mJ  | MAC: 0.80648mJ  | Total: 0.34292mJ | compute util: 0.52296, memory util: 1, Op/B 294.17, GPU
			all_reduce | 74.405us  | 6684.3 - 6758.7 | tensor(209, 16384) -> tensor(209, 16384) | ACT: 0mJ  | RD: 0mJ  | WR: 0mJ  | all_ACT: 0mJ  | all_RD: 0mJ  | all_WR: 0mJ  | MAC: 0mJ  | Total: 0mJ | compute util: 0, memory util: 0, Op/B 0
		residual_1 | 1.2841us  | 6758.7 - 6760 | tensor(209, 16384) -> tensor(209, 16384) | ACT: 0mJ  | RD: 0mJ  | WR: 0mJ  | all_ACT: 0mJ  | all_RD: 0mJ  | all_WR: 0mJ  | MAC: 0mJ  | Total: 0mJ | compute util: 0, memory util: 0, Op/B 0
		post_attn_layer_norm | 0.85811us  | 6760 - 6760.8 | tensor(209, 16384) -> tensor(209, 16384) | ACT: 0mJ  | RD: 0mJ  | WR: 0mJ  | all_ACT: 0mJ  | all_RD: 0mJ  | all_WR: 0mJ  | MAC: 0mJ  | Total: 0mJ | compute util: 0, memory util: 0, Op/B 0
		feedforward | 11.769us  | 6760.8 - 6772.6 | tensor(209, 16384) -> tensor(209, 16384) | ACT: 0.083075mJ  | RD: 2.498mJ  | WR: 0.12488mJ  | all_ACT: 0mJ  | all_RD: 0mJ  | all_WR: 0mJ  | MAC: 7.8632mJ  | Total: 2.706mJ | compute util: 0, memory util: 0, Op/B 363.13
			gate_proj | 3.8794us  | 6760.8 - 6764.7 | tensor(209, 16384) -> tensor(209, 1664) | ACT: 0.027459mJ  | RD: 0.85468mJ  | WR: 0.0098081mJ  | all_ACT: 0mJ  | all_RD: 0mJ  | all_WR: 0mJ  | MAC: 2.6211mJ  | Total: 0.89194mJ | compute util: 0, memory util: 0, Op/B 367.2
				Linear | 3.8794us  | 6760.8 - 6764.7 | tensor(209, 16384) -> tensor(209, 1664) | ACT: 0.027459mJ  | RD: 0.85468mJ  | WR: 0.0098081mJ  | all_ACT: 0mJ  | all_RD: 0mJ  | all_WR: 0mJ  | MAC: 2.6211mJ  | Total: 0.89194mJ | compute util: 0.65279, memory util: 1, Op/B 367.2, GPU
			activation | 0.13042us  | 6764.7 - 6764.8 | tensor(209, 1664) -> tensor(209, 1664) | ACT: 0.00069811mJ  | RD: 0.019616mJ  | WR: 0.0098081mJ  | all_ACT: 0mJ  | all_RD: 0mJ  | all_WR: 0mJ  | MAC: 0mJ  | Total: 0.030122mJ | compute util: 0, memory util: 1, Op/B 0, GPU
			up_proj | 3.8794us  | 6764.8 - 6768.7 | tensor(209, 16384) -> tensor(209, 1664) | ACT: 0.027459mJ  | RD: 0.85468mJ  | WR: 0.0098081mJ  | all_ACT: 0mJ  | all_RD: 0mJ  | all_WR: 0mJ  | MAC: 2.6211mJ  | Total: 0.89194mJ | compute util: 0, memory util: 0, Op/B 367.2
				Linear | 3.8794us  | 6764.8 - 6768.7 | tensor(209, 16384) -> tensor(209, 1664) | ACT: 0.027459mJ  | RD: 0.85468mJ  | WR: 0.0098081mJ  | all_ACT: 0mJ  | all_RD: 0mJ  | all_WR: 0mJ  | MAC: 2.6211mJ  | Total: 0.89194mJ | compute util: 0.65279, memory util: 1, Op/B 367.2, GPU
			down_proj | 3.8794us  | 6768.7 - 6772.6 | tensor(209, 1664) -> tensor(209, 16384) | ACT: 0.027459mJ  | RD: 0.76903mJ  | WR: 0.095458mJ  | all_ACT: 0mJ  | all_RD: 0mJ  | all_WR: 0mJ  | MAC: 2.6211mJ  | Total: 0.89194mJ | compute util: 0, memory util: 0, Op/B 367.2
				Linear | 3.8794us  | 6768.7 - 6772.6 | tensor(209, 1664) -> tensor(209, 16384) | ACT: 0.027459mJ  | RD: 0.76903mJ  | WR: 0.095458mJ  | all_ACT: 0mJ  | all_RD: 0mJ  | all_WR: 0mJ  | MAC: 2.6211mJ  | Total: 0.89194mJ | compute util: 0.65279, memory util: 1, Op/B 367.2, GPU
		all_reduce | 74.405us  | 6772.6 - 6847 | tensor(209, 16384) -> tensor(209, 16384) | ACT: 0mJ  | RD: 0mJ  | WR: 0mJ  | all_ACT: 0mJ  | all_RD: 0mJ  | all_WR: 0mJ  | MAC: 0mJ  | Total: 0mJ | compute util: 0, memory util: 0, Op/B 0
		residual_1 | 1.2841us  | 6847 - 6848.3 | tensor(209, 16384) -> tensor(209, 16384) | ACT: 0mJ  | RD: 0mJ  | WR: 0mJ  | all_ACT: 0mJ  | all_RD: 0mJ  | all_WR: 0mJ  | MAC: 0mJ  | Total: 0mJ | compute util: 0, memory util: 0, Op/B 0
	decoder_6 | 1144.9us  | 6848.3 - 7993.1 | tensor(209, 16384) -> tensor(209, 16384) | ACT: 1.3378mJ  | RD: 41.766mJ  | WR: 0.22376mJ  | all_ACT: 0mJ  | all_RD: 0mJ  | all_WR: 0mJ  | MAC: 1007.7mJ  | Total: 43.327mJ | compute util: 0, memory util: 0, Op/B 2903.9
		input_layer_norm | 0.85811us  | 6848.3 - 6849.1 | tensor(209, 16384) -> tensor(209, 16384) | ACT: 0mJ  | RD: 0mJ  | WR: 0mJ  | all_ACT: 0mJ  | all_RD: 0mJ  | all_WR: 0mJ  | MAC: 0mJ  | Total: 0mJ | compute util: 0, memory util: 0, Op/B 0
		attention | 1054.4us  | 6849.1 - 7903.5 | tensor(209, 16384) -> tensor(209, 16384) | ACT: 1.2547mJ  | RD: 39.268mJ  | WR: 0.09888mJ  | all_ACT: 0mJ  | all_RD: 0mJ  | all_WR: 0mJ  | MAC: 999.85mJ  | Total: 40.621mJ | compute util: 0, memory util: 0, Op/B 3073
			attn_qkv_proj | 1.6227us  | 6849.1 - 6850.7 | tensor(209, 16384) -> tensor(209, 576) | ACT: 0.011519mJ  | RD: 0.35834mJ  | WR: 0.0034214mJ  | all_ACT: 0mJ  | all_RD: 0mJ  | all_WR: 0mJ  | MAC: 0.90729mJ  | Total: 0.37328mJ | compute util: 0, memory util: 0, Op/B 303.87
				Linear | 1.6227us  | 6849.1 - 6850.7 | tensor(209, 16384) -> tensor(209, 576) | ACT: 0.011519mJ  | RD: 0.35834mJ  | WR: 0.0034214mJ  | all_ACT: 0mJ  | all_RD: 0mJ  | all_WR: 0mJ  | MAC: 0.90729mJ  | Total: 0.37328mJ | compute util: 0.54021, memory util: 1, Op/B 303.87, GPU
			self_attention | 976.9us  | 6850.7 - 7827.7 | tensor(209, 576) -> tensor(209, 512) | ACT: 1.2326mJ  | RD: 38.672mJ  | WR: 0mJ  | all_ACT: 0mJ  | all_RD: 0mJ  | all_WR: 0mJ  | MAC: 998.14mJ  | Total: 39.905mJ | compute util: 0, memory util: 0, Op/B 3122.7
				AttentionSplit | 0us  | 6850.7 - 6850.7 | tensor(209, 576) -> tensor(0, 768) tensor(209, 768) | ACT: 0mJ  | RD: 0mJ  | WR: 0mJ  | all_ACT: 0mJ  | all_RD: 0mJ  | all_WR: 0mJ  | MAC: 0mJ  | Total: 0mJ | compute util: 0, memory util: 0, Op/B 0
				AttentionSum | 0us  | 6850.7 - 6850.7 | tensor(0, 768) -> tensor(0, 2048) | ACT: 0mJ  | RD: 0mJ  | WR: 0mJ  | all_ACT: 0mJ  | all_RD: 0mJ  | all_WR: 0mJ  | MAC: 0mJ  | Total: 0mJ | compute util: 0, memory util: 0, Op/B 0, GPU
				AttentionGen | 964.39us  | 6850.7 - 7815.1 | tensor(209, 768) -> tensor(209, 2048) | ACT: 1.2326mJ  | RD: 38.672mJ  | WR: 0mJ  | all_ACT: 0mJ  | all_RD: 0mJ  | all_WR: 0mJ  | MAC: 998.14mJ  | Total: 39.905mJ | compute util: 1, memory util: 0.18013, Op/B 3122.7, GPU
				context_merge | 12.517us  | 7815.1 - 7827.7 | tensor(209, 2048) -> tensor(209, 2048) | ACT: 0mJ  | RD: 0mJ  | WR: 0mJ  | all_ACT: 0mJ  | all_RD: 0mJ  | all_WR: 0mJ  | MAC: 0mJ  | Total: 0mJ | compute util: 0, memory util: 0, Op/B 0
				AttentionMerge | 0us  | 7827.7 - 7827.7 | tensor(0, 2048) tensor(209, 2048) -> tensor(209, 512) | ACT: 0mJ  | RD: 0mJ  | WR: 0mJ  | all_ACT: 0mJ  | all_RD: 0mJ  | all_WR: 0mJ  | MAC: 0mJ  | Total: 0mJ | compute util: 0, memory util: 0, Op/B 0
			attn_o_proj | 1.49us  | 7827.7 - 7829.1 | tensor(209, 512) -> tensor(209, 16384) | ACT: 0.010588mJ  | RD: 0.23688mJ  | WR: 0.095458mJ  | all_ACT: 0mJ  | all_RD: 0mJ  | all_WR: 0mJ  | MAC: 0.80648mJ  | Total: 0.34292mJ | compute util: 0, memory util: 0, Op/B 294.17
				Linear | 1.49us  | 7827.7 - 7829.1 | tensor(209, 512) -> tensor(209, 16384) | ACT: 0.010588mJ  | RD: 0.23688mJ  | WR: 0.095458mJ  | all_ACT: 0mJ  | all_RD: 0mJ  | all_WR: 0mJ  | MAC: 0.80648mJ  | Total: 0.34292mJ | compute util: 0.52296, memory util: 1, Op/B 294.17, GPU
			all_reduce | 74.405us  | 7829.1 - 7903.5 | tensor(209, 16384) -> tensor(209, 16384) | ACT: 0mJ  | RD: 0mJ  | WR: 0mJ  | all_ACT: 0mJ  | all_RD: 0mJ  | all_WR: 0mJ  | MAC: 0mJ  | Total: 0mJ | compute util: 0, memory util: 0, Op/B 0
		residual_1 | 1.2841us  | 7903.5 - 7904.8 | tensor(209, 16384) -> tensor(209, 16384) | ACT: 0mJ  | RD: 0mJ  | WR: 0mJ  | all_ACT: 0mJ  | all_RD: 0mJ  | all_WR: 0mJ  | MAC: 0mJ  | Total: 0mJ | compute util: 0, memory util: 0, Op/B 0
		post_attn_layer_norm | 0.85811us  | 7904.8 - 7905.7 | tensor(209, 16384) -> tensor(209, 16384) | ACT: 0mJ  | RD: 0mJ  | WR: 0mJ  | all_ACT: 0mJ  | all_RD: 0mJ  | all_WR: 0mJ  | MAC: 0mJ  | Total: 0mJ | compute util: 0, memory util: 0, Op/B 0
		feedforward | 11.769us  | 7905.7 - 7917.5 | tensor(209, 16384) -> tensor(209, 16384) | ACT: 0.083075mJ  | RD: 2.498mJ  | WR: 0.12488mJ  | all_ACT: 0mJ  | all_RD: 0mJ  | all_WR: 0mJ  | MAC: 7.8632mJ  | Total: 2.706mJ | compute util: 0, memory util: 0, Op/B 363.13
			gate_proj | 3.8794us  | 7905.7 - 7909.6 | tensor(209, 16384) -> tensor(209, 1664) | ACT: 0.027459mJ  | RD: 0.85468mJ  | WR: 0.0098081mJ  | all_ACT: 0mJ  | all_RD: 0mJ  | all_WR: 0mJ  | MAC: 2.6211mJ  | Total: 0.89194mJ | compute util: 0, memory util: 0, Op/B 367.2
				Linear | 3.8794us  | 7905.7 - 7909.6 | tensor(209, 16384) -> tensor(209, 1664) | ACT: 0.027459mJ  | RD: 0.85468mJ  | WR: 0.0098081mJ  | all_ACT: 0mJ  | all_RD: 0mJ  | all_WR: 0mJ  | MAC: 2.6211mJ  | Total: 0.89194mJ | compute util: 0.65279, memory util: 1, Op/B 367.2, GPU
			activation | 0.13042us  | 7909.6 - 7909.7 | tensor(209, 1664) -> tensor(209, 1664) | ACT: 0.00069811mJ  | RD: 0.019616mJ  | WR: 0.0098081mJ  | all_ACT: 0mJ  | all_RD: 0mJ  | all_WR: 0mJ  | MAC: 0mJ  | Total: 0.030122mJ | compute util: 0, memory util: 1, Op/B 0, GPU
			up_proj | 3.8794us  | 7909.7 - 7913.6 | tensor(209, 16384) -> tensor(209, 1664) | ACT: 0.027459mJ  | RD: 0.85468mJ  | WR: 0.0098081mJ  | all_ACT: 0mJ  | all_RD: 0mJ  | all_WR: 0mJ  | MAC: 2.6211mJ  | Total: 0.89194mJ | compute util: 0, memory util: 0, Op/B 367.2
				Linear | 3.8794us  | 7909.7 - 7913.6 | tensor(209, 16384) -> tensor(209, 1664) | ACT: 0.027459mJ  | RD: 0.85468mJ  | WR: 0.0098081mJ  | all_ACT: 0mJ  | all_RD: 0mJ  | all_WR: 0mJ  | MAC: 2.6211mJ  | Total: 0.89194mJ | compute util: 0.65279, memory util: 1, Op/B 367.2, GPU
			down_proj | 3.8794us  | 7913.6 - 7917.5 | tensor(209, 1664) -> tensor(209, 16384) | ACT: 0.027459mJ  | RD: 0.76903mJ  | WR: 0.095458mJ  | all_ACT: 0mJ  | all_RD: 0mJ  | all_WR: 0mJ  | MAC: 2.6211mJ  | Total: 0.89194mJ | compute util: 0, memory util: 0, Op/B 367.2
				Linear | 3.8794us  | 7913.6 - 7917.5 | tensor(209, 1664) -> tensor(209, 16384) | ACT: 0.027459mJ  | RD: 0.76903mJ  | WR: 0.095458mJ  | all_ACT: 0mJ  | all_RD: 0mJ  | all_WR: 0mJ  | MAC: 2.6211mJ  | Total: 0.89194mJ | compute util: 0.65279, memory util: 1, Op/B 367.2, GPU
		all_reduce | 74.405us  | 7917.5 - 7991.9 | tensor(209, 16384) -> tensor(209, 16384) | ACT: 0mJ  | RD: 0mJ  | WR: 0mJ  | all_ACT: 0mJ  | all_RD: 0mJ  | all_WR: 0mJ  | MAC: 0mJ  | Total: 0mJ | compute util: 0, memory util: 0, Op/B 0
		residual_1 | 1.2841us  | 7991.9 - 7993.1 | tensor(209, 16384) -> tensor(209, 16384) | ACT: 0mJ  | RD: 0mJ  | WR: 0mJ  | all_ACT: 0mJ  | all_RD: 0mJ  | all_WR: 0mJ  | MAC: 0mJ  | Total: 0mJ | compute util: 0, memory util: 0, Op/B 0
	decoder_7 | 1137.9us  | 7993.1 - 9131 | tensor(209, 16384) -> tensor(209, 16384) | ACT: 1.3378mJ  | RD: 41.766mJ  | WR: 0.22376mJ  | all_ACT: 0mJ  | all_RD: 0mJ  | all_WR: 0mJ  | MAC: 1007.7mJ  | Total: 43.327mJ | compute util: 0, memory util: 0, Op/B 2903.9
		input_layer_norm | 0.85811us  | 7993.1 - 7994 | tensor(209, 16384) -> tensor(209, 16384) | ACT: 0mJ  | RD: 0mJ  | WR: 0mJ  | all_ACT: 0mJ  | all_RD: 0mJ  | all_WR: 0mJ  | MAC: 0mJ  | Total: 0mJ | compute util: 0, memory util: 0, Op/B 0
		attention | 1047.4us  | 7994 - 9041.4 | tensor(209, 16384) -> tensor(209, 16384) | ACT: 1.2547mJ  | RD: 39.268mJ  | WR: 0.09888mJ  | all_ACT: 0mJ  | all_RD: 0mJ  | all_WR: 0mJ  | MAC: 999.85mJ  | Total: 40.621mJ | compute util: 0, memory util: 0, Op/B 3073
			attn_qkv_proj | 1.6227us  | 7994 - 7995.6 | tensor(209, 16384) -> tensor(209, 576) | ACT: 0.011519mJ  | RD: 0.35834mJ  | WR: 0.0034214mJ  | all_ACT: 0mJ  | all_RD: 0mJ  | all_WR: 0mJ  | MAC: 0.90729mJ  | Total: 0.37328mJ | compute util: 0, memory util: 0, Op/B 303.87
				Linear | 1.6227us  | 7994 - 7995.6 | tensor(209, 16384) -> tensor(209, 576) | ACT: 0.011519mJ  | RD: 0.35834mJ  | WR: 0.0034214mJ  | all_ACT: 0mJ  | all_RD: 0mJ  | all_WR: 0mJ  | MAC: 0.90729mJ  | Total: 0.37328mJ | compute util: 0.54021, memory util: 1, Op/B 303.87, GPU
			self_attention | 969.9us  | 7995.6 - 8965.5 | tensor(209, 576) -> tensor(209, 512) | ACT: 1.2326mJ  | RD: 38.672mJ  | WR: 0mJ  | all_ACT: 0mJ  | all_RD: 0mJ  | all_WR: 0mJ  | MAC: 998.14mJ  | Total: 39.905mJ | compute util: 0, memory util: 0, Op/B 3122.7
				AttentionSplit | 0us  | 7995.6 - 7995.6 | tensor(209, 576) -> tensor(0, 768) tensor(209, 768) | ACT: 0mJ  | RD: 0mJ  | WR: 0mJ  | all_ACT: 0mJ  | all_RD: 0mJ  | all_WR: 0mJ  | MAC: 0mJ  | Total: 0mJ | compute util: 0, memory util: 0, Op/B 0
				AttentionSum | 0us  | 7995.6 - 7995.6 | tensor(0, 768) -> tensor(0, 2048) | ACT: 0mJ  | RD: 0mJ  | WR: 0mJ  | all_ACT: 0mJ  | all_RD: 0mJ  | all_WR: 0mJ  | MAC: 0mJ  | Total: 0mJ | compute util: 0, memory util: 0, Op/B 0, GPU
				AttentionGen | 964.39us  | 7995.6 - 8960 | tensor(209, 768) -> tensor(209, 2048) | ACT: 1.2326mJ  | RD: 38.672mJ  | WR: 0mJ  | all_ACT: 0mJ  | all_RD: 0mJ  | all_WR: 0mJ  | MAC: 998.14mJ  | Total: 39.905mJ | compute util: 1, memory util: 0.18013, Op/B 3122.7, GPU
				context_merge | 5.5134us  | 8960 - 8965.5 | tensor(209, 2048) -> tensor(209, 2048) | ACT: 0mJ  | RD: 0mJ  | WR: 0mJ  | all_ACT: 0mJ  | all_RD: 0mJ  | all_WR: 0mJ  | MAC: 0mJ  | Total: 0mJ | compute util: 0, memory util: 0, Op/B 0
				AttentionMerge | 0us  | 8965.5 - 8965.5 | tensor(0, 2048) tensor(209, 2048) -> tensor(209, 512) | ACT: 0mJ  | RD: 0mJ  | WR: 0mJ  | all_ACT: 0mJ  | all_RD: 0mJ  | all_WR: 0mJ  | MAC: 0mJ  | Total: 0mJ | compute util: 0, memory util: 0, Op/B 0
			attn_o_proj | 1.49us  | 8965.5 - 8967 | tensor(209, 512) -> tensor(209, 16384) | ACT: 0.010588mJ  | RD: 0.23688mJ  | WR: 0.095458mJ  | all_ACT: 0mJ  | all_RD: 0mJ  | all_WR: 0mJ  | MAC: 0.80648mJ  | Total: 0.34292mJ | compute util: 0, memory util: 0, Op/B 294.17
				Linear | 1.49us  | 8965.5 - 8967 | tensor(209, 512) -> tensor(209, 16384) | ACT: 0.010588mJ  | RD: 0.23688mJ  | WR: 0.095458mJ  | all_ACT: 0mJ  | all_RD: 0mJ  | all_WR: 0mJ  | MAC: 0.80648mJ  | Total: 0.34292mJ | compute util: 0.52296, memory util: 1, Op/B 294.17, GPU
			all_reduce | 74.405us  | 8967 - 9041.4 | tensor(209, 16384) -> tensor(209, 16384) | ACT: 0mJ  | RD: 0mJ  | WR: 0mJ  | all_ACT: 0mJ  | all_RD: 0mJ  | all_WR: 0mJ  | MAC: 0mJ  | Total: 0mJ | compute util: 0, memory util: 0, Op/B 0
		residual_1 | 1.2841us  | 9041.4 - 9042.7 | tensor(209, 16384) -> tensor(209, 16384) | ACT: 0mJ  | RD: 0mJ  | WR: 0mJ  | all_ACT: 0mJ  | all_RD: 0mJ  | all_WR: 0mJ  | MAC: 0mJ  | Total: 0mJ | compute util: 0, memory util: 0, Op/B 0
		post_attn_layer_norm | 0.85811us  | 9042.7 - 9043.6 | tensor(209, 16384) -> tensor(209, 16384) | ACT: 0mJ  | RD: 0mJ  | WR: 0mJ  | all_ACT: 0mJ  | all_RD: 0mJ  | all_WR: 0mJ  | MAC: 0mJ  | Total: 0mJ | compute util: 0, memory util: 0, Op/B 0
		feedforward | 11.769us  | 9043.6 - 9055.3 | tensor(209, 16384) -> tensor(209, 16384) | ACT: 0.083075mJ  | RD: 2.498mJ  | WR: 0.12488mJ  | all_ACT: 0mJ  | all_RD: 0mJ  | all_WR: 0mJ  | MAC: 7.8632mJ  | Total: 2.706mJ | compute util: 0, memory util: 0, Op/B 363.13
			gate_proj | 3.8794us  | 9043.6 - 9047.4 | tensor(209, 16384) -> tensor(209, 1664) | ACT: 0.027459mJ  | RD: 0.85468mJ  | WR: 0.0098081mJ  | all_ACT: 0mJ  | all_RD: 0mJ  | all_WR: 0mJ  | MAC: 2.6211mJ  | Total: 0.89194mJ | compute util: 0, memory util: 0, Op/B 367.2
				Linear | 3.8794us  | 9043.6 - 9047.4 | tensor(209, 16384) -> tensor(209, 1664) | ACT: 0.027459mJ  | RD: 0.85468mJ  | WR: 0.0098081mJ  | all_ACT: 0mJ  | all_RD: 0mJ  | all_WR: 0mJ  | MAC: 2.6211mJ  | Total: 0.89194mJ | compute util: 0.65279, memory util: 1, Op/B 367.2, GPU
			activation | 0.13042us  | 9047.4 - 9047.6 | tensor(209, 1664) -> tensor(209, 1664) | ACT: 0.00069811mJ  | RD: 0.019616mJ  | WR: 0.0098081mJ  | all_ACT: 0mJ  | all_RD: 0mJ  | all_WR: 0mJ  | MAC: 0mJ  | Total: 0.030122mJ | compute util: 0, memory util: 1, Op/B 0, GPU
			up_proj | 3.8794us  | 9047.6 - 9051.5 | tensor(209, 16384) -> tensor(209, 1664) | ACT: 0.027459mJ  | RD: 0.85468mJ  | WR: 0.0098081mJ  | all_ACT: 0mJ  | all_RD: 0mJ  | all_WR: 0mJ  | MAC: 2.6211mJ  | Total: 0.89194mJ | compute util: 0, memory util: 0, Op/B 367.2
				Linear | 3.8794us  | 9047.6 - 9051.5 | tensor(209, 16384) -> tensor(209, 1664) | ACT: 0.027459mJ  | RD: 0.85468mJ  | WR: 0.0098081mJ  | all_ACT: 0mJ  | all_RD: 0mJ  | all_WR: 0mJ  | MAC: 2.6211mJ  | Total: 0.89194mJ | compute util: 0.65279, memory util: 1, Op/B 367.2, GPU
			down_proj | 3.8794us  | 9051.5 - 9055.3 | tensor(209, 1664) -> tensor(209, 16384) | ACT: 0.027459mJ  | RD: 0.76903mJ  | WR: 0.095458mJ  | all_ACT: 0mJ  | all_RD: 0mJ  | all_WR: 0mJ  | MAC: 2.6211mJ  | Total: 0.89194mJ | compute util: 0, memory util: 0, Op/B 367.2
				Linear | 3.8794us  | 9051.5 - 9055.3 | tensor(209, 1664) -> tensor(209, 16384) | ACT: 0.027459mJ  | RD: 0.76903mJ  | WR: 0.095458mJ  | all_ACT: 0mJ  | all_RD: 0mJ  | all_WR: 0mJ  | MAC: 2.6211mJ  | Total: 0.89194mJ | compute util: 0.65279, memory util: 1, Op/B 367.2, GPU
		all_reduce | 74.405us  | 9055.3 - 9129.7 | tensor(209, 16384) -> tensor(209, 16384) | ACT: 0mJ  | RD: 0mJ  | WR: 0mJ  | all_ACT: 0mJ  | all_RD: 0mJ  | all_WR: 0mJ  | MAC: 0mJ  | Total: 0mJ | compute util: 0, memory util: 0, Op/B 0
		residual_1 | 1.2841us  | 9129.7 - 9131 | tensor(209, 16384) -> tensor(209, 16384) | ACT: 0mJ  | RD: 0mJ  | WR: 0mJ  | all_ACT: 0mJ  | all_RD: 0mJ  | all_WR: 0mJ  | MAC: 0mJ  | Total: 0mJ | compute util: 0, memory util: 0, Op/B 0
	decoder_8 | 1144.9us  | 9131 - 10276 | tensor(209, 16384) -> tensor(209, 16384) | ACT: 1.3378mJ  | RD: 41.766mJ  | WR: 0.22376mJ  | all_ACT: 0mJ  | all_RD: 0mJ  | all_WR: 0mJ  | MAC: 1007.7mJ  | Total: 43.327mJ | compute util: 0, memory util: 0, Op/B 2903.9
		input_layer_norm | 0.85811us  | 9131 - 9131.9 | tensor(209, 16384) -> tensor(209, 16384) | ACT: 0mJ  | RD: 0mJ  | WR: 0mJ  | all_ACT: 0mJ  | all_RD: 0mJ  | all_WR: 0mJ  | MAC: 0mJ  | Total: 0mJ | compute util: 0, memory util: 0, Op/B 0
		attention | 1054.4us  | 9131.9 - 10186 | tensor(209, 16384) -> tensor(209, 16384) | ACT: 1.2547mJ  | RD: 39.268mJ  | WR: 0.09888mJ  | all_ACT: 0mJ  | all_RD: 0mJ  | all_WR: 0mJ  | MAC: 999.85mJ  | Total: 40.621mJ | compute util: 0, memory util: 0, Op/B 3073
			attn_qkv_proj | 1.6227us  | 9131.9 - 9133.5 | tensor(209, 16384) -> tensor(209, 576) | ACT: 0.011519mJ  | RD: 0.35834mJ  | WR: 0.0034214mJ  | all_ACT: 0mJ  | all_RD: 0mJ  | all_WR: 0mJ  | MAC: 0.90729mJ  | Total: 0.37328mJ | compute util: 0, memory util: 0, Op/B 303.87
				Linear | 1.6227us  | 9131.9 - 9133.5 | tensor(209, 16384) -> tensor(209, 576) | ACT: 0.011519mJ  | RD: 0.35834mJ  | WR: 0.0034214mJ  | all_ACT: 0mJ  | all_RD: 0mJ  | all_WR: 0mJ  | MAC: 0.90729mJ  | Total: 0.37328mJ | compute util: 0.54021, memory util: 1, Op/B 303.87, GPU
			self_attention | 976.9us  | 9133.5 - 10110 | tensor(209, 576) -> tensor(209, 512) | ACT: 1.2326mJ  | RD: 38.672mJ  | WR: 0mJ  | all_ACT: 0mJ  | all_RD: 0mJ  | all_WR: 0mJ  | MAC: 998.14mJ  | Total: 39.905mJ | compute util: 0, memory util: 0, Op/B 3122.7
				AttentionSplit | 0us  | 9133.5 - 9133.5 | tensor(209, 576) -> tensor(0, 768) tensor(209, 768) | ACT: 0mJ  | RD: 0mJ  | WR: 0mJ  | all_ACT: 0mJ  | all_RD: 0mJ  | all_WR: 0mJ  | MAC: 0mJ  | Total: 0mJ | compute util: 0, memory util: 0, Op/B 0
				AttentionSum | 0us  | 9133.5 - 9133.5 | tensor(0, 768) -> tensor(0, 2048) | ACT: 0mJ  | RD: 0mJ  | WR: 0mJ  | all_ACT: 0mJ  | all_RD: 0mJ  | all_WR: 0mJ  | MAC: 0mJ  | Total: 0mJ | compute util: 0, memory util: 0, Op/B 0, GPU
				AttentionGen | 964.39us  | 9133.5 - 10098 | tensor(209, 768) -> tensor(209, 2048) | ACT: 1.2326mJ  | RD: 38.672mJ  | WR: 0mJ  | all_ACT: 0mJ  | all_RD: 0mJ  | all_WR: 0mJ  | MAC: 998.14mJ  | Total: 39.905mJ | compute util: 1, memory util: 0.18013, Op/B 3122.7, GPU
				context_merge | 12.517us  | 10098 - 10110 | tensor(209, 2048) -> tensor(209, 2048) | ACT: 0mJ  | RD: 0mJ  | WR: 0mJ  | all_ACT: 0mJ  | all_RD: 0mJ  | all_WR: 0mJ  | MAC: 0mJ  | Total: 0mJ | compute util: 0, memory util: 0, Op/B 0
				AttentionMerge | 0us  | 10110 - 10110 | tensor(0, 2048) tensor(209, 2048) -> tensor(209, 512) | ACT: 0mJ  | RD: 0mJ  | WR: 0mJ  | all_ACT: 0mJ  | all_RD: 0mJ  | all_WR: 0mJ  | MAC: 0mJ  | Total: 0mJ | compute util: 0, memory util: 0, Op/B 0
			attn_o_proj | 1.49us  | 10110 - 10112 | tensor(209, 512) -> tensor(209, 16384) | ACT: 0.010588mJ  | RD: 0.23688mJ  | WR: 0.095458mJ  | all_ACT: 0mJ  | all_RD: 0mJ  | all_WR: 0mJ  | MAC: 0.80648mJ  | Total: 0.34292mJ | compute util: 0, memory util: 0, Op/B 294.17
				Linear | 1.49us  | 10110 - 10112 | tensor(209, 512) -> tensor(209, 16384) | ACT: 0.010588mJ  | RD: 0.23688mJ  | WR: 0.095458mJ  | all_ACT: 0mJ  | all_RD: 0mJ  | all_WR: 0mJ  | MAC: 0.80648mJ  | Total: 0.34292mJ | compute util: 0.52296, memory util: 1, Op/B 294.17, GPU
			all_reduce | 74.405us  | 10112 - 10186 | tensor(209, 16384) -> tensor(209, 16384) | ACT: 0mJ  | RD: 0mJ  | WR: 0mJ  | all_ACT: 0mJ  | all_RD: 0mJ  | all_WR: 0mJ  | MAC: 0mJ  | Total: 0mJ | compute util: 0, memory util: 0, Op/B 0
		residual_1 | 1.2841us  | 10186 - 10188 | tensor(209, 16384) -> tensor(209, 16384) | ACT: 0mJ  | RD: 0mJ  | WR: 0mJ  | all_ACT: 0mJ  | all_RD: 0mJ  | all_WR: 0mJ  | MAC: 0mJ  | Total: 0mJ | compute util: 0, memory util: 0, Op/B 0
		post_attn_layer_norm | 0.85811us  | 10188 - 10188 | tensor(209, 16384) -> tensor(209, 16384) | ACT: 0mJ  | RD: 0mJ  | WR: 0mJ  | all_ACT: 0mJ  | all_RD: 0mJ  | all_WR: 0mJ  | MAC: 0mJ  | Total: 0mJ | compute util: 0, memory util: 0, Op/B 0
		feedforward | 11.769us  | 10188 - 10200 | tensor(209, 16384) -> tensor(209, 16384) | ACT: 0.083075mJ  | RD: 2.498mJ  | WR: 0.12488mJ  | all_ACT: 0mJ  | all_RD: 0mJ  | all_WR: 0mJ  | MAC: 7.8632mJ  | Total: 2.706mJ | compute util: 0, memory util: 0, Op/B 363.13
			gate_proj | 3.8794us  | 10188 - 10192 | tensor(209, 16384) -> tensor(209, 1664) | ACT: 0.027459mJ  | RD: 0.85468mJ  | WR: 0.0098081mJ  | all_ACT: 0mJ  | all_RD: 0mJ  | all_WR: 0mJ  | MAC: 2.6211mJ  | Total: 0.89194mJ | compute util: 0, memory util: 0, Op/B 367.2
				Linear | 3.8794us  | 10188 - 10192 | tensor(209, 16384) -> tensor(209, 1664) | ACT: 0.027459mJ  | RD: 0.85468mJ  | WR: 0.0098081mJ  | all_ACT: 0mJ  | all_RD: 0mJ  | all_WR: 0mJ  | MAC: 2.6211mJ  | Total: 0.89194mJ | compute util: 0.65279, memory util: 1, Op/B 367.2, GPU
			activation | 0.13042us  | 10192 - 10192 | tensor(209, 1664) -> tensor(209, 1664) | ACT: 0.00069811mJ  | RD: 0.019616mJ  | WR: 0.0098081mJ  | all_ACT: 0mJ  | all_RD: 0mJ  | all_WR: 0mJ  | MAC: 0mJ  | Total: 0.030122mJ | compute util: 0, memory util: 1, Op/B 0, GPU
			up_proj | 3.8794us  | 10192 - 10196 | tensor(209, 16384) -> tensor(209, 1664) | ACT: 0.027459mJ  | RD: 0.85468mJ  | WR: 0.0098081mJ  | all_ACT: 0mJ  | all_RD: 0mJ  | all_WR: 0mJ  | MAC: 2.6211mJ  | Total: 0.89194mJ | compute util: 0, memory util: 0, Op/B 367.2
				Linear | 3.8794us  | 10192 - 10196 | tensor(209, 16384) -> tensor(209, 1664) | ACT: 0.027459mJ  | RD: 0.85468mJ  | WR: 0.0098081mJ  | all_ACT: 0mJ  | all_RD: 0mJ  | all_WR: 0mJ  | MAC: 2.6211mJ  | Total: 0.89194mJ | compute util: 0.65279, memory util: 1, Op/B 367.2, GPU
			down_proj | 3.8794us  | 10196 - 10200 | tensor(209, 1664) -> tensor(209, 16384) | ACT: 0.027459mJ  | RD: 0.76903mJ  | WR: 0.095458mJ  | all_ACT: 0mJ  | all_RD: 0mJ  | all_WR: 0mJ  | MAC: 2.6211mJ  | Total: 0.89194mJ | compute util: 0, memory util: 0, Op/B 367.2
				Linear | 3.8794us  | 10196 - 10200 | tensor(209, 1664) -> tensor(209, 16384) | ACT: 0.027459mJ  | RD: 0.76903mJ  | WR: 0.095458mJ  | all_ACT: 0mJ  | all_RD: 0mJ  | all_WR: 0mJ  | MAC: 2.6211mJ  | Total: 0.89194mJ | compute util: 0.65279, memory util: 1, Op/B 367.2, GPU
		all_reduce | 74.405us  | 10200 - 10275 | tensor(209, 16384) -> tensor(209, 16384) | ACT: 0mJ  | RD: 0mJ  | WR: 0mJ  | all_ACT: 0mJ  | all_RD: 0mJ  | all_WR: 0mJ  | MAC: 0mJ  | Total: 0mJ | compute util: 0, memory util: 0, Op/B 0
		residual_1 | 1.2841us  | 10275 - 10276 | tensor(209, 16384) -> tensor(209, 16384) | ACT: 0mJ  | RD: 0mJ  | WR: 0mJ  | all_ACT: 0mJ  | all_RD: 0mJ  | all_WR: 0mJ  | MAC: 0mJ  | Total: 0mJ | compute util: 0, memory util: 0, Op/B 0
	decoder_9 | 1137.9us  | 10276 - 11414 | tensor(209, 16384) -> tensor(209, 16384) | ACT: 1.3378mJ  | RD: 41.766mJ  | WR: 0.22376mJ  | all_ACT: 0mJ  | all_RD: 0mJ  | all_WR: 0mJ  | MAC: 1007.7mJ  | Total: 43.327mJ | compute util: 0, memory util: 0, Op/B 2903.9
		input_layer_norm | 0.85811us  | 10276 - 10277 | tensor(209, 16384) -> tensor(209, 16384) | ACT: 0mJ  | RD: 0mJ  | WR: 0mJ  | all_ACT: 0mJ  | all_RD: 0mJ  | all_WR: 0mJ  | MAC: 0mJ  | Total: 0mJ | compute util: 0, memory util: 0, Op/B 0
		attention | 1047.4us  | 10277 - 11324 | tensor(209, 16384) -> tensor(209, 16384) | ACT: 1.2547mJ  | RD: 39.268mJ  | WR: 0.09888mJ  | all_ACT: 0mJ  | all_RD: 0mJ  | all_WR: 0mJ  | MAC: 999.85mJ  | Total: 40.621mJ | compute util: 0, memory util: 0, Op/B 3073
			attn_qkv_proj | 1.6227us  | 10277 - 10278 | tensor(209, 16384) -> tensor(209, 576) | ACT: 0.011519mJ  | RD: 0.35834mJ  | WR: 0.0034214mJ  | all_ACT: 0mJ  | all_RD: 0mJ  | all_WR: 0mJ  | MAC: 0.90729mJ  | Total: 0.37328mJ | compute util: 0, memory util: 0, Op/B 303.87
				Linear | 1.6227us  | 10277 - 10278 | tensor(209, 16384) -> tensor(209, 576) | ACT: 0.011519mJ  | RD: 0.35834mJ  | WR: 0.0034214mJ  | all_ACT: 0mJ  | all_RD: 0mJ  | all_WR: 0mJ  | MAC: 0.90729mJ  | Total: 0.37328mJ | compute util: 0.54021, memory util: 1, Op/B 303.87, GPU
			self_attention | 969.9us  | 10278 - 11248 | tensor(209, 576) -> tensor(209, 512) | ACT: 1.2326mJ  | RD: 38.672mJ  | WR: 0mJ  | all_ACT: 0mJ  | all_RD: 0mJ  | all_WR: 0mJ  | MAC: 998.14mJ  | Total: 39.905mJ | compute util: 0, memory util: 0, Op/B 3122.7
				AttentionSplit | 0us  | 10278 - 10278 | tensor(209, 576) -> tensor(0, 768) tensor(209, 768) | ACT: 0mJ  | RD: 0mJ  | WR: 0mJ  | all_ACT: 0mJ  | all_RD: 0mJ  | all_WR: 0mJ  | MAC: 0mJ  | Total: 0mJ | compute util: 0, memory util: 0, Op/B 0
				AttentionSum | 0us  | 10278 - 10278 | tensor(0, 768) -> tensor(0, 2048) | ACT: 0mJ  | RD: 0mJ  | WR: 0mJ  | all_ACT: 0mJ  | all_RD: 0mJ  | all_WR: 0mJ  | MAC: 0mJ  | Total: 0mJ | compute util: 0, memory util: 0, Op/B 0, GPU
				AttentionGen | 964.39us  | 10278 - 11243 | tensor(209, 768) -> tensor(209, 2048) | ACT: 1.2326mJ  | RD: 38.672mJ  | WR: 0mJ  | all_ACT: 0mJ  | all_RD: 0mJ  | all_WR: 0mJ  | MAC: 998.14mJ  | Total: 39.905mJ | compute util: 1, memory util: 0.18013, Op/B 3122.7, GPU
				context_merge | 5.5134us  | 11243 - 11248 | tensor(209, 2048) -> tensor(209, 2048) | ACT: 0mJ  | RD: 0mJ  | WR: 0mJ  | all_ACT: 0mJ  | all_RD: 0mJ  | all_WR: 0mJ  | MAC: 0mJ  | Total: 0mJ | compute util: 0, memory util: 0, Op/B 0
				AttentionMerge | 0us  | 11248 - 11248 | tensor(0, 2048) tensor(209, 2048) -> tensor(209, 512) | ACT: 0mJ  | RD: 0mJ  | WR: 0mJ  | all_ACT: 0mJ  | all_RD: 0mJ  | all_WR: 0mJ  | MAC: 0mJ  | Total: 0mJ | compute util: 0, memory util: 0, Op/B 0
			attn_o_proj | 1.49us  | 11248 - 11250 | tensor(209, 512) -> tensor(209, 16384) | ACT: 0.010588mJ  | RD: 0.23688mJ  | WR: 0.095458mJ  | all_ACT: 0mJ  | all_RD: 0mJ  | all_WR: 0mJ  | MAC: 0.80648mJ  | Total: 0.34292mJ | compute util: 0, memory util: 0, Op/B 294.17
				Linear | 1.49us  | 11248 - 11250 | tensor(209, 512) -> tensor(209, 16384) | ACT: 0.010588mJ  | RD: 0.23688mJ  | WR: 0.095458mJ  | all_ACT: 0mJ  | all_RD: 0mJ  | all_WR: 0mJ  | MAC: 0.80648mJ  | Total: 0.34292mJ | compute util: 0.52296, memory util: 1, Op/B 294.17, GPU
			all_reduce | 74.405us  | 11250 - 11324 | tensor(209, 16384) -> tensor(209, 16384) | ACT: 0mJ  | RD: 0mJ  | WR: 0mJ  | all_ACT: 0mJ  | all_RD: 0mJ  | all_WR: 0mJ  | MAC: 0mJ  | Total: 0mJ | compute util: 0, memory util: 0, Op/B 0
		residual_1 | 1.2841us  | 11324 - 11325 | tensor(209, 16384) -> tensor(209, 16384) | ACT: 0mJ  | RD: 0mJ  | WR: 0mJ  | all_ACT: 0mJ  | all_RD: 0mJ  | all_WR: 0mJ  | MAC: 0mJ  | Total: 0mJ | compute util: 0, memory util: 0, Op/B 0
		post_attn_layer_norm | 0.85811us  | 11325 - 11326 | tensor(209, 16384) -> tensor(209, 16384) | ACT: 0mJ  | RD: 0mJ  | WR: 0mJ  | all_ACT: 0mJ  | all_RD: 0mJ  | all_WR: 0mJ  | MAC: 0mJ  | Total: 0mJ | compute util: 0, memory util: 0, Op/B 0
		feedforward | 11.769us  | 11326 - 11338 | tensor(209, 16384) -> tensor(209, 16384) | ACT: 0.083075mJ  | RD: 2.498mJ  | WR: 0.12488mJ  | all_ACT: 0mJ  | all_RD: 0mJ  | all_WR: 0mJ  | MAC: 7.8632mJ  | Total: 2.706mJ | compute util: 0, memory util: 0, Op/B 363.13
			gate_proj | 3.8794us  | 11326 - 11330 | tensor(209, 16384) -> tensor(209, 1664) | ACT: 0.027459mJ  | RD: 0.85468mJ  | WR: 0.0098081mJ  | all_ACT: 0mJ  | all_RD: 0mJ  | all_WR: 0mJ  | MAC: 2.6211mJ  | Total: 0.89194mJ | compute util: 0, memory util: 0, Op/B 367.2
				Linear | 3.8794us  | 11326 - 11330 | tensor(209, 16384) -> tensor(209, 1664) | ACT: 0.027459mJ  | RD: 0.85468mJ  | WR: 0.0098081mJ  | all_ACT: 0mJ  | all_RD: 0mJ  | all_WR: 0mJ  | MAC: 2.6211mJ  | Total: 0.89194mJ | compute util: 0.65279, memory util: 1, Op/B 367.2, GPU
			activation | 0.13042us  | 11330 - 11330 | tensor(209, 1664) -> tensor(209, 1664) | ACT: 0.00069811mJ  | RD: 0.019616mJ  | WR: 0.0098081mJ  | all_ACT: 0mJ  | all_RD: 0mJ  | all_WR: 0mJ  | MAC: 0mJ  | Total: 0.030122mJ | compute util: 0, memory util: 1, Op/B 0, GPU
			up_proj | 3.8794us  | 11330 - 11334 | tensor(209, 16384) -> tensor(209, 1664) | ACT: 0.027459mJ  | RD: 0.85468mJ  | WR: 0.0098081mJ  | all_ACT: 0mJ  | all_RD: 0mJ  | all_WR: 0mJ  | MAC: 2.6211mJ  | Total: 0.89194mJ | compute util: 0, memory util: 0, Op/B 367.2
				Linear | 3.8794us  | 11330 - 11334 | tensor(209, 16384) -> tensor(209, 1664) | ACT: 0.027459mJ  | RD: 0.85468mJ  | WR: 0.0098081mJ  | all_ACT: 0mJ  | all_RD: 0mJ  | all_WR: 0mJ  | MAC: 2.6211mJ  | Total: 0.89194mJ | compute util: 0.65279, memory util: 1, Op/B 367.2, GPU
			down_proj | 3.8794us  | 11334 - 11338 | tensor(209, 1664) -> tensor(209, 16384) | ACT: 0.027459mJ  | RD: 0.76903mJ  | WR: 0.095458mJ  | all_ACT: 0mJ  | all_RD: 0mJ  | all_WR: 0mJ  | MAC: 2.6211mJ  | Total: 0.89194mJ | compute util: 0, memory util: 0, Op/B 367.2
				Linear | 3.8794us  | 11334 - 11338 | tensor(209, 1664) -> tensor(209, 16384) | ACT: 0.027459mJ  | RD: 0.76903mJ  | WR: 0.095458mJ  | all_ACT: 0mJ  | all_RD: 0mJ  | all_WR: 0mJ  | MAC: 2.6211mJ  | Total: 0.89194mJ | compute util: 0.65279, memory util: 1, Op/B 367.2, GPU
		all_reduce | 74.405us  | 11338 - 11412 | tensor(209, 16384) -> tensor(209, 16384) | ACT: 0mJ  | RD: 0mJ  | WR: 0mJ  | all_ACT: 0mJ  | all_RD: 0mJ  | all_WR: 0mJ  | MAC: 0mJ  | Total: 0mJ | compute util: 0, memory util: 0, Op/B 0
		residual_1 | 1.2841us  | 11412 - 11414 | tensor(209, 16384) -> tensor(209, 16384) | ACT: 0mJ  | RD: 0mJ  | WR: 0mJ  | all_ACT: 0mJ  | all_RD: 0mJ  | all_WR: 0mJ  | MAC: 0mJ  | Total: 0mJ | compute util: 0, memory util: 0, Op/B 0
	decoder_10 | 1144.9us  | 11414 - 12559 | tensor(209, 16384) -> tensor(209, 16384) | ACT: 1.3378mJ  | RD: 41.766mJ  | WR: 0.22376mJ  | all_ACT: 0mJ  | all_RD: 0mJ  | all_WR: 0mJ  | MAC: 1007.7mJ  | Total: 43.327mJ | compute util: 0, memory util: 0, Op/B 2903.9
		input_layer_norm | 0.85811us  | 11414 - 11415 | tensor(209, 16384) -> tensor(209, 16384) | ACT: 0mJ  | RD: 0mJ  | WR: 0mJ  | all_ACT: 0mJ  | all_RD: 0mJ  | all_WR: 0mJ  | MAC: 0mJ  | Total: 0mJ | compute util: 0, memory util: 0, Op/B 0
		attention | 1054.4us  | 11415 - 12469 | tensor(209, 16384) -> tensor(209, 16384) | ACT: 1.2547mJ  | RD: 39.268mJ  | WR: 0.09888mJ  | all_ACT: 0mJ  | all_RD: 0mJ  | all_WR: 0mJ  | MAC: 999.85mJ  | Total: 40.621mJ | compute util: 0, memory util: 0, Op/B 3073
			attn_qkv_proj | 1.6227us  | 11415 - 11416 | tensor(209, 16384) -> tensor(209, 576) | ACT: 0.011519mJ  | RD: 0.35834mJ  | WR: 0.0034214mJ  | all_ACT: 0mJ  | all_RD: 0mJ  | all_WR: 0mJ  | MAC: 0.90729mJ  | Total: 0.37328mJ | compute util: 0, memory util: 0, Op/B 303.87
				Linear | 1.6227us  | 11415 - 11416 | tensor(209, 16384) -> tensor(209, 576) | ACT: 0.011519mJ  | RD: 0.35834mJ  | WR: 0.0034214mJ  | all_ACT: 0mJ  | all_RD: 0mJ  | all_WR: 0mJ  | MAC: 0.90729mJ  | Total: 0.37328mJ | compute util: 0.54021, memory util: 1, Op/B 303.87, GPU
			self_attention | 976.9us  | 11416 - 12393 | tensor(209, 576) -> tensor(209, 512) | ACT: 1.2326mJ  | RD: 38.672mJ  | WR: 0mJ  | all_ACT: 0mJ  | all_RD: 0mJ  | all_WR: 0mJ  | MAC: 998.14mJ  | Total: 39.905mJ | compute util: 0, memory util: 0, Op/B 3122.7
				AttentionSplit | 0us  | 11416 - 11416 | tensor(209, 576) -> tensor(0, 768) tensor(209, 768) | ACT: 0mJ  | RD: 0mJ  | WR: 0mJ  | all_ACT: 0mJ  | all_RD: 0mJ  | all_WR: 0mJ  | MAC: 0mJ  | Total: 0mJ | compute util: 0, memory util: 0, Op/B 0
				AttentionSum | 0us  | 11416 - 11416 | tensor(0, 768) -> tensor(0, 2048) | ACT: 0mJ  | RD: 0mJ  | WR: 0mJ  | all_ACT: 0mJ  | all_RD: 0mJ  | all_WR: 0mJ  | MAC: 0mJ  | Total: 0mJ | compute util: 0, memory util: 0, Op/B 0, GPU
				AttentionGen | 964.39us  | 11416 - 12381 | tensor(209, 768) -> tensor(209, 2048) | ACT: 1.2326mJ  | RD: 38.672mJ  | WR: 0mJ  | all_ACT: 0mJ  | all_RD: 0mJ  | all_WR: 0mJ  | MAC: 998.14mJ  | Total: 39.905mJ | compute util: 1, memory util: 0.18013, Op/B 3122.7, GPU
				context_merge | 12.517us  | 12381 - 12393 | tensor(209, 2048) -> tensor(209, 2048) | ACT: 0mJ  | RD: 0mJ  | WR: 0mJ  | all_ACT: 0mJ  | all_RD: 0mJ  | all_WR: 0mJ  | MAC: 0mJ  | Total: 0mJ | compute util: 0, memory util: 0, Op/B 0
				AttentionMerge | 0us  | 12393 - 12393 | tensor(0, 2048) tensor(209, 2048) -> tensor(209, 512) | ACT: 0mJ  | RD: 0mJ  | WR: 0mJ  | all_ACT: 0mJ  | all_RD: 0mJ  | all_WR: 0mJ  | MAC: 0mJ  | Total: 0mJ | compute util: 0, memory util: 0, Op/B 0
			attn_o_proj | 1.49us  | 12393 - 12395 | tensor(209, 512) -> tensor(209, 16384) | ACT: 0.010588mJ  | RD: 0.23688mJ  | WR: 0.095458mJ  | all_ACT: 0mJ  | all_RD: 0mJ  | all_WR: 0mJ  | MAC: 0.80648mJ  | Total: 0.34292mJ | compute util: 0, memory util: 0, Op/B 294.17
				Linear | 1.49us  | 12393 - 12395 | tensor(209, 512) -> tensor(209, 16384) | ACT: 0.010588mJ  | RD: 0.23688mJ  | WR: 0.095458mJ  | all_ACT: 0mJ  | all_RD: 0mJ  | all_WR: 0mJ  | MAC: 0.80648mJ  | Total: 0.34292mJ | compute util: 0.52296, memory util: 1, Op/B 294.17, GPU
			all_reduce | 74.405us  | 12395 - 12469 | tensor(209, 16384) -> tensor(209, 16384) | ACT: 0mJ  | RD: 0mJ  | WR: 0mJ  | all_ACT: 0mJ  | all_RD: 0mJ  | all_WR: 0mJ  | MAC: 0mJ  | Total: 0mJ | compute util: 0, memory util: 0, Op/B 0
		residual_1 | 1.2841us  | 12469 - 12470 | tensor(209, 16384) -> tensor(209, 16384) | ACT: 0mJ  | RD: 0mJ  | WR: 0mJ  | all_ACT: 0mJ  | all_RD: 0mJ  | all_WR: 0mJ  | MAC: 0mJ  | Total: 0mJ | compute util: 0, memory util: 0, Op/B 0
		post_attn_layer_norm | 0.85811us  | 12470 - 12471 | tensor(209, 16384) -> tensor(209, 16384) | ACT: 0mJ  | RD: 0mJ  | WR: 0mJ  | all_ACT: 0mJ  | all_RD: 0mJ  | all_WR: 0mJ  | MAC: 0mJ  | Total: 0mJ | compute util: 0, memory util: 0, Op/B 0
		feedforward | 11.769us  | 12471 - 12483 | tensor(209, 16384) -> tensor(209, 16384) | ACT: 0.083075mJ  | RD: 2.498mJ  | WR: 0.12488mJ  | all_ACT: 0mJ  | all_RD: 0mJ  | all_WR: 0mJ  | MAC: 7.8632mJ  | Total: 2.706mJ | compute util: 0, memory util: 0, Op/B 363.13
			gate_proj | 3.8794us  | 12471 - 12475 | tensor(209, 16384) -> tensor(209, 1664) | ACT: 0.027459mJ  | RD: 0.85468mJ  | WR: 0.0098081mJ  | all_ACT: 0mJ  | all_RD: 0mJ  | all_WR: 0mJ  | MAC: 2.6211mJ  | Total: 0.89194mJ | compute util: 0, memory util: 0, Op/B 367.2
				Linear | 3.8794us  | 12471 - 12475 | tensor(209, 16384) -> tensor(209, 1664) | ACT: 0.027459mJ  | RD: 0.85468mJ  | WR: 0.0098081mJ  | all_ACT: 0mJ  | all_RD: 0mJ  | all_WR: 0mJ  | MAC: 2.6211mJ  | Total: 0.89194mJ | compute util: 0.65279, memory util: 1, Op/B 367.2, GPU
			activation | 0.13042us  | 12475 - 12475 | tensor(209, 1664) -> tensor(209, 1664) | ACT: 0.00069811mJ  | RD: 0.019616mJ  | WR: 0.0098081mJ  | all_ACT: 0mJ  | all_RD: 0mJ  | all_WR: 0mJ  | MAC: 0mJ  | Total: 0.030122mJ | compute util: 0, memory util: 1, Op/B 0, GPU
			up_proj | 3.8794us  | 12475 - 12479 | tensor(209, 16384) -> tensor(209, 1664) | ACT: 0.027459mJ  | RD: 0.85468mJ  | WR: 0.0098081mJ  | all_ACT: 0mJ  | all_RD: 0mJ  | all_WR: 0mJ  | MAC: 2.6211mJ  | Total: 0.89194mJ | compute util: 0, memory util: 0, Op/B 367.2
				Linear | 3.8794us  | 12475 - 12479 | tensor(209, 16384) -> tensor(209, 1664) | ACT: 0.027459mJ  | RD: 0.85468mJ  | WR: 0.0098081mJ  | all_ACT: 0mJ  | all_RD: 0mJ  | all_WR: 0mJ  | MAC: 2.6211mJ  | Total: 0.89194mJ | compute util: 0.65279, memory util: 1, Op/B 367.2, GPU
			down_proj | 3.8794us  | 12479 - 12483 | tensor(209, 1664) -> tensor(209, 16384) | ACT: 0.027459mJ  | RD: 0.76903mJ  | WR: 0.095458mJ  | all_ACT: 0mJ  | all_RD: 0mJ  | all_WR: 0mJ  | MAC: 2.6211mJ  | Total: 0.89194mJ | compute util: 0, memory util: 0, Op/B 367.2
				Linear | 3.8794us  | 12479 - 12483 | tensor(209, 1664) -> tensor(209, 16384) | ACT: 0.027459mJ  | RD: 0.76903mJ  | WR: 0.095458mJ  | all_ACT: 0mJ  | all_RD: 0mJ  | all_WR: 0mJ  | MAC: 2.6211mJ  | Total: 0.89194mJ | compute util: 0.65279, memory util: 1, Op/B 367.2, GPU
		all_reduce | 74.405us  | 12483 - 12557 | tensor(209, 16384) -> tensor(209, 16384) | ACT: 0mJ  | RD: 0mJ  | WR: 0mJ  | all_ACT: 0mJ  | all_RD: 0mJ  | all_WR: 0mJ  | MAC: 0mJ  | Total: 0mJ | compute util: 0, memory util: 0, Op/B 0
		residual_1 | 1.2841us  | 12557 - 12559 | tensor(209, 16384) -> tensor(209, 16384) | ACT: 0mJ  | RD: 0mJ  | WR: 0mJ  | all_ACT: 0mJ  | all_RD: 0mJ  | all_WR: 0mJ  | MAC: 0mJ  | Total: 0mJ | compute util: 0, memory util: 0, Op/B 0
	decoder_11 | 1137.9us  | 12559 - 13697 | tensor(209, 16384) -> tensor(209, 16384) | ACT: 1.3378mJ  | RD: 41.766mJ  | WR: 0.22376mJ  | all_ACT: 0mJ  | all_RD: 0mJ  | all_WR: 0mJ  | MAC: 1007.7mJ  | Total: 43.327mJ | compute util: 0, memory util: 0, Op/B 2903.9
		input_layer_norm | 0.85811us  | 12559 - 12560 | tensor(209, 16384) -> tensor(209, 16384) | ACT: 0mJ  | RD: 0mJ  | WR: 0mJ  | all_ACT: 0mJ  | all_RD: 0mJ  | all_WR: 0mJ  | MAC: 0mJ  | Total: 0mJ | compute util: 0, memory util: 0, Op/B 0
		attention | 1047.4us  | 12560 - 13607 | tensor(209, 16384) -> tensor(209, 16384) | ACT: 1.2547mJ  | RD: 39.268mJ  | WR: 0.09888mJ  | all_ACT: 0mJ  | all_RD: 0mJ  | all_WR: 0mJ  | MAC: 999.85mJ  | Total: 40.621mJ | compute util: 0, memory util: 0, Op/B 3073
			attn_qkv_proj | 1.6227us  | 12560 - 12561 | tensor(209, 16384) -> tensor(209, 576) | ACT: 0.011519mJ  | RD: 0.35834mJ  | WR: 0.0034214mJ  | all_ACT: 0mJ  | all_RD: 0mJ  | all_WR: 0mJ  | MAC: 0.90729mJ  | Total: 0.37328mJ | compute util: 0, memory util: 0, Op/B 303.87
				Linear | 1.6227us  | 12560 - 12561 | tensor(209, 16384) -> tensor(209, 576) | ACT: 0.011519mJ  | RD: 0.35834mJ  | WR: 0.0034214mJ  | all_ACT: 0mJ  | all_RD: 0mJ  | all_WR: 0mJ  | MAC: 0.90729mJ  | Total: 0.37328mJ | compute util: 0.54021, memory util: 1, Op/B 303.87, GPU
			self_attention | 969.9us  | 12561 - 13531 | tensor(209, 576) -> tensor(209, 512) | ACT: 1.2326mJ  | RD: 38.672mJ  | WR: 0mJ  | all_ACT: 0mJ  | all_RD: 0mJ  | all_WR: 0mJ  | MAC: 998.14mJ  | Total: 39.905mJ | compute util: 0, memory util: 0, Op/B 3122.7
				AttentionSplit | 0us  | 12561 - 12561 | tensor(209, 576) -> tensor(0, 768) tensor(209, 768) | ACT: 0mJ  | RD: 0mJ  | WR: 0mJ  | all_ACT: 0mJ  | all_RD: 0mJ  | all_WR: 0mJ  | MAC: 0mJ  | Total: 0mJ | compute util: 0, memory util: 0, Op/B 0
				AttentionSum | 0us  | 12561 - 12561 | tensor(0, 768) -> tensor(0, 2048) | ACT: 0mJ  | RD: 0mJ  | WR: 0mJ  | all_ACT: 0mJ  | all_RD: 0mJ  | all_WR: 0mJ  | MAC: 0mJ  | Total: 0mJ | compute util: 0, memory util: 0, Op/B 0, GPU
				AttentionGen | 964.39us  | 12561 - 13526 | tensor(209, 768) -> tensor(209, 2048) | ACT: 1.2326mJ  | RD: 38.672mJ  | WR: 0mJ  | all_ACT: 0mJ  | all_RD: 0mJ  | all_WR: 0mJ  | MAC: 998.14mJ  | Total: 39.905mJ | compute util: 1, memory util: 0.18013, Op/B 3122.7, GPU
				context_merge | 5.5134us  | 13526 - 13531 | tensor(209, 2048) -> tensor(209, 2048) | ACT: 0mJ  | RD: 0mJ  | WR: 0mJ  | all_ACT: 0mJ  | all_RD: 0mJ  | all_WR: 0mJ  | MAC: 0mJ  | Total: 0mJ | compute util: 0, memory util: 0, Op/B 0
				AttentionMerge | 0us  | 13531 - 13531 | tensor(0, 2048) tensor(209, 2048) -> tensor(209, 512) | ACT: 0mJ  | RD: 0mJ  | WR: 0mJ  | all_ACT: 0mJ  | all_RD: 0mJ  | all_WR: 0mJ  | MAC: 0mJ  | Total: 0mJ | compute util: 0, memory util: 0, Op/B 0
			attn_o_proj | 1.49us  | 13531 - 13533 | tensor(209, 512) -> tensor(209, 16384) | ACT: 0.010588mJ  | RD: 0.23688mJ  | WR: 0.095458mJ  | all_ACT: 0mJ  | all_RD: 0mJ  | all_WR: 0mJ  | MAC: 0.80648mJ  | Total: 0.34292mJ | compute util: 0, memory util: 0, Op/B 294.17
				Linear | 1.49us  | 13531 - 13533 | tensor(209, 512) -> tensor(209, 16384) | ACT: 0.010588mJ  | RD: 0.23688mJ  | WR: 0.095458mJ  | all_ACT: 0mJ  | all_RD: 0mJ  | all_WR: 0mJ  | MAC: 0.80648mJ  | Total: 0.34292mJ | compute util: 0.52296, memory util: 1, Op/B 294.17, GPU
			all_reduce | 74.405us  | 13533 - 13607 | tensor(209, 16384) -> tensor(209, 16384) | ACT: 0mJ  | RD: 0mJ  | WR: 0mJ  | all_ACT: 0mJ  | all_RD: 0mJ  | all_WR: 0mJ  | MAC: 0mJ  | Total: 0mJ | compute util: 0, memory util: 0, Op/B 0
		residual_1 | 1.2841us  | 13607 - 13608 | tensor(209, 16384) -> tensor(209, 16384) | ACT: 0mJ  | RD: 0mJ  | WR: 0mJ  | all_ACT: 0mJ  | all_RD: 0mJ  | all_WR: 0mJ  | MAC: 0mJ  | Total: 0mJ | compute util: 0, memory util: 0, Op/B 0
		post_attn_layer_norm | 0.85811us  | 13608 - 13609 | tensor(209, 16384) -> tensor(209, 16384) | ACT: 0mJ  | RD: 0mJ  | WR: 0mJ  | all_ACT: 0mJ  | all_RD: 0mJ  | all_WR: 0mJ  | MAC: 0mJ  | Total: 0mJ | compute util: 0, memory util: 0, Op/B 0
		feedforward | 11.769us  | 13609 - 13621 | tensor(209, 16384) -> tensor(209, 16384) | ACT: 0.083075mJ  | RD: 2.498mJ  | WR: 0.12488mJ  | all_ACT: 0mJ  | all_RD: 0mJ  | all_WR: 0mJ  | MAC: 7.8632mJ  | Total: 2.706mJ | compute util: 0, memory util: 0, Op/B 363.13
			gate_proj | 3.8794us  | 13609 - 13613 | tensor(209, 16384) -> tensor(209, 1664) | ACT: 0.027459mJ  | RD: 0.85468mJ  | WR: 0.0098081mJ  | all_ACT: 0mJ  | all_RD: 0mJ  | all_WR: 0mJ  | MAC: 2.6211mJ  | Total: 0.89194mJ | compute util: 0, memory util: 0, Op/B 367.2
				Linear | 3.8794us  | 13609 - 13613 | tensor(209, 16384) -> tensor(209, 1664) | ACT: 0.027459mJ  | RD: 0.85468mJ  | WR: 0.0098081mJ  | all_ACT: 0mJ  | all_RD: 0mJ  | all_WR: 0mJ  | MAC: 2.6211mJ  | Total: 0.89194mJ | compute util: 0.65279, memory util: 1, Op/B 367.2, GPU
			activation | 0.13042us  | 13613 - 13613 | tensor(209, 1664) -> tensor(209, 1664) | ACT: 0.00069811mJ  | RD: 0.019616mJ  | WR: 0.0098081mJ  | all_ACT: 0mJ  | all_RD: 0mJ  | all_WR: 0mJ  | MAC: 0mJ  | Total: 0.030122mJ | compute util: 0, memory util: 1, Op/B 0, GPU
			up_proj | 3.8794us  | 13613 - 13617 | tensor(209, 16384) -> tensor(209, 1664) | ACT: 0.027459mJ  | RD: 0.85468mJ  | WR: 0.0098081mJ  | all_ACT: 0mJ  | all_RD: 0mJ  | all_WR: 0mJ  | MAC: 2.6211mJ  | Total: 0.89194mJ | compute util: 0, memory util: 0, Op/B 367.2
				Linear | 3.8794us  | 13613 - 13617 | tensor(209, 16384) -> tensor(209, 1664) | ACT: 0.027459mJ  | RD: 0.85468mJ  | WR: 0.0098081mJ  | all_ACT: 0mJ  | all_RD: 0mJ  | all_WR: 0mJ  | MAC: 2.6211mJ  | Total: 0.89194mJ | compute util: 0.65279, memory util: 1, Op/B 367.2, GPU
			down_proj | 3.8794us  | 13617 - 13621 | tensor(209, 1664) -> tensor(209, 16384) | ACT: 0.027459mJ  | RD: 0.76903mJ  | WR: 0.095458mJ  | all_ACT: 0mJ  | all_RD: 0mJ  | all_WR: 0mJ  | MAC: 2.6211mJ  | Total: 0.89194mJ | compute util: 0, memory util: 0, Op/B 367.2
				Linear | 3.8794us  | 13617 - 13621 | tensor(209, 1664) -> tensor(209, 16384) | ACT: 0.027459mJ  | RD: 0.76903mJ  | WR: 0.095458mJ  | all_ACT: 0mJ  | all_RD: 0mJ  | all_WR: 0mJ  | MAC: 2.6211mJ  | Total: 0.89194mJ | compute util: 0.65279, memory util: 1, Op/B 367.2, GPU
		all_reduce | 74.405us  | 13621 - 13695 | tensor(209, 16384) -> tensor(209, 16384) | ACT: 0mJ  | RD: 0mJ  | WR: 0mJ  | all_ACT: 0mJ  | all_RD: 0mJ  | all_WR: 0mJ  | MAC: 0mJ  | Total: 0mJ | compute util: 0, memory util: 0, Op/B 0
		residual_1 | 1.2841us  | 13695 - 13697 | tensor(209, 16384) -> tensor(209, 16384) | ACT: 0mJ  | RD: 0mJ  | WR: 0mJ  | all_ACT: 0mJ  | all_RD: 0mJ  | all_WR: 0mJ  | MAC: 0mJ  | Total: 0mJ | compute util: 0, memory util: 0, Op/B 0
	decoder_12 | 1144.9us  | 13697 - 14841 | tensor(209, 16384) -> tensor(209, 16384) | ACT: 1.3378mJ  | RD: 41.766mJ  | WR: 0.22376mJ  | all_ACT: 0mJ  | all_RD: 0mJ  | all_WR: 0mJ  | MAC: 1007.7mJ  | Total: 43.327mJ | compute util: 0, memory util: 0, Op/B 2903.9
		input_layer_norm | 0.85811us  | 13697 - 13697 | tensor(209, 16384) -> tensor(209, 16384) | ACT: 0mJ  | RD: 0mJ  | WR: 0mJ  | all_ACT: 0mJ  | all_RD: 0mJ  | all_WR: 0mJ  | MAC: 0mJ  | Total: 0mJ | compute util: 0, memory util: 0, Op/B 0
		attention | 1054.4us  | 13697 - 14752 | tensor(209, 16384) -> tensor(209, 16384) | ACT: 1.2547mJ  | RD: 39.268mJ  | WR: 0.09888mJ  | all_ACT: 0mJ  | all_RD: 0mJ  | all_WR: 0mJ  | MAC: 999.85mJ  | Total: 40.621mJ | compute util: 0, memory util: 0, Op/B 3073
			attn_qkv_proj | 1.6227us  | 13697 - 13699 | tensor(209, 16384) -> tensor(209, 576) | ACT: 0.011519mJ  | RD: 0.35834mJ  | WR: 0.0034214mJ  | all_ACT: 0mJ  | all_RD: 0mJ  | all_WR: 0mJ  | MAC: 0.90729mJ  | Total: 0.37328mJ | compute util: 0, memory util: 0, Op/B 303.87
				Linear | 1.6227us  | 13697 - 13699 | tensor(209, 16384) -> tensor(209, 576) | ACT: 0.011519mJ  | RD: 0.35834mJ  | WR: 0.0034214mJ  | all_ACT: 0mJ  | all_RD: 0mJ  | all_WR: 0mJ  | MAC: 0.90729mJ  | Total: 0.37328mJ | compute util: 0.54021, memory util: 1, Op/B 303.87, GPU
			self_attention | 976.9us  | 13699 - 14676 | tensor(209, 576) -> tensor(209, 512) | ACT: 1.2326mJ  | RD: 38.672mJ  | WR: 0mJ  | all_ACT: 0mJ  | all_RD: 0mJ  | all_WR: 0mJ  | MAC: 998.14mJ  | Total: 39.905mJ | compute util: 0, memory util: 0, Op/B 3122.7
				AttentionSplit | 0us  | 13699 - 13699 | tensor(209, 576) -> tensor(0, 768) tensor(209, 768) | ACT: 0mJ  | RD: 0mJ  | WR: 0mJ  | all_ACT: 0mJ  | all_RD: 0mJ  | all_WR: 0mJ  | MAC: 0mJ  | Total: 0mJ | compute util: 0, memory util: 0, Op/B 0
				AttentionSum | 0us  | 13699 - 13699 | tensor(0, 768) -> tensor(0, 2048) | ACT: 0mJ  | RD: 0mJ  | WR: 0mJ  | all_ACT: 0mJ  | all_RD: 0mJ  | all_WR: 0mJ  | MAC: 0mJ  | Total: 0mJ | compute util: 0, memory util: 0, Op/B 0, GPU
				AttentionGen | 964.39us  | 13699 - 14663 | tensor(209, 768) -> tensor(209, 2048) | ACT: 1.2326mJ  | RD: 38.672mJ  | WR: 0mJ  | all_ACT: 0mJ  | all_RD: 0mJ  | all_WR: 0mJ  | MAC: 998.14mJ  | Total: 39.905mJ | compute util: 1, memory util: 0.18013, Op/B 3122.7, GPU
				context_merge | 12.517us  | 14663 - 14676 | tensor(209, 2048) -> tensor(209, 2048) | ACT: 0mJ  | RD: 0mJ  | WR: 0mJ  | all_ACT: 0mJ  | all_RD: 0mJ  | all_WR: 0mJ  | MAC: 0mJ  | Total: 0mJ | compute util: 0, memory util: 0, Op/B 0
				AttentionMerge | 0us  | 14676 - 14676 | tensor(0, 2048) tensor(209, 2048) -> tensor(209, 512) | ACT: 0mJ  | RD: 0mJ  | WR: 0mJ  | all_ACT: 0mJ  | all_RD: 0mJ  | all_WR: 0mJ  | MAC: 0mJ  | Total: 0mJ | compute util: 0, memory util: 0, Op/B 0
			attn_o_proj | 1.49us  | 14676 - 14677 | tensor(209, 512) -> tensor(209, 16384) | ACT: 0.010588mJ  | RD: 0.23688mJ  | WR: 0.095458mJ  | all_ACT: 0mJ  | all_RD: 0mJ  | all_WR: 0mJ  | MAC: 0.80648mJ  | Total: 0.34292mJ | compute util: 0, memory util: 0, Op/B 294.17
				Linear | 1.49us  | 14676 - 14677 | tensor(209, 512) -> tensor(209, 16384) | ACT: 0.010588mJ  | RD: 0.23688mJ  | WR: 0.095458mJ  | all_ACT: 0mJ  | all_RD: 0mJ  | all_WR: 0mJ  | MAC: 0.80648mJ  | Total: 0.34292mJ | compute util: 0.52296, memory util: 1, Op/B 294.17, GPU
			all_reduce | 74.405us  | 14677 - 14752 | tensor(209, 16384) -> tensor(209, 16384) | ACT: 0mJ  | RD: 0mJ  | WR: 0mJ  | all_ACT: 0mJ  | all_RD: 0mJ  | all_WR: 0mJ  | MAC: 0mJ  | Total: 0mJ | compute util: 0, memory util: 0, Op/B 0
		residual_1 | 1.2841us  | 14752 - 14753 | tensor(209, 16384) -> tensor(209, 16384) | ACT: 0mJ  | RD: 0mJ  | WR: 0mJ  | all_ACT: 0mJ  | all_RD: 0mJ  | all_WR: 0mJ  | MAC: 0mJ  | Total: 0mJ | compute util: 0, memory util: 0, Op/B 0
		post_attn_layer_norm | 0.85811us  | 14753 - 14754 | tensor(209, 16384) -> tensor(209, 16384) | ACT: 0mJ  | RD: 0mJ  | WR: 0mJ  | all_ACT: 0mJ  | all_RD: 0mJ  | all_WR: 0mJ  | MAC: 0mJ  | Total: 0mJ | compute util: 0, memory util: 0, Op/B 0
		feedforward | 11.769us  | 14754 - 14766 | tensor(209, 16384) -> tensor(209, 16384) | ACT: 0.083075mJ  | RD: 2.498mJ  | WR: 0.12488mJ  | all_ACT: 0mJ  | all_RD: 0mJ  | all_WR: 0mJ  | MAC: 7.8632mJ  | Total: 2.706mJ | compute util: 0, memory util: 0, Op/B 363.13
			gate_proj | 3.8794us  | 14754 - 14758 | tensor(209, 16384) -> tensor(209, 1664) | ACT: 0.027459mJ  | RD: 0.85468mJ  | WR: 0.0098081mJ  | all_ACT: 0mJ  | all_RD: 0mJ  | all_WR: 0mJ  | MAC: 2.6211mJ  | Total: 0.89194mJ | compute util: 0, memory util: 0, Op/B 367.2
				Linear | 3.8794us  | 14754 - 14758 | tensor(209, 16384) -> tensor(209, 1664) | ACT: 0.027459mJ  | RD: 0.85468mJ  | WR: 0.0098081mJ  | all_ACT: 0mJ  | all_RD: 0mJ  | all_WR: 0mJ  | MAC: 2.6211mJ  | Total: 0.89194mJ | compute util: 0.65279, memory util: 1, Op/B 367.2, GPU
			activation | 0.13042us  | 14758 - 14758 | tensor(209, 1664) -> tensor(209, 1664) | ACT: 0.00069811mJ  | RD: 0.019616mJ  | WR: 0.0098081mJ  | all_ACT: 0mJ  | all_RD: 0mJ  | all_WR: 0mJ  | MAC: 0mJ  | Total: 0.030122mJ | compute util: 0, memory util: 1, Op/B 0, GPU
			up_proj | 3.8794us  | 14758 - 14762 | tensor(209, 16384) -> tensor(209, 1664) | ACT: 0.027459mJ  | RD: 0.85468mJ  | WR: 0.0098081mJ  | all_ACT: 0mJ  | all_RD: 0mJ  | all_WR: 0mJ  | MAC: 2.6211mJ  | Total: 0.89194mJ | compute util: 0, memory util: 0, Op/B 367.2
				Linear | 3.8794us  | 14758 - 14762 | tensor(209, 16384) -> tensor(209, 1664) | ACT: 0.027459mJ  | RD: 0.85468mJ  | WR: 0.0098081mJ  | all_ACT: 0mJ  | all_RD: 0mJ  | all_WR: 0mJ  | MAC: 2.6211mJ  | Total: 0.89194mJ | compute util: 0.65279, memory util: 1, Op/B 367.2, GPU
			down_proj | 3.8794us  | 14762 - 14766 | tensor(209, 1664) -> tensor(209, 16384) | ACT: 0.027459mJ  | RD: 0.76903mJ  | WR: 0.095458mJ  | all_ACT: 0mJ  | all_RD: 0mJ  | all_WR: 0mJ  | MAC: 2.6211mJ  | Total: 0.89194mJ | compute util: 0, memory util: 0, Op/B 367.2
				Linear | 3.8794us  | 14762 - 14766 | tensor(209, 1664) -> tensor(209, 16384) | ACT: 0.027459mJ  | RD: 0.76903mJ  | WR: 0.095458mJ  | all_ACT: 0mJ  | all_RD: 0mJ  | all_WR: 0mJ  | MAC: 2.6211mJ  | Total: 0.89194mJ | compute util: 0.65279, memory util: 1, Op/B 367.2, GPU
		all_reduce | 74.405us  | 14766 - 14840 | tensor(209, 16384) -> tensor(209, 16384) | ACT: 0mJ  | RD: 0mJ  | WR: 0mJ  | all_ACT: 0mJ  | all_RD: 0mJ  | all_WR: 0mJ  | MAC: 0mJ  | Total: 0mJ | compute util: 0, memory util: 0, Op/B 0
		residual_1 | 1.2841us  | 14840 - 14841 | tensor(209, 16384) -> tensor(209, 16384) | ACT: 0mJ  | RD: 0mJ  | WR: 0mJ  | all_ACT: 0mJ  | all_RD: 0mJ  | all_WR: 0mJ  | MAC: 0mJ  | Total: 0mJ | compute util: 0, memory util: 0, Op/B 0
	decoder_13 | 1137.9us  | 14841 - 15979 | tensor(209, 16384) -> tensor(209, 16384) | ACT: 1.3378mJ  | RD: 41.766mJ  | WR: 0.22376mJ  | all_ACT: 0mJ  | all_RD: 0mJ  | all_WR: 0mJ  | MAC: 1007.7mJ  | Total: 43.327mJ | compute util: 0, memory util: 0, Op/B 2903.9
		input_layer_norm | 0.85811us  | 14841 - 14842 | tensor(209, 16384) -> tensor(209, 16384) | ACT: 0mJ  | RD: 0mJ  | WR: 0mJ  | all_ACT: 0mJ  | all_RD: 0mJ  | all_WR: 0mJ  | MAC: 0mJ  | Total: 0mJ | compute util: 0, memory util: 0, Op/B 0
		attention | 1047.4us  | 14842 - 15890 | tensor(209, 16384) -> tensor(209, 16384) | ACT: 1.2547mJ  | RD: 39.268mJ  | WR: 0.09888mJ  | all_ACT: 0mJ  | all_RD: 0mJ  | all_WR: 0mJ  | MAC: 999.85mJ  | Total: 40.621mJ | compute util: 0, memory util: 0, Op/B 3073
			attn_qkv_proj | 1.6227us  | 14842 - 14844 | tensor(209, 16384) -> tensor(209, 576) | ACT: 0.011519mJ  | RD: 0.35834mJ  | WR: 0.0034214mJ  | all_ACT: 0mJ  | all_RD: 0mJ  | all_WR: 0mJ  | MAC: 0.90729mJ  | Total: 0.37328mJ | compute util: 0, memory util: 0, Op/B 303.87
				Linear | 1.6227us  | 14842 - 14844 | tensor(209, 16384) -> tensor(209, 576) | ACT: 0.011519mJ  | RD: 0.35834mJ  | WR: 0.0034214mJ  | all_ACT: 0mJ  | all_RD: 0mJ  | all_WR: 0mJ  | MAC: 0.90729mJ  | Total: 0.37328mJ | compute util: 0.54021, memory util: 1, Op/B 303.87, GPU
			self_attention | 969.9us  | 14844 - 15814 | tensor(209, 576) -> tensor(209, 512) | ACT: 1.2326mJ  | RD: 38.672mJ  | WR: 0mJ  | all_ACT: 0mJ  | all_RD: 0mJ  | all_WR: 0mJ  | MAC: 998.14mJ  | Total: 39.905mJ | compute util: 0, memory util: 0, Op/B 3122.7
				AttentionSplit | 0us  | 14844 - 14844 | tensor(209, 576) -> tensor(0, 768) tensor(209, 768) | ACT: 0mJ  | RD: 0mJ  | WR: 0mJ  | all_ACT: 0mJ  | all_RD: 0mJ  | all_WR: 0mJ  | MAC: 0mJ  | Total: 0mJ | compute util: 0, memory util: 0, Op/B 0
				AttentionSum | 0us  | 14844 - 14844 | tensor(0, 768) -> tensor(0, 2048) | ACT: 0mJ  | RD: 0mJ  | WR: 0mJ  | all_ACT: 0mJ  | all_RD: 0mJ  | all_WR: 0mJ  | MAC: 0mJ  | Total: 0mJ | compute util: 0, memory util: 0, Op/B 0, GPU
				AttentionGen | 964.39us  | 14844 - 15808 | tensor(209, 768) -> tensor(209, 2048) | ACT: 1.2326mJ  | RD: 38.672mJ  | WR: 0mJ  | all_ACT: 0mJ  | all_RD: 0mJ  | all_WR: 0mJ  | MAC: 998.14mJ  | Total: 39.905mJ | compute util: 1, memory util: 0.18013, Op/B 3122.7, GPU
				context_merge | 5.5134us  | 15808 - 15814 | tensor(209, 2048) -> tensor(209, 2048) | ACT: 0mJ  | RD: 0mJ  | WR: 0mJ  | all_ACT: 0mJ  | all_RD: 0mJ  | all_WR: 0mJ  | MAC: 0mJ  | Total: 0mJ | compute util: 0, memory util: 0, Op/B 0
				AttentionMerge | 0us  | 15814 - 15814 | tensor(0, 2048) tensor(209, 2048) -> tensor(209, 512) | ACT: 0mJ  | RD: 0mJ  | WR: 0mJ  | all_ACT: 0mJ  | all_RD: 0mJ  | all_WR: 0mJ  | MAC: 0mJ  | Total: 0mJ | compute util: 0, memory util: 0, Op/B 0
			attn_o_proj | 1.49us  | 15814 - 15815 | tensor(209, 512) -> tensor(209, 16384) | ACT: 0.010588mJ  | RD: 0.23688mJ  | WR: 0.095458mJ  | all_ACT: 0mJ  | all_RD: 0mJ  | all_WR: 0mJ  | MAC: 0.80648mJ  | Total: 0.34292mJ | compute util: 0, memory util: 0, Op/B 294.17
				Linear | 1.49us  | 15814 - 15815 | tensor(209, 512) -> tensor(209, 16384) | ACT: 0.010588mJ  | RD: 0.23688mJ  | WR: 0.095458mJ  | all_ACT: 0mJ  | all_RD: 0mJ  | all_WR: 0mJ  | MAC: 0.80648mJ  | Total: 0.34292mJ | compute util: 0.52296, memory util: 1, Op/B 294.17, GPU
			all_reduce | 74.405us  | 15815 - 15890 | tensor(209, 16384) -> tensor(209, 16384) | ACT: 0mJ  | RD: 0mJ  | WR: 0mJ  | all_ACT: 0mJ  | all_RD: 0mJ  | all_WR: 0mJ  | MAC: 0mJ  | Total: 0mJ | compute util: 0, memory util: 0, Op/B 0
		residual_1 | 1.2841us  | 15890 - 15891 | tensor(209, 16384) -> tensor(209, 16384) | ACT: 0mJ  | RD: 0mJ  | WR: 0mJ  | all_ACT: 0mJ  | all_RD: 0mJ  | all_WR: 0mJ  | MAC: 0mJ  | Total: 0mJ | compute util: 0, memory util: 0, Op/B 0
		post_attn_layer_norm | 0.85811us  | 15891 - 15892 | tensor(209, 16384) -> tensor(209, 16384) | ACT: 0mJ  | RD: 0mJ  | WR: 0mJ  | all_ACT: 0mJ  | all_RD: 0mJ  | all_WR: 0mJ  | MAC: 0mJ  | Total: 0mJ | compute util: 0, memory util: 0, Op/B 0
		feedforward | 11.769us  | 15892 - 15904 | tensor(209, 16384) -> tensor(209, 16384) | ACT: 0.083075mJ  | RD: 2.498mJ  | WR: 0.12488mJ  | all_ACT: 0mJ  | all_RD: 0mJ  | all_WR: 0mJ  | MAC: 7.8632mJ  | Total: 2.706mJ | compute util: 0, memory util: 0, Op/B 363.13
			gate_proj | 3.8794us  | 15892 - 15896 | tensor(209, 16384) -> tensor(209, 1664) | ACT: 0.027459mJ  | RD: 0.85468mJ  | WR: 0.0098081mJ  | all_ACT: 0mJ  | all_RD: 0mJ  | all_WR: 0mJ  | MAC: 2.6211mJ  | Total: 0.89194mJ | compute util: 0, memory util: 0, Op/B 367.2
				Linear | 3.8794us  | 15892 - 15896 | tensor(209, 16384) -> tensor(209, 1664) | ACT: 0.027459mJ  | RD: 0.85468mJ  | WR: 0.0098081mJ  | all_ACT: 0mJ  | all_RD: 0mJ  | all_WR: 0mJ  | MAC: 2.6211mJ  | Total: 0.89194mJ | compute util: 0.65279, memory util: 1, Op/B 367.2, GPU
			activation | 0.13042us  | 15896 - 15896 | tensor(209, 1664) -> tensor(209, 1664) | ACT: 0.00069811mJ  | RD: 0.019616mJ  | WR: 0.0098081mJ  | all_ACT: 0mJ  | all_RD: 0mJ  | all_WR: 0mJ  | MAC: 0mJ  | Total: 0.030122mJ | compute util: 0, memory util: 1, Op/B 0, GPU
			up_proj | 3.8794us  | 15896 - 15900 | tensor(209, 16384) -> tensor(209, 1664) | ACT: 0.027459mJ  | RD: 0.85468mJ  | WR: 0.0098081mJ  | all_ACT: 0mJ  | all_RD: 0mJ  | all_WR: 0mJ  | MAC: 2.6211mJ  | Total: 0.89194mJ | compute util: 0, memory util: 0, Op/B 367.2
				Linear | 3.8794us  | 15896 - 15900 | tensor(209, 16384) -> tensor(209, 1664) | ACT: 0.027459mJ  | RD: 0.85468mJ  | WR: 0.0098081mJ  | all_ACT: 0mJ  | all_RD: 0mJ  | all_WR: 0mJ  | MAC: 2.6211mJ  | Total: 0.89194mJ | compute util: 0.65279, memory util: 1, Op/B 367.2, GPU
			down_proj | 3.8794us  | 15900 - 15904 | tensor(209, 1664) -> tensor(209, 16384) | ACT: 0.027459mJ  | RD: 0.76903mJ  | WR: 0.095458mJ  | all_ACT: 0mJ  | all_RD: 0mJ  | all_WR: 0mJ  | MAC: 2.6211mJ  | Total: 0.89194mJ | compute util: 0, memory util: 0, Op/B 367.2
				Linear | 3.8794us  | 15900 - 15904 | tensor(209, 1664) -> tensor(209, 16384) | ACT: 0.027459mJ  | RD: 0.76903mJ  | WR: 0.095458mJ  | all_ACT: 0mJ  | all_RD: 0mJ  | all_WR: 0mJ  | MAC: 2.6211mJ  | Total: 0.89194mJ | compute util: 0.65279, memory util: 1, Op/B 367.2, GPU
		all_reduce | 74.405us  | 15904 - 15978 | tensor(209, 16384) -> tensor(209, 16384) | ACT: 0mJ  | RD: 0mJ  | WR: 0mJ  | all_ACT: 0mJ  | all_RD: 0mJ  | all_WR: 0mJ  | MAC: 0mJ  | Total: 0mJ | compute util: 0, memory util: 0, Op/B 0
		residual_1 | 1.2841us  | 15978 - 15979 | tensor(209, 16384) -> tensor(209, 16384) | ACT: 0mJ  | RD: 0mJ  | WR: 0mJ  | all_ACT: 0mJ  | all_RD: 0mJ  | all_WR: 0mJ  | MAC: 0mJ  | Total: 0mJ | compute util: 0, memory util: 0, Op/B 0
	decoder_14 | 1144.9us  | 15979 - 17124 | tensor(209, 16384) -> tensor(209, 16384) | ACT: 1.3378mJ  | RD: 41.766mJ  | WR: 0.22376mJ  | all_ACT: 0mJ  | all_RD: 0mJ  | all_WR: 0mJ  | MAC: 1007.7mJ  | Total: 43.327mJ | compute util: 0, memory util: 0, Op/B 2903.9
		input_layer_norm | 0.85811us  | 15979 - 15980 | tensor(209, 16384) -> tensor(209, 16384) | ACT: 0mJ  | RD: 0mJ  | WR: 0mJ  | all_ACT: 0mJ  | all_RD: 0mJ  | all_WR: 0mJ  | MAC: 0mJ  | Total: 0mJ | compute util: 0, memory util: 0, Op/B 0
		attention | 1054.4us  | 15980 - 17035 | tensor(209, 16384) -> tensor(209, 16384) | ACT: 1.2547mJ  | RD: 39.268mJ  | WR: 0.09888mJ  | all_ACT: 0mJ  | all_RD: 0mJ  | all_WR: 0mJ  | MAC: 999.85mJ  | Total: 40.621mJ | compute util: 0, memory util: 0, Op/B 3073
			attn_qkv_proj | 1.6227us  | 15980 - 15982 | tensor(209, 16384) -> tensor(209, 576) | ACT: 0.011519mJ  | RD: 0.35834mJ  | WR: 0.0034214mJ  | all_ACT: 0mJ  | all_RD: 0mJ  | all_WR: 0mJ  | MAC: 0.90729mJ  | Total: 0.37328mJ | compute util: 0, memory util: 0, Op/B 303.87
				Linear | 1.6227us  | 15980 - 15982 | tensor(209, 16384) -> tensor(209, 576) | ACT: 0.011519mJ  | RD: 0.35834mJ  | WR: 0.0034214mJ  | all_ACT: 0mJ  | all_RD: 0mJ  | all_WR: 0mJ  | MAC: 0.90729mJ  | Total: 0.37328mJ | compute util: 0.54021, memory util: 1, Op/B 303.87, GPU
			self_attention | 976.9us  | 15982 - 16959 | tensor(209, 576) -> tensor(209, 512) | ACT: 1.2326mJ  | RD: 38.672mJ  | WR: 0mJ  | all_ACT: 0mJ  | all_RD: 0mJ  | all_WR: 0mJ  | MAC: 998.14mJ  | Total: 39.905mJ | compute util: 0, memory util: 0, Op/B 3122.7
				AttentionSplit | 0us  | 15982 - 15982 | tensor(209, 576) -> tensor(0, 768) tensor(209, 768) | ACT: 0mJ  | RD: 0mJ  | WR: 0mJ  | all_ACT: 0mJ  | all_RD: 0mJ  | all_WR: 0mJ  | MAC: 0mJ  | Total: 0mJ | compute util: 0, memory util: 0, Op/B 0
				AttentionSum | 0us  | 15982 - 15982 | tensor(0, 768) -> tensor(0, 2048) | ACT: 0mJ  | RD: 0mJ  | WR: 0mJ  | all_ACT: 0mJ  | all_RD: 0mJ  | all_WR: 0mJ  | MAC: 0mJ  | Total: 0mJ | compute util: 0, memory util: 0, Op/B 0, GPU
				AttentionGen | 964.39us  | 15982 - 16946 | tensor(209, 768) -> tensor(209, 2048) | ACT: 1.2326mJ  | RD: 38.672mJ  | WR: 0mJ  | all_ACT: 0mJ  | all_RD: 0mJ  | all_WR: 0mJ  | MAC: 998.14mJ  | Total: 39.905mJ | compute util: 1, memory util: 0.18013, Op/B 3122.7, GPU
				context_merge | 12.517us  | 16946 - 16959 | tensor(209, 2048) -> tensor(209, 2048) | ACT: 0mJ  | RD: 0mJ  | WR: 0mJ  | all_ACT: 0mJ  | all_RD: 0mJ  | all_WR: 0mJ  | MAC: 0mJ  | Total: 0mJ | compute util: 0, memory util: 0, Op/B 0
				AttentionMerge | 0us  | 16959 - 16959 | tensor(0, 2048) tensor(209, 2048) -> tensor(209, 512) | ACT: 0mJ  | RD: 0mJ  | WR: 0mJ  | all_ACT: 0mJ  | all_RD: 0mJ  | all_WR: 0mJ  | MAC: 0mJ  | Total: 0mJ | compute util: 0, memory util: 0, Op/B 0
			attn_o_proj | 1.49us  | 16959 - 16960 | tensor(209, 512) -> tensor(209, 16384) | ACT: 0.010588mJ  | RD: 0.23688mJ  | WR: 0.095458mJ  | all_ACT: 0mJ  | all_RD: 0mJ  | all_WR: 0mJ  | MAC: 0.80648mJ  | Total: 0.34292mJ | compute util: 0, memory util: 0, Op/B 294.17
				Linear | 1.49us  | 16959 - 16960 | tensor(209, 512) -> tensor(209, 16384) | ACT: 0.010588mJ  | RD: 0.23688mJ  | WR: 0.095458mJ  | all_ACT: 0mJ  | all_RD: 0mJ  | all_WR: 0mJ  | MAC: 0.80648mJ  | Total: 0.34292mJ | compute util: 0.52296, memory util: 1, Op/B 294.17, GPU
			all_reduce | 74.405us  | 16960 - 17035 | tensor(209, 16384) -> tensor(209, 16384) | ACT: 0mJ  | RD: 0mJ  | WR: 0mJ  | all_ACT: 0mJ  | all_RD: 0mJ  | all_WR: 0mJ  | MAC: 0mJ  | Total: 0mJ | compute util: 0, memory util: 0, Op/B 0
		residual_1 | 1.2841us  | 17035 - 17036 | tensor(209, 16384) -> tensor(209, 16384) | ACT: 0mJ  | RD: 0mJ  | WR: 0mJ  | all_ACT: 0mJ  | all_RD: 0mJ  | all_WR: 0mJ  | MAC: 0mJ  | Total: 0mJ | compute util: 0, memory util: 0, Op/B 0
		post_attn_layer_norm | 0.85811us  | 17036 - 17037 | tensor(209, 16384) -> tensor(209, 16384) | ACT: 0mJ  | RD: 0mJ  | WR: 0mJ  | all_ACT: 0mJ  | all_RD: 0mJ  | all_WR: 0mJ  | MAC: 0mJ  | Total: 0mJ | compute util: 0, memory util: 0, Op/B 0
		feedforward | 11.769us  | 17037 - 17048 | tensor(209, 16384) -> tensor(209, 16384) | ACT: 0.083075mJ  | RD: 2.498mJ  | WR: 0.12488mJ  | all_ACT: 0mJ  | all_RD: 0mJ  | all_WR: 0mJ  | MAC: 7.8632mJ  | Total: 2.706mJ | compute util: 0, memory util: 0, Op/B 363.13
			gate_proj | 3.8794us  | 17037 - 17041 | tensor(209, 16384) -> tensor(209, 1664) | ACT: 0.027459mJ  | RD: 0.85468mJ  | WR: 0.0098081mJ  | all_ACT: 0mJ  | all_RD: 0mJ  | all_WR: 0mJ  | MAC: 2.6211mJ  | Total: 0.89194mJ | compute util: 0, memory util: 0, Op/B 367.2
				Linear | 3.8794us  | 17037 - 17041 | tensor(209, 16384) -> tensor(209, 1664) | ACT: 0.027459mJ  | RD: 0.85468mJ  | WR: 0.0098081mJ  | all_ACT: 0mJ  | all_RD: 0mJ  | all_WR: 0mJ  | MAC: 2.6211mJ  | Total: 0.89194mJ | compute util: 0.65279, memory util: 1, Op/B 367.2, GPU
			activation | 0.13042us  | 17041 - 17041 | tensor(209, 1664) -> tensor(209, 1664) | ACT: 0.00069811mJ  | RD: 0.019616mJ  | WR: 0.0098081mJ  | all_ACT: 0mJ  | all_RD: 0mJ  | all_WR: 0mJ  | MAC: 0mJ  | Total: 0.030122mJ | compute util: 0, memory util: 1, Op/B 0, GPU
			up_proj | 3.8794us  | 17041 - 17045 | tensor(209, 16384) -> tensor(209, 1664) | ACT: 0.027459mJ  | RD: 0.85468mJ  | WR: 0.0098081mJ  | all_ACT: 0mJ  | all_RD: 0mJ  | all_WR: 0mJ  | MAC: 2.6211mJ  | Total: 0.89194mJ | compute util: 0, memory util: 0, Op/B 367.2
				Linear | 3.8794us  | 17041 - 17045 | tensor(209, 16384) -> tensor(209, 1664) | ACT: 0.027459mJ  | RD: 0.85468mJ  | WR: 0.0098081mJ  | all_ACT: 0mJ  | all_RD: 0mJ  | all_WR: 0mJ  | MAC: 2.6211mJ  | Total: 0.89194mJ | compute util: 0.65279, memory util: 1, Op/B 367.2, GPU
			down_proj | 3.8794us  | 17045 - 17048 | tensor(209, 1664) -> tensor(209, 16384) | ACT: 0.027459mJ  | RD: 0.76903mJ  | WR: 0.095458mJ  | all_ACT: 0mJ  | all_RD: 0mJ  | all_WR: 0mJ  | MAC: 2.6211mJ  | Total: 0.89194mJ | compute util: 0, memory util: 0, Op/B 367.2
				Linear | 3.8794us  | 17045 - 17048 | tensor(209, 1664) -> tensor(209, 16384) | ACT: 0.027459mJ  | RD: 0.76903mJ  | WR: 0.095458mJ  | all_ACT: 0mJ  | all_RD: 0mJ  | all_WR: 0mJ  | MAC: 2.6211mJ  | Total: 0.89194mJ | compute util: 0.65279, memory util: 1, Op/B 367.2, GPU
		all_reduce | 74.405us  | 17048 - 17123 | tensor(209, 16384) -> tensor(209, 16384) | ACT: 0mJ  | RD: 0mJ  | WR: 0mJ  | all_ACT: 0mJ  | all_RD: 0mJ  | all_WR: 0mJ  | MAC: 0mJ  | Total: 0mJ | compute util: 0, memory util: 0, Op/B 0
		residual_1 | 1.2841us  | 17123 - 17124 | tensor(209, 16384) -> tensor(209, 16384) | ACT: 0mJ  | RD: 0mJ  | WR: 0mJ  | all_ACT: 0mJ  | all_RD: 0mJ  | all_WR: 0mJ  | MAC: 0mJ  | Total: 0mJ | compute util: 0, memory util: 0, Op/B 0
	decoder_15 | 1137.9us  | 17124 - 18262 | tensor(209, 16384) -> tensor(209, 16384) | ACT: 1.3378mJ  | RD: 41.766mJ  | WR: 0.22376mJ  | all_ACT: 0mJ  | all_RD: 0mJ  | all_WR: 0mJ  | MAC: 1007.7mJ  | Total: 43.327mJ | compute util: 0, memory util: 0, Op/B 2903.9
		input_layer_norm | 0.85811us  | 17124 - 17125 | tensor(209, 16384) -> tensor(209, 16384) | ACT: 0mJ  | RD: 0mJ  | WR: 0mJ  | all_ACT: 0mJ  | all_RD: 0mJ  | all_WR: 0mJ  | MAC: 0mJ  | Total: 0mJ | compute util: 0, memory util: 0, Op/B 0
		attention | 1047.4us  | 17125 - 18172 | tensor(209, 16384) -> tensor(209, 16384) | ACT: 1.2547mJ  | RD: 39.268mJ  | WR: 0.09888mJ  | all_ACT: 0mJ  | all_RD: 0mJ  | all_WR: 0mJ  | MAC: 999.85mJ  | Total: 40.621mJ | compute util: 0, memory util: 0, Op/B 3073
			attn_qkv_proj | 1.6227us  | 17125 - 17127 | tensor(209, 16384) -> tensor(209, 576) | ACT: 0.011519mJ  | RD: 0.35834mJ  | WR: 0.0034214mJ  | all_ACT: 0mJ  | all_RD: 0mJ  | all_WR: 0mJ  | MAC: 0.90729mJ  | Total: 0.37328mJ | compute util: 0, memory util: 0, Op/B 303.87
				Linear | 1.6227us  | 17125 - 17127 | tensor(209, 16384) -> tensor(209, 576) | ACT: 0.011519mJ  | RD: 0.35834mJ  | WR: 0.0034214mJ  | all_ACT: 0mJ  | all_RD: 0mJ  | all_WR: 0mJ  | MAC: 0.90729mJ  | Total: 0.37328mJ | compute util: 0.54021, memory util: 1, Op/B 303.87, GPU
			self_attention | 969.9us  | 17127 - 18097 | tensor(209, 576) -> tensor(209, 512) | ACT: 1.2326mJ  | RD: 38.672mJ  | WR: 0mJ  | all_ACT: 0mJ  | all_RD: 0mJ  | all_WR: 0mJ  | MAC: 998.14mJ  | Total: 39.905mJ | compute util: 0, memory util: 0, Op/B 3122.7
				AttentionSplit | 0us  | 17127 - 17127 | tensor(209, 576) -> tensor(0, 768) tensor(209, 768) | ACT: 0mJ  | RD: 0mJ  | WR: 0mJ  | all_ACT: 0mJ  | all_RD: 0mJ  | all_WR: 0mJ  | MAC: 0mJ  | Total: 0mJ | compute util: 0, memory util: 0, Op/B 0
				AttentionSum | 0us  | 17127 - 17127 | tensor(0, 768) -> tensor(0, 2048) | ACT: 0mJ  | RD: 0mJ  | WR: 0mJ  | all_ACT: 0mJ  | all_RD: 0mJ  | all_WR: 0mJ  | MAC: 0mJ  | Total: 0mJ | compute util: 0, memory util: 0, Op/B 0, GPU
				AttentionGen | 964.39us  | 17127 - 18091 | tensor(209, 768) -> tensor(209, 2048) | ACT: 1.2326mJ  | RD: 38.672mJ  | WR: 0mJ  | all_ACT: 0mJ  | all_RD: 0mJ  | all_WR: 0mJ  | MAC: 998.14mJ  | Total: 39.905mJ | compute util: 1, memory util: 0.18013, Op/B 3122.7, GPU
				context_merge | 5.5134us  | 18091 - 18097 | tensor(209, 2048) -> tensor(209, 2048) | ACT: 0mJ  | RD: 0mJ  | WR: 0mJ  | all_ACT: 0mJ  | all_RD: 0mJ  | all_WR: 0mJ  | MAC: 0mJ  | Total: 0mJ | compute util: 0, memory util: 0, Op/B 0
				AttentionMerge | 0us  | 18097 - 18097 | tensor(0, 2048) tensor(209, 2048) -> tensor(209, 512) | ACT: 0mJ  | RD: 0mJ  | WR: 0mJ  | all_ACT: 0mJ  | all_RD: 0mJ  | all_WR: 0mJ  | MAC: 0mJ  | Total: 0mJ | compute util: 0, memory util: 0, Op/B 0
			attn_o_proj | 1.49us  | 18097 - 18098 | tensor(209, 512) -> tensor(209, 16384) | ACT: 0.010588mJ  | RD: 0.23688mJ  | WR: 0.095458mJ  | all_ACT: 0mJ  | all_RD: 0mJ  | all_WR: 0mJ  | MAC: 0.80648mJ  | Total: 0.34292mJ | compute util: 0, memory util: 0, Op/B 294.17
				Linear | 1.49us  | 18097 - 18098 | tensor(209, 512) -> tensor(209, 16384) | ACT: 0.010588mJ  | RD: 0.23688mJ  | WR: 0.095458mJ  | all_ACT: 0mJ  | all_RD: 0mJ  | all_WR: 0mJ  | MAC: 0.80648mJ  | Total: 0.34292mJ | compute util: 0.52296, memory util: 1, Op/B 294.17, GPU
			all_reduce | 74.405us  | 18098 - 18172 | tensor(209, 16384) -> tensor(209, 16384) | ACT: 0mJ  | RD: 0mJ  | WR: 0mJ  | all_ACT: 0mJ  | all_RD: 0mJ  | all_WR: 0mJ  | MAC: 0mJ  | Total: 0mJ | compute util: 0, memory util: 0, Op/B 0
		residual_1 | 1.2841us  | 18172 - 18174 | tensor(209, 16384) -> tensor(209, 16384) | ACT: 0mJ  | RD: 0mJ  | WR: 0mJ  | all_ACT: 0mJ  | all_RD: 0mJ  | all_WR: 0mJ  | MAC: 0mJ  | Total: 0mJ | compute util: 0, memory util: 0, Op/B 0
		post_attn_layer_norm | 0.85811us  | 18174 - 18175 | tensor(209, 16384) -> tensor(209, 16384) | ACT: 0mJ  | RD: 0mJ  | WR: 0mJ  | all_ACT: 0mJ  | all_RD: 0mJ  | all_WR: 0mJ  | MAC: 0mJ  | Total: 0mJ | compute util: 0, memory util: 0, Op/B 0
		feedforward | 11.769us  | 18175 - 18186 | tensor(209, 16384) -> tensor(209, 16384) | ACT: 0.083075mJ  | RD: 2.498mJ  | WR: 0.12488mJ  | all_ACT: 0mJ  | all_RD: 0mJ  | all_WR: 0mJ  | MAC: 7.8632mJ  | Total: 2.706mJ | compute util: 0, memory util: 0, Op/B 363.13
			gate_proj | 3.8794us  | 18175 - 18178 | tensor(209, 16384) -> tensor(209, 1664) | ACT: 0.027459mJ  | RD: 0.85468mJ  | WR: 0.0098081mJ  | all_ACT: 0mJ  | all_RD: 0mJ  | all_WR: 0mJ  | MAC: 2.6211mJ  | Total: 0.89194mJ | compute util: 0, memory util: 0, Op/B 367.2
				Linear | 3.8794us  | 18175 - 18178 | tensor(209, 16384) -> tensor(209, 1664) | ACT: 0.027459mJ  | RD: 0.85468mJ  | WR: 0.0098081mJ  | all_ACT: 0mJ  | all_RD: 0mJ  | all_WR: 0mJ  | MAC: 2.6211mJ  | Total: 0.89194mJ | compute util: 0.65279, memory util: 1, Op/B 367.2, GPU
			activation | 0.13042us  | 18178 - 18179 | tensor(209, 1664) -> tensor(209, 1664) | ACT: 0.00069811mJ  | RD: 0.019616mJ  | WR: 0.0098081mJ  | all_ACT: 0mJ  | all_RD: 0mJ  | all_WR: 0mJ  | MAC: 0mJ  | Total: 0.030122mJ | compute util: 0, memory util: 1, Op/B 0, GPU
			up_proj | 3.8794us  | 18179 - 18182 | tensor(209, 16384) -> tensor(209, 1664) | ACT: 0.027459mJ  | RD: 0.85468mJ  | WR: 0.0098081mJ  | all_ACT: 0mJ  | all_RD: 0mJ  | all_WR: 0mJ  | MAC: 2.6211mJ  | Total: 0.89194mJ | compute util: 0, memory util: 0, Op/B 367.2
				Linear | 3.8794us  | 18179 - 18182 | tensor(209, 16384) -> tensor(209, 1664) | ACT: 0.027459mJ  | RD: 0.85468mJ  | WR: 0.0098081mJ  | all_ACT: 0mJ  | all_RD: 0mJ  | all_WR: 0mJ  | MAC: 2.6211mJ  | Total: 0.89194mJ | compute util: 0.65279, memory util: 1, Op/B 367.2, GPU
			down_proj | 3.8794us  | 18182 - 18186 | tensor(209, 1664) -> tensor(209, 16384) | ACT: 0.027459mJ  | RD: 0.76903mJ  | WR: 0.095458mJ  | all_ACT: 0mJ  | all_RD: 0mJ  | all_WR: 0mJ  | MAC: 2.6211mJ  | Total: 0.89194mJ | compute util: 0, memory util: 0, Op/B 367.2
				Linear | 3.8794us  | 18182 - 18186 | tensor(209, 1664) -> tensor(209, 16384) | ACT: 0.027459mJ  | RD: 0.76903mJ  | WR: 0.095458mJ  | all_ACT: 0mJ  | all_RD: 0mJ  | all_WR: 0mJ  | MAC: 2.6211mJ  | Total: 0.89194mJ | compute util: 0.65279, memory util: 1, Op/B 367.2, GPU
		all_reduce | 74.405us  | 18186 - 18261 | tensor(209, 16384) -> tensor(209, 16384) | ACT: 0mJ  | RD: 0mJ  | WR: 0mJ  | all_ACT: 0mJ  | all_RD: 0mJ  | all_WR: 0mJ  | MAC: 0mJ  | Total: 0mJ | compute util: 0, memory util: 0, Op/B 0
		residual_1 | 1.2841us  | 18261 - 18262 | tensor(209, 16384) -> tensor(209, 16384) | ACT: 0mJ  | RD: 0mJ  | WR: 0mJ  | all_ACT: 0mJ  | all_RD: 0mJ  | all_WR: 0mJ  | MAC: 0mJ  | Total: 0mJ | compute util: 0, memory util: 0, Op/B 0
	decoder_16 | 1144.9us  | 18262 - 19407 | tensor(209, 16384) -> tensor(209, 16384) | ACT: 1.3378mJ  | RD: 41.766mJ  | WR: 0.22376mJ  | all_ACT: 0mJ  | all_RD: 0mJ  | all_WR: 0mJ  | MAC: 1007.7mJ  | Total: 43.327mJ | compute util: 0, memory util: 0, Op/B 2903.9
		input_layer_norm | 0.85811us  | 18262 - 18263 | tensor(209, 16384) -> tensor(209, 16384) | ACT: 0mJ  | RD: 0mJ  | WR: 0mJ  | all_ACT: 0mJ  | all_RD: 0mJ  | all_WR: 0mJ  | MAC: 0mJ  | Total: 0mJ | compute util: 0, memory util: 0, Op/B 0
		attention | 1054.4us  | 18263 - 19317 | tensor(209, 16384) -> tensor(209, 16384) | ACT: 1.2547mJ  | RD: 39.268mJ  | WR: 0.09888mJ  | all_ACT: 0mJ  | all_RD: 0mJ  | all_WR: 0mJ  | MAC: 999.85mJ  | Total: 40.621mJ | compute util: 0, memory util: 0, Op/B 3073
			attn_qkv_proj | 1.6227us  | 18263 - 18265 | tensor(209, 16384) -> tensor(209, 576) | ACT: 0.011519mJ  | RD: 0.35834mJ  | WR: 0.0034214mJ  | all_ACT: 0mJ  | all_RD: 0mJ  | all_WR: 0mJ  | MAC: 0.90729mJ  | Total: 0.37328mJ | compute util: 0, memory util: 0, Op/B 303.87
				Linear | 1.6227us  | 18263 - 18265 | tensor(209, 16384) -> tensor(209, 576) | ACT: 0.011519mJ  | RD: 0.35834mJ  | WR: 0.0034214mJ  | all_ACT: 0mJ  | all_RD: 0mJ  | all_WR: 0mJ  | MAC: 0.90729mJ  | Total: 0.37328mJ | compute util: 0.54021, memory util: 1, Op/B 303.87, GPU
			self_attention | 976.9us  | 18265 - 19241 | tensor(209, 576) -> tensor(209, 512) | ACT: 1.2326mJ  | RD: 38.672mJ  | WR: 0mJ  | all_ACT: 0mJ  | all_RD: 0mJ  | all_WR: 0mJ  | MAC: 998.14mJ  | Total: 39.905mJ | compute util: 0, memory util: 0, Op/B 3122.7
				AttentionSplit | 0us  | 18265 - 18265 | tensor(209, 576) -> tensor(0, 768) tensor(209, 768) | ACT: 0mJ  | RD: 0mJ  | WR: 0mJ  | all_ACT: 0mJ  | all_RD: 0mJ  | all_WR: 0mJ  | MAC: 0mJ  | Total: 0mJ | compute util: 0, memory util: 0, Op/B 0
				AttentionSum | 0us  | 18265 - 18265 | tensor(0, 768) -> tensor(0, 2048) | ACT: 0mJ  | RD: 0mJ  | WR: 0mJ  | all_ACT: 0mJ  | all_RD: 0mJ  | all_WR: 0mJ  | MAC: 0mJ  | Total: 0mJ | compute util: 0, memory util: 0, Op/B 0, GPU
				AttentionGen | 964.39us  | 18265 - 19229 | tensor(209, 768) -> tensor(209, 2048) | ACT: 1.2326mJ  | RD: 38.672mJ  | WR: 0mJ  | all_ACT: 0mJ  | all_RD: 0mJ  | all_WR: 0mJ  | MAC: 998.14mJ  | Total: 39.905mJ | compute util: 1, memory util: 0.18013, Op/B 3122.7, GPU
				context_merge | 12.517us  | 19229 - 19241 | tensor(209, 2048) -> tensor(209, 2048) | ACT: 0mJ  | RD: 0mJ  | WR: 0mJ  | all_ACT: 0mJ  | all_RD: 0mJ  | all_WR: 0mJ  | MAC: 0mJ  | Total: 0mJ | compute util: 0, memory util: 0, Op/B 0
				AttentionMerge | 0us  | 19241 - 19241 | tensor(0, 2048) tensor(209, 2048) -> tensor(209, 512) | ACT: 0mJ  | RD: 0mJ  | WR: 0mJ  | all_ACT: 0mJ  | all_RD: 0mJ  | all_WR: 0mJ  | MAC: 0mJ  | Total: 0mJ | compute util: 0, memory util: 0, Op/B 0
			attn_o_proj | 1.49us  | 19241 - 19243 | tensor(209, 512) -> tensor(209, 16384) | ACT: 0.010588mJ  | RD: 0.23688mJ  | WR: 0.095458mJ  | all_ACT: 0mJ  | all_RD: 0mJ  | all_WR: 0mJ  | MAC: 0.80648mJ  | Total: 0.34292mJ | compute util: 0, memory util: 0, Op/B 294.17
				Linear | 1.49us  | 19241 - 19243 | tensor(209, 512) -> tensor(209, 16384) | ACT: 0.010588mJ  | RD: 0.23688mJ  | WR: 0.095458mJ  | all_ACT: 0mJ  | all_RD: 0mJ  | all_WR: 0mJ  | MAC: 0.80648mJ  | Total: 0.34292mJ | compute util: 0.52296, memory util: 1, Op/B 294.17, GPU
			all_reduce | 74.405us  | 19243 - 19317 | tensor(209, 16384) -> tensor(209, 16384) | ACT: 0mJ  | RD: 0mJ  | WR: 0mJ  | all_ACT: 0mJ  | all_RD: 0mJ  | all_WR: 0mJ  | MAC: 0mJ  | Total: 0mJ | compute util: 0, memory util: 0, Op/B 0
		residual_1 | 1.2841us  | 19317 - 19319 | tensor(209, 16384) -> tensor(209, 16384) | ACT: 0mJ  | RD: 0mJ  | WR: 0mJ  | all_ACT: 0mJ  | all_RD: 0mJ  | all_WR: 0mJ  | MAC: 0mJ  | Total: 0mJ | compute util: 0, memory util: 0, Op/B 0
		post_attn_layer_norm | 0.85811us  | 19319 - 19319 | tensor(209, 16384) -> tensor(209, 16384) | ACT: 0mJ  | RD: 0mJ  | WR: 0mJ  | all_ACT: 0mJ  | all_RD: 0mJ  | all_WR: 0mJ  | MAC: 0mJ  | Total: 0mJ | compute util: 0, memory util: 0, Op/B 0
		feedforward | 11.769us  | 19319 - 19331 | tensor(209, 16384) -> tensor(209, 16384) | ACT: 0.083075mJ  | RD: 2.498mJ  | WR: 0.12488mJ  | all_ACT: 0mJ  | all_RD: 0mJ  | all_WR: 0mJ  | MAC: 7.8632mJ  | Total: 2.706mJ | compute util: 0, memory util: 0, Op/B 363.13
			gate_proj | 3.8794us  | 19319 - 19323 | tensor(209, 16384) -> tensor(209, 1664) | ACT: 0.027459mJ  | RD: 0.85468mJ  | WR: 0.0098081mJ  | all_ACT: 0mJ  | all_RD: 0mJ  | all_WR: 0mJ  | MAC: 2.6211mJ  | Total: 0.89194mJ | compute util: 0, memory util: 0, Op/B 367.2
				Linear | 3.8794us  | 19319 - 19323 | tensor(209, 16384) -> tensor(209, 1664) | ACT: 0.027459mJ  | RD: 0.85468mJ  | WR: 0.0098081mJ  | all_ACT: 0mJ  | all_RD: 0mJ  | all_WR: 0mJ  | MAC: 2.6211mJ  | Total: 0.89194mJ | compute util: 0.65279, memory util: 1, Op/B 367.2, GPU
			activation | 0.13042us  | 19323 - 19323 | tensor(209, 1664) -> tensor(209, 1664) | ACT: 0.00069811mJ  | RD: 0.019616mJ  | WR: 0.0098081mJ  | all_ACT: 0mJ  | all_RD: 0mJ  | all_WR: 0mJ  | MAC: 0mJ  | Total: 0.030122mJ | compute util: 0, memory util: 1, Op/B 0, GPU
			up_proj | 3.8794us  | 19323 - 19327 | tensor(209, 16384) -> tensor(209, 1664) | ACT: 0.027459mJ  | RD: 0.85468mJ  | WR: 0.0098081mJ  | all_ACT: 0mJ  | all_RD: 0mJ  | all_WR: 0mJ  | MAC: 2.6211mJ  | Total: 0.89194mJ | compute util: 0, memory util: 0, Op/B 367.2
				Linear | 3.8794us  | 19323 - 19327 | tensor(209, 16384) -> tensor(209, 1664) | ACT: 0.027459mJ  | RD: 0.85468mJ  | WR: 0.0098081mJ  | all_ACT: 0mJ  | all_RD: 0mJ  | all_WR: 0mJ  | MAC: 2.6211mJ  | Total: 0.89194mJ | compute util: 0.65279, memory util: 1, Op/B 367.2, GPU
			down_proj | 3.8794us  | 19327 - 19331 | tensor(209, 1664) -> tensor(209, 16384) | ACT: 0.027459mJ  | RD: 0.76903mJ  | WR: 0.095458mJ  | all_ACT: 0mJ  | all_RD: 0mJ  | all_WR: 0mJ  | MAC: 2.6211mJ  | Total: 0.89194mJ | compute util: 0, memory util: 0, Op/B 367.2
				Linear | 3.8794us  | 19327 - 19331 | tensor(209, 1664) -> tensor(209, 16384) | ACT: 0.027459mJ  | RD: 0.76903mJ  | WR: 0.095458mJ  | all_ACT: 0mJ  | all_RD: 0mJ  | all_WR: 0mJ  | MAC: 2.6211mJ  | Total: 0.89194mJ | compute util: 0.65279, memory util: 1, Op/B 367.2, GPU
		all_reduce | 74.405us  | 19331 - 19406 | tensor(209, 16384) -> tensor(209, 16384) | ACT: 0mJ  | RD: 0mJ  | WR: 0mJ  | all_ACT: 0mJ  | all_RD: 0mJ  | all_WR: 0mJ  | MAC: 0mJ  | Total: 0mJ | compute util: 0, memory util: 0, Op/B 0
		residual_1 | 1.2841us  | 19406 - 19407 | tensor(209, 16384) -> tensor(209, 16384) | ACT: 0mJ  | RD: 0mJ  | WR: 0mJ  | all_ACT: 0mJ  | all_RD: 0mJ  | all_WR: 0mJ  | MAC: 0mJ  | Total: 0mJ | compute util: 0, memory util: 0, Op/B 0
	decoder_17 | 1137.9us  | 19407 - 20545 | tensor(209, 16384) -> tensor(209, 16384) | ACT: 1.3378mJ  | RD: 41.766mJ  | WR: 0.22376mJ  | all_ACT: 0mJ  | all_RD: 0mJ  | all_WR: 0mJ  | MAC: 1007.7mJ  | Total: 43.327mJ | compute util: 0, memory util: 0, Op/B 2903.9
		input_layer_norm | 0.85811us  | 19407 - 19408 | tensor(209, 16384) -> tensor(209, 16384) | ACT: 0mJ  | RD: 0mJ  | WR: 0mJ  | all_ACT: 0mJ  | all_RD: 0mJ  | all_WR: 0mJ  | MAC: 0mJ  | Total: 0mJ | compute util: 0, memory util: 0, Op/B 0
		attention | 1047.4us  | 19408 - 20455 | tensor(209, 16384) -> tensor(209, 16384) | ACT: 1.2547mJ  | RD: 39.268mJ  | WR: 0.09888mJ  | all_ACT: 0mJ  | all_RD: 0mJ  | all_WR: 0mJ  | MAC: 999.85mJ  | Total: 40.621mJ | compute util: 0, memory util: 0, Op/B 3073
			attn_qkv_proj | 1.6227us  | 19408 - 19409 | tensor(209, 16384) -> tensor(209, 576) | ACT: 0.011519mJ  | RD: 0.35834mJ  | WR: 0.0034214mJ  | all_ACT: 0mJ  | all_RD: 0mJ  | all_WR: 0mJ  | MAC: 0.90729mJ  | Total: 0.37328mJ | compute util: 0, memory util: 0, Op/B 303.87
				Linear | 1.6227us  | 19408 - 19409 | tensor(209, 16384) -> tensor(209, 576) | ACT: 0.011519mJ  | RD: 0.35834mJ  | WR: 0.0034214mJ  | all_ACT: 0mJ  | all_RD: 0mJ  | all_WR: 0mJ  | MAC: 0.90729mJ  | Total: 0.37328mJ | compute util: 0.54021, memory util: 1, Op/B 303.87, GPU
			self_attention | 969.9us  | 19409 - 20379 | tensor(209, 576) -> tensor(209, 512) | ACT: 1.2326mJ  | RD: 38.672mJ  | WR: 0mJ  | all_ACT: 0mJ  | all_RD: 0mJ  | all_WR: 0mJ  | MAC: 998.14mJ  | Total: 39.905mJ | compute util: 0, memory util: 0, Op/B 3122.7
				AttentionSplit | 0us  | 19409 - 19409 | tensor(209, 576) -> tensor(0, 768) tensor(209, 768) | ACT: 0mJ  | RD: 0mJ  | WR: 0mJ  | all_ACT: 0mJ  | all_RD: 0mJ  | all_WR: 0mJ  | MAC: 0mJ  | Total: 0mJ | compute util: 0, memory util: 0, Op/B 0
				AttentionSum | 0us  | 19409 - 19409 | tensor(0, 768) -> tensor(0, 2048) | ACT: 0mJ  | RD: 0mJ  | WR: 0mJ  | all_ACT: 0mJ  | all_RD: 0mJ  | all_WR: 0mJ  | MAC: 0mJ  | Total: 0mJ | compute util: 0, memory util: 0, Op/B 0, GPU
				AttentionGen | 964.39us  | 19409 - 20374 | tensor(209, 768) -> tensor(209, 2048) | ACT: 1.2326mJ  | RD: 38.672mJ  | WR: 0mJ  | all_ACT: 0mJ  | all_RD: 0mJ  | all_WR: 0mJ  | MAC: 998.14mJ  | Total: 39.905mJ | compute util: 1, memory util: 0.18013, Op/B 3122.7, GPU
				context_merge | 5.5134us  | 20374 - 20379 | tensor(209, 2048) -> tensor(209, 2048) | ACT: 0mJ  | RD: 0mJ  | WR: 0mJ  | all_ACT: 0mJ  | all_RD: 0mJ  | all_WR: 0mJ  | MAC: 0mJ  | Total: 0mJ | compute util: 0, memory util: 0, Op/B 0
				AttentionMerge | 0us  | 20379 - 20379 | tensor(0, 2048) tensor(209, 2048) -> tensor(209, 512) | ACT: 0mJ  | RD: 0mJ  | WR: 0mJ  | all_ACT: 0mJ  | all_RD: 0mJ  | all_WR: 0mJ  | MAC: 0mJ  | Total: 0mJ | compute util: 0, memory util: 0, Op/B 0
			attn_o_proj | 1.49us  | 20379 - 20381 | tensor(209, 512) -> tensor(209, 16384) | ACT: 0.010588mJ  | RD: 0.23688mJ  | WR: 0.095458mJ  | all_ACT: 0mJ  | all_RD: 0mJ  | all_WR: 0mJ  | MAC: 0.80648mJ  | Total: 0.34292mJ | compute util: 0, memory util: 0, Op/B 294.17
				Linear | 1.49us  | 20379 - 20381 | tensor(209, 512) -> tensor(209, 16384) | ACT: 0.010588mJ  | RD: 0.23688mJ  | WR: 0.095458mJ  | all_ACT: 0mJ  | all_RD: 0mJ  | all_WR: 0mJ  | MAC: 0.80648mJ  | Total: 0.34292mJ | compute util: 0.52296, memory util: 1, Op/B 294.17, GPU
			all_reduce | 74.405us  | 20381 - 20455 | tensor(209, 16384) -> tensor(209, 16384) | ACT: 0mJ  | RD: 0mJ  | WR: 0mJ  | all_ACT: 0mJ  | all_RD: 0mJ  | all_WR: 0mJ  | MAC: 0mJ  | Total: 0mJ | compute util: 0, memory util: 0, Op/B 0
		residual_1 | 1.2841us  | 20455 - 20456 | tensor(209, 16384) -> tensor(209, 16384) | ACT: 0mJ  | RD: 0mJ  | WR: 0mJ  | all_ACT: 0mJ  | all_RD: 0mJ  | all_WR: 0mJ  | MAC: 0mJ  | Total: 0mJ | compute util: 0, memory util: 0, Op/B 0
		post_attn_layer_norm | 0.85811us  | 20456 - 20457 | tensor(209, 16384) -> tensor(209, 16384) | ACT: 0mJ  | RD: 0mJ  | WR: 0mJ  | all_ACT: 0mJ  | all_RD: 0mJ  | all_WR: 0mJ  | MAC: 0mJ  | Total: 0mJ | compute util: 0, memory util: 0, Op/B 0
		feedforward | 11.769us  | 20457 - 20469 | tensor(209, 16384) -> tensor(209, 16384) | ACT: 0.083075mJ  | RD: 2.498mJ  | WR: 0.12488mJ  | all_ACT: 0mJ  | all_RD: 0mJ  | all_WR: 0mJ  | MAC: 7.8632mJ  | Total: 2.706mJ | compute util: 0, memory util: 0, Op/B 363.13
			gate_proj | 3.8794us  | 20457 - 20461 | tensor(209, 16384) -> tensor(209, 1664) | ACT: 0.027459mJ  | RD: 0.85468mJ  | WR: 0.0098081mJ  | all_ACT: 0mJ  | all_RD: 0mJ  | all_WR: 0mJ  | MAC: 2.6211mJ  | Total: 0.89194mJ | compute util: 0, memory util: 0, Op/B 367.2
				Linear | 3.8794us  | 20457 - 20461 | tensor(209, 16384) -> tensor(209, 1664) | ACT: 0.027459mJ  | RD: 0.85468mJ  | WR: 0.0098081mJ  | all_ACT: 0mJ  | all_RD: 0mJ  | all_WR: 0mJ  | MAC: 2.6211mJ  | Total: 0.89194mJ | compute util: 0.65279, memory util: 1, Op/B 367.2, GPU
			activation | 0.13042us  | 20461 - 20461 | tensor(209, 1664) -> tensor(209, 1664) | ACT: 0.00069811mJ  | RD: 0.019616mJ  | WR: 0.0098081mJ  | all_ACT: 0mJ  | all_RD: 0mJ  | all_WR: 0mJ  | MAC: 0mJ  | Total: 0.030122mJ | compute util: 0, memory util: 1, Op/B 0, GPU
			up_proj | 3.8794us  | 20461 - 20465 | tensor(209, 16384) -> tensor(209, 1664) | ACT: 0.027459mJ  | RD: 0.85468mJ  | WR: 0.0098081mJ  | all_ACT: 0mJ  | all_RD: 0mJ  | all_WR: 0mJ  | MAC: 2.6211mJ  | Total: 0.89194mJ | compute util: 0, memory util: 0, Op/B 367.2
				Linear | 3.8794us  | 20461 - 20465 | tensor(209, 16384) -> tensor(209, 1664) | ACT: 0.027459mJ  | RD: 0.85468mJ  | WR: 0.0098081mJ  | all_ACT: 0mJ  | all_RD: 0mJ  | all_WR: 0mJ  | MAC: 2.6211mJ  | Total: 0.89194mJ | compute util: 0.65279, memory util: 1, Op/B 367.2, GPU
			down_proj | 3.8794us  | 20465 - 20469 | tensor(209, 1664) -> tensor(209, 16384) | ACT: 0.027459mJ  | RD: 0.76903mJ  | WR: 0.095458mJ  | all_ACT: 0mJ  | all_RD: 0mJ  | all_WR: 0mJ  | MAC: 2.6211mJ  | Total: 0.89194mJ | compute util: 0, memory util: 0, Op/B 367.2
				Linear | 3.8794us  | 20465 - 20469 | tensor(209, 1664) -> tensor(209, 16384) | ACT: 0.027459mJ  | RD: 0.76903mJ  | WR: 0.095458mJ  | all_ACT: 0mJ  | all_RD: 0mJ  | all_WR: 0mJ  | MAC: 2.6211mJ  | Total: 0.89194mJ | compute util: 0.65279, memory util: 1, Op/B 367.2, GPU
		all_reduce | 74.405us  | 20469 - 20544 | tensor(209, 16384) -> tensor(209, 16384) | ACT: 0mJ  | RD: 0mJ  | WR: 0mJ  | all_ACT: 0mJ  | all_RD: 0mJ  | all_WR: 0mJ  | MAC: 0mJ  | Total: 0mJ | compute util: 0, memory util: 0, Op/B 0
		residual_1 | 1.2841us  | 20544 - 20545 | tensor(209, 16384) -> tensor(209, 16384) | ACT: 0mJ  | RD: 0mJ  | WR: 0mJ  | all_ACT: 0mJ  | all_RD: 0mJ  | all_WR: 0mJ  | MAC: 0mJ  | Total: 0mJ | compute util: 0, memory util: 0, Op/B 0
	decoder_18 | 1144.9us  | 20545 - 21690 | tensor(209, 16384) -> tensor(209, 16384) | ACT: 1.3378mJ  | RD: 41.766mJ  | WR: 0.22376mJ  | all_ACT: 0mJ  | all_RD: 0mJ  | all_WR: 0mJ  | MAC: 1007.7mJ  | Total: 43.327mJ | compute util: 0, memory util: 0, Op/B 2903.9
		input_layer_norm | 0.85811us  | 20545 - 20546 | tensor(209, 16384) -> tensor(209, 16384) | ACT: 0mJ  | RD: 0mJ  | WR: 0mJ  | all_ACT: 0mJ  | all_RD: 0mJ  | all_WR: 0mJ  | MAC: 0mJ  | Total: 0mJ | compute util: 0, memory util: 0, Op/B 0
		attention | 1054.4us  | 20546 - 21600 | tensor(209, 16384) -> tensor(209, 16384) | ACT: 1.2547mJ  | RD: 39.268mJ  | WR: 0.09888mJ  | all_ACT: 0mJ  | all_RD: 0mJ  | all_WR: 0mJ  | MAC: 999.85mJ  | Total: 40.621mJ | compute util: 0, memory util: 0, Op/B 3073
			attn_qkv_proj | 1.6227us  | 20546 - 20547 | tensor(209, 16384) -> tensor(209, 576) | ACT: 0.011519mJ  | RD: 0.35834mJ  | WR: 0.0034214mJ  | all_ACT: 0mJ  | all_RD: 0mJ  | all_WR: 0mJ  | MAC: 0.90729mJ  | Total: 0.37328mJ | compute util: 0, memory util: 0, Op/B 303.87
				Linear | 1.6227us  | 20546 - 20547 | tensor(209, 16384) -> tensor(209, 576) | ACT: 0.011519mJ  | RD: 0.35834mJ  | WR: 0.0034214mJ  | all_ACT: 0mJ  | all_RD: 0mJ  | all_WR: 0mJ  | MAC: 0.90729mJ  | Total: 0.37328mJ | compute util: 0.54021, memory util: 1, Op/B 303.87, GPU
			self_attention | 976.9us  | 20547 - 21524 | tensor(209, 576) -> tensor(209, 512) | ACT: 1.2326mJ  | RD: 38.672mJ  | WR: 0mJ  | all_ACT: 0mJ  | all_RD: 0mJ  | all_WR: 0mJ  | MAC: 998.14mJ  | Total: 39.905mJ | compute util: 0, memory util: 0, Op/B 3122.7
				AttentionSplit | 0us  | 20547 - 20547 | tensor(209, 576) -> tensor(0, 768) tensor(209, 768) | ACT: 0mJ  | RD: 0mJ  | WR: 0mJ  | all_ACT: 0mJ  | all_RD: 0mJ  | all_WR: 0mJ  | MAC: 0mJ  | Total: 0mJ | compute util: 0, memory util: 0, Op/B 0
				AttentionSum | 0us  | 20547 - 20547 | tensor(0, 768) -> tensor(0, 2048) | ACT: 0mJ  | RD: 0mJ  | WR: 0mJ  | all_ACT: 0mJ  | all_RD: 0mJ  | all_WR: 0mJ  | MAC: 0mJ  | Total: 0mJ | compute util: 0, memory util: 0, Op/B 0, GPU
				AttentionGen | 964.39us  | 20547 - 21512 | tensor(209, 768) -> tensor(209, 2048) | ACT: 1.2326mJ  | RD: 38.672mJ  | WR: 0mJ  | all_ACT: 0mJ  | all_RD: 0mJ  | all_WR: 0mJ  | MAC: 998.14mJ  | Total: 39.905mJ | compute util: 1, memory util: 0.18013, Op/B 3122.7, GPU
				context_merge | 12.517us  | 21512 - 21524 | tensor(209, 2048) -> tensor(209, 2048) | ACT: 0mJ  | RD: 0mJ  | WR: 0mJ  | all_ACT: 0mJ  | all_RD: 0mJ  | all_WR: 0mJ  | MAC: 0mJ  | Total: 0mJ | compute util: 0, memory util: 0, Op/B 0
				AttentionMerge | 0us  | 21524 - 21524 | tensor(0, 2048) tensor(209, 2048) -> tensor(209, 512) | ACT: 0mJ  | RD: 0mJ  | WR: 0mJ  | all_ACT: 0mJ  | all_RD: 0mJ  | all_WR: 0mJ  | MAC: 0mJ  | Total: 0mJ | compute util: 0, memory util: 0, Op/B 0
			attn_o_proj | 1.49us  | 21524 - 21526 | tensor(209, 512) -> tensor(209, 16384) | ACT: 0.010588mJ  | RD: 0.23688mJ  | WR: 0.095458mJ  | all_ACT: 0mJ  | all_RD: 0mJ  | all_WR: 0mJ  | MAC: 0.80648mJ  | Total: 0.34292mJ | compute util: 0, memory util: 0, Op/B 294.17
				Linear | 1.49us  | 21524 - 21526 | tensor(209, 512) -> tensor(209, 16384) | ACT: 0.010588mJ  | RD: 0.23688mJ  | WR: 0.095458mJ  | all_ACT: 0mJ  | all_RD: 0mJ  | all_WR: 0mJ  | MAC: 0.80648mJ  | Total: 0.34292mJ | compute util: 0.52296, memory util: 1, Op/B 294.17, GPU
			all_reduce | 74.405us  | 21526 - 21600 | tensor(209, 16384) -> tensor(209, 16384) | ACT: 0mJ  | RD: 0mJ  | WR: 0mJ  | all_ACT: 0mJ  | all_RD: 0mJ  | all_WR: 0mJ  | MAC: 0mJ  | Total: 0mJ | compute util: 0, memory util: 0, Op/B 0
		residual_1 | 1.2841us  | 21600 - 21601 | tensor(209, 16384) -> tensor(209, 16384) | ACT: 0mJ  | RD: 0mJ  | WR: 0mJ  | all_ACT: 0mJ  | all_RD: 0mJ  | all_WR: 0mJ  | MAC: 0mJ  | Total: 0mJ | compute util: 0, memory util: 0, Op/B 0
		post_attn_layer_norm | 0.85811us  | 21601 - 21602 | tensor(209, 16384) -> tensor(209, 16384) | ACT: 0mJ  | RD: 0mJ  | WR: 0mJ  | all_ACT: 0mJ  | all_RD: 0mJ  | all_WR: 0mJ  | MAC: 0mJ  | Total: 0mJ | compute util: 0, memory util: 0, Op/B 0
		feedforward | 11.769us  | 21602 - 21614 | tensor(209, 16384) -> tensor(209, 16384) | ACT: 0.083075mJ  | RD: 2.498mJ  | WR: 0.12488mJ  | all_ACT: 0mJ  | all_RD: 0mJ  | all_WR: 0mJ  | MAC: 7.8632mJ  | Total: 2.706mJ | compute util: 0, memory util: 0, Op/B 363.13
			gate_proj | 3.8794us  | 21602 - 21606 | tensor(209, 16384) -> tensor(209, 1664) | ACT: 0.027459mJ  | RD: 0.85468mJ  | WR: 0.0098081mJ  | all_ACT: 0mJ  | all_RD: 0mJ  | all_WR: 0mJ  | MAC: 2.6211mJ  | Total: 0.89194mJ | compute util: 0, memory util: 0, Op/B 367.2
				Linear | 3.8794us  | 21602 - 21606 | tensor(209, 16384) -> tensor(209, 1664) | ACT: 0.027459mJ  | RD: 0.85468mJ  | WR: 0.0098081mJ  | all_ACT: 0mJ  | all_RD: 0mJ  | all_WR: 0mJ  | MAC: 2.6211mJ  | Total: 0.89194mJ | compute util: 0.65279, memory util: 1, Op/B 367.2, GPU
			activation | 0.13042us  | 21606 - 21606 | tensor(209, 1664) -> tensor(209, 1664) | ACT: 0.00069811mJ  | RD: 0.019616mJ  | WR: 0.0098081mJ  | all_ACT: 0mJ  | all_RD: 0mJ  | all_WR: 0mJ  | MAC: 0mJ  | Total: 0.030122mJ | compute util: 0, memory util: 1, Op/B 0, GPU
			up_proj | 3.8794us  | 21606 - 21610 | tensor(209, 16384) -> tensor(209, 1664) | ACT: 0.027459mJ  | RD: 0.85468mJ  | WR: 0.0098081mJ  | all_ACT: 0mJ  | all_RD: 0mJ  | all_WR: 0mJ  | MAC: 2.6211mJ  | Total: 0.89194mJ | compute util: 0, memory util: 0, Op/B 367.2
				Linear | 3.8794us  | 21606 - 21610 | tensor(209, 16384) -> tensor(209, 1664) | ACT: 0.027459mJ  | RD: 0.85468mJ  | WR: 0.0098081mJ  | all_ACT: 0mJ  | all_RD: 0mJ  | all_WR: 0mJ  | MAC: 2.6211mJ  | Total: 0.89194mJ | compute util: 0.65279, memory util: 1, Op/B 367.2, GPU
			down_proj | 3.8794us  | 21610 - 21614 | tensor(209, 1664) -> tensor(209, 16384) | ACT: 0.027459mJ  | RD: 0.76903mJ  | WR: 0.095458mJ  | all_ACT: 0mJ  | all_RD: 0mJ  | all_WR: 0mJ  | MAC: 2.6211mJ  | Total: 0.89194mJ | compute util: 0, memory util: 0, Op/B 367.2
				Linear | 3.8794us  | 21610 - 21614 | tensor(209, 1664) -> tensor(209, 16384) | ACT: 0.027459mJ  | RD: 0.76903mJ  | WR: 0.095458mJ  | all_ACT: 0mJ  | all_RD: 0mJ  | all_WR: 0mJ  | MAC: 2.6211mJ  | Total: 0.89194mJ | compute util: 0.65279, memory util: 1, Op/B 367.2, GPU
		all_reduce | 74.405us  | 21614 - 21688 | tensor(209, 16384) -> tensor(209, 16384) | ACT: 0mJ  | RD: 0mJ  | WR: 0mJ  | all_ACT: 0mJ  | all_RD: 0mJ  | all_WR: 0mJ  | MAC: 0mJ  | Total: 0mJ | compute util: 0, memory util: 0, Op/B 0
		residual_1 | 1.2841us  | 21688 - 21690 | tensor(209, 16384) -> tensor(209, 16384) | ACT: 0mJ  | RD: 0mJ  | WR: 0mJ  | all_ACT: 0mJ  | all_RD: 0mJ  | all_WR: 0mJ  | MAC: 0mJ  | Total: 0mJ | compute util: 0, memory util: 0, Op/B 0
	decoder_19 | 1137.9us  | 21690 - 22828 | tensor(209, 16384) -> tensor(209, 16384) | ACT: 1.3378mJ  | RD: 41.766mJ  | WR: 0.22376mJ  | all_ACT: 0mJ  | all_RD: 0mJ  | all_WR: 0mJ  | MAC: 1007.7mJ  | Total: 43.327mJ | compute util: 0, memory util: 0, Op/B 2903.9
		input_layer_norm | 0.85811us  | 21690 - 21691 | tensor(209, 16384) -> tensor(209, 16384) | ACT: 0mJ  | RD: 0mJ  | WR: 0mJ  | all_ACT: 0mJ  | all_RD: 0mJ  | all_WR: 0mJ  | MAC: 0mJ  | Total: 0mJ | compute util: 0, memory util: 0, Op/B 0
		attention | 1047.4us  | 21691 - 22738 | tensor(209, 16384) -> tensor(209, 16384) | ACT: 1.2547mJ  | RD: 39.268mJ  | WR: 0.09888mJ  | all_ACT: 0mJ  | all_RD: 0mJ  | all_WR: 0mJ  | MAC: 999.85mJ  | Total: 40.621mJ | compute util: 0, memory util: 0, Op/B 3073
			attn_qkv_proj | 1.6227us  | 21691 - 21692 | tensor(209, 16384) -> tensor(209, 576) | ACT: 0.011519mJ  | RD: 0.35834mJ  | WR: 0.0034214mJ  | all_ACT: 0mJ  | all_RD: 0mJ  | all_WR: 0mJ  | MAC: 0.90729mJ  | Total: 0.37328mJ | compute util: 0, memory util: 0, Op/B 303.87
				Linear | 1.6227us  | 21691 - 21692 | tensor(209, 16384) -> tensor(209, 576) | ACT: 0.011519mJ  | RD: 0.35834mJ  | WR: 0.0034214mJ  | all_ACT: 0mJ  | all_RD: 0mJ  | all_WR: 0mJ  | MAC: 0.90729mJ  | Total: 0.37328mJ | compute util: 0.54021, memory util: 1, Op/B 303.87, GPU
			self_attention | 969.9us  | 21692 - 22662 | tensor(209, 576) -> tensor(209, 512) | ACT: 1.2326mJ  | RD: 38.672mJ  | WR: 0mJ  | all_ACT: 0mJ  | all_RD: 0mJ  | all_WR: 0mJ  | MAC: 998.14mJ  | Total: 39.905mJ | compute util: 0, memory util: 0, Op/B 3122.7
				AttentionSplit | 0us  | 21692 - 21692 | tensor(209, 576) -> tensor(0, 768) tensor(209, 768) | ACT: 0mJ  | RD: 0mJ  | WR: 0mJ  | all_ACT: 0mJ  | all_RD: 0mJ  | all_WR: 0mJ  | MAC: 0mJ  | Total: 0mJ | compute util: 0, memory util: 0, Op/B 0
				AttentionSum | 0us  | 21692 - 21692 | tensor(0, 768) -> tensor(0, 2048) | ACT: 0mJ  | RD: 0mJ  | WR: 0mJ  | all_ACT: 0mJ  | all_RD: 0mJ  | all_WR: 0mJ  | MAC: 0mJ  | Total: 0mJ | compute util: 0, memory util: 0, Op/B 0, GPU
				AttentionGen | 964.39us  | 21692 - 22657 | tensor(209, 768) -> tensor(209, 2048) | ACT: 1.2326mJ  | RD: 38.672mJ  | WR: 0mJ  | all_ACT: 0mJ  | all_RD: 0mJ  | all_WR: 0mJ  | MAC: 998.14mJ  | Total: 39.905mJ | compute util: 1, memory util: 0.18013, Op/B 3122.7, GPU
				context_merge | 5.5134us  | 22657 - 22662 | tensor(209, 2048) -> tensor(209, 2048) | ACT: 0mJ  | RD: 0mJ  | WR: 0mJ  | all_ACT: 0mJ  | all_RD: 0mJ  | all_WR: 0mJ  | MAC: 0mJ  | Total: 0mJ | compute util: 0, memory util: 0, Op/B 0
				AttentionMerge | 0us  | 22662 - 22662 | tensor(0, 2048) tensor(209, 2048) -> tensor(209, 512) | ACT: 0mJ  | RD: 0mJ  | WR: 0mJ  | all_ACT: 0mJ  | all_RD: 0mJ  | all_WR: 0mJ  | MAC: 0mJ  | Total: 0mJ | compute util: 0, memory util: 0, Op/B 0
			attn_o_proj | 1.49us  | 22662 - 22664 | tensor(209, 512) -> tensor(209, 16384) | ACT: 0.010588mJ  | RD: 0.23688mJ  | WR: 0.095458mJ  | all_ACT: 0mJ  | all_RD: 0mJ  | all_WR: 0mJ  | MAC: 0.80648mJ  | Total: 0.34292mJ | compute util: 0, memory util: 0, Op/B 294.17
				Linear | 1.49us  | 22662 - 22664 | tensor(209, 512) -> tensor(209, 16384) | ACT: 0.010588mJ  | RD: 0.23688mJ  | WR: 0.095458mJ  | all_ACT: 0mJ  | all_RD: 0mJ  | all_WR: 0mJ  | MAC: 0.80648mJ  | Total: 0.34292mJ | compute util: 0.52296, memory util: 1, Op/B 294.17, GPU
			all_reduce | 74.405us  | 22664 - 22738 | tensor(209, 16384) -> tensor(209, 16384) | ACT: 0mJ  | RD: 0mJ  | WR: 0mJ  | all_ACT: 0mJ  | all_RD: 0mJ  | all_WR: 0mJ  | MAC: 0mJ  | Total: 0mJ | compute util: 0, memory util: 0, Op/B 0
		residual_1 | 1.2841us  | 22738 - 22739 | tensor(209, 16384) -> tensor(209, 16384) | ACT: 0mJ  | RD: 0mJ  | WR: 0mJ  | all_ACT: 0mJ  | all_RD: 0mJ  | all_WR: 0mJ  | MAC: 0mJ  | Total: 0mJ | compute util: 0, memory util: 0, Op/B 0
		post_attn_layer_norm | 0.85811us  | 22739 - 22740 | tensor(209, 16384) -> tensor(209, 16384) | ACT: 0mJ  | RD: 0mJ  | WR: 0mJ  | all_ACT: 0mJ  | all_RD: 0mJ  | all_WR: 0mJ  | MAC: 0mJ  | Total: 0mJ | compute util: 0, memory util: 0, Op/B 0
		feedforward | 11.769us  | 22740 - 22752 | tensor(209, 16384) -> tensor(209, 16384) | ACT: 0.083075mJ  | RD: 2.498mJ  | WR: 0.12488mJ  | all_ACT: 0mJ  | all_RD: 0mJ  | all_WR: 0mJ  | MAC: 7.8632mJ  | Total: 2.706mJ | compute util: 0, memory util: 0, Op/B 363.13
			gate_proj | 3.8794us  | 22740 - 22744 | tensor(209, 16384) -> tensor(209, 1664) | ACT: 0.027459mJ  | RD: 0.85468mJ  | WR: 0.0098081mJ  | all_ACT: 0mJ  | all_RD: 0mJ  | all_WR: 0mJ  | MAC: 2.6211mJ  | Total: 0.89194mJ | compute util: 0, memory util: 0, Op/B 367.2
				Linear | 3.8794us  | 22740 - 22744 | tensor(209, 16384) -> tensor(209, 1664) | ACT: 0.027459mJ  | RD: 0.85468mJ  | WR: 0.0098081mJ  | all_ACT: 0mJ  | all_RD: 0mJ  | all_WR: 0mJ  | MAC: 2.6211mJ  | Total: 0.89194mJ | compute util: 0.65279, memory util: 1, Op/B 367.2, GPU
			activation | 0.13042us  | 22744 - 22744 | tensor(209, 1664) -> tensor(209, 1664) | ACT: 0.00069811mJ  | RD: 0.019616mJ  | WR: 0.0098081mJ  | all_ACT: 0mJ  | all_RD: 0mJ  | all_WR: 0mJ  | MAC: 0mJ  | Total: 0.030122mJ | compute util: 0, memory util: 1, Op/B 0, GPU
			up_proj | 3.8794us  | 22744 - 22748 | tensor(209, 16384) -> tensor(209, 1664) | ACT: 0.027459mJ  | RD: 0.85468mJ  | WR: 0.0098081mJ  | all_ACT: 0mJ  | all_RD: 0mJ  | all_WR: 0mJ  | MAC: 2.6211mJ  | Total: 0.89194mJ | compute util: 0, memory util: 0, Op/B 367.2
				Linear | 3.8794us  | 22744 - 22748 | tensor(209, 16384) -> tensor(209, 1664) | ACT: 0.027459mJ  | RD: 0.85468mJ  | WR: 0.0098081mJ  | all_ACT: 0mJ  | all_RD: 0mJ  | all_WR: 0mJ  | MAC: 2.6211mJ  | Total: 0.89194mJ | compute util: 0.65279, memory util: 1, Op/B 367.2, GPU
			down_proj | 3.8794us  | 22748 - 22752 | tensor(209, 1664) -> tensor(209, 16384) | ACT: 0.027459mJ  | RD: 0.76903mJ  | WR: 0.095458mJ  | all_ACT: 0mJ  | all_RD: 0mJ  | all_WR: 0mJ  | MAC: 2.6211mJ  | Total: 0.89194mJ | compute util: 0, memory util: 0, Op/B 367.2
				Linear | 3.8794us  | 22748 - 22752 | tensor(209, 1664) -> tensor(209, 16384) | ACT: 0.027459mJ  | RD: 0.76903mJ  | WR: 0.095458mJ  | all_ACT: 0mJ  | all_RD: 0mJ  | all_WR: 0mJ  | MAC: 2.6211mJ  | Total: 0.89194mJ | compute util: 0.65279, memory util: 1, Op/B 367.2, GPU
		all_reduce | 74.405us  | 22752 - 22826 | tensor(209, 16384) -> tensor(209, 16384) | ACT: 0mJ  | RD: 0mJ  | WR: 0mJ  | all_ACT: 0mJ  | all_RD: 0mJ  | all_WR: 0mJ  | MAC: 0mJ  | Total: 0mJ | compute util: 0, memory util: 0, Op/B 0
		residual_1 | 1.2841us  | 22826 - 22828 | tensor(209, 16384) -> tensor(209, 16384) | ACT: 0mJ  | RD: 0mJ  | WR: 0mJ  | all_ACT: 0mJ  | all_RD: 0mJ  | all_WR: 0mJ  | MAC: 0mJ  | Total: 0mJ | compute util: 0, memory util: 0, Op/B 0
	decoder_20 | 1144.9us  | 22828 - 23972 | tensor(209, 16384) -> tensor(209, 16384) | ACT: 1.3378mJ  | RD: 41.766mJ  | WR: 0.22376mJ  | all_ACT: 0mJ  | all_RD: 0mJ  | all_WR: 0mJ  | MAC: 1007.7mJ  | Total: 43.327mJ | compute util: 0, memory util: 0, Op/B 2903.9
		input_layer_norm | 0.85811us  | 22828 - 22828 | tensor(209, 16384) -> tensor(209, 16384) | ACT: 0mJ  | RD: 0mJ  | WR: 0mJ  | all_ACT: 0mJ  | all_RD: 0mJ  | all_WR: 0mJ  | MAC: 0mJ  | Total: 0mJ | compute util: 0, memory util: 0, Op/B 0
		attention | 1054.4us  | 22828 - 23883 | tensor(209, 16384) -> tensor(209, 16384) | ACT: 1.2547mJ  | RD: 39.268mJ  | WR: 0.09888mJ  | all_ACT: 0mJ  | all_RD: 0mJ  | all_WR: 0mJ  | MAC: 999.85mJ  | Total: 40.621mJ | compute util: 0, memory util: 0, Op/B 3073
			attn_qkv_proj | 1.6227us  | 22828 - 22830 | tensor(209, 16384) -> tensor(209, 576) | ACT: 0.011519mJ  | RD: 0.35834mJ  | WR: 0.0034214mJ  | all_ACT: 0mJ  | all_RD: 0mJ  | all_WR: 0mJ  | MAC: 0.90729mJ  | Total: 0.37328mJ | compute util: 0, memory util: 0, Op/B 303.87
				Linear | 1.6227us  | 22828 - 22830 | tensor(209, 16384) -> tensor(209, 576) | ACT: 0.011519mJ  | RD: 0.35834mJ  | WR: 0.0034214mJ  | all_ACT: 0mJ  | all_RD: 0mJ  | all_WR: 0mJ  | MAC: 0.90729mJ  | Total: 0.37328mJ | compute util: 0.54021, memory util: 1, Op/B 303.87, GPU
			self_attention | 976.9us  | 22830 - 23807 | tensor(209, 576) -> tensor(209, 512) | ACT: 1.2326mJ  | RD: 38.672mJ  | WR: 0mJ  | all_ACT: 0mJ  | all_RD: 0mJ  | all_WR: 0mJ  | MAC: 998.14mJ  | Total: 39.905mJ | compute util: 0, memory util: 0, Op/B 3122.7
				AttentionSplit | 0us  | 22830 - 22830 | tensor(209, 576) -> tensor(0, 768) tensor(209, 768) | ACT: 0mJ  | RD: 0mJ  | WR: 0mJ  | all_ACT: 0mJ  | all_RD: 0mJ  | all_WR: 0mJ  | MAC: 0mJ  | Total: 0mJ | compute util: 0, memory util: 0, Op/B 0
				AttentionSum | 0us  | 22830 - 22830 | tensor(0, 768) -> tensor(0, 2048) | ACT: 0mJ  | RD: 0mJ  | WR: 0mJ  | all_ACT: 0mJ  | all_RD: 0mJ  | all_WR: 0mJ  | MAC: 0mJ  | Total: 0mJ | compute util: 0, memory util: 0, Op/B 0, GPU
				AttentionGen | 964.39us  | 22830 - 23794 | tensor(209, 768) -> tensor(209, 2048) | ACT: 1.2326mJ  | RD: 38.672mJ  | WR: 0mJ  | all_ACT: 0mJ  | all_RD: 0mJ  | all_WR: 0mJ  | MAC: 998.14mJ  | Total: 39.905mJ | compute util: 1, memory util: 0.18013, Op/B 3122.7, GPU
				context_merge | 12.517us  | 23794 - 23807 | tensor(209, 2048) -> tensor(209, 2048) | ACT: 0mJ  | RD: 0mJ  | WR: 0mJ  | all_ACT: 0mJ  | all_RD: 0mJ  | all_WR: 0mJ  | MAC: 0mJ  | Total: 0mJ | compute util: 0, memory util: 0, Op/B 0
				AttentionMerge | 0us  | 23807 - 23807 | tensor(0, 2048) tensor(209, 2048) -> tensor(209, 512) | ACT: 0mJ  | RD: 0mJ  | WR: 0mJ  | all_ACT: 0mJ  | all_RD: 0mJ  | all_WR: 0mJ  | MAC: 0mJ  | Total: 0mJ | compute util: 0, memory util: 0, Op/B 0
			attn_o_proj | 1.49us  | 23807 - 23808 | tensor(209, 512) -> tensor(209, 16384) | ACT: 0.010588mJ  | RD: 0.23688mJ  | WR: 0.095458mJ  | all_ACT: 0mJ  | all_RD: 0mJ  | all_WR: 0mJ  | MAC: 0.80648mJ  | Total: 0.34292mJ | compute util: 0, memory util: 0, Op/B 294.17
				Linear | 1.49us  | 23807 - 23808 | tensor(209, 512) -> tensor(209, 16384) | ACT: 0.010588mJ  | RD: 0.23688mJ  | WR: 0.095458mJ  | all_ACT: 0mJ  | all_RD: 0mJ  | all_WR: 0mJ  | MAC: 0.80648mJ  | Total: 0.34292mJ | compute util: 0.52296, memory util: 1, Op/B 294.17, GPU
			all_reduce | 74.405us  | 23808 - 23883 | tensor(209, 16384) -> tensor(209, 16384) | ACT: 0mJ  | RD: 0mJ  | WR: 0mJ  | all_ACT: 0mJ  | all_RD: 0mJ  | all_WR: 0mJ  | MAC: 0mJ  | Total: 0mJ | compute util: 0, memory util: 0, Op/B 0
		residual_1 | 1.2841us  | 23883 - 23884 | tensor(209, 16384) -> tensor(209, 16384) | ACT: 0mJ  | RD: 0mJ  | WR: 0mJ  | all_ACT: 0mJ  | all_RD: 0mJ  | all_WR: 0mJ  | MAC: 0mJ  | Total: 0mJ | compute util: 0, memory util: 0, Op/B 0
		post_attn_layer_norm | 0.85811us  | 23884 - 23885 | tensor(209, 16384) -> tensor(209, 16384) | ACT: 0mJ  | RD: 0mJ  | WR: 0mJ  | all_ACT: 0mJ  | all_RD: 0mJ  | all_WR: 0mJ  | MAC: 0mJ  | Total: 0mJ | compute util: 0, memory util: 0, Op/B 0
		feedforward | 11.769us  | 23885 - 23897 | tensor(209, 16384) -> tensor(209, 16384) | ACT: 0.083075mJ  | RD: 2.498mJ  | WR: 0.12488mJ  | all_ACT: 0mJ  | all_RD: 0mJ  | all_WR: 0mJ  | MAC: 7.8632mJ  | Total: 2.706mJ | compute util: 0, memory util: 0, Op/B 363.13
			gate_proj | 3.8794us  | 23885 - 23889 | tensor(209, 16384) -> tensor(209, 1664) | ACT: 0.027459mJ  | RD: 0.85468mJ  | WR: 0.0098081mJ  | all_ACT: 0mJ  | all_RD: 0mJ  | all_WR: 0mJ  | MAC: 2.6211mJ  | Total: 0.89194mJ | compute util: 0, memory util: 0, Op/B 367.2
				Linear | 3.8794us  | 23885 - 23889 | tensor(209, 16384) -> tensor(209, 1664) | ACT: 0.027459mJ  | RD: 0.85468mJ  | WR: 0.0098081mJ  | all_ACT: 0mJ  | all_RD: 0mJ  | all_WR: 0mJ  | MAC: 2.6211mJ  | Total: 0.89194mJ | compute util: 0.65279, memory util: 1, Op/B 367.2, GPU
			activation | 0.13042us  | 23889 - 23889 | tensor(209, 1664) -> tensor(209, 1664) | ACT: 0.00069811mJ  | RD: 0.019616mJ  | WR: 0.0098081mJ  | all_ACT: 0mJ  | all_RD: 0mJ  | all_WR: 0mJ  | MAC: 0mJ  | Total: 0.030122mJ | compute util: 0, memory util: 1, Op/B 0, GPU
			up_proj | 3.8794us  | 23889 - 23893 | tensor(209, 16384) -> tensor(209, 1664) | ACT: 0.027459mJ  | RD: 0.85468mJ  | WR: 0.0098081mJ  | all_ACT: 0mJ  | all_RD: 0mJ  | all_WR: 0mJ  | MAC: 2.6211mJ  | Total: 0.89194mJ | compute util: 0, memory util: 0, Op/B 367.2
				Linear | 3.8794us  | 23889 - 23893 | tensor(209, 16384) -> tensor(209, 1664) | ACT: 0.027459mJ  | RD: 0.85468mJ  | WR: 0.0098081mJ  | all_ACT: 0mJ  | all_RD: 0mJ  | all_WR: 0mJ  | MAC: 2.6211mJ  | Total: 0.89194mJ | compute util: 0.65279, memory util: 1, Op/B 367.2, GPU
			down_proj | 3.8794us  | 23893 - 23897 | tensor(209, 1664) -> tensor(209, 16384) | ACT: 0.027459mJ  | RD: 0.76903mJ  | WR: 0.095458mJ  | all_ACT: 0mJ  | all_RD: 0mJ  | all_WR: 0mJ  | MAC: 2.6211mJ  | Total: 0.89194mJ | compute util: 0, memory util: 0, Op/B 367.2
				Linear | 3.8794us  | 23893 - 23897 | tensor(209, 1664) -> tensor(209, 16384) | ACT: 0.027459mJ  | RD: 0.76903mJ  | WR: 0.095458mJ  | all_ACT: 0mJ  | all_RD: 0mJ  | all_WR: 0mJ  | MAC: 2.6211mJ  | Total: 0.89194mJ | compute util: 0.65279, memory util: 1, Op/B 367.2, GPU
		all_reduce | 74.405us  | 23897 - 23971 | tensor(209, 16384) -> tensor(209, 16384) | ACT: 0mJ  | RD: 0mJ  | WR: 0mJ  | all_ACT: 0mJ  | all_RD: 0mJ  | all_WR: 0mJ  | MAC: 0mJ  | Total: 0mJ | compute util: 0, memory util: 0, Op/B 0
		residual_1 | 1.2841us  | 23971 - 23972 | tensor(209, 16384) -> tensor(209, 16384) | ACT: 0mJ  | RD: 0mJ  | WR: 0mJ  | all_ACT: 0mJ  | all_RD: 0mJ  | all_WR: 0mJ  | MAC: 0mJ  | Total: 0mJ | compute util: 0, memory util: 0, Op/B 0
	decoder_21 | 1137.9us  | 23972 - 25110 | tensor(209, 16384) -> tensor(209, 16384) | ACT: 1.3378mJ  | RD: 41.766mJ  | WR: 0.22376mJ  | all_ACT: 0mJ  | all_RD: 0mJ  | all_WR: 0mJ  | MAC: 1007.7mJ  | Total: 43.327mJ | compute util: 0, memory util: 0, Op/B 2903.9
		input_layer_norm | 0.85811us  | 23972 - 23973 | tensor(209, 16384) -> tensor(209, 16384) | ACT: 0mJ  | RD: 0mJ  | WR: 0mJ  | all_ACT: 0mJ  | all_RD: 0mJ  | all_WR: 0mJ  | MAC: 0mJ  | Total: 0mJ | compute util: 0, memory util: 0, Op/B 0
		attention | 1047.4us  | 23973 - 25021 | tensor(209, 16384) -> tensor(209, 16384) | ACT: 1.2547mJ  | RD: 39.268mJ  | WR: 0.09888mJ  | all_ACT: 0mJ  | all_RD: 0mJ  | all_WR: 0mJ  | MAC: 999.85mJ  | Total: 40.621mJ | compute util: 0, memory util: 0, Op/B 3073
			attn_qkv_proj | 1.6227us  | 23973 - 23975 | tensor(209, 16384) -> tensor(209, 576) | ACT: 0.011519mJ  | RD: 0.35834mJ  | WR: 0.0034214mJ  | all_ACT: 0mJ  | all_RD: 0mJ  | all_WR: 0mJ  | MAC: 0.90729mJ  | Total: 0.37328mJ | compute util: 0, memory util: 0, Op/B 303.87
				Linear | 1.6227us  | 23973 - 23975 | tensor(209, 16384) -> tensor(209, 576) | ACT: 0.011519mJ  | RD: 0.35834mJ  | WR: 0.0034214mJ  | all_ACT: 0mJ  | all_RD: 0mJ  | all_WR: 0mJ  | MAC: 0.90729mJ  | Total: 0.37328mJ | compute util: 0.54021, memory util: 1, Op/B 303.87, GPU
			self_attention | 969.9us  | 23975 - 24945 | tensor(209, 576) -> tensor(209, 512) | ACT: 1.2326mJ  | RD: 38.672mJ  | WR: 0mJ  | all_ACT: 0mJ  | all_RD: 0mJ  | all_WR: 0mJ  | MAC: 998.14mJ  | Total: 39.905mJ | compute util: 0, memory util: 0, Op/B 3122.7
				AttentionSplit | 0us  | 23975 - 23975 | tensor(209, 576) -> tensor(0, 768) tensor(209, 768) | ACT: 0mJ  | RD: 0mJ  | WR: 0mJ  | all_ACT: 0mJ  | all_RD: 0mJ  | all_WR: 0mJ  | MAC: 0mJ  | Total: 0mJ | compute util: 0, memory util: 0, Op/B 0
				AttentionSum | 0us  | 23975 - 23975 | tensor(0, 768) -> tensor(0, 2048) | ACT: 0mJ  | RD: 0mJ  | WR: 0mJ  | all_ACT: 0mJ  | all_RD: 0mJ  | all_WR: 0mJ  | MAC: 0mJ  | Total: 0mJ | compute util: 0, memory util: 0, Op/B 0, GPU
				AttentionGen | 964.39us  | 23975 - 24939 | tensor(209, 768) -> tensor(209, 2048) | ACT: 1.2326mJ  | RD: 38.672mJ  | WR: 0mJ  | all_ACT: 0mJ  | all_RD: 0mJ  | all_WR: 0mJ  | MAC: 998.14mJ  | Total: 39.905mJ | compute util: 1, memory util: 0.18013, Op/B 3122.7, GPU
				context_merge | 5.5134us  | 24939 - 24945 | tensor(209, 2048) -> tensor(209, 2048) | ACT: 0mJ  | RD: 0mJ  | WR: 0mJ  | all_ACT: 0mJ  | all_RD: 0mJ  | all_WR: 0mJ  | MAC: 0mJ  | Total: 0mJ | compute util: 0, memory util: 0, Op/B 0
				AttentionMerge | 0us  | 24945 - 24945 | tensor(0, 2048) tensor(209, 2048) -> tensor(209, 512) | ACT: 0mJ  | RD: 0mJ  | WR: 0mJ  | all_ACT: 0mJ  | all_RD: 0mJ  | all_WR: 0mJ  | MAC: 0mJ  | Total: 0mJ | compute util: 0, memory util: 0, Op/B 0
			attn_o_proj | 1.49us  | 24945 - 24946 | tensor(209, 512) -> tensor(209, 16384) | ACT: 0.010588mJ  | RD: 0.23688mJ  | WR: 0.095458mJ  | all_ACT: 0mJ  | all_RD: 0mJ  | all_WR: 0mJ  | MAC: 0.80648mJ  | Total: 0.34292mJ | compute util: 0, memory util: 0, Op/B 294.17
				Linear | 1.49us  | 24945 - 24946 | tensor(209, 512) -> tensor(209, 16384) | ACT: 0.010588mJ  | RD: 0.23688mJ  | WR: 0.095458mJ  | all_ACT: 0mJ  | all_RD: 0mJ  | all_WR: 0mJ  | MAC: 0.80648mJ  | Total: 0.34292mJ | compute util: 0.52296, memory util: 1, Op/B 294.17, GPU
			all_reduce | 74.405us  | 24946 - 25021 | tensor(209, 16384) -> tensor(209, 16384) | ACT: 0mJ  | RD: 0mJ  | WR: 0mJ  | all_ACT: 0mJ  | all_RD: 0mJ  | all_WR: 0mJ  | MAC: 0mJ  | Total: 0mJ | compute util: 0, memory util: 0, Op/B 0
		residual_1 | 1.2841us  | 25021 - 25022 | tensor(209, 16384) -> tensor(209, 16384) | ACT: 0mJ  | RD: 0mJ  | WR: 0mJ  | all_ACT: 0mJ  | all_RD: 0mJ  | all_WR: 0mJ  | MAC: 0mJ  | Total: 0mJ | compute util: 0, memory util: 0, Op/B 0
		post_attn_layer_norm | 0.85811us  | 25022 - 25023 | tensor(209, 16384) -> tensor(209, 16384) | ACT: 0mJ  | RD: 0mJ  | WR: 0mJ  | all_ACT: 0mJ  | all_RD: 0mJ  | all_WR: 0mJ  | MAC: 0mJ  | Total: 0mJ | compute util: 0, memory util: 0, Op/B 0
		feedforward | 11.769us  | 25023 - 25035 | tensor(209, 16384) -> tensor(209, 16384) | ACT: 0.083075mJ  | RD: 2.498mJ  | WR: 0.12488mJ  | all_ACT: 0mJ  | all_RD: 0mJ  | all_WR: 0mJ  | MAC: 7.8632mJ  | Total: 2.706mJ | compute util: 0, memory util: 0, Op/B 363.13
			gate_proj | 3.8794us  | 25023 - 25027 | tensor(209, 16384) -> tensor(209, 1664) | ACT: 0.027459mJ  | RD: 0.85468mJ  | WR: 0.0098081mJ  | all_ACT: 0mJ  | all_RD: 0mJ  | all_WR: 0mJ  | MAC: 2.6211mJ  | Total: 0.89194mJ | compute util: 0, memory util: 0, Op/B 367.2
				Linear | 3.8794us  | 25023 - 25027 | tensor(209, 16384) -> tensor(209, 1664) | ACT: 0.027459mJ  | RD: 0.85468mJ  | WR: 0.0098081mJ  | all_ACT: 0mJ  | all_RD: 0mJ  | all_WR: 0mJ  | MAC: 2.6211mJ  | Total: 0.89194mJ | compute util: 0.65279, memory util: 1, Op/B 367.2, GPU
			activation | 0.13042us  | 25027 - 25027 | tensor(209, 1664) -> tensor(209, 1664) | ACT: 0.00069811mJ  | RD: 0.019616mJ  | WR: 0.0098081mJ  | all_ACT: 0mJ  | all_RD: 0mJ  | all_WR: 0mJ  | MAC: 0mJ  | Total: 0.030122mJ | compute util: 0, memory util: 1, Op/B 0, GPU
			up_proj | 3.8794us  | 25027 - 25031 | tensor(209, 16384) -> tensor(209, 1664) | ACT: 0.027459mJ  | RD: 0.85468mJ  | WR: 0.0098081mJ  | all_ACT: 0mJ  | all_RD: 0mJ  | all_WR: 0mJ  | MAC: 2.6211mJ  | Total: 0.89194mJ | compute util: 0, memory util: 0, Op/B 367.2
				Linear | 3.8794us  | 25027 - 25031 | tensor(209, 16384) -> tensor(209, 1664) | ACT: 0.027459mJ  | RD: 0.85468mJ  | WR: 0.0098081mJ  | all_ACT: 0mJ  | all_RD: 0mJ  | all_WR: 0mJ  | MAC: 2.6211mJ  | Total: 0.89194mJ | compute util: 0.65279, memory util: 1, Op/B 367.2, GPU
			down_proj | 3.8794us  | 25031 - 25035 | tensor(209, 1664) -> tensor(209, 16384) | ACT: 0.027459mJ  | RD: 0.76903mJ  | WR: 0.095458mJ  | all_ACT: 0mJ  | all_RD: 0mJ  | all_WR: 0mJ  | MAC: 2.6211mJ  | Total: 0.89194mJ | compute util: 0, memory util: 0, Op/B 367.2
				Linear | 3.8794us  | 25031 - 25035 | tensor(209, 1664) -> tensor(209, 16384) | ACT: 0.027459mJ  | RD: 0.76903mJ  | WR: 0.095458mJ  | all_ACT: 0mJ  | all_RD: 0mJ  | all_WR: 0mJ  | MAC: 2.6211mJ  | Total: 0.89194mJ | compute util: 0.65279, memory util: 1, Op/B 367.2, GPU
		all_reduce | 74.405us  | 25035 - 25109 | tensor(209, 16384) -> tensor(209, 16384) | ACT: 0mJ  | RD: 0mJ  | WR: 0mJ  | all_ACT: 0mJ  | all_RD: 0mJ  | all_WR: 0mJ  | MAC: 0mJ  | Total: 0mJ | compute util: 0, memory util: 0, Op/B 0
		residual_1 | 1.2841us  | 25109 - 25110 | tensor(209, 16384) -> tensor(209, 16384) | ACT: 0mJ  | RD: 0mJ  | WR: 0mJ  | all_ACT: 0mJ  | all_RD: 0mJ  | all_WR: 0mJ  | MAC: 0mJ  | Total: 0mJ | compute util: 0, memory util: 0, Op/B 0
	decoder_22 | 1144.9us  | 25110 - 26255 | tensor(209, 16384) -> tensor(209, 16384) | ACT: 1.3378mJ  | RD: 41.766mJ  | WR: 0.22376mJ  | all_ACT: 0mJ  | all_RD: 0mJ  | all_WR: 0mJ  | MAC: 1007.7mJ  | Total: 43.327mJ | compute util: 0, memory util: 0, Op/B 2903.9
		input_layer_norm | 0.85811us  | 25110 - 25111 | tensor(209, 16384) -> tensor(209, 16384) | ACT: 0mJ  | RD: 0mJ  | WR: 0mJ  | all_ACT: 0mJ  | all_RD: 0mJ  | all_WR: 0mJ  | MAC: 0mJ  | Total: 0mJ | compute util: 0, memory util: 0, Op/B 0
		attention | 1054.4us  | 25111 - 26166 | tensor(209, 16384) -> tensor(209, 16384) | ACT: 1.2547mJ  | RD: 39.268mJ  | WR: 0.09888mJ  | all_ACT: 0mJ  | all_RD: 0mJ  | all_WR: 0mJ  | MAC: 999.85mJ  | Total: 40.621mJ | compute util: 0, memory util: 0, Op/B 3073
			attn_qkv_proj | 1.6227us  | 25111 - 25113 | tensor(209, 16384) -> tensor(209, 576) | ACT: 0.011519mJ  | RD: 0.35834mJ  | WR: 0.0034214mJ  | all_ACT: 0mJ  | all_RD: 0mJ  | all_WR: 0mJ  | MAC: 0.90729mJ  | Total: 0.37328mJ | compute util: 0, memory util: 0, Op/B 303.87
				Linear | 1.6227us  | 25111 - 25113 | tensor(209, 16384) -> tensor(209, 576) | ACT: 0.011519mJ  | RD: 0.35834mJ  | WR: 0.0034214mJ  | all_ACT: 0mJ  | all_RD: 0mJ  | all_WR: 0mJ  | MAC: 0.90729mJ  | Total: 0.37328mJ | compute util: 0.54021, memory util: 1, Op/B 303.87, GPU
			self_attention | 976.9us  | 25113 - 26090 | tensor(209, 576) -> tensor(209, 512) | ACT: 1.2326mJ  | RD: 38.672mJ  | WR: 0mJ  | all_ACT: 0mJ  | all_RD: 0mJ  | all_WR: 0mJ  | MAC: 998.14mJ  | Total: 39.905mJ | compute util: 0, memory util: 0, Op/B 3122.7
				AttentionSplit | 0us  | 25113 - 25113 | tensor(209, 576) -> tensor(0, 768) tensor(209, 768) | ACT: 0mJ  | RD: 0mJ  | WR: 0mJ  | all_ACT: 0mJ  | all_RD: 0mJ  | all_WR: 0mJ  | MAC: 0mJ  | Total: 0mJ | compute util: 0, memory util: 0, Op/B 0
				AttentionSum | 0us  | 25113 - 25113 | tensor(0, 768) -> tensor(0, 2048) | ACT: 0mJ  | RD: 0mJ  | WR: 0mJ  | all_ACT: 0mJ  | all_RD: 0mJ  | all_WR: 0mJ  | MAC: 0mJ  | Total: 0mJ | compute util: 0, memory util: 0, Op/B 0, GPU
				AttentionGen | 964.39us  | 25113 - 26077 | tensor(209, 768) -> tensor(209, 2048) | ACT: 1.2326mJ  | RD: 38.672mJ  | WR: 0mJ  | all_ACT: 0mJ  | all_RD: 0mJ  | all_WR: 0mJ  | MAC: 998.14mJ  | Total: 39.905mJ | compute util: 1, memory util: 0.18013, Op/B 3122.7, GPU
				context_merge | 12.517us  | 26077 - 26090 | tensor(209, 2048) -> tensor(209, 2048) | ACT: 0mJ  | RD: 0mJ  | WR: 0mJ  | all_ACT: 0mJ  | all_RD: 0mJ  | all_WR: 0mJ  | MAC: 0mJ  | Total: 0mJ | compute util: 0, memory util: 0, Op/B 0
				AttentionMerge | 0us  | 26090 - 26090 | tensor(0, 2048) tensor(209, 2048) -> tensor(209, 512) | ACT: 0mJ  | RD: 0mJ  | WR: 0mJ  | all_ACT: 0mJ  | all_RD: 0mJ  | all_WR: 0mJ  | MAC: 0mJ  | Total: 0mJ | compute util: 0, memory util: 0, Op/B 0
			attn_o_proj | 1.49us  | 26090 - 26091 | tensor(209, 512) -> tensor(209, 16384) | ACT: 0.010588mJ  | RD: 0.23688mJ  | WR: 0.095458mJ  | all_ACT: 0mJ  | all_RD: 0mJ  | all_WR: 0mJ  | MAC: 0.80648mJ  | Total: 0.34292mJ | compute util: 0, memory util: 0, Op/B 294.17
				Linear | 1.49us  | 26090 - 26091 | tensor(209, 512) -> tensor(209, 16384) | ACT: 0.010588mJ  | RD: 0.23688mJ  | WR: 0.095458mJ  | all_ACT: 0mJ  | all_RD: 0mJ  | all_WR: 0mJ  | MAC: 0.80648mJ  | Total: 0.34292mJ | compute util: 0.52296, memory util: 1, Op/B 294.17, GPU
			all_reduce | 74.405us  | 26091 - 26166 | tensor(209, 16384) -> tensor(209, 16384) | ACT: 0mJ  | RD: 0mJ  | WR: 0mJ  | all_ACT: 0mJ  | all_RD: 0mJ  | all_WR: 0mJ  | MAC: 0mJ  | Total: 0mJ | compute util: 0, memory util: 0, Op/B 0
		residual_1 | 1.2841us  | 26166 - 26167 | tensor(209, 16384) -> tensor(209, 16384) | ACT: 0mJ  | RD: 0mJ  | WR: 0mJ  | all_ACT: 0mJ  | all_RD: 0mJ  | all_WR: 0mJ  | MAC: 0mJ  | Total: 0mJ | compute util: 0, memory util: 0, Op/B 0
		post_attn_layer_norm | 0.85811us  | 26167 - 26168 | tensor(209, 16384) -> tensor(209, 16384) | ACT: 0mJ  | RD: 0mJ  | WR: 0mJ  | all_ACT: 0mJ  | all_RD: 0mJ  | all_WR: 0mJ  | MAC: 0mJ  | Total: 0mJ | compute util: 0, memory util: 0, Op/B 0
		feedforward | 11.769us  | 26168 - 26180 | tensor(209, 16384) -> tensor(209, 16384) | ACT: 0.083075mJ  | RD: 2.498mJ  | WR: 0.12488mJ  | all_ACT: 0mJ  | all_RD: 0mJ  | all_WR: 0mJ  | MAC: 7.8632mJ  | Total: 2.706mJ | compute util: 0, memory util: 0, Op/B 363.13
			gate_proj | 3.8794us  | 26168 - 26172 | tensor(209, 16384) -> tensor(209, 1664) | ACT: 0.027459mJ  | RD: 0.85468mJ  | WR: 0.0098081mJ  | all_ACT: 0mJ  | all_RD: 0mJ  | all_WR: 0mJ  | MAC: 2.6211mJ  | Total: 0.89194mJ | compute util: 0, memory util: 0, Op/B 367.2
				Linear | 3.8794us  | 26168 - 26172 | tensor(209, 16384) -> tensor(209, 1664) | ACT: 0.027459mJ  | RD: 0.85468mJ  | WR: 0.0098081mJ  | all_ACT: 0mJ  | all_RD: 0mJ  | all_WR: 0mJ  | MAC: 2.6211mJ  | Total: 0.89194mJ | compute util: 0.65279, memory util: 1, Op/B 367.2, GPU
			activation | 0.13042us  | 26172 - 26172 | tensor(209, 1664) -> tensor(209, 1664) | ACT: 0.00069811mJ  | RD: 0.019616mJ  | WR: 0.0098081mJ  | all_ACT: 0mJ  | all_RD: 0mJ  | all_WR: 0mJ  | MAC: 0mJ  | Total: 0.030122mJ | compute util: 0, memory util: 1, Op/B 0, GPU
			up_proj | 3.8794us  | 26172 - 26176 | tensor(209, 16384) -> tensor(209, 1664) | ACT: 0.027459mJ  | RD: 0.85468mJ  | WR: 0.0098081mJ  | all_ACT: 0mJ  | all_RD: 0mJ  | all_WR: 0mJ  | MAC: 2.6211mJ  | Total: 0.89194mJ | compute util: 0, memory util: 0, Op/B 367.2
				Linear | 3.8794us  | 26172 - 26176 | tensor(209, 16384) -> tensor(209, 1664) | ACT: 0.027459mJ  | RD: 0.85468mJ  | WR: 0.0098081mJ  | all_ACT: 0mJ  | all_RD: 0mJ  | all_WR: 0mJ  | MAC: 2.6211mJ  | Total: 0.89194mJ | compute util: 0.65279, memory util: 1, Op/B 367.2, GPU
			down_proj | 3.8794us  | 26176 - 26180 | tensor(209, 1664) -> tensor(209, 16384) | ACT: 0.027459mJ  | RD: 0.76903mJ  | WR: 0.095458mJ  | all_ACT: 0mJ  | all_RD: 0mJ  | all_WR: 0mJ  | MAC: 2.6211mJ  | Total: 0.89194mJ | compute util: 0, memory util: 0, Op/B 367.2
				Linear | 3.8794us  | 26176 - 26180 | tensor(209, 1664) -> tensor(209, 16384) | ACT: 0.027459mJ  | RD: 0.76903mJ  | WR: 0.095458mJ  | all_ACT: 0mJ  | all_RD: 0mJ  | all_WR: 0mJ  | MAC: 2.6211mJ  | Total: 0.89194mJ | compute util: 0.65279, memory util: 1, Op/B 367.2, GPU
		all_reduce | 74.405us  | 26180 - 26254 | tensor(209, 16384) -> tensor(209, 16384) | ACT: 0mJ  | RD: 0mJ  | WR: 0mJ  | all_ACT: 0mJ  | all_RD: 0mJ  | all_WR: 0mJ  | MAC: 0mJ  | Total: 0mJ | compute util: 0, memory util: 0, Op/B 0
		residual_1 | 1.2841us  | 26254 - 26255 | tensor(209, 16384) -> tensor(209, 16384) | ACT: 0mJ  | RD: 0mJ  | WR: 0mJ  | all_ACT: 0mJ  | all_RD: 0mJ  | all_WR: 0mJ  | MAC: 0mJ  | Total: 0mJ | compute util: 0, memory util: 0, Op/B 0
	decoder_23 | 1137.9us  | 26255 - 27393 | tensor(209, 16384) -> tensor(209, 16384) | ACT: 1.3378mJ  | RD: 41.766mJ  | WR: 0.22376mJ  | all_ACT: 0mJ  | all_RD: 0mJ  | all_WR: 0mJ  | MAC: 1007.7mJ  | Total: 43.327mJ | compute util: 0, memory util: 0, Op/B 2903.9
		input_layer_norm | 0.85811us  | 26255 - 26256 | tensor(209, 16384) -> tensor(209, 16384) | ACT: 0mJ  | RD: 0mJ  | WR: 0mJ  | all_ACT: 0mJ  | all_RD: 0mJ  | all_WR: 0mJ  | MAC: 0mJ  | Total: 0mJ | compute util: 0, memory util: 0, Op/B 0
		attention | 1047.4us  | 26256 - 27303 | tensor(209, 16384) -> tensor(209, 16384) | ACT: 1.2547mJ  | RD: 39.268mJ  | WR: 0.09888mJ  | all_ACT: 0mJ  | all_RD: 0mJ  | all_WR: 0mJ  | MAC: 999.85mJ  | Total: 40.621mJ | compute util: 0, memory util: 0, Op/B 3073
			attn_qkv_proj | 1.6227us  | 26256 - 26258 | tensor(209, 16384) -> tensor(209, 576) | ACT: 0.011519mJ  | RD: 0.35834mJ  | WR: 0.0034214mJ  | all_ACT: 0mJ  | all_RD: 0mJ  | all_WR: 0mJ  | MAC: 0.90729mJ  | Total: 0.37328mJ | compute util: 0, memory util: 0, Op/B 303.87
				Linear | 1.6227us  | 26256 - 26258 | tensor(209, 16384) -> tensor(209, 576) | ACT: 0.011519mJ  | RD: 0.35834mJ  | WR: 0.0034214mJ  | all_ACT: 0mJ  | all_RD: 0mJ  | all_WR: 0mJ  | MAC: 0.90729mJ  | Total: 0.37328mJ | compute util: 0.54021, memory util: 1, Op/B 303.87, GPU
			self_attention | 969.9us  | 26258 - 27228 | tensor(209, 576) -> tensor(209, 512) | ACT: 1.2326mJ  | RD: 38.672mJ  | WR: 0mJ  | all_ACT: 0mJ  | all_RD: 0mJ  | all_WR: 0mJ  | MAC: 998.14mJ  | Total: 39.905mJ | compute util: 0, memory util: 0, Op/B 3122.7
				AttentionSplit | 0us  | 26258 - 26258 | tensor(209, 576) -> tensor(0, 768) tensor(209, 768) | ACT: 0mJ  | RD: 0mJ  | WR: 0mJ  | all_ACT: 0mJ  | all_RD: 0mJ  | all_WR: 0mJ  | MAC: 0mJ  | Total: 0mJ | compute util: 0, memory util: 0, Op/B 0
				AttentionSum | 0us  | 26258 - 26258 | tensor(0, 768) -> tensor(0, 2048) | ACT: 0mJ  | RD: 0mJ  | WR: 0mJ  | all_ACT: 0mJ  | all_RD: 0mJ  | all_WR: 0mJ  | MAC: 0mJ  | Total: 0mJ | compute util: 0, memory util: 0, Op/B 0, GPU
				AttentionGen | 964.39us  | 26258 - 27222 | tensor(209, 768) -> tensor(209, 2048) | ACT: 1.2326mJ  | RD: 38.672mJ  | WR: 0mJ  | all_ACT: 0mJ  | all_RD: 0mJ  | all_WR: 0mJ  | MAC: 998.14mJ  | Total: 39.905mJ | compute util: 1, memory util: 0.18013, Op/B 3122.7, GPU
				context_merge | 5.5134us  | 27222 - 27228 | tensor(209, 2048) -> tensor(209, 2048) | ACT: 0mJ  | RD: 0mJ  | WR: 0mJ  | all_ACT: 0mJ  | all_RD: 0mJ  | all_WR: 0mJ  | MAC: 0mJ  | Total: 0mJ | compute util: 0, memory util: 0, Op/B 0
				AttentionMerge | 0us  | 27228 - 27228 | tensor(0, 2048) tensor(209, 2048) -> tensor(209, 512) | ACT: 0mJ  | RD: 0mJ  | WR: 0mJ  | all_ACT: 0mJ  | all_RD: 0mJ  | all_WR: 0mJ  | MAC: 0mJ  | Total: 0mJ | compute util: 0, memory util: 0, Op/B 0
			attn_o_proj | 1.49us  | 27228 - 27229 | tensor(209, 512) -> tensor(209, 16384) | ACT: 0.010588mJ  | RD: 0.23688mJ  | WR: 0.095458mJ  | all_ACT: 0mJ  | all_RD: 0mJ  | all_WR: 0mJ  | MAC: 0.80648mJ  | Total: 0.34292mJ | compute util: 0, memory util: 0, Op/B 294.17
				Linear | 1.49us  | 27228 - 27229 | tensor(209, 512) -> tensor(209, 16384) | ACT: 0.010588mJ  | RD: 0.23688mJ  | WR: 0.095458mJ  | all_ACT: 0mJ  | all_RD: 0mJ  | all_WR: 0mJ  | MAC: 0.80648mJ  | Total: 0.34292mJ | compute util: 0.52296, memory util: 1, Op/B 294.17, GPU
			all_reduce | 74.405us  | 27229 - 27303 | tensor(209, 16384) -> tensor(209, 16384) | ACT: 0mJ  | RD: 0mJ  | WR: 0mJ  | all_ACT: 0mJ  | all_RD: 0mJ  | all_WR: 0mJ  | MAC: 0mJ  | Total: 0mJ | compute util: 0, memory util: 0, Op/B 0
		residual_1 | 1.2841us  | 27303 - 27305 | tensor(209, 16384) -> tensor(209, 16384) | ACT: 0mJ  | RD: 0mJ  | WR: 0mJ  | all_ACT: 0mJ  | all_RD: 0mJ  | all_WR: 0mJ  | MAC: 0mJ  | Total: 0mJ | compute util: 0, memory util: 0, Op/B 0
		post_attn_layer_norm | 0.85811us  | 27305 - 27306 | tensor(209, 16384) -> tensor(209, 16384) | ACT: 0mJ  | RD: 0mJ  | WR: 0mJ  | all_ACT: 0mJ  | all_RD: 0mJ  | all_WR: 0mJ  | MAC: 0mJ  | Total: 0mJ | compute util: 0, memory util: 0, Op/B 0
		feedforward | 11.769us  | 27306 - 27317 | tensor(209, 16384) -> tensor(209, 16384) | ACT: 0.083075mJ  | RD: 2.498mJ  | WR: 0.12488mJ  | all_ACT: 0mJ  | all_RD: 0mJ  | all_WR: 0mJ  | MAC: 7.8632mJ  | Total: 2.706mJ | compute util: 0, memory util: 0, Op/B 363.13
			gate_proj | 3.8794us  | 27306 - 27309 | tensor(209, 16384) -> tensor(209, 1664) | ACT: 0.027459mJ  | RD: 0.85468mJ  | WR: 0.0098081mJ  | all_ACT: 0mJ  | all_RD: 0mJ  | all_WR: 0mJ  | MAC: 2.6211mJ  | Total: 0.89194mJ | compute util: 0, memory util: 0, Op/B 367.2
				Linear | 3.8794us  | 27306 - 27309 | tensor(209, 16384) -> tensor(209, 1664) | ACT: 0.027459mJ  | RD: 0.85468mJ  | WR: 0.0098081mJ  | all_ACT: 0mJ  | all_RD: 0mJ  | all_WR: 0mJ  | MAC: 2.6211mJ  | Total: 0.89194mJ | compute util: 0.65279, memory util: 1, Op/B 367.2, GPU
			activation | 0.13042us  | 27309 - 27310 | tensor(209, 1664) -> tensor(209, 1664) | ACT: 0.00069811mJ  | RD: 0.019616mJ  | WR: 0.0098081mJ  | all_ACT: 0mJ  | all_RD: 0mJ  | all_WR: 0mJ  | MAC: 0mJ  | Total: 0.030122mJ | compute util: 0, memory util: 1, Op/B 0, GPU
			up_proj | 3.8794us  | 27310 - 27314 | tensor(209, 16384) -> tensor(209, 1664) | ACT: 0.027459mJ  | RD: 0.85468mJ  | WR: 0.0098081mJ  | all_ACT: 0mJ  | all_RD: 0mJ  | all_WR: 0mJ  | MAC: 2.6211mJ  | Total: 0.89194mJ | compute util: 0, memory util: 0, Op/B 367.2
				Linear | 3.8794us  | 27310 - 27314 | tensor(209, 16384) -> tensor(209, 1664) | ACT: 0.027459mJ  | RD: 0.85468mJ  | WR: 0.0098081mJ  | all_ACT: 0mJ  | all_RD: 0mJ  | all_WR: 0mJ  | MAC: 2.6211mJ  | Total: 0.89194mJ | compute util: 0.65279, memory util: 1, Op/B 367.2, GPU
			down_proj | 3.8794us  | 27314 - 27317 | tensor(209, 1664) -> tensor(209, 16384) | ACT: 0.027459mJ  | RD: 0.76903mJ  | WR: 0.095458mJ  | all_ACT: 0mJ  | all_RD: 0mJ  | all_WR: 0mJ  | MAC: 2.6211mJ  | Total: 0.89194mJ | compute util: 0, memory util: 0, Op/B 367.2
				Linear | 3.8794us  | 27314 - 27317 | tensor(209, 1664) -> tensor(209, 16384) | ACT: 0.027459mJ  | RD: 0.76903mJ  | WR: 0.095458mJ  | all_ACT: 0mJ  | all_RD: 0mJ  | all_WR: 0mJ  | MAC: 2.6211mJ  | Total: 0.89194mJ | compute util: 0.65279, memory util: 1, Op/B 367.2, GPU
		all_reduce | 74.405us  | 27317 - 27392 | tensor(209, 16384) -> tensor(209, 16384) | ACT: 0mJ  | RD: 0mJ  | WR: 0mJ  | all_ACT: 0mJ  | all_RD: 0mJ  | all_WR: 0mJ  | MAC: 0mJ  | Total: 0mJ | compute util: 0, memory util: 0, Op/B 0
		residual_1 | 1.2841us  | 27392 - 27393 | tensor(209, 16384) -> tensor(209, 16384) | ACT: 0mJ  | RD: 0mJ  | WR: 0mJ  | all_ACT: 0mJ  | all_RD: 0mJ  | all_WR: 0mJ  | MAC: 0mJ  | Total: 0mJ | compute util: 0, memory util: 0, Op/B 0
	decoder_24 | 1144.9us  | 27393 - 28538 | tensor(209, 16384) -> tensor(209, 16384) | ACT: 1.3378mJ  | RD: 41.766mJ  | WR: 0.22376mJ  | all_ACT: 0mJ  | all_RD: 0mJ  | all_WR: 0mJ  | MAC: 1007.7mJ  | Total: 43.327mJ | compute util: 0, memory util: 0, Op/B 2903.9
		input_layer_norm | 0.85811us  | 27393 - 27394 | tensor(209, 16384) -> tensor(209, 16384) | ACT: 0mJ  | RD: 0mJ  | WR: 0mJ  | all_ACT: 0mJ  | all_RD: 0mJ  | all_WR: 0mJ  | MAC: 0mJ  | Total: 0mJ | compute util: 0, memory util: 0, Op/B 0
		attention | 1054.4us  | 27394 - 28448 | tensor(209, 16384) -> tensor(209, 16384) | ACT: 1.2547mJ  | RD: 39.268mJ  | WR: 0.09888mJ  | all_ACT: 0mJ  | all_RD: 0mJ  | all_WR: 0mJ  | MAC: 999.85mJ  | Total: 40.621mJ | compute util: 0, memory util: 0, Op/B 3073
			attn_qkv_proj | 1.6227us  | 27394 - 27396 | tensor(209, 16384) -> tensor(209, 576) | ACT: 0.011519mJ  | RD: 0.35834mJ  | WR: 0.0034214mJ  | all_ACT: 0mJ  | all_RD: 0mJ  | all_WR: 0mJ  | MAC: 0.90729mJ  | Total: 0.37328mJ | compute util: 0, memory util: 0, Op/B 303.87
				Linear | 1.6227us  | 27394 - 27396 | tensor(209, 16384) -> tensor(209, 576) | ACT: 0.011519mJ  | RD: 0.35834mJ  | WR: 0.0034214mJ  | all_ACT: 0mJ  | all_RD: 0mJ  | all_WR: 0mJ  | MAC: 0.90729mJ  | Total: 0.37328mJ | compute util: 0.54021, memory util: 1, Op/B 303.87, GPU
			self_attention | 976.9us  | 27396 - 28372 | tensor(209, 576) -> tensor(209, 512) | ACT: 1.2326mJ  | RD: 38.672mJ  | WR: 0mJ  | all_ACT: 0mJ  | all_RD: 0mJ  | all_WR: 0mJ  | MAC: 998.14mJ  | Total: 39.905mJ | compute util: 0, memory util: 0, Op/B 3122.7
				AttentionSplit | 0us  | 27396 - 27396 | tensor(209, 576) -> tensor(0, 768) tensor(209, 768) | ACT: 0mJ  | RD: 0mJ  | WR: 0mJ  | all_ACT: 0mJ  | all_RD: 0mJ  | all_WR: 0mJ  | MAC: 0mJ  | Total: 0mJ | compute util: 0, memory util: 0, Op/B 0
				AttentionSum | 0us  | 27396 - 27396 | tensor(0, 768) -> tensor(0, 2048) | ACT: 0mJ  | RD: 0mJ  | WR: 0mJ  | all_ACT: 0mJ  | all_RD: 0mJ  | all_WR: 0mJ  | MAC: 0mJ  | Total: 0mJ | compute util: 0, memory util: 0, Op/B 0, GPU
				AttentionGen | 964.39us  | 27396 - 28360 | tensor(209, 768) -> tensor(209, 2048) | ACT: 1.2326mJ  | RD: 38.672mJ  | WR: 0mJ  | all_ACT: 0mJ  | all_RD: 0mJ  | all_WR: 0mJ  | MAC: 998.14mJ  | Total: 39.905mJ | compute util: 1, memory util: 0.18013, Op/B 3122.7, GPU
				context_merge | 12.517us  | 28360 - 28372 | tensor(209, 2048) -> tensor(209, 2048) | ACT: 0mJ  | RD: 0mJ  | WR: 0mJ  | all_ACT: 0mJ  | all_RD: 0mJ  | all_WR: 0mJ  | MAC: 0mJ  | Total: 0mJ | compute util: 0, memory util: 0, Op/B 0
				AttentionMerge | 0us  | 28372 - 28372 | tensor(0, 2048) tensor(209, 2048) -> tensor(209, 512) | ACT: 0mJ  | RD: 0mJ  | WR: 0mJ  | all_ACT: 0mJ  | all_RD: 0mJ  | all_WR: 0mJ  | MAC: 0mJ  | Total: 0mJ | compute util: 0, memory util: 0, Op/B 0
			attn_o_proj | 1.49us  | 28372 - 28374 | tensor(209, 512) -> tensor(209, 16384) | ACT: 0.010588mJ  | RD: 0.23688mJ  | WR: 0.095458mJ  | all_ACT: 0mJ  | all_RD: 0mJ  | all_WR: 0mJ  | MAC: 0.80648mJ  | Total: 0.34292mJ | compute util: 0, memory util: 0, Op/B 294.17
				Linear | 1.49us  | 28372 - 28374 | tensor(209, 512) -> tensor(209, 16384) | ACT: 0.010588mJ  | RD: 0.23688mJ  | WR: 0.095458mJ  | all_ACT: 0mJ  | all_RD: 0mJ  | all_WR: 0mJ  | MAC: 0.80648mJ  | Total: 0.34292mJ | compute util: 0.52296, memory util: 1, Op/B 294.17, GPU
			all_reduce | 74.405us  | 28374 - 28448 | tensor(209, 16384) -> tensor(209, 16384) | ACT: 0mJ  | RD: 0mJ  | WR: 0mJ  | all_ACT: 0mJ  | all_RD: 0mJ  | all_WR: 0mJ  | MAC: 0mJ  | Total: 0mJ | compute util: 0, memory util: 0, Op/B 0
		residual_1 | 1.2841us  | 28448 - 28450 | tensor(209, 16384) -> tensor(209, 16384) | ACT: 0mJ  | RD: 0mJ  | WR: 0mJ  | all_ACT: 0mJ  | all_RD: 0mJ  | all_WR: 0mJ  | MAC: 0mJ  | Total: 0mJ | compute util: 0, memory util: 0, Op/B 0
		post_attn_layer_norm | 0.85811us  | 28450 - 28450 | tensor(209, 16384) -> tensor(209, 16384) | ACT: 0mJ  | RD: 0mJ  | WR: 0mJ  | all_ACT: 0mJ  | all_RD: 0mJ  | all_WR: 0mJ  | MAC: 0mJ  | Total: 0mJ | compute util: 0, memory util: 0, Op/B 0
		feedforward | 11.769us  | 28450 - 28462 | tensor(209, 16384) -> tensor(209, 16384) | ACT: 0.083075mJ  | RD: 2.498mJ  | WR: 0.12488mJ  | all_ACT: 0mJ  | all_RD: 0mJ  | all_WR: 0mJ  | MAC: 7.8632mJ  | Total: 2.706mJ | compute util: 0, memory util: 0, Op/B 363.13
			gate_proj | 3.8794us  | 28450 - 28454 | tensor(209, 16384) -> tensor(209, 1664) | ACT: 0.027459mJ  | RD: 0.85468mJ  | WR: 0.0098081mJ  | all_ACT: 0mJ  | all_RD: 0mJ  | all_WR: 0mJ  | MAC: 2.6211mJ  | Total: 0.89194mJ | compute util: 0, memory util: 0, Op/B 367.2
				Linear | 3.8794us  | 28450 - 28454 | tensor(209, 16384) -> tensor(209, 1664) | ACT: 0.027459mJ  | RD: 0.85468mJ  | WR: 0.0098081mJ  | all_ACT: 0mJ  | all_RD: 0mJ  | all_WR: 0mJ  | MAC: 2.6211mJ  | Total: 0.89194mJ | compute util: 0.65279, memory util: 1, Op/B 367.2, GPU
			activation | 0.13042us  | 28454 - 28455 | tensor(209, 1664) -> tensor(209, 1664) | ACT: 0.00069811mJ  | RD: 0.019616mJ  | WR: 0.0098081mJ  | all_ACT: 0mJ  | all_RD: 0mJ  | all_WR: 0mJ  | MAC: 0mJ  | Total: 0.030122mJ | compute util: 0, memory util: 1, Op/B 0, GPU
			up_proj | 3.8794us  | 28455 - 28458 | tensor(209, 16384) -> tensor(209, 1664) | ACT: 0.027459mJ  | RD: 0.85468mJ  | WR: 0.0098081mJ  | all_ACT: 0mJ  | all_RD: 0mJ  | all_WR: 0mJ  | MAC: 2.6211mJ  | Total: 0.89194mJ | compute util: 0, memory util: 0, Op/B 367.2
				Linear | 3.8794us  | 28455 - 28458 | tensor(209, 16384) -> tensor(209, 1664) | ACT: 0.027459mJ  | RD: 0.85468mJ  | WR: 0.0098081mJ  | all_ACT: 0mJ  | all_RD: 0mJ  | all_WR: 0mJ  | MAC: 2.6211mJ  | Total: 0.89194mJ | compute util: 0.65279, memory util: 1, Op/B 367.2, GPU
			down_proj | 3.8794us  | 28458 - 28462 | tensor(209, 1664) -> tensor(209, 16384) | ACT: 0.027459mJ  | RD: 0.76903mJ  | WR: 0.095458mJ  | all_ACT: 0mJ  | all_RD: 0mJ  | all_WR: 0mJ  | MAC: 2.6211mJ  | Total: 0.89194mJ | compute util: 0, memory util: 0, Op/B 367.2
				Linear | 3.8794us  | 28458 - 28462 | tensor(209, 1664) -> tensor(209, 16384) | ACT: 0.027459mJ  | RD: 0.76903mJ  | WR: 0.095458mJ  | all_ACT: 0mJ  | all_RD: 0mJ  | all_WR: 0mJ  | MAC: 2.6211mJ  | Total: 0.89194mJ | compute util: 0.65279, memory util: 1, Op/B 367.2, GPU
		all_reduce | 74.405us  | 28462 - 28537 | tensor(209, 16384) -> tensor(209, 16384) | ACT: 0mJ  | RD: 0mJ  | WR: 0mJ  | all_ACT: 0mJ  | all_RD: 0mJ  | all_WR: 0mJ  | MAC: 0mJ  | Total: 0mJ | compute util: 0, memory util: 0, Op/B 0
		residual_1 | 1.2841us  | 28537 - 28538 | tensor(209, 16384) -> tensor(209, 16384) | ACT: 0mJ  | RD: 0mJ  | WR: 0mJ  | all_ACT: 0mJ  | all_RD: 0mJ  | all_WR: 0mJ  | MAC: 0mJ  | Total: 0mJ | compute util: 0, memory util: 0, Op/B 0
	decoder_25 | 1137.9us  | 28538 - 29676 | tensor(209, 16384) -> tensor(209, 16384) | ACT: 1.3378mJ  | RD: 41.766mJ  | WR: 0.22376mJ  | all_ACT: 0mJ  | all_RD: 0mJ  | all_WR: 0mJ  | MAC: 1007.7mJ  | Total: 43.327mJ | compute util: 0, memory util: 0, Op/B 2903.9
		input_layer_norm | 0.85811us  | 28538 - 28539 | tensor(209, 16384) -> tensor(209, 16384) | ACT: 0mJ  | RD: 0mJ  | WR: 0mJ  | all_ACT: 0mJ  | all_RD: 0mJ  | all_WR: 0mJ  | MAC: 0mJ  | Total: 0mJ | compute util: 0, memory util: 0, Op/B 0
		attention | 1047.4us  | 28539 - 29586 | tensor(209, 16384) -> tensor(209, 16384) | ACT: 1.2547mJ  | RD: 39.268mJ  | WR: 0.09888mJ  | all_ACT: 0mJ  | all_RD: 0mJ  | all_WR: 0mJ  | MAC: 999.85mJ  | Total: 40.621mJ | compute util: 0, memory util: 0, Op/B 3073
			attn_qkv_proj | 1.6227us  | 28539 - 28540 | tensor(209, 16384) -> tensor(209, 576) | ACT: 0.011519mJ  | RD: 0.35834mJ  | WR: 0.0034214mJ  | all_ACT: 0mJ  | all_RD: 0mJ  | all_WR: 0mJ  | MAC: 0.90729mJ  | Total: 0.37328mJ | compute util: 0, memory util: 0, Op/B 303.87
				Linear | 1.6227us  | 28539 - 28540 | tensor(209, 16384) -> tensor(209, 576) | ACT: 0.011519mJ  | RD: 0.35834mJ  | WR: 0.0034214mJ  | all_ACT: 0mJ  | all_RD: 0mJ  | all_WR: 0mJ  | MAC: 0.90729mJ  | Total: 0.37328mJ | compute util: 0.54021, memory util: 1, Op/B 303.87, GPU
			self_attention | 969.9us  | 28540 - 29510 | tensor(209, 576) -> tensor(209, 512) | ACT: 1.2326mJ  | RD: 38.672mJ  | WR: 0mJ  | all_ACT: 0mJ  | all_RD: 0mJ  | all_WR: 0mJ  | MAC: 998.14mJ  | Total: 39.905mJ | compute util: 0, memory util: 0, Op/B 3122.7
				AttentionSplit | 0us  | 28540 - 28540 | tensor(209, 576) -> tensor(0, 768) tensor(209, 768) | ACT: 0mJ  | RD: 0mJ  | WR: 0mJ  | all_ACT: 0mJ  | all_RD: 0mJ  | all_WR: 0mJ  | MAC: 0mJ  | Total: 0mJ | compute util: 0, memory util: 0, Op/B 0
				AttentionSum | 0us  | 28540 - 28540 | tensor(0, 768) -> tensor(0, 2048) | ACT: 0mJ  | RD: 0mJ  | WR: 0mJ  | all_ACT: 0mJ  | all_RD: 0mJ  | all_WR: 0mJ  | MAC: 0mJ  | Total: 0mJ | compute util: 0, memory util: 0, Op/B 0, GPU
				AttentionGen | 964.39us  | 28540 - 29505 | tensor(209, 768) -> tensor(209, 2048) | ACT: 1.2326mJ  | RD: 38.672mJ  | WR: 0mJ  | all_ACT: 0mJ  | all_RD: 0mJ  | all_WR: 0mJ  | MAC: 998.14mJ  | Total: 39.905mJ | compute util: 1, memory util: 0.18013, Op/B 3122.7, GPU
				context_merge | 5.5134us  | 29505 - 29510 | tensor(209, 2048) -> tensor(209, 2048) | ACT: 0mJ  | RD: 0mJ  | WR: 0mJ  | all_ACT: 0mJ  | all_RD: 0mJ  | all_WR: 0mJ  | MAC: 0mJ  | Total: 0mJ | compute util: 0, memory util: 0, Op/B 0
				AttentionMerge | 0us  | 29510 - 29510 | tensor(0, 2048) tensor(209, 2048) -> tensor(209, 512) | ACT: 0mJ  | RD: 0mJ  | WR: 0mJ  | all_ACT: 0mJ  | all_RD: 0mJ  | all_WR: 0mJ  | MAC: 0mJ  | Total: 0mJ | compute util: 0, memory util: 0, Op/B 0
			attn_o_proj | 1.49us  | 29510 - 29512 | tensor(209, 512) -> tensor(209, 16384) | ACT: 0.010588mJ  | RD: 0.23688mJ  | WR: 0.095458mJ  | all_ACT: 0mJ  | all_RD: 0mJ  | all_WR: 0mJ  | MAC: 0.80648mJ  | Total: 0.34292mJ | compute util: 0, memory util: 0, Op/B 294.17
				Linear | 1.49us  | 29510 - 29512 | tensor(209, 512) -> tensor(209, 16384) | ACT: 0.010588mJ  | RD: 0.23688mJ  | WR: 0.095458mJ  | all_ACT: 0mJ  | all_RD: 0mJ  | all_WR: 0mJ  | MAC: 0.80648mJ  | Total: 0.34292mJ | compute util: 0.52296, memory util: 1, Op/B 294.17, GPU
			all_reduce | 74.405us  | 29512 - 29586 | tensor(209, 16384) -> tensor(209, 16384) | ACT: 0mJ  | RD: 0mJ  | WR: 0mJ  | all_ACT: 0mJ  | all_RD: 0mJ  | all_WR: 0mJ  | MAC: 0mJ  | Total: 0mJ | compute util: 0, memory util: 0, Op/B 0
		residual_1 | 1.2841us  | 29586 - 29588 | tensor(209, 16384) -> tensor(209, 16384) | ACT: 0mJ  | RD: 0mJ  | WR: 0mJ  | all_ACT: 0mJ  | all_RD: 0mJ  | all_WR: 0mJ  | MAC: 0mJ  | Total: 0mJ | compute util: 0, memory util: 0, Op/B 0
		post_attn_layer_norm | 0.85811us  | 29588 - 29588 | tensor(209, 16384) -> tensor(209, 16384) | ACT: 0mJ  | RD: 0mJ  | WR: 0mJ  | all_ACT: 0mJ  | all_RD: 0mJ  | all_WR: 0mJ  | MAC: 0mJ  | Total: 0mJ | compute util: 0, memory util: 0, Op/B 0
		feedforward | 11.769us  | 29588 - 29600 | tensor(209, 16384) -> tensor(209, 16384) | ACT: 0.083075mJ  | RD: 2.498mJ  | WR: 0.12488mJ  | all_ACT: 0mJ  | all_RD: 0mJ  | all_WR: 0mJ  | MAC: 7.8632mJ  | Total: 2.706mJ | compute util: 0, memory util: 0, Op/B 363.13
			gate_proj | 3.8794us  | 29588 - 29592 | tensor(209, 16384) -> tensor(209, 1664) | ACT: 0.027459mJ  | RD: 0.85468mJ  | WR: 0.0098081mJ  | all_ACT: 0mJ  | all_RD: 0mJ  | all_WR: 0mJ  | MAC: 2.6211mJ  | Total: 0.89194mJ | compute util: 0, memory util: 0, Op/B 367.2
				Linear | 3.8794us  | 29588 - 29592 | tensor(209, 16384) -> tensor(209, 1664) | ACT: 0.027459mJ  | RD: 0.85468mJ  | WR: 0.0098081mJ  | all_ACT: 0mJ  | all_RD: 0mJ  | all_WR: 0mJ  | MAC: 2.6211mJ  | Total: 0.89194mJ | compute util: 0.65279, memory util: 1, Op/B 367.2, GPU
			activation | 0.13042us  | 29592 - 29592 | tensor(209, 1664) -> tensor(209, 1664) | ACT: 0.00069811mJ  | RD: 0.019616mJ  | WR: 0.0098081mJ  | all_ACT: 0mJ  | all_RD: 0mJ  | all_WR: 0mJ  | MAC: 0mJ  | Total: 0.030122mJ | compute util: 0, memory util: 1, Op/B 0, GPU
			up_proj | 3.8794us  | 29592 - 29596 | tensor(209, 16384) -> tensor(209, 1664) | ACT: 0.027459mJ  | RD: 0.85468mJ  | WR: 0.0098081mJ  | all_ACT: 0mJ  | all_RD: 0mJ  | all_WR: 0mJ  | MAC: 2.6211mJ  | Total: 0.89194mJ | compute util: 0, memory util: 0, Op/B 367.2
				Linear | 3.8794us  | 29592 - 29596 | tensor(209, 16384) -> tensor(209, 1664) | ACT: 0.027459mJ  | RD: 0.85468mJ  | WR: 0.0098081mJ  | all_ACT: 0mJ  | all_RD: 0mJ  | all_WR: 0mJ  | MAC: 2.6211mJ  | Total: 0.89194mJ | compute util: 0.65279, memory util: 1, Op/B 367.2, GPU
			down_proj | 3.8794us  | 29596 - 29600 | tensor(209, 1664) -> tensor(209, 16384) | ACT: 0.027459mJ  | RD: 0.76903mJ  | WR: 0.095458mJ  | all_ACT: 0mJ  | all_RD: 0mJ  | all_WR: 0mJ  | MAC: 2.6211mJ  | Total: 0.89194mJ | compute util: 0, memory util: 0, Op/B 367.2
				Linear | 3.8794us  | 29596 - 29600 | tensor(209, 1664) -> tensor(209, 16384) | ACT: 0.027459mJ  | RD: 0.76903mJ  | WR: 0.095458mJ  | all_ACT: 0mJ  | all_RD: 0mJ  | all_WR: 0mJ  | MAC: 2.6211mJ  | Total: 0.89194mJ | compute util: 0.65279, memory util: 1, Op/B 367.2, GPU
		all_reduce | 74.405us  | 29600 - 29675 | tensor(209, 16384) -> tensor(209, 16384) | ACT: 0mJ  | RD: 0mJ  | WR: 0mJ  | all_ACT: 0mJ  | all_RD: 0mJ  | all_WR: 0mJ  | MAC: 0mJ  | Total: 0mJ | compute util: 0, memory util: 0, Op/B 0
		residual_1 | 1.2841us  | 29675 - 29676 | tensor(209, 16384) -> tensor(209, 16384) | ACT: 0mJ  | RD: 0mJ  | WR: 0mJ  | all_ACT: 0mJ  | all_RD: 0mJ  | all_WR: 0mJ  | MAC: 0mJ  | Total: 0mJ | compute util: 0, memory util: 0, Op/B 0
	decoder_26 | 1144.9us  | 29676 - 30821 | tensor(209, 16384) -> tensor(209, 16384) | ACT: 1.3378mJ  | RD: 41.766mJ  | WR: 0.22376mJ  | all_ACT: 0mJ  | all_RD: 0mJ  | all_WR: 0mJ  | MAC: 1007.7mJ  | Total: 43.327mJ | compute util: 0, memory util: 0, Op/B 2903.9
		input_layer_norm | 0.85811us  | 29676 - 29677 | tensor(209, 16384) -> tensor(209, 16384) | ACT: 0mJ  | RD: 0mJ  | WR: 0mJ  | all_ACT: 0mJ  | all_RD: 0mJ  | all_WR: 0mJ  | MAC: 0mJ  | Total: 0mJ | compute util: 0, memory util: 0, Op/B 0
		attention | 1054.4us  | 29677 - 30731 | tensor(209, 16384) -> tensor(209, 16384) | ACT: 1.2547mJ  | RD: 39.268mJ  | WR: 0.09888mJ  | all_ACT: 0mJ  | all_RD: 0mJ  | all_WR: 0mJ  | MAC: 999.85mJ  | Total: 40.621mJ | compute util: 0, memory util: 0, Op/B 3073
			attn_qkv_proj | 1.6227us  | 29677 - 29678 | tensor(209, 16384) -> tensor(209, 576) | ACT: 0.011519mJ  | RD: 0.35834mJ  | WR: 0.0034214mJ  | all_ACT: 0mJ  | all_RD: 0mJ  | all_WR: 0mJ  | MAC: 0.90729mJ  | Total: 0.37328mJ | compute util: 0, memory util: 0, Op/B 303.87
				Linear | 1.6227us  | 29677 - 29678 | tensor(209, 16384) -> tensor(209, 576) | ACT: 0.011519mJ  | RD: 0.35834mJ  | WR: 0.0034214mJ  | all_ACT: 0mJ  | all_RD: 0mJ  | all_WR: 0mJ  | MAC: 0.90729mJ  | Total: 0.37328mJ | compute util: 0.54021, memory util: 1, Op/B 303.87, GPU
			self_attention | 976.9us  | 29678 - 30655 | tensor(209, 576) -> tensor(209, 512) | ACT: 1.2326mJ  | RD: 38.672mJ  | WR: 0mJ  | all_ACT: 0mJ  | all_RD: 0mJ  | all_WR: 0mJ  | MAC: 998.14mJ  | Total: 39.905mJ | compute util: 0, memory util: 0, Op/B 3122.7
				AttentionSplit | 0us  | 29678 - 29678 | tensor(209, 576) -> tensor(0, 768) tensor(209, 768) | ACT: 0mJ  | RD: 0mJ  | WR: 0mJ  | all_ACT: 0mJ  | all_RD: 0mJ  | all_WR: 0mJ  | MAC: 0mJ  | Total: 0mJ | compute util: 0, memory util: 0, Op/B 0
				AttentionSum | 0us  | 29678 - 29678 | tensor(0, 768) -> tensor(0, 2048) | ACT: 0mJ  | RD: 0mJ  | WR: 0mJ  | all_ACT: 0mJ  | all_RD: 0mJ  | all_WR: 0mJ  | MAC: 0mJ  | Total: 0mJ | compute util: 0, memory util: 0, Op/B 0, GPU
				AttentionGen | 964.39us  | 29678 - 30643 | tensor(209, 768) -> tensor(209, 2048) | ACT: 1.2326mJ  | RD: 38.672mJ  | WR: 0mJ  | all_ACT: 0mJ  | all_RD: 0mJ  | all_WR: 0mJ  | MAC: 998.14mJ  | Total: 39.905mJ | compute util: 1, memory util: 0.18013, Op/B 3122.7, GPU
				context_merge | 12.517us  | 30643 - 30655 | tensor(209, 2048) -> tensor(209, 2048) | ACT: 0mJ  | RD: 0mJ  | WR: 0mJ  | all_ACT: 0mJ  | all_RD: 0mJ  | all_WR: 0mJ  | MAC: 0mJ  | Total: 0mJ | compute util: 0, memory util: 0, Op/B 0
				AttentionMerge | 0us  | 30655 - 30655 | tensor(0, 2048) tensor(209, 2048) -> tensor(209, 512) | ACT: 0mJ  | RD: 0mJ  | WR: 0mJ  | all_ACT: 0mJ  | all_RD: 0mJ  | all_WR: 0mJ  | MAC: 0mJ  | Total: 0mJ | compute util: 0, memory util: 0, Op/B 0
			attn_o_proj | 1.49us  | 30655 - 30657 | tensor(209, 512) -> tensor(209, 16384) | ACT: 0.010588mJ  | RD: 0.23688mJ  | WR: 0.095458mJ  | all_ACT: 0mJ  | all_RD: 0mJ  | all_WR: 0mJ  | MAC: 0.80648mJ  | Total: 0.34292mJ | compute util: 0, memory util: 0, Op/B 294.17
				Linear | 1.49us  | 30655 - 30657 | tensor(209, 512) -> tensor(209, 16384) | ACT: 0.010588mJ  | RD: 0.23688mJ  | WR: 0.095458mJ  | all_ACT: 0mJ  | all_RD: 0mJ  | all_WR: 0mJ  | MAC: 0.80648mJ  | Total: 0.34292mJ | compute util: 0.52296, memory util: 1, Op/B 294.17, GPU
			all_reduce | 74.405us  | 30657 - 30731 | tensor(209, 16384) -> tensor(209, 16384) | ACT: 0mJ  | RD: 0mJ  | WR: 0mJ  | all_ACT: 0mJ  | all_RD: 0mJ  | all_WR: 0mJ  | MAC: 0mJ  | Total: 0mJ | compute util: 0, memory util: 0, Op/B 0
		residual_1 | 1.2841us  | 30731 - 30732 | tensor(209, 16384) -> tensor(209, 16384) | ACT: 0mJ  | RD: 0mJ  | WR: 0mJ  | all_ACT: 0mJ  | all_RD: 0mJ  | all_WR: 0mJ  | MAC: 0mJ  | Total: 0mJ | compute util: 0, memory util: 0, Op/B 0
		post_attn_layer_norm | 0.85811us  | 30732 - 30733 | tensor(209, 16384) -> tensor(209, 16384) | ACT: 0mJ  | RD: 0mJ  | WR: 0mJ  | all_ACT: 0mJ  | all_RD: 0mJ  | all_WR: 0mJ  | MAC: 0mJ  | Total: 0mJ | compute util: 0, memory util: 0, Op/B 0
		feedforward | 11.769us  | 30733 - 30745 | tensor(209, 16384) -> tensor(209, 16384) | ACT: 0.083075mJ  | RD: 2.498mJ  | WR: 0.12488mJ  | all_ACT: 0mJ  | all_RD: 0mJ  | all_WR: 0mJ  | MAC: 7.8632mJ  | Total: 2.706mJ | compute util: 0, memory util: 0, Op/B 363.13
			gate_proj | 3.8794us  | 30733 - 30737 | tensor(209, 16384) -> tensor(209, 1664) | ACT: 0.027459mJ  | RD: 0.85468mJ  | WR: 0.0098081mJ  | all_ACT: 0mJ  | all_RD: 0mJ  | all_WR: 0mJ  | MAC: 2.6211mJ  | Total: 0.89194mJ | compute util: 0, memory util: 0, Op/B 367.2
				Linear | 3.8794us  | 30733 - 30737 | tensor(209, 16384) -> tensor(209, 1664) | ACT: 0.027459mJ  | RD: 0.85468mJ  | WR: 0.0098081mJ  | all_ACT: 0mJ  | all_RD: 0mJ  | all_WR: 0mJ  | MAC: 2.6211mJ  | Total: 0.89194mJ | compute util: 0.65279, memory util: 1, Op/B 367.2, GPU
			activation | 0.13042us  | 30737 - 30737 | tensor(209, 1664) -> tensor(209, 1664) | ACT: 0.00069811mJ  | RD: 0.019616mJ  | WR: 0.0098081mJ  | all_ACT: 0mJ  | all_RD: 0mJ  | all_WR: 0mJ  | MAC: 0mJ  | Total: 0.030122mJ | compute util: 0, memory util: 1, Op/B 0, GPU
			up_proj | 3.8794us  | 30737 - 30741 | tensor(209, 16384) -> tensor(209, 1664) | ACT: 0.027459mJ  | RD: 0.85468mJ  | WR: 0.0098081mJ  | all_ACT: 0mJ  | all_RD: 0mJ  | all_WR: 0mJ  | MAC: 2.6211mJ  | Total: 0.89194mJ | compute util: 0, memory util: 0, Op/B 367.2
				Linear | 3.8794us  | 30737 - 30741 | tensor(209, 16384) -> tensor(209, 1664) | ACT: 0.027459mJ  | RD: 0.85468mJ  | WR: 0.0098081mJ  | all_ACT: 0mJ  | all_RD: 0mJ  | all_WR: 0mJ  | MAC: 2.6211mJ  | Total: 0.89194mJ | compute util: 0.65279, memory util: 1, Op/B 367.2, GPU
			down_proj | 3.8794us  | 30741 - 30745 | tensor(209, 1664) -> tensor(209, 16384) | ACT: 0.027459mJ  | RD: 0.76903mJ  | WR: 0.095458mJ  | all_ACT: 0mJ  | all_RD: 0mJ  | all_WR: 0mJ  | MAC: 2.6211mJ  | Total: 0.89194mJ | compute util: 0, memory util: 0, Op/B 367.2
				Linear | 3.8794us  | 30741 - 30745 | tensor(209, 1664) -> tensor(209, 16384) | ACT: 0.027459mJ  | RD: 0.76903mJ  | WR: 0.095458mJ  | all_ACT: 0mJ  | all_RD: 0mJ  | all_WR: 0mJ  | MAC: 2.6211mJ  | Total: 0.89194mJ | compute util: 0.65279, memory util: 1, Op/B 367.2, GPU
		all_reduce | 74.405us  | 30745 - 30819 | tensor(209, 16384) -> tensor(209, 16384) | ACT: 0mJ  | RD: 0mJ  | WR: 0mJ  | all_ACT: 0mJ  | all_RD: 0mJ  | all_WR: 0mJ  | MAC: 0mJ  | Total: 0mJ | compute util: 0, memory util: 0, Op/B 0
		residual_1 | 1.2841us  | 30819 - 30821 | tensor(209, 16384) -> tensor(209, 16384) | ACT: 0mJ  | RD: 0mJ  | WR: 0mJ  | all_ACT: 0mJ  | all_RD: 0mJ  | all_WR: 0mJ  | MAC: 0mJ  | Total: 0mJ | compute util: 0, memory util: 0, Op/B 0
	decoder_27 | 1137.9us  | 30821 - 31959 | tensor(209, 16384) -> tensor(209, 16384) | ACT: 1.3378mJ  | RD: 41.766mJ  | WR: 0.22376mJ  | all_ACT: 0mJ  | all_RD: 0mJ  | all_WR: 0mJ  | MAC: 1007.7mJ  | Total: 43.327mJ | compute util: 0, memory util: 0, Op/B 2903.9
		input_layer_norm | 0.85811us  | 30821 - 30822 | tensor(209, 16384) -> tensor(209, 16384) | ACT: 0mJ  | RD: 0mJ  | WR: 0mJ  | all_ACT: 0mJ  | all_RD: 0mJ  | all_WR: 0mJ  | MAC: 0mJ  | Total: 0mJ | compute util: 0, memory util: 0, Op/B 0
		attention | 1047.4us  | 30822 - 31869 | tensor(209, 16384) -> tensor(209, 16384) | ACT: 1.2547mJ  | RD: 39.268mJ  | WR: 0.09888mJ  | all_ACT: 0mJ  | all_RD: 0mJ  | all_WR: 0mJ  | MAC: 999.85mJ  | Total: 40.621mJ | compute util: 0, memory util: 0, Op/B 3073
			attn_qkv_proj | 1.6227us  | 30822 - 30823 | tensor(209, 16384) -> tensor(209, 576) | ACT: 0.011519mJ  | RD: 0.35834mJ  | WR: 0.0034214mJ  | all_ACT: 0mJ  | all_RD: 0mJ  | all_WR: 0mJ  | MAC: 0.90729mJ  | Total: 0.37328mJ | compute util: 0, memory util: 0, Op/B 303.87
				Linear | 1.6227us  | 30822 - 30823 | tensor(209, 16384) -> tensor(209, 576) | ACT: 0.011519mJ  | RD: 0.35834mJ  | WR: 0.0034214mJ  | all_ACT: 0mJ  | all_RD: 0mJ  | all_WR: 0mJ  | MAC: 0.90729mJ  | Total: 0.37328mJ | compute util: 0.54021, memory util: 1, Op/B 303.87, GPU
			self_attention | 969.9us  | 30823 - 31793 | tensor(209, 576) -> tensor(209, 512) | ACT: 1.2326mJ  | RD: 38.672mJ  | WR: 0mJ  | all_ACT: 0mJ  | all_RD: 0mJ  | all_WR: 0mJ  | MAC: 998.14mJ  | Total: 39.905mJ | compute util: 0, memory util: 0, Op/B 3122.7
				AttentionSplit | 0us  | 30823 - 30823 | tensor(209, 576) -> tensor(0, 768) tensor(209, 768) | ACT: 0mJ  | RD: 0mJ  | WR: 0mJ  | all_ACT: 0mJ  | all_RD: 0mJ  | all_WR: 0mJ  | MAC: 0mJ  | Total: 0mJ | compute util: 0, memory util: 0, Op/B 0
				AttentionSum | 0us  | 30823 - 30823 | tensor(0, 768) -> tensor(0, 2048) | ACT: 0mJ  | RD: 0mJ  | WR: 0mJ  | all_ACT: 0mJ  | all_RD: 0mJ  | all_WR: 0mJ  | MAC: 0mJ  | Total: 0mJ | compute util: 0, memory util: 0, Op/B 0, GPU
				AttentionGen | 964.39us  | 30823 - 31788 | tensor(209, 768) -> tensor(209, 2048) | ACT: 1.2326mJ  | RD: 38.672mJ  | WR: 0mJ  | all_ACT: 0mJ  | all_RD: 0mJ  | all_WR: 0mJ  | MAC: 998.14mJ  | Total: 39.905mJ | compute util: 1, memory util: 0.18013, Op/B 3122.7, GPU
				context_merge | 5.5134us  | 31788 - 31793 | tensor(209, 2048) -> tensor(209, 2048) | ACT: 0mJ  | RD: 0mJ  | WR: 0mJ  | all_ACT: 0mJ  | all_RD: 0mJ  | all_WR: 0mJ  | MAC: 0mJ  | Total: 0mJ | compute util: 0, memory util: 0, Op/B 0
				AttentionMerge | 0us  | 31793 - 31793 | tensor(0, 2048) tensor(209, 2048) -> tensor(209, 512) | ACT: 0mJ  | RD: 0mJ  | WR: 0mJ  | all_ACT: 0mJ  | all_RD: 0mJ  | all_WR: 0mJ  | MAC: 0mJ  | Total: 0mJ | compute util: 0, memory util: 0, Op/B 0
			attn_o_proj | 1.49us  | 31793 - 31795 | tensor(209, 512) -> tensor(209, 16384) | ACT: 0.010588mJ  | RD: 0.23688mJ  | WR: 0.095458mJ  | all_ACT: 0mJ  | all_RD: 0mJ  | all_WR: 0mJ  | MAC: 0.80648mJ  | Total: 0.34292mJ | compute util: 0, memory util: 0, Op/B 294.17
				Linear | 1.49us  | 31793 - 31795 | tensor(209, 512) -> tensor(209, 16384) | ACT: 0.010588mJ  | RD: 0.23688mJ  | WR: 0.095458mJ  | all_ACT: 0mJ  | all_RD: 0mJ  | all_WR: 0mJ  | MAC: 0.80648mJ  | Total: 0.34292mJ | compute util: 0.52296, memory util: 1, Op/B 294.17, GPU
			all_reduce | 74.405us  | 31795 - 31869 | tensor(209, 16384) -> tensor(209, 16384) | ACT: 0mJ  | RD: 0mJ  | WR: 0mJ  | all_ACT: 0mJ  | all_RD: 0mJ  | all_WR: 0mJ  | MAC: 0mJ  | Total: 0mJ | compute util: 0, memory util: 0, Op/B 0
		residual_1 | 1.2841us  | 31869 - 31870 | tensor(209, 16384) -> tensor(209, 16384) | ACT: 0mJ  | RD: 0mJ  | WR: 0mJ  | all_ACT: 0mJ  | all_RD: 0mJ  | all_WR: 0mJ  | MAC: 0mJ  | Total: 0mJ | compute util: 0, memory util: 0, Op/B 0
		post_attn_layer_norm | 0.85811us  | 31870 - 31871 | tensor(209, 16384) -> tensor(209, 16384) | ACT: 0mJ  | RD: 0mJ  | WR: 0mJ  | all_ACT: 0mJ  | all_RD: 0mJ  | all_WR: 0mJ  | MAC: 0mJ  | Total: 0mJ | compute util: 0, memory util: 0, Op/B 0
		feedforward | 11.769us  | 31871 - 31883 | tensor(209, 16384) -> tensor(209, 16384) | ACT: 0.083075mJ  | RD: 2.498mJ  | WR: 0.12488mJ  | all_ACT: 0mJ  | all_RD: 0mJ  | all_WR: 0mJ  | MAC: 7.8632mJ  | Total: 2.706mJ | compute util: 0, memory util: 0, Op/B 363.13
			gate_proj | 3.8794us  | 31871 - 31875 | tensor(209, 16384) -> tensor(209, 1664) | ACT: 0.027459mJ  | RD: 0.85468mJ  | WR: 0.0098081mJ  | all_ACT: 0mJ  | all_RD: 0mJ  | all_WR: 0mJ  | MAC: 2.6211mJ  | Total: 0.89194mJ | compute util: 0, memory util: 0, Op/B 367.2
				Linear | 3.8794us  | 31871 - 31875 | tensor(209, 16384) -> tensor(209, 1664) | ACT: 0.027459mJ  | RD: 0.85468mJ  | WR: 0.0098081mJ  | all_ACT: 0mJ  | all_RD: 0mJ  | all_WR: 0mJ  | MAC: 2.6211mJ  | Total: 0.89194mJ | compute util: 0.65279, memory util: 1, Op/B 367.2, GPU
			activation | 0.13042us  | 31875 - 31875 | tensor(209, 1664) -> tensor(209, 1664) | ACT: 0.00069811mJ  | RD: 0.019616mJ  | WR: 0.0098081mJ  | all_ACT: 0mJ  | all_RD: 0mJ  | all_WR: 0mJ  | MAC: 0mJ  | Total: 0.030122mJ | compute util: 0, memory util: 1, Op/B 0, GPU
			up_proj | 3.8794us  | 31875 - 31879 | tensor(209, 16384) -> tensor(209, 1664) | ACT: 0.027459mJ  | RD: 0.85468mJ  | WR: 0.0098081mJ  | all_ACT: 0mJ  | all_RD: 0mJ  | all_WR: 0mJ  | MAC: 2.6211mJ  | Total: 0.89194mJ | compute util: 0, memory util: 0, Op/B 367.2
				Linear | 3.8794us  | 31875 - 31879 | tensor(209, 16384) -> tensor(209, 1664) | ACT: 0.027459mJ  | RD: 0.85468mJ  | WR: 0.0098081mJ  | all_ACT: 0mJ  | all_RD: 0mJ  | all_WR: 0mJ  | MAC: 2.6211mJ  | Total: 0.89194mJ | compute util: 0.65279, memory util: 1, Op/B 367.2, GPU
			down_proj | 3.8794us  | 31879 - 31883 | tensor(209, 1664) -> tensor(209, 16384) | ACT: 0.027459mJ  | RD: 0.76903mJ  | WR: 0.095458mJ  | all_ACT: 0mJ  | all_RD: 0mJ  | all_WR: 0mJ  | MAC: 2.6211mJ  | Total: 0.89194mJ | compute util: 0, memory util: 0, Op/B 367.2
				Linear | 3.8794us  | 31879 - 31883 | tensor(209, 1664) -> tensor(209, 16384) | ACT: 0.027459mJ  | RD: 0.76903mJ  | WR: 0.095458mJ  | all_ACT: 0mJ  | all_RD: 0mJ  | all_WR: 0mJ  | MAC: 2.6211mJ  | Total: 0.89194mJ | compute util: 0.65279, memory util: 1, Op/B 367.2, GPU
		all_reduce | 74.405us  | 31883 - 31957 | tensor(209, 16384) -> tensor(209, 16384) | ACT: 0mJ  | RD: 0mJ  | WR: 0mJ  | all_ACT: 0mJ  | all_RD: 0mJ  | all_WR: 0mJ  | MAC: 0mJ  | Total: 0mJ | compute util: 0, memory util: 0, Op/B 0
		residual_1 | 1.2841us  | 31957 - 31959 | tensor(209, 16384) -> tensor(209, 16384) | ACT: 0mJ  | RD: 0mJ  | WR: 0mJ  | all_ACT: 0mJ  | all_RD: 0mJ  | all_WR: 0mJ  | MAC: 0mJ  | Total: 0mJ | compute util: 0, memory util: 0, Op/B 0
	decoder_28 | 1144.9us  | 31959 - 33103 | tensor(209, 16384) -> tensor(209, 16384) | ACT: 1.3378mJ  | RD: 41.766mJ  | WR: 0.22376mJ  | all_ACT: 0mJ  | all_RD: 0mJ  | all_WR: 0mJ  | MAC: 1007.7mJ  | Total: 43.327mJ | compute util: 0, memory util: 0, Op/B 2903.9
		input_layer_norm | 0.85811us  | 31959 - 31959 | tensor(209, 16384) -> tensor(209, 16384) | ACT: 0mJ  | RD: 0mJ  | WR: 0mJ  | all_ACT: 0mJ  | all_RD: 0mJ  | all_WR: 0mJ  | MAC: 0mJ  | Total: 0mJ | compute util: 0, memory util: 0, Op/B 0
		attention | 1054.4us  | 31959 - 33014 | tensor(209, 16384) -> tensor(209, 16384) | ACT: 1.2547mJ  | RD: 39.268mJ  | WR: 0.09888mJ  | all_ACT: 0mJ  | all_RD: 0mJ  | all_WR: 0mJ  | MAC: 999.85mJ  | Total: 40.621mJ | compute util: 0, memory util: 0, Op/B 3073
			attn_qkv_proj | 1.6227us  | 31959 - 31961 | tensor(209, 16384) -> tensor(209, 576) | ACT: 0.011519mJ  | RD: 0.35834mJ  | WR: 0.0034214mJ  | all_ACT: 0mJ  | all_RD: 0mJ  | all_WR: 0mJ  | MAC: 0.90729mJ  | Total: 0.37328mJ | compute util: 0, memory util: 0, Op/B 303.87
				Linear | 1.6227us  | 31959 - 31961 | tensor(209, 16384) -> tensor(209, 576) | ACT: 0.011519mJ  | RD: 0.35834mJ  | WR: 0.0034214mJ  | all_ACT: 0mJ  | all_RD: 0mJ  | all_WR: 0mJ  | MAC: 0.90729mJ  | Total: 0.37328mJ | compute util: 0.54021, memory util: 1, Op/B 303.87, GPU
			self_attention | 976.9us  | 31961 - 32938 | tensor(209, 576) -> tensor(209, 512) | ACT: 1.2326mJ  | RD: 38.672mJ  | WR: 0mJ  | all_ACT: 0mJ  | all_RD: 0mJ  | all_WR: 0mJ  | MAC: 998.14mJ  | Total: 39.905mJ | compute util: 0, memory util: 0, Op/B 3122.7
				AttentionSplit | 0us  | 31961 - 31961 | tensor(209, 576) -> tensor(0, 768) tensor(209, 768) | ACT: 0mJ  | RD: 0mJ  | WR: 0mJ  | all_ACT: 0mJ  | all_RD: 0mJ  | all_WR: 0mJ  | MAC: 0mJ  | Total: 0mJ | compute util: 0, memory util: 0, Op/B 0
				AttentionSum | 0us  | 31961 - 31961 | tensor(0, 768) -> tensor(0, 2048) | ACT: 0mJ  | RD: 0mJ  | WR: 0mJ  | all_ACT: 0mJ  | all_RD: 0mJ  | all_WR: 0mJ  | MAC: 0mJ  | Total: 0mJ | compute util: 0, memory util: 0, Op/B 0, GPU
				AttentionGen | 964.39us  | 31961 - 32925 | tensor(209, 768) -> tensor(209, 2048) | ACT: 1.2326mJ  | RD: 38.672mJ  | WR: 0mJ  | all_ACT: 0mJ  | all_RD: 0mJ  | all_WR: 0mJ  | MAC: 998.14mJ  | Total: 39.905mJ | compute util: 1, memory util: 0.18013, Op/B 3122.7, GPU
				context_merge | 12.517us  | 32925 - 32938 | tensor(209, 2048) -> tensor(209, 2048) | ACT: 0mJ  | RD: 0mJ  | WR: 0mJ  | all_ACT: 0mJ  | all_RD: 0mJ  | all_WR: 0mJ  | MAC: 0mJ  | Total: 0mJ | compute util: 0, memory util: 0, Op/B 0
				AttentionMerge | 0us  | 32938 - 32938 | tensor(0, 2048) tensor(209, 2048) -> tensor(209, 512) | ACT: 0mJ  | RD: 0mJ  | WR: 0mJ  | all_ACT: 0mJ  | all_RD: 0mJ  | all_WR: 0mJ  | MAC: 0mJ  | Total: 0mJ | compute util: 0, memory util: 0, Op/B 0
			attn_o_proj | 1.49us  | 32938 - 32939 | tensor(209, 512) -> tensor(209, 16384) | ACT: 0.010588mJ  | RD: 0.23688mJ  | WR: 0.095458mJ  | all_ACT: 0mJ  | all_RD: 0mJ  | all_WR: 0mJ  | MAC: 0.80648mJ  | Total: 0.34292mJ | compute util: 0, memory util: 0, Op/B 294.17
				Linear | 1.49us  | 32938 - 32939 | tensor(209, 512) -> tensor(209, 16384) | ACT: 0.010588mJ  | RD: 0.23688mJ  | WR: 0.095458mJ  | all_ACT: 0mJ  | all_RD: 0mJ  | all_WR: 0mJ  | MAC: 0.80648mJ  | Total: 0.34292mJ | compute util: 0.52296, memory util: 1, Op/B 294.17, GPU
			all_reduce | 74.405us  | 32939 - 33014 | tensor(209, 16384) -> tensor(209, 16384) | ACT: 0mJ  | RD: 0mJ  | WR: 0mJ  | all_ACT: 0mJ  | all_RD: 0mJ  | all_WR: 0mJ  | MAC: 0mJ  | Total: 0mJ | compute util: 0, memory util: 0, Op/B 0
		residual_1 | 1.2841us  | 33014 - 33015 | tensor(209, 16384) -> tensor(209, 16384) | ACT: 0mJ  | RD: 0mJ  | WR: 0mJ  | all_ACT: 0mJ  | all_RD: 0mJ  | all_WR: 0mJ  | MAC: 0mJ  | Total: 0mJ | compute util: 0, memory util: 0, Op/B 0
		post_attn_layer_norm | 0.85811us  | 33015 - 33016 | tensor(209, 16384) -> tensor(209, 16384) | ACT: 0mJ  | RD: 0mJ  | WR: 0mJ  | all_ACT: 0mJ  | all_RD: 0mJ  | all_WR: 0mJ  | MAC: 0mJ  | Total: 0mJ | compute util: 0, memory util: 0, Op/B 0
		feedforward | 11.769us  | 33016 - 33028 | tensor(209, 16384) -> tensor(209, 16384) | ACT: 0.083075mJ  | RD: 2.498mJ  | WR: 0.12488mJ  | all_ACT: 0mJ  | all_RD: 0mJ  | all_WR: 0mJ  | MAC: 7.8632mJ  | Total: 2.706mJ | compute util: 0, memory util: 0, Op/B 363.13
			gate_proj | 3.8794us  | 33016 - 33020 | tensor(209, 16384) -> tensor(209, 1664) | ACT: 0.027459mJ  | RD: 0.85468mJ  | WR: 0.0098081mJ  | all_ACT: 0mJ  | all_RD: 0mJ  | all_WR: 0mJ  | MAC: 2.6211mJ  | Total: 0.89194mJ | compute util: 0, memory util: 0, Op/B 367.2
				Linear | 3.8794us  | 33016 - 33020 | tensor(209, 16384) -> tensor(209, 1664) | ACT: 0.027459mJ  | RD: 0.85468mJ  | WR: 0.0098081mJ  | all_ACT: 0mJ  | all_RD: 0mJ  | all_WR: 0mJ  | MAC: 2.6211mJ  | Total: 0.89194mJ | compute util: 0.65279, memory util: 1, Op/B 367.2, GPU
			activation | 0.13042us  | 33020 - 33020 | tensor(209, 1664) -> tensor(209, 1664) | ACT: 0.00069811mJ  | RD: 0.019616mJ  | WR: 0.0098081mJ  | all_ACT: 0mJ  | all_RD: 0mJ  | all_WR: 0mJ  | MAC: 0mJ  | Total: 0.030122mJ | compute util: 0, memory util: 1, Op/B 0, GPU
			up_proj | 3.8794us  | 33020 - 33024 | tensor(209, 16384) -> tensor(209, 1664) | ACT: 0.027459mJ  | RD: 0.85468mJ  | WR: 0.0098081mJ  | all_ACT: 0mJ  | all_RD: 0mJ  | all_WR: 0mJ  | MAC: 2.6211mJ  | Total: 0.89194mJ | compute util: 0, memory util: 0, Op/B 367.2
				Linear | 3.8794us  | 33020 - 33024 | tensor(209, 16384) -> tensor(209, 1664) | ACT: 0.027459mJ  | RD: 0.85468mJ  | WR: 0.0098081mJ  | all_ACT: 0mJ  | all_RD: 0mJ  | all_WR: 0mJ  | MAC: 2.6211mJ  | Total: 0.89194mJ | compute util: 0.65279, memory util: 1, Op/B 367.2, GPU
			down_proj | 3.8794us  | 33024 - 33028 | tensor(209, 1664) -> tensor(209, 16384) | ACT: 0.027459mJ  | RD: 0.76903mJ  | WR: 0.095458mJ  | all_ACT: 0mJ  | all_RD: 0mJ  | all_WR: 0mJ  | MAC: 2.6211mJ  | Total: 0.89194mJ | compute util: 0, memory util: 0, Op/B 367.2
				Linear | 3.8794us  | 33024 - 33028 | tensor(209, 1664) -> tensor(209, 16384) | ACT: 0.027459mJ  | RD: 0.76903mJ  | WR: 0.095458mJ  | all_ACT: 0mJ  | all_RD: 0mJ  | all_WR: 0mJ  | MAC: 2.6211mJ  | Total: 0.89194mJ | compute util: 0.65279, memory util: 1, Op/B 367.2, GPU
		all_reduce | 74.405us  | 33028 - 33102 | tensor(209, 16384) -> tensor(209, 16384) | ACT: 0mJ  | RD: 0mJ  | WR: 0mJ  | all_ACT: 0mJ  | all_RD: 0mJ  | all_WR: 0mJ  | MAC: 0mJ  | Total: 0mJ | compute util: 0, memory util: 0, Op/B 0
		residual_1 | 1.2841us  | 33102 - 33103 | tensor(209, 16384) -> tensor(209, 16384) | ACT: 0mJ  | RD: 0mJ  | WR: 0mJ  | all_ACT: 0mJ  | all_RD: 0mJ  | all_WR: 0mJ  | MAC: 0mJ  | Total: 0mJ | compute util: 0, memory util: 0, Op/B 0
	decoder_29 | 1137.9us  | 33103 - 34241 | tensor(209, 16384) -> tensor(209, 16384) | ACT: 1.3378mJ  | RD: 41.766mJ  | WR: 0.22376mJ  | all_ACT: 0mJ  | all_RD: 0mJ  | all_WR: 0mJ  | MAC: 1007.7mJ  | Total: 43.327mJ | compute util: 0, memory util: 0, Op/B 2903.9
		input_layer_norm | 0.85811us  | 33103 - 33104 | tensor(209, 16384) -> tensor(209, 16384) | ACT: 0mJ  | RD: 0mJ  | WR: 0mJ  | all_ACT: 0mJ  | all_RD: 0mJ  | all_WR: 0mJ  | MAC: 0mJ  | Total: 0mJ | compute util: 0, memory util: 0, Op/B 0
		attention | 1047.4us  | 33104 - 34152 | tensor(209, 16384) -> tensor(209, 16384) | ACT: 1.2547mJ  | RD: 39.268mJ  | WR: 0.09888mJ  | all_ACT: 0mJ  | all_RD: 0mJ  | all_WR: 0mJ  | MAC: 999.85mJ  | Total: 40.621mJ | compute util: 0, memory util: 0, Op/B 3073
			attn_qkv_proj | 1.6227us  | 33104 - 33106 | tensor(209, 16384) -> tensor(209, 576) | ACT: 0.011519mJ  | RD: 0.35834mJ  | WR: 0.0034214mJ  | all_ACT: 0mJ  | all_RD: 0mJ  | all_WR: 0mJ  | MAC: 0.90729mJ  | Total: 0.37328mJ | compute util: 0, memory util: 0, Op/B 303.87
				Linear | 1.6227us  | 33104 - 33106 | tensor(209, 16384) -> tensor(209, 576) | ACT: 0.011519mJ  | RD: 0.35834mJ  | WR: 0.0034214mJ  | all_ACT: 0mJ  | all_RD: 0mJ  | all_WR: 0mJ  | MAC: 0.90729mJ  | Total: 0.37328mJ | compute util: 0.54021, memory util: 1, Op/B 303.87, GPU
			self_attention | 969.9us  | 33106 - 34076 | tensor(209, 576) -> tensor(209, 512) | ACT: 1.2326mJ  | RD: 38.672mJ  | WR: 0mJ  | all_ACT: 0mJ  | all_RD: 0mJ  | all_WR: 0mJ  | MAC: 998.14mJ  | Total: 39.905mJ | compute util: 0, memory util: 0, Op/B 3122.7
				AttentionSplit | 0us  | 33106 - 33106 | tensor(209, 576) -> tensor(0, 768) tensor(209, 768) | ACT: 0mJ  | RD: 0mJ  | WR: 0mJ  | all_ACT: 0mJ  | all_RD: 0mJ  | all_WR: 0mJ  | MAC: 0mJ  | Total: 0mJ | compute util: 0, memory util: 0, Op/B 0
				AttentionSum | 0us  | 33106 - 33106 | tensor(0, 768) -> tensor(0, 2048) | ACT: 0mJ  | RD: 0mJ  | WR: 0mJ  | all_ACT: 0mJ  | all_RD: 0mJ  | all_WR: 0mJ  | MAC: 0mJ  | Total: 0mJ | compute util: 0, memory util: 0, Op/B 0, GPU
				AttentionGen | 964.39us  | 33106 - 34070 | tensor(209, 768) -> tensor(209, 2048) | ACT: 1.2326mJ  | RD: 38.672mJ  | WR: 0mJ  | all_ACT: 0mJ  | all_RD: 0mJ  | all_WR: 0mJ  | MAC: 998.14mJ  | Total: 39.905mJ | compute util: 1, memory util: 0.18013, Op/B 3122.7, GPU
				context_merge | 5.5134us  | 34070 - 34076 | tensor(209, 2048) -> tensor(209, 2048) | ACT: 0mJ  | RD: 0mJ  | WR: 0mJ  | all_ACT: 0mJ  | all_RD: 0mJ  | all_WR: 0mJ  | MAC: 0mJ  | Total: 0mJ | compute util: 0, memory util: 0, Op/B 0
				AttentionMerge | 0us  | 34076 - 34076 | tensor(0, 2048) tensor(209, 2048) -> tensor(209, 512) | ACT: 0mJ  | RD: 0mJ  | WR: 0mJ  | all_ACT: 0mJ  | all_RD: 0mJ  | all_WR: 0mJ  | MAC: 0mJ  | Total: 0mJ | compute util: 0, memory util: 0, Op/B 0
			attn_o_proj | 1.49us  | 34076 - 34077 | tensor(209, 512) -> tensor(209, 16384) | ACT: 0.010588mJ  | RD: 0.23688mJ  | WR: 0.095458mJ  | all_ACT: 0mJ  | all_RD: 0mJ  | all_WR: 0mJ  | MAC: 0.80648mJ  | Total: 0.34292mJ | compute util: 0, memory util: 0, Op/B 294.17
				Linear | 1.49us  | 34076 - 34077 | tensor(209, 512) -> tensor(209, 16384) | ACT: 0.010588mJ  | RD: 0.23688mJ  | WR: 0.095458mJ  | all_ACT: 0mJ  | all_RD: 0mJ  | all_WR: 0mJ  | MAC: 0.80648mJ  | Total: 0.34292mJ | compute util: 0.52296, memory util: 1, Op/B 294.17, GPU
			all_reduce | 74.405us  | 34077 - 34152 | tensor(209, 16384) -> tensor(209, 16384) | ACT: 0mJ  | RD: 0mJ  | WR: 0mJ  | all_ACT: 0mJ  | all_RD: 0mJ  | all_WR: 0mJ  | MAC: 0mJ  | Total: 0mJ | compute util: 0, memory util: 0, Op/B 0
		residual_1 | 1.2841us  | 34152 - 34153 | tensor(209, 16384) -> tensor(209, 16384) | ACT: 0mJ  | RD: 0mJ  | WR: 0mJ  | all_ACT: 0mJ  | all_RD: 0mJ  | all_WR: 0mJ  | MAC: 0mJ  | Total: 0mJ | compute util: 0, memory util: 0, Op/B 0
		post_attn_layer_norm | 0.85811us  | 34153 - 34154 | tensor(209, 16384) -> tensor(209, 16384) | ACT: 0mJ  | RD: 0mJ  | WR: 0mJ  | all_ACT: 0mJ  | all_RD: 0mJ  | all_WR: 0mJ  | MAC: 0mJ  | Total: 0mJ | compute util: 0, memory util: 0, Op/B 0
		feedforward | 11.769us  | 34154 - 34166 | tensor(209, 16384) -> tensor(209, 16384) | ACT: 0.083075mJ  | RD: 2.498mJ  | WR: 0.12488mJ  | all_ACT: 0mJ  | all_RD: 0mJ  | all_WR: 0mJ  | MAC: 7.8632mJ  | Total: 2.706mJ | compute util: 0, memory util: 0, Op/B 363.13
			gate_proj | 3.8794us  | 34154 - 34158 | tensor(209, 16384) -> tensor(209, 1664) | ACT: 0.027459mJ  | RD: 0.85468mJ  | WR: 0.0098081mJ  | all_ACT: 0mJ  | all_RD: 0mJ  | all_WR: 0mJ  | MAC: 2.6211mJ  | Total: 0.89194mJ | compute util: 0, memory util: 0, Op/B 367.2
				Linear | 3.8794us  | 34154 - 34158 | tensor(209, 16384) -> tensor(209, 1664) | ACT: 0.027459mJ  | RD: 0.85468mJ  | WR: 0.0098081mJ  | all_ACT: 0mJ  | all_RD: 0mJ  | all_WR: 0mJ  | MAC: 2.6211mJ  | Total: 0.89194mJ | compute util: 0.65279, memory util: 1, Op/B 367.2, GPU
			activation | 0.13042us  | 34158 - 34158 | tensor(209, 1664) -> tensor(209, 1664) | ACT: 0.00069811mJ  | RD: 0.019616mJ  | WR: 0.0098081mJ  | all_ACT: 0mJ  | all_RD: 0mJ  | all_WR: 0mJ  | MAC: 0mJ  | Total: 0.030122mJ | compute util: 0, memory util: 1, Op/B 0, GPU
			up_proj | 3.8794us  | 34158 - 34162 | tensor(209, 16384) -> tensor(209, 1664) | ACT: 0.027459mJ  | RD: 0.85468mJ  | WR: 0.0098081mJ  | all_ACT: 0mJ  | all_RD: 0mJ  | all_WR: 0mJ  | MAC: 2.6211mJ  | Total: 0.89194mJ | compute util: 0, memory util: 0, Op/B 367.2
				Linear | 3.8794us  | 34158 - 34162 | tensor(209, 16384) -> tensor(209, 1664) | ACT: 0.027459mJ  | RD: 0.85468mJ  | WR: 0.0098081mJ  | all_ACT: 0mJ  | all_RD: 0mJ  | all_WR: 0mJ  | MAC: 2.6211mJ  | Total: 0.89194mJ | compute util: 0.65279, memory util: 1, Op/B 367.2, GPU
			down_proj | 3.8794us  | 34162 - 34166 | tensor(209, 1664) -> tensor(209, 16384) | ACT: 0.027459mJ  | RD: 0.76903mJ  | WR: 0.095458mJ  | all_ACT: 0mJ  | all_RD: 0mJ  | all_WR: 0mJ  | MAC: 2.6211mJ  | Total: 0.89194mJ | compute util: 0, memory util: 0, Op/B 367.2
				Linear | 3.8794us  | 34162 - 34166 | tensor(209, 1664) -> tensor(209, 16384) | ACT: 0.027459mJ  | RD: 0.76903mJ  | WR: 0.095458mJ  | all_ACT: 0mJ  | all_RD: 0mJ  | all_WR: 0mJ  | MAC: 2.6211mJ  | Total: 0.89194mJ | compute util: 0.65279, memory util: 1, Op/B 367.2, GPU
		all_reduce | 74.405us  | 34166 - 34240 | tensor(209, 16384) -> tensor(209, 16384) | ACT: 0mJ  | RD: 0mJ  | WR: 0mJ  | all_ACT: 0mJ  | all_RD: 0mJ  | all_WR: 0mJ  | MAC: 0mJ  | Total: 0mJ | compute util: 0, memory util: 0, Op/B 0
		residual_1 | 1.2841us  | 34240 - 34241 | tensor(209, 16384) -> tensor(209, 16384) | ACT: 0mJ  | RD: 0mJ  | WR: 0mJ  | all_ACT: 0mJ  | all_RD: 0mJ  | all_WR: 0mJ  | MAC: 0mJ  | Total: 0mJ | compute util: 0, memory util: 0, Op/B 0
	decoder_30 | 1144.9us  | 34241 - 35386 | tensor(209, 16384) -> tensor(209, 16384) | ACT: 1.3378mJ  | RD: 41.766mJ  | WR: 0.22376mJ  | all_ACT: 0mJ  | all_RD: 0mJ  | all_WR: 0mJ  | MAC: 1007.7mJ  | Total: 43.327mJ | compute util: 0, memory util: 0, Op/B 2903.9
		input_layer_norm | 0.85811us  | 34241 - 34242 | tensor(209, 16384) -> tensor(209, 16384) | ACT: 0mJ  | RD: 0mJ  | WR: 0mJ  | all_ACT: 0mJ  | all_RD: 0mJ  | all_WR: 0mJ  | MAC: 0mJ  | Total: 0mJ | compute util: 0, memory util: 0, Op/B 0
		attention | 1054.4us  | 34242 - 35297 | tensor(209, 16384) -> tensor(209, 16384) | ACT: 1.2547mJ  | RD: 39.268mJ  | WR: 0.09888mJ  | all_ACT: 0mJ  | all_RD: 0mJ  | all_WR: 0mJ  | MAC: 999.85mJ  | Total: 40.621mJ | compute util: 0, memory util: 0, Op/B 3073
			attn_qkv_proj | 1.6227us  | 34242 - 34244 | tensor(209, 16384) -> tensor(209, 576) | ACT: 0.011519mJ  | RD: 0.35834mJ  | WR: 0.0034214mJ  | all_ACT: 0mJ  | all_RD: 0mJ  | all_WR: 0mJ  | MAC: 0.90729mJ  | Total: 0.37328mJ | compute util: 0, memory util: 0, Op/B 303.87
				Linear | 1.6227us  | 34242 - 34244 | tensor(209, 16384) -> tensor(209, 576) | ACT: 0.011519mJ  | RD: 0.35834mJ  | WR: 0.0034214mJ  | all_ACT: 0mJ  | all_RD: 0mJ  | all_WR: 0mJ  | MAC: 0.90729mJ  | Total: 0.37328mJ | compute util: 0.54021, memory util: 1, Op/B 303.87, GPU
			self_attention | 976.9us  | 34244 - 35221 | tensor(209, 576) -> tensor(209, 512) | ACT: 1.2326mJ  | RD: 38.672mJ  | WR: 0mJ  | all_ACT: 0mJ  | all_RD: 0mJ  | all_WR: 0mJ  | MAC: 998.14mJ  | Total: 39.905mJ | compute util: 0, memory util: 0, Op/B 3122.7
				AttentionSplit | 0us  | 34244 - 34244 | tensor(209, 576) -> tensor(0, 768) tensor(209, 768) | ACT: 0mJ  | RD: 0mJ  | WR: 0mJ  | all_ACT: 0mJ  | all_RD: 0mJ  | all_WR: 0mJ  | MAC: 0mJ  | Total: 0mJ | compute util: 0, memory util: 0, Op/B 0
				AttentionSum | 0us  | 34244 - 34244 | tensor(0, 768) -> tensor(0, 2048) | ACT: 0mJ  | RD: 0mJ  | WR: 0mJ  | all_ACT: 0mJ  | all_RD: 0mJ  | all_WR: 0mJ  | MAC: 0mJ  | Total: 0mJ | compute util: 0, memory util: 0, Op/B 0, GPU
				AttentionGen | 964.39us  | 34244 - 35208 | tensor(209, 768) -> tensor(209, 2048) | ACT: 1.2326mJ  | RD: 38.672mJ  | WR: 0mJ  | all_ACT: 0mJ  | all_RD: 0mJ  | all_WR: 0mJ  | MAC: 998.14mJ  | Total: 39.905mJ | compute util: 1, memory util: 0.18013, Op/B 3122.7, GPU
				context_merge | 12.517us  | 35208 - 35221 | tensor(209, 2048) -> tensor(209, 2048) | ACT: 0mJ  | RD: 0mJ  | WR: 0mJ  | all_ACT: 0mJ  | all_RD: 0mJ  | all_WR: 0mJ  | MAC: 0mJ  | Total: 0mJ | compute util: 0, memory util: 0, Op/B 0
				AttentionMerge | 0us  | 35221 - 35221 | tensor(0, 2048) tensor(209, 2048) -> tensor(209, 512) | ACT: 0mJ  | RD: 0mJ  | WR: 0mJ  | all_ACT: 0mJ  | all_RD: 0mJ  | all_WR: 0mJ  | MAC: 0mJ  | Total: 0mJ | compute util: 0, memory util: 0, Op/B 0
			attn_o_proj | 1.49us  | 35221 - 35222 | tensor(209, 512) -> tensor(209, 16384) | ACT: 0.010588mJ  | RD: 0.23688mJ  | WR: 0.095458mJ  | all_ACT: 0mJ  | all_RD: 0mJ  | all_WR: 0mJ  | MAC: 0.80648mJ  | Total: 0.34292mJ | compute util: 0, memory util: 0, Op/B 294.17
				Linear | 1.49us  | 35221 - 35222 | tensor(209, 512) -> tensor(209, 16384) | ACT: 0.010588mJ  | RD: 0.23688mJ  | WR: 0.095458mJ  | all_ACT: 0mJ  | all_RD: 0mJ  | all_WR: 0mJ  | MAC: 0.80648mJ  | Total: 0.34292mJ | compute util: 0.52296, memory util: 1, Op/B 294.17, GPU
			all_reduce | 74.405us  | 35222 - 35297 | tensor(209, 16384) -> tensor(209, 16384) | ACT: 0mJ  | RD: 0mJ  | WR: 0mJ  | all_ACT: 0mJ  | all_RD: 0mJ  | all_WR: 0mJ  | MAC: 0mJ  | Total: 0mJ | compute util: 0, memory util: 0, Op/B 0
		residual_1 | 1.2841us  | 35297 - 35298 | tensor(209, 16384) -> tensor(209, 16384) | ACT: 0mJ  | RD: 0mJ  | WR: 0mJ  | all_ACT: 0mJ  | all_RD: 0mJ  | all_WR: 0mJ  | MAC: 0mJ  | Total: 0mJ | compute util: 0, memory util: 0, Op/B 0
		post_attn_layer_norm | 0.85811us  | 35298 - 35299 | tensor(209, 16384) -> tensor(209, 16384) | ACT: 0mJ  | RD: 0mJ  | WR: 0mJ  | all_ACT: 0mJ  | all_RD: 0mJ  | all_WR: 0mJ  | MAC: 0mJ  | Total: 0mJ | compute util: 0, memory util: 0, Op/B 0
		feedforward | 11.769us  | 35299 - 35311 | tensor(209, 16384) -> tensor(209, 16384) | ACT: 0.083075mJ  | RD: 2.498mJ  | WR: 0.12488mJ  | all_ACT: 0mJ  | all_RD: 0mJ  | all_WR: 0mJ  | MAC: 7.8632mJ  | Total: 2.706mJ | compute util: 0, memory util: 0, Op/B 363.13
			gate_proj | 3.8794us  | 35299 - 35303 | tensor(209, 16384) -> tensor(209, 1664) | ACT: 0.027459mJ  | RD: 0.85468mJ  | WR: 0.0098081mJ  | all_ACT: 0mJ  | all_RD: 0mJ  | all_WR: 0mJ  | MAC: 2.6211mJ  | Total: 0.89194mJ | compute util: 0, memory util: 0, Op/B 367.2
				Linear | 3.8794us  | 35299 - 35303 | tensor(209, 16384) -> tensor(209, 1664) | ACT: 0.027459mJ  | RD: 0.85468mJ  | WR: 0.0098081mJ  | all_ACT: 0mJ  | all_RD: 0mJ  | all_WR: 0mJ  | MAC: 2.6211mJ  | Total: 0.89194mJ | compute util: 0.65279, memory util: 1, Op/B 367.2, GPU
			activation | 0.13042us  | 35303 - 35303 | tensor(209, 1664) -> tensor(209, 1664) | ACT: 0.00069811mJ  | RD: 0.019616mJ  | WR: 0.0098081mJ  | all_ACT: 0mJ  | all_RD: 0mJ  | all_WR: 0mJ  | MAC: 0mJ  | Total: 0.030122mJ | compute util: 0, memory util: 1, Op/B 0, GPU
			up_proj | 3.8794us  | 35303 - 35307 | tensor(209, 16384) -> tensor(209, 1664) | ACT: 0.027459mJ  | RD: 0.85468mJ  | WR: 0.0098081mJ  | all_ACT: 0mJ  | all_RD: 0mJ  | all_WR: 0mJ  | MAC: 2.6211mJ  | Total: 0.89194mJ | compute util: 0, memory util: 0, Op/B 367.2
				Linear | 3.8794us  | 35303 - 35307 | tensor(209, 16384) -> tensor(209, 1664) | ACT: 0.027459mJ  | RD: 0.85468mJ  | WR: 0.0098081mJ  | all_ACT: 0mJ  | all_RD: 0mJ  | all_WR: 0mJ  | MAC: 2.6211mJ  | Total: 0.89194mJ | compute util: 0.65279, memory util: 1, Op/B 367.2, GPU
			down_proj | 3.8794us  | 35307 - 35311 | tensor(209, 1664) -> tensor(209, 16384) | ACT: 0.027459mJ  | RD: 0.76903mJ  | WR: 0.095458mJ  | all_ACT: 0mJ  | all_RD: 0mJ  | all_WR: 0mJ  | MAC: 2.6211mJ  | Total: 0.89194mJ | compute util: 0, memory util: 0, Op/B 367.2
				Linear | 3.8794us  | 35307 - 35311 | tensor(209, 1664) -> tensor(209, 16384) | ACT: 0.027459mJ  | RD: 0.76903mJ  | WR: 0.095458mJ  | all_ACT: 0mJ  | all_RD: 0mJ  | all_WR: 0mJ  | MAC: 2.6211mJ  | Total: 0.89194mJ | compute util: 0.65279, memory util: 1, Op/B 367.2, GPU
		all_reduce | 74.405us  | 35311 - 35385 | tensor(209, 16384) -> tensor(209, 16384) | ACT: 0mJ  | RD: 0mJ  | WR: 0mJ  | all_ACT: 0mJ  | all_RD: 0mJ  | all_WR: 0mJ  | MAC: 0mJ  | Total: 0mJ | compute util: 0, memory util: 0, Op/B 0
		residual_1 | 1.2841us  | 35385 - 35386 | tensor(209, 16384) -> tensor(209, 16384) | ACT: 0mJ  | RD: 0mJ  | WR: 0mJ  | all_ACT: 0mJ  | all_RD: 0mJ  | all_WR: 0mJ  | MAC: 0mJ  | Total: 0mJ | compute util: 0, memory util: 0, Op/B 0
	decoder_31 | 1137.9us  | 35386 - 36524 | tensor(209, 16384) -> tensor(209, 16384) | ACT: 1.3378mJ  | RD: 41.766mJ  | WR: 0.22376mJ  | all_ACT: 0mJ  | all_RD: 0mJ  | all_WR: 0mJ  | MAC: 1007.7mJ  | Total: 43.327mJ | compute util: 0, memory util: 0, Op/B 2903.9
		input_layer_norm | 0.85811us  | 35386 - 35387 | tensor(209, 16384) -> tensor(209, 16384) | ACT: 0mJ  | RD: 0mJ  | WR: 0mJ  | all_ACT: 0mJ  | all_RD: 0mJ  | all_WR: 0mJ  | MAC: 0mJ  | Total: 0mJ | compute util: 0, memory util: 0, Op/B 0
		attention | 1047.4us  | 35387 - 36434 | tensor(209, 16384) -> tensor(209, 16384) | ACT: 1.2547mJ  | RD: 39.268mJ  | WR: 0.09888mJ  | all_ACT: 0mJ  | all_RD: 0mJ  | all_WR: 0mJ  | MAC: 999.85mJ  | Total: 40.621mJ | compute util: 0, memory util: 0, Op/B 3073
			attn_qkv_proj | 1.6227us  | 35387 - 35389 | tensor(209, 16384) -> tensor(209, 576) | ACT: 0.011519mJ  | RD: 0.35834mJ  | WR: 0.0034214mJ  | all_ACT: 0mJ  | all_RD: 0mJ  | all_WR: 0mJ  | MAC: 0.90729mJ  | Total: 0.37328mJ | compute util: 0, memory util: 0, Op/B 303.87
				Linear | 1.6227us  | 35387 - 35389 | tensor(209, 16384) -> tensor(209, 576) | ACT: 0.011519mJ  | RD: 0.35834mJ  | WR: 0.0034214mJ  | all_ACT: 0mJ  | all_RD: 0mJ  | all_WR: 0mJ  | MAC: 0.90729mJ  | Total: 0.37328mJ | compute util: 0.54021, memory util: 1, Op/B 303.87, GPU
			self_attention | 969.9us  | 35389 - 36359 | tensor(209, 576) -> tensor(209, 512) | ACT: 1.2326mJ  | RD: 38.672mJ  | WR: 0mJ  | all_ACT: 0mJ  | all_RD: 0mJ  | all_WR: 0mJ  | MAC: 998.14mJ  | Total: 39.905mJ | compute util: 0, memory util: 0, Op/B 3122.7
				AttentionSplit | 0us  | 35389 - 35389 | tensor(209, 576) -> tensor(0, 768) tensor(209, 768) | ACT: 0mJ  | RD: 0mJ  | WR: 0mJ  | all_ACT: 0mJ  | all_RD: 0mJ  | all_WR: 0mJ  | MAC: 0mJ  | Total: 0mJ | compute util: 0, memory util: 0, Op/B 0
				AttentionSum | 0us  | 35389 - 35389 | tensor(0, 768) -> tensor(0, 2048) | ACT: 0mJ  | RD: 0mJ  | WR: 0mJ  | all_ACT: 0mJ  | all_RD: 0mJ  | all_WR: 0mJ  | MAC: 0mJ  | Total: 0mJ | compute util: 0, memory util: 0, Op/B 0, GPU
				AttentionGen | 964.39us  | 35389 - 36353 | tensor(209, 768) -> tensor(209, 2048) | ACT: 1.2326mJ  | RD: 38.672mJ  | WR: 0mJ  | all_ACT: 0mJ  | all_RD: 0mJ  | all_WR: 0mJ  | MAC: 998.14mJ  | Total: 39.905mJ | compute util: 1, memory util: 0.18013, Op/B 3122.7, GPU
				context_merge | 5.5134us  | 36353 - 36359 | tensor(209, 2048) -> tensor(209, 2048) | ACT: 0mJ  | RD: 0mJ  | WR: 0mJ  | all_ACT: 0mJ  | all_RD: 0mJ  | all_WR: 0mJ  | MAC: 0mJ  | Total: 0mJ | compute util: 0, memory util: 0, Op/B 0
				AttentionMerge | 0us  | 36359 - 36359 | tensor(0, 2048) tensor(209, 2048) -> tensor(209, 512) | ACT: 0mJ  | RD: 0mJ  | WR: 0mJ  | all_ACT: 0mJ  | all_RD: 0mJ  | all_WR: 0mJ  | MAC: 0mJ  | Total: 0mJ | compute util: 0, memory util: 0, Op/B 0
			attn_o_proj | 1.49us  | 36359 - 36360 | tensor(209, 512) -> tensor(209, 16384) | ACT: 0.010588mJ  | RD: 0.23688mJ  | WR: 0.095458mJ  | all_ACT: 0mJ  | all_RD: 0mJ  | all_WR: 0mJ  | MAC: 0.80648mJ  | Total: 0.34292mJ | compute util: 0, memory util: 0, Op/B 294.17
				Linear | 1.49us  | 36359 - 36360 | tensor(209, 512) -> tensor(209, 16384) | ACT: 0.010588mJ  | RD: 0.23688mJ  | WR: 0.095458mJ  | all_ACT: 0mJ  | all_RD: 0mJ  | all_WR: 0mJ  | MAC: 0.80648mJ  | Total: 0.34292mJ | compute util: 0.52296, memory util: 1, Op/B 294.17, GPU
			all_reduce | 74.405us  | 36360 - 36434 | tensor(209, 16384) -> tensor(209, 16384) | ACT: 0mJ  | RD: 0mJ  | WR: 0mJ  | all_ACT: 0mJ  | all_RD: 0mJ  | all_WR: 0mJ  | MAC: 0mJ  | Total: 0mJ | compute util: 0, memory util: 0, Op/B 0
		residual_1 | 1.2841us  | 36434 - 36436 | tensor(209, 16384) -> tensor(209, 16384) | ACT: 0mJ  | RD: 0mJ  | WR: 0mJ  | all_ACT: 0mJ  | all_RD: 0mJ  | all_WR: 0mJ  | MAC: 0mJ  | Total: 0mJ | compute util: 0, memory util: 0, Op/B 0
		post_attn_layer_norm | 0.85811us  | 36436 - 36437 | tensor(209, 16384) -> tensor(209, 16384) | ACT: 0mJ  | RD: 0mJ  | WR: 0mJ  | all_ACT: 0mJ  | all_RD: 0mJ  | all_WR: 0mJ  | MAC: 0mJ  | Total: 0mJ | compute util: 0, memory util: 0, Op/B 0
		feedforward | 11.769us  | 36437 - 36448 | tensor(209, 16384) -> tensor(209, 16384) | ACT: 0.083075mJ  | RD: 2.498mJ  | WR: 0.12488mJ  | all_ACT: 0mJ  | all_RD: 0mJ  | all_WR: 0mJ  | MAC: 7.8632mJ  | Total: 2.706mJ | compute util: 0, memory util: 0, Op/B 363.13
			gate_proj | 3.8794us  | 36437 - 36441 | tensor(209, 16384) -> tensor(209, 1664) | ACT: 0.027459mJ  | RD: 0.85468mJ  | WR: 0.0098081mJ  | all_ACT: 0mJ  | all_RD: 0mJ  | all_WR: 0mJ  | MAC: 2.6211mJ  | Total: 0.89194mJ | compute util: 0, memory util: 0, Op/B 367.2
				Linear | 3.8794us  | 36437 - 36441 | tensor(209, 16384) -> tensor(209, 1664) | ACT: 0.027459mJ  | RD: 0.85468mJ  | WR: 0.0098081mJ  | all_ACT: 0mJ  | all_RD: 0mJ  | all_WR: 0mJ  | MAC: 2.6211mJ  | Total: 0.89194mJ | compute util: 0.65279, memory util: 1, Op/B 367.2, GPU
			activation | 0.13042us  | 36441 - 36441 | tensor(209, 1664) -> tensor(209, 1664) | ACT: 0.00069811mJ  | RD: 0.019616mJ  | WR: 0.0098081mJ  | all_ACT: 0mJ  | all_RD: 0mJ  | all_WR: 0mJ  | MAC: 0mJ  | Total: 0.030122mJ | compute util: 0, memory util: 1, Op/B 0, GPU
			up_proj | 3.8794us  | 36441 - 36445 | tensor(209, 16384) -> tensor(209, 1664) | ACT: 0.027459mJ  | RD: 0.85468mJ  | WR: 0.0098081mJ  | all_ACT: 0mJ  | all_RD: 0mJ  | all_WR: 0mJ  | MAC: 2.6211mJ  | Total: 0.89194mJ | compute util: 0, memory util: 0, Op/B 367.2
				Linear | 3.8794us  | 36441 - 36445 | tensor(209, 16384) -> tensor(209, 1664) | ACT: 0.027459mJ  | RD: 0.85468mJ  | WR: 0.0098081mJ  | all_ACT: 0mJ  | all_RD: 0mJ  | all_WR: 0mJ  | MAC: 2.6211mJ  | Total: 0.89194mJ | compute util: 0.65279, memory util: 1, Op/B 367.2, GPU
			down_proj | 3.8794us  | 36445 - 36448 | tensor(209, 1664) -> tensor(209, 16384) | ACT: 0.027459mJ  | RD: 0.76903mJ  | WR: 0.095458mJ  | all_ACT: 0mJ  | all_RD: 0mJ  | all_WR: 0mJ  | MAC: 2.6211mJ  | Total: 0.89194mJ | compute util: 0, memory util: 0, Op/B 367.2
				Linear | 3.8794us  | 36445 - 36448 | tensor(209, 1664) -> tensor(209, 16384) | ACT: 0.027459mJ  | RD: 0.76903mJ  | WR: 0.095458mJ  | all_ACT: 0mJ  | all_RD: 0mJ  | all_WR: 0mJ  | MAC: 2.6211mJ  | Total: 0.89194mJ | compute util: 0.65279, memory util: 1, Op/B 367.2, GPU
		all_reduce | 74.405us  | 36448 - 36523 | tensor(209, 16384) -> tensor(209, 16384) | ACT: 0mJ  | RD: 0mJ  | WR: 0mJ  | all_ACT: 0mJ  | all_RD: 0mJ  | all_WR: 0mJ  | MAC: 0mJ  | Total: 0mJ | compute util: 0, memory util: 0, Op/B 0
		residual_1 | 1.2841us  | 36523 - 36524 | tensor(209, 16384) -> tensor(209, 16384) | ACT: 0mJ  | RD: 0mJ  | WR: 0mJ  | all_ACT: 0mJ  | all_RD: 0mJ  | all_WR: 0mJ  | MAC: 0mJ  | Total: 0mJ | compute util: 0, memory util: 0, Op/B 0
	decoder_32 | 1144.9us  | 36524 - 37669 | tensor(209, 16384) -> tensor(209, 16384) | ACT: 1.3378mJ  | RD: 41.766mJ  | WR: 0.22376mJ  | all_ACT: 0mJ  | all_RD: 0mJ  | all_WR: 0mJ  | MAC: 1007.7mJ  | Total: 43.327mJ | compute util: 0, memory util: 0, Op/B 2903.9
		input_layer_norm | 0.85811us  | 36524 - 36525 | tensor(209, 16384) -> tensor(209, 16384) | ACT: 0mJ  | RD: 0mJ  | WR: 0mJ  | all_ACT: 0mJ  | all_RD: 0mJ  | all_WR: 0mJ  | MAC: 0mJ  | Total: 0mJ | compute util: 0, memory util: 0, Op/B 0
		attention | 1054.4us  | 36525 - 37579 | tensor(209, 16384) -> tensor(209, 16384) | ACT: 1.2547mJ  | RD: 39.268mJ  | WR: 0.09888mJ  | all_ACT: 0mJ  | all_RD: 0mJ  | all_WR: 0mJ  | MAC: 999.85mJ  | Total: 40.621mJ | compute util: 0, memory util: 0, Op/B 3073
			attn_qkv_proj | 1.6227us  | 36525 - 36527 | tensor(209, 16384) -> tensor(209, 576) | ACT: 0.011519mJ  | RD: 0.35834mJ  | WR: 0.0034214mJ  | all_ACT: 0mJ  | all_RD: 0mJ  | all_WR: 0mJ  | MAC: 0.90729mJ  | Total: 0.37328mJ | compute util: 0, memory util: 0, Op/B 303.87
				Linear | 1.6227us  | 36525 - 36527 | tensor(209, 16384) -> tensor(209, 576) | ACT: 0.011519mJ  | RD: 0.35834mJ  | WR: 0.0034214mJ  | all_ACT: 0mJ  | all_RD: 0mJ  | all_WR: 0mJ  | MAC: 0.90729mJ  | Total: 0.37328mJ | compute util: 0.54021, memory util: 1, Op/B 303.87, GPU
			self_attention | 976.9us  | 36527 - 37503 | tensor(209, 576) -> tensor(209, 512) | ACT: 1.2326mJ  | RD: 38.672mJ  | WR: 0mJ  | all_ACT: 0mJ  | all_RD: 0mJ  | all_WR: 0mJ  | MAC: 998.14mJ  | Total: 39.905mJ | compute util: 0, memory util: 0, Op/B 3122.7
				AttentionSplit | 0us  | 36527 - 36527 | tensor(209, 576) -> tensor(0, 768) tensor(209, 768) | ACT: 0mJ  | RD: 0mJ  | WR: 0mJ  | all_ACT: 0mJ  | all_RD: 0mJ  | all_WR: 0mJ  | MAC: 0mJ  | Total: 0mJ | compute util: 0, memory util: 0, Op/B 0
				AttentionSum | 0us  | 36527 - 36527 | tensor(0, 768) -> tensor(0, 2048) | ACT: 0mJ  | RD: 0mJ  | WR: 0mJ  | all_ACT: 0mJ  | all_RD: 0mJ  | all_WR: 0mJ  | MAC: 0mJ  | Total: 0mJ | compute util: 0, memory util: 0, Op/B 0, GPU
				AttentionGen | 964.39us  | 36527 - 37491 | tensor(209, 768) -> tensor(209, 2048) | ACT: 1.2326mJ  | RD: 38.672mJ  | WR: 0mJ  | all_ACT: 0mJ  | all_RD: 0mJ  | all_WR: 0mJ  | MAC: 998.14mJ  | Total: 39.905mJ | compute util: 1, memory util: 0.18013, Op/B 3122.7, GPU
				context_merge | 12.517us  | 37491 - 37503 | tensor(209, 2048) -> tensor(209, 2048) | ACT: 0mJ  | RD: 0mJ  | WR: 0mJ  | all_ACT: 0mJ  | all_RD: 0mJ  | all_WR: 0mJ  | MAC: 0mJ  | Total: 0mJ | compute util: 0, memory util: 0, Op/B 0
				AttentionMerge | 0us  | 37503 - 37503 | tensor(0, 2048) tensor(209, 2048) -> tensor(209, 512) | ACT: 0mJ  | RD: 0mJ  | WR: 0mJ  | all_ACT: 0mJ  | all_RD: 0mJ  | all_WR: 0mJ  | MAC: 0mJ  | Total: 0mJ | compute util: 0, memory util: 0, Op/B 0
			attn_o_proj | 1.49us  | 37503 - 37505 | tensor(209, 512) -> tensor(209, 16384) | ACT: 0.010588mJ  | RD: 0.23688mJ  | WR: 0.095458mJ  | all_ACT: 0mJ  | all_RD: 0mJ  | all_WR: 0mJ  | MAC: 0.80648mJ  | Total: 0.34292mJ | compute util: 0, memory util: 0, Op/B 294.17
				Linear | 1.49us  | 37503 - 37505 | tensor(209, 512) -> tensor(209, 16384) | ACT: 0.010588mJ  | RD: 0.23688mJ  | WR: 0.095458mJ  | all_ACT: 0mJ  | all_RD: 0mJ  | all_WR: 0mJ  | MAC: 0.80648mJ  | Total: 0.34292mJ | compute util: 0.52296, memory util: 1, Op/B 294.17, GPU
			all_reduce | 74.405us  | 37505 - 37579 | tensor(209, 16384) -> tensor(209, 16384) | ACT: 0mJ  | RD: 0mJ  | WR: 0mJ  | all_ACT: 0mJ  | all_RD: 0mJ  | all_WR: 0mJ  | MAC: 0mJ  | Total: 0mJ | compute util: 0, memory util: 0, Op/B 0
		residual_1 | 1.2841us  | 37579 - 37581 | tensor(209, 16384) -> tensor(209, 16384) | ACT: 0mJ  | RD: 0mJ  | WR: 0mJ  | all_ACT: 0mJ  | all_RD: 0mJ  | all_WR: 0mJ  | MAC: 0mJ  | Total: 0mJ | compute util: 0, memory util: 0, Op/B 0
		post_attn_layer_norm | 0.85811us  | 37581 - 37582 | tensor(209, 16384) -> tensor(209, 16384) | ACT: 0mJ  | RD: 0mJ  | WR: 0mJ  | all_ACT: 0mJ  | all_RD: 0mJ  | all_WR: 0mJ  | MAC: 0mJ  | Total: 0mJ | compute util: 0, memory util: 0, Op/B 0
		feedforward | 11.769us  | 37582 - 37593 | tensor(209, 16384) -> tensor(209, 16384) | ACT: 0.083075mJ  | RD: 2.498mJ  | WR: 0.12488mJ  | all_ACT: 0mJ  | all_RD: 0mJ  | all_WR: 0mJ  | MAC: 7.8632mJ  | Total: 2.706mJ | compute util: 0, memory util: 0, Op/B 363.13
			gate_proj | 3.8794us  | 37582 - 37585 | tensor(209, 16384) -> tensor(209, 1664) | ACT: 0.027459mJ  | RD: 0.85468mJ  | WR: 0.0098081mJ  | all_ACT: 0mJ  | all_RD: 0mJ  | all_WR: 0mJ  | MAC: 2.6211mJ  | Total: 0.89194mJ | compute util: 0, memory util: 0, Op/B 367.2
				Linear | 3.8794us  | 37582 - 37585 | tensor(209, 16384) -> tensor(209, 1664) | ACT: 0.027459mJ  | RD: 0.85468mJ  | WR: 0.0098081mJ  | all_ACT: 0mJ  | all_RD: 0mJ  | all_WR: 0mJ  | MAC: 2.6211mJ  | Total: 0.89194mJ | compute util: 0.65279, memory util: 1, Op/B 367.2, GPU
			activation | 0.13042us  | 37585 - 37586 | tensor(209, 1664) -> tensor(209, 1664) | ACT: 0.00069811mJ  | RD: 0.019616mJ  | WR: 0.0098081mJ  | all_ACT: 0mJ  | all_RD: 0mJ  | all_WR: 0mJ  | MAC: 0mJ  | Total: 0.030122mJ | compute util: 0, memory util: 1, Op/B 0, GPU
			up_proj | 3.8794us  | 37586 - 37589 | tensor(209, 16384) -> tensor(209, 1664) | ACT: 0.027459mJ  | RD: 0.85468mJ  | WR: 0.0098081mJ  | all_ACT: 0mJ  | all_RD: 0mJ  | all_WR: 0mJ  | MAC: 2.6211mJ  | Total: 0.89194mJ | compute util: 0, memory util: 0, Op/B 367.2
				Linear | 3.8794us  | 37586 - 37589 | tensor(209, 16384) -> tensor(209, 1664) | ACT: 0.027459mJ  | RD: 0.85468mJ  | WR: 0.0098081mJ  | all_ACT: 0mJ  | all_RD: 0mJ  | all_WR: 0mJ  | MAC: 2.6211mJ  | Total: 0.89194mJ | compute util: 0.65279, memory util: 1, Op/B 367.2, GPU
			down_proj | 3.8794us  | 37589 - 37593 | tensor(209, 1664) -> tensor(209, 16384) | ACT: 0.027459mJ  | RD: 0.76903mJ  | WR: 0.095458mJ  | all_ACT: 0mJ  | all_RD: 0mJ  | all_WR: 0mJ  | MAC: 2.6211mJ  | Total: 0.89194mJ | compute util: 0, memory util: 0, Op/B 367.2
				Linear | 3.8794us  | 37589 - 37593 | tensor(209, 1664) -> tensor(209, 16384) | ACT: 0.027459mJ  | RD: 0.76903mJ  | WR: 0.095458mJ  | all_ACT: 0mJ  | all_RD: 0mJ  | all_WR: 0mJ  | MAC: 2.6211mJ  | Total: 0.89194mJ | compute util: 0.65279, memory util: 1, Op/B 367.2, GPU
		all_reduce | 74.405us  | 37593 - 37668 | tensor(209, 16384) -> tensor(209, 16384) | ACT: 0mJ  | RD: 0mJ  | WR: 0mJ  | all_ACT: 0mJ  | all_RD: 0mJ  | all_WR: 0mJ  | MAC: 0mJ  | Total: 0mJ | compute util: 0, memory util: 0, Op/B 0
		residual_1 | 1.2841us  | 37668 - 37669 | tensor(209, 16384) -> tensor(209, 16384) | ACT: 0mJ  | RD: 0mJ  | WR: 0mJ  | all_ACT: 0mJ  | all_RD: 0mJ  | all_WR: 0mJ  | MAC: 0mJ  | Total: 0mJ | compute util: 0, memory util: 0, Op/B 0
	decoder_33 | 1137.9us  | 37669 - 38807 | tensor(209, 16384) -> tensor(209, 16384) | ACT: 1.3378mJ  | RD: 41.766mJ  | WR: 0.22376mJ  | all_ACT: 0mJ  | all_RD: 0mJ  | all_WR: 0mJ  | MAC: 1007.7mJ  | Total: 43.327mJ | compute util: 0, memory util: 0, Op/B 2903.9
		input_layer_norm | 0.85811us  | 37669 - 37670 | tensor(209, 16384) -> tensor(209, 16384) | ACT: 0mJ  | RD: 0mJ  | WR: 0mJ  | all_ACT: 0mJ  | all_RD: 0mJ  | all_WR: 0mJ  | MAC: 0mJ  | Total: 0mJ | compute util: 0, memory util: 0, Op/B 0
		attention | 1047.4us  | 37670 - 38717 | tensor(209, 16384) -> tensor(209, 16384) | ACT: 1.2547mJ  | RD: 39.268mJ  | WR: 0.09888mJ  | all_ACT: 0mJ  | all_RD: 0mJ  | all_WR: 0mJ  | MAC: 999.85mJ  | Total: 40.621mJ | compute util: 0, memory util: 0, Op/B 3073
			attn_qkv_proj | 1.6227us  | 37670 - 37671 | tensor(209, 16384) -> tensor(209, 576) | ACT: 0.011519mJ  | RD: 0.35834mJ  | WR: 0.0034214mJ  | all_ACT: 0mJ  | all_RD: 0mJ  | all_WR: 0mJ  | MAC: 0.90729mJ  | Total: 0.37328mJ | compute util: 0, memory util: 0, Op/B 303.87
				Linear | 1.6227us  | 37670 - 37671 | tensor(209, 16384) -> tensor(209, 576) | ACT: 0.011519mJ  | RD: 0.35834mJ  | WR: 0.0034214mJ  | all_ACT: 0mJ  | all_RD: 0mJ  | all_WR: 0mJ  | MAC: 0.90729mJ  | Total: 0.37328mJ | compute util: 0.54021, memory util: 1, Op/B 303.87, GPU
			self_attention | 969.9us  | 37671 - 38641 | tensor(209, 576) -> tensor(209, 512) | ACT: 1.2326mJ  | RD: 38.672mJ  | WR: 0mJ  | all_ACT: 0mJ  | all_RD: 0mJ  | all_WR: 0mJ  | MAC: 998.14mJ  | Total: 39.905mJ | compute util: 0, memory util: 0, Op/B 3122.7
				AttentionSplit | 0us  | 37671 - 37671 | tensor(209, 576) -> tensor(0, 768) tensor(209, 768) | ACT: 0mJ  | RD: 0mJ  | WR: 0mJ  | all_ACT: 0mJ  | all_RD: 0mJ  | all_WR: 0mJ  | MAC: 0mJ  | Total: 0mJ | compute util: 0, memory util: 0, Op/B 0
				AttentionSum | 0us  | 37671 - 37671 | tensor(0, 768) -> tensor(0, 2048) | ACT: 0mJ  | RD: 0mJ  | WR: 0mJ  | all_ACT: 0mJ  | all_RD: 0mJ  | all_WR: 0mJ  | MAC: 0mJ  | Total: 0mJ | compute util: 0, memory util: 0, Op/B 0, GPU
				AttentionGen | 964.39us  | 37671 - 38636 | tensor(209, 768) -> tensor(209, 2048) | ACT: 1.2326mJ  | RD: 38.672mJ  | WR: 0mJ  | all_ACT: 0mJ  | all_RD: 0mJ  | all_WR: 0mJ  | MAC: 998.14mJ  | Total: 39.905mJ | compute util: 1, memory util: 0.18013, Op/B 3122.7, GPU
				context_merge | 5.5134us  | 38636 - 38641 | tensor(209, 2048) -> tensor(209, 2048) | ACT: 0mJ  | RD: 0mJ  | WR: 0mJ  | all_ACT: 0mJ  | all_RD: 0mJ  | all_WR: 0mJ  | MAC: 0mJ  | Total: 0mJ | compute util: 0, memory util: 0, Op/B 0
				AttentionMerge | 0us  | 38641 - 38641 | tensor(0, 2048) tensor(209, 2048) -> tensor(209, 512) | ACT: 0mJ  | RD: 0mJ  | WR: 0mJ  | all_ACT: 0mJ  | all_RD: 0mJ  | all_WR: 0mJ  | MAC: 0mJ  | Total: 0mJ | compute util: 0, memory util: 0, Op/B 0
			attn_o_proj | 1.49us  | 38641 - 38643 | tensor(209, 512) -> tensor(209, 16384) | ACT: 0.010588mJ  | RD: 0.23688mJ  | WR: 0.095458mJ  | all_ACT: 0mJ  | all_RD: 0mJ  | all_WR: 0mJ  | MAC: 0.80648mJ  | Total: 0.34292mJ | compute util: 0, memory util: 0, Op/B 294.17
				Linear | 1.49us  | 38641 - 38643 | tensor(209, 512) -> tensor(209, 16384) | ACT: 0.010588mJ  | RD: 0.23688mJ  | WR: 0.095458mJ  | all_ACT: 0mJ  | all_RD: 0mJ  | all_WR: 0mJ  | MAC: 0.80648mJ  | Total: 0.34292mJ | compute util: 0.52296, memory util: 1, Op/B 294.17, GPU
			all_reduce | 74.405us  | 38643 - 38717 | tensor(209, 16384) -> tensor(209, 16384) | ACT: 0mJ  | RD: 0mJ  | WR: 0mJ  | all_ACT: 0mJ  | all_RD: 0mJ  | all_WR: 0mJ  | MAC: 0mJ  | Total: 0mJ | compute util: 0, memory util: 0, Op/B 0
		residual_1 | 1.2841us  | 38717 - 38719 | tensor(209, 16384) -> tensor(209, 16384) | ACT: 0mJ  | RD: 0mJ  | WR: 0mJ  | all_ACT: 0mJ  | all_RD: 0mJ  | all_WR: 0mJ  | MAC: 0mJ  | Total: 0mJ | compute util: 0, memory util: 0, Op/B 0
		post_attn_layer_norm | 0.85811us  | 38719 - 38719 | tensor(209, 16384) -> tensor(209, 16384) | ACT: 0mJ  | RD: 0mJ  | WR: 0mJ  | all_ACT: 0mJ  | all_RD: 0mJ  | all_WR: 0mJ  | MAC: 0mJ  | Total: 0mJ | compute util: 0, memory util: 0, Op/B 0
		feedforward | 11.769us  | 38719 - 38731 | tensor(209, 16384) -> tensor(209, 16384) | ACT: 0.083075mJ  | RD: 2.498mJ  | WR: 0.12488mJ  | all_ACT: 0mJ  | all_RD: 0mJ  | all_WR: 0mJ  | MAC: 7.8632mJ  | Total: 2.706mJ | compute util: 0, memory util: 0, Op/B 363.13
			gate_proj | 3.8794us  | 38719 - 38723 | tensor(209, 16384) -> tensor(209, 1664) | ACT: 0.027459mJ  | RD: 0.85468mJ  | WR: 0.0098081mJ  | all_ACT: 0mJ  | all_RD: 0mJ  | all_WR: 0mJ  | MAC: 2.6211mJ  | Total: 0.89194mJ | compute util: 0, memory util: 0, Op/B 367.2
				Linear | 3.8794us  | 38719 - 38723 | tensor(209, 16384) -> tensor(209, 1664) | ACT: 0.027459mJ  | RD: 0.85468mJ  | WR: 0.0098081mJ  | all_ACT: 0mJ  | all_RD: 0mJ  | all_WR: 0mJ  | MAC: 2.6211mJ  | Total: 0.89194mJ | compute util: 0.65279, memory util: 1, Op/B 367.2, GPU
			activation | 0.13042us  | 38723 - 38723 | tensor(209, 1664) -> tensor(209, 1664) | ACT: 0.00069811mJ  | RD: 0.019616mJ  | WR: 0.0098081mJ  | all_ACT: 0mJ  | all_RD: 0mJ  | all_WR: 0mJ  | MAC: 0mJ  | Total: 0.030122mJ | compute util: 0, memory util: 1, Op/B 0, GPU
			up_proj | 3.8794us  | 38723 - 38727 | tensor(209, 16384) -> tensor(209, 1664) | ACT: 0.027459mJ  | RD: 0.85468mJ  | WR: 0.0098081mJ  | all_ACT: 0mJ  | all_RD: 0mJ  | all_WR: 0mJ  | MAC: 2.6211mJ  | Total: 0.89194mJ | compute util: 0, memory util: 0, Op/B 367.2
				Linear | 3.8794us  | 38723 - 38727 | tensor(209, 16384) -> tensor(209, 1664) | ACT: 0.027459mJ  | RD: 0.85468mJ  | WR: 0.0098081mJ  | all_ACT: 0mJ  | all_RD: 0mJ  | all_WR: 0mJ  | MAC: 2.6211mJ  | Total: 0.89194mJ | compute util: 0.65279, memory util: 1, Op/B 367.2, GPU
			down_proj | 3.8794us  | 38727 - 38731 | tensor(209, 1664) -> tensor(209, 16384) | ACT: 0.027459mJ  | RD: 0.76903mJ  | WR: 0.095458mJ  | all_ACT: 0mJ  | all_RD: 0mJ  | all_WR: 0mJ  | MAC: 2.6211mJ  | Total: 0.89194mJ | compute util: 0, memory util: 0, Op/B 367.2
				Linear | 3.8794us  | 38727 - 38731 | tensor(209, 1664) -> tensor(209, 16384) | ACT: 0.027459mJ  | RD: 0.76903mJ  | WR: 0.095458mJ  | all_ACT: 0mJ  | all_RD: 0mJ  | all_WR: 0mJ  | MAC: 2.6211mJ  | Total: 0.89194mJ | compute util: 0.65279, memory util: 1, Op/B 367.2, GPU
		all_reduce | 74.405us  | 38731 - 38806 | tensor(209, 16384) -> tensor(209, 16384) | ACT: 0mJ  | RD: 0mJ  | WR: 0mJ  | all_ACT: 0mJ  | all_RD: 0mJ  | all_WR: 0mJ  | MAC: 0mJ  | Total: 0mJ | compute util: 0, memory util: 0, Op/B 0
		residual_1 | 1.2841us  | 38806 - 38807 | tensor(209, 16384) -> tensor(209, 16384) | ACT: 0mJ  | RD: 0mJ  | WR: 0mJ  | all_ACT: 0mJ  | all_RD: 0mJ  | all_WR: 0mJ  | MAC: 0mJ  | Total: 0mJ | compute util: 0, memory util: 0, Op/B 0
	decoder_34 | 1144.9us  | 38807 - 39952 | tensor(209, 16384) -> tensor(209, 16384) | ACT: 1.3378mJ  | RD: 41.766mJ  | WR: 0.22376mJ  | all_ACT: 0mJ  | all_RD: 0mJ  | all_WR: 0mJ  | MAC: 1007.7mJ  | Total: 43.327mJ | compute util: 0, memory util: 0, Op/B 2903.9
		input_layer_norm | 0.85811us  | 38807 - 38808 | tensor(209, 16384) -> tensor(209, 16384) | ACT: 0mJ  | RD: 0mJ  | WR: 0mJ  | all_ACT: 0mJ  | all_RD: 0mJ  | all_WR: 0mJ  | MAC: 0mJ  | Total: 0mJ | compute util: 0, memory util: 0, Op/B 0
		attention | 1054.4us  | 38808 - 39862 | tensor(209, 16384) -> tensor(209, 16384) | ACT: 1.2547mJ  | RD: 39.268mJ  | WR: 0.09888mJ  | all_ACT: 0mJ  | all_RD: 0mJ  | all_WR: 0mJ  | MAC: 999.85mJ  | Total: 40.621mJ | compute util: 0, memory util: 0, Op/B 3073
			attn_qkv_proj | 1.6227us  | 38808 - 38809 | tensor(209, 16384) -> tensor(209, 576) | ACT: 0.011519mJ  | RD: 0.35834mJ  | WR: 0.0034214mJ  | all_ACT: 0mJ  | all_RD: 0mJ  | all_WR: 0mJ  | MAC: 0.90729mJ  | Total: 0.37328mJ | compute util: 0, memory util: 0, Op/B 303.87
				Linear | 1.6227us  | 38808 - 38809 | tensor(209, 16384) -> tensor(209, 576) | ACT: 0.011519mJ  | RD: 0.35834mJ  | WR: 0.0034214mJ  | all_ACT: 0mJ  | all_RD: 0mJ  | all_WR: 0mJ  | MAC: 0.90729mJ  | Total: 0.37328mJ | compute util: 0.54021, memory util: 1, Op/B 303.87, GPU
			self_attention | 976.9us  | 38809 - 39786 | tensor(209, 576) -> tensor(209, 512) | ACT: 1.2326mJ  | RD: 38.672mJ  | WR: 0mJ  | all_ACT: 0mJ  | all_RD: 0mJ  | all_WR: 0mJ  | MAC: 998.14mJ  | Total: 39.905mJ | compute util: 0, memory util: 0, Op/B 3122.7
				AttentionSplit | 0us  | 38809 - 38809 | tensor(209, 576) -> tensor(0, 768) tensor(209, 768) | ACT: 0mJ  | RD: 0mJ  | WR: 0mJ  | all_ACT: 0mJ  | all_RD: 0mJ  | all_WR: 0mJ  | MAC: 0mJ  | Total: 0mJ | compute util: 0, memory util: 0, Op/B 0
				AttentionSum | 0us  | 38809 - 38809 | tensor(0, 768) -> tensor(0, 2048) | ACT: 0mJ  | RD: 0mJ  | WR: 0mJ  | all_ACT: 0mJ  | all_RD: 0mJ  | all_WR: 0mJ  | MAC: 0mJ  | Total: 0mJ | compute util: 0, memory util: 0, Op/B 0, GPU
				AttentionGen | 964.39us  | 38809 - 39774 | tensor(209, 768) -> tensor(209, 2048) | ACT: 1.2326mJ  | RD: 38.672mJ  | WR: 0mJ  | all_ACT: 0mJ  | all_RD: 0mJ  | all_WR: 0mJ  | MAC: 998.14mJ  | Total: 39.905mJ | compute util: 1, memory util: 0.18013, Op/B 3122.7, GPU
				context_merge | 12.517us  | 39774 - 39786 | tensor(209, 2048) -> tensor(209, 2048) | ACT: 0mJ  | RD: 0mJ  | WR: 0mJ  | all_ACT: 0mJ  | all_RD: 0mJ  | all_WR: 0mJ  | MAC: 0mJ  | Total: 0mJ | compute util: 0, memory util: 0, Op/B 0
				AttentionMerge | 0us  | 39786 - 39786 | tensor(0, 2048) tensor(209, 2048) -> tensor(209, 512) | ACT: 0mJ  | RD: 0mJ  | WR: 0mJ  | all_ACT: 0mJ  | all_RD: 0mJ  | all_WR: 0mJ  | MAC: 0mJ  | Total: 0mJ | compute util: 0, memory util: 0, Op/B 0
			attn_o_proj | 1.49us  | 39786 - 39788 | tensor(209, 512) -> tensor(209, 16384) | ACT: 0.010588mJ  | RD: 0.23688mJ  | WR: 0.095458mJ  | all_ACT: 0mJ  | all_RD: 0mJ  | all_WR: 0mJ  | MAC: 0.80648mJ  | Total: 0.34292mJ | compute util: 0, memory util: 0, Op/B 294.17
				Linear | 1.49us  | 39786 - 39788 | tensor(209, 512) -> tensor(209, 16384) | ACT: 0.010588mJ  | RD: 0.23688mJ  | WR: 0.095458mJ  | all_ACT: 0mJ  | all_RD: 0mJ  | all_WR: 0mJ  | MAC: 0.80648mJ  | Total: 0.34292mJ | compute util: 0.52296, memory util: 1, Op/B 294.17, GPU
			all_reduce | 74.405us  | 39788 - 39862 | tensor(209, 16384) -> tensor(209, 16384) | ACT: 0mJ  | RD: 0mJ  | WR: 0mJ  | all_ACT: 0mJ  | all_RD: 0mJ  | all_WR: 0mJ  | MAC: 0mJ  | Total: 0mJ | compute util: 0, memory util: 0, Op/B 0
		residual_1 | 1.2841us  | 39862 - 39863 | tensor(209, 16384) -> tensor(209, 16384) | ACT: 0mJ  | RD: 0mJ  | WR: 0mJ  | all_ACT: 0mJ  | all_RD: 0mJ  | all_WR: 0mJ  | MAC: 0mJ  | Total: 0mJ | compute util: 0, memory util: 0, Op/B 0
		post_attn_layer_norm | 0.85811us  | 39863 - 39864 | tensor(209, 16384) -> tensor(209, 16384) | ACT: 0mJ  | RD: 0mJ  | WR: 0mJ  | all_ACT: 0mJ  | all_RD: 0mJ  | all_WR: 0mJ  | MAC: 0mJ  | Total: 0mJ | compute util: 0, memory util: 0, Op/B 0
		feedforward | 11.769us  | 39864 - 39876 | tensor(209, 16384) -> tensor(209, 16384) | ACT: 0.083075mJ  | RD: 2.498mJ  | WR: 0.12488mJ  | all_ACT: 0mJ  | all_RD: 0mJ  | all_WR: 0mJ  | MAC: 7.8632mJ  | Total: 2.706mJ | compute util: 0, memory util: 0, Op/B 363.13
			gate_proj | 3.8794us  | 39864 - 39868 | tensor(209, 16384) -> tensor(209, 1664) | ACT: 0.027459mJ  | RD: 0.85468mJ  | WR: 0.0098081mJ  | all_ACT: 0mJ  | all_RD: 0mJ  | all_WR: 0mJ  | MAC: 2.6211mJ  | Total: 0.89194mJ | compute util: 0, memory util: 0, Op/B 367.2
				Linear | 3.8794us  | 39864 - 39868 | tensor(209, 16384) -> tensor(209, 1664) | ACT: 0.027459mJ  | RD: 0.85468mJ  | WR: 0.0098081mJ  | all_ACT: 0mJ  | all_RD: 0mJ  | all_WR: 0mJ  | MAC: 2.6211mJ  | Total: 0.89194mJ | compute util: 0.65279, memory util: 1, Op/B 367.2, GPU
			activation | 0.13042us  | 39868 - 39868 | tensor(209, 1664) -> tensor(209, 1664) | ACT: 0.00069811mJ  | RD: 0.019616mJ  | WR: 0.0098081mJ  | all_ACT: 0mJ  | all_RD: 0mJ  | all_WR: 0mJ  | MAC: 0mJ  | Total: 0.030122mJ | compute util: 0, memory util: 1, Op/B 0, GPU
			up_proj | 3.8794us  | 39868 - 39872 | tensor(209, 16384) -> tensor(209, 1664) | ACT: 0.027459mJ  | RD: 0.85468mJ  | WR: 0.0098081mJ  | all_ACT: 0mJ  | all_RD: 0mJ  | all_WR: 0mJ  | MAC: 2.6211mJ  | Total: 0.89194mJ | compute util: 0, memory util: 0, Op/B 367.2
				Linear | 3.8794us  | 39868 - 39872 | tensor(209, 16384) -> tensor(209, 1664) | ACT: 0.027459mJ  | RD: 0.85468mJ  | WR: 0.0098081mJ  | all_ACT: 0mJ  | all_RD: 0mJ  | all_WR: 0mJ  | MAC: 2.6211mJ  | Total: 0.89194mJ | compute util: 0.65279, memory util: 1, Op/B 367.2, GPU
			down_proj | 3.8794us  | 39872 - 39876 | tensor(209, 1664) -> tensor(209, 16384) | ACT: 0.027459mJ  | RD: 0.76903mJ  | WR: 0.095458mJ  | all_ACT: 0mJ  | all_RD: 0mJ  | all_WR: 0mJ  | MAC: 2.6211mJ  | Total: 0.89194mJ | compute util: 0, memory util: 0, Op/B 367.2
				Linear | 3.8794us  | 39872 - 39876 | tensor(209, 1664) -> tensor(209, 16384) | ACT: 0.027459mJ  | RD: 0.76903mJ  | WR: 0.095458mJ  | all_ACT: 0mJ  | all_RD: 0mJ  | all_WR: 0mJ  | MAC: 2.6211mJ  | Total: 0.89194mJ | compute util: 0.65279, memory util: 1, Op/B 367.2, GPU
		all_reduce | 74.405us  | 39876 - 39950 | tensor(209, 16384) -> tensor(209, 16384) | ACT: 0mJ  | RD: 0mJ  | WR: 0mJ  | all_ACT: 0mJ  | all_RD: 0mJ  | all_WR: 0mJ  | MAC: 0mJ  | Total: 0mJ | compute util: 0, memory util: 0, Op/B 0
		residual_1 | 1.2841us  | 39950 - 39952 | tensor(209, 16384) -> tensor(209, 16384) | ACT: 0mJ  | RD: 0mJ  | WR: 0mJ  | all_ACT: 0mJ  | all_RD: 0mJ  | all_WR: 0mJ  | MAC: 0mJ  | Total: 0mJ | compute util: 0, memory util: 0, Op/B 0
	decoder_35 | 1137.9us  | 39952 - 41090 | tensor(209, 16384) -> tensor(209, 16384) | ACT: 1.3378mJ  | RD: 41.766mJ  | WR: 0.22376mJ  | all_ACT: 0mJ  | all_RD: 0mJ  | all_WR: 0mJ  | MAC: 1007.7mJ  | Total: 43.327mJ | compute util: 0, memory util: 0, Op/B 2903.9
		input_layer_norm | 0.85811us  | 39952 - 39953 | tensor(209, 16384) -> tensor(209, 16384) | ACT: 0mJ  | RD: 0mJ  | WR: 0mJ  | all_ACT: 0mJ  | all_RD: 0mJ  | all_WR: 0mJ  | MAC: 0mJ  | Total: 0mJ | compute util: 0, memory util: 0, Op/B 0
		attention | 1047.4us  | 39953 - 41000 | tensor(209, 16384) -> tensor(209, 16384) | ACT: 1.2547mJ  | RD: 39.268mJ  | WR: 0.09888mJ  | all_ACT: 0mJ  | all_RD: 0mJ  | all_WR: 0mJ  | MAC: 999.85mJ  | Total: 40.621mJ | compute util: 0, memory util: 0, Op/B 3073
			attn_qkv_proj | 1.6227us  | 39953 - 39954 | tensor(209, 16384) -> tensor(209, 576) | ACT: 0.011519mJ  | RD: 0.35834mJ  | WR: 0.0034214mJ  | all_ACT: 0mJ  | all_RD: 0mJ  | all_WR: 0mJ  | MAC: 0.90729mJ  | Total: 0.37328mJ | compute util: 0, memory util: 0, Op/B 303.87
				Linear | 1.6227us  | 39953 - 39954 | tensor(209, 16384) -> tensor(209, 576) | ACT: 0.011519mJ  | RD: 0.35834mJ  | WR: 0.0034214mJ  | all_ACT: 0mJ  | all_RD: 0mJ  | all_WR: 0mJ  | MAC: 0.90729mJ  | Total: 0.37328mJ | compute util: 0.54021, memory util: 1, Op/B 303.87, GPU
			self_attention | 969.9us  | 39954 - 40924 | tensor(209, 576) -> tensor(209, 512) | ACT: 1.2326mJ  | RD: 38.672mJ  | WR: 0mJ  | all_ACT: 0mJ  | all_RD: 0mJ  | all_WR: 0mJ  | MAC: 998.14mJ  | Total: 39.905mJ | compute util: 0, memory util: 0, Op/B 3122.7
				AttentionSplit | 0us  | 39954 - 39954 | tensor(209, 576) -> tensor(0, 768) tensor(209, 768) | ACT: 0mJ  | RD: 0mJ  | WR: 0mJ  | all_ACT: 0mJ  | all_RD: 0mJ  | all_WR: 0mJ  | MAC: 0mJ  | Total: 0mJ | compute util: 0, memory util: 0, Op/B 0
				AttentionSum | 0us  | 39954 - 39954 | tensor(0, 768) -> tensor(0, 2048) | ACT: 0mJ  | RD: 0mJ  | WR: 0mJ  | all_ACT: 0mJ  | all_RD: 0mJ  | all_WR: 0mJ  | MAC: 0mJ  | Total: 0mJ | compute util: 0, memory util: 0, Op/B 0, GPU
				AttentionGen | 964.39us  | 39954 - 40919 | tensor(209, 768) -> tensor(209, 2048) | ACT: 1.2326mJ  | RD: 38.672mJ  | WR: 0mJ  | all_ACT: 0mJ  | all_RD: 0mJ  | all_WR: 0mJ  | MAC: 998.14mJ  | Total: 39.905mJ | compute util: 1, memory util: 0.18013, Op/B 3122.7, GPU
				context_merge | 5.5134us  | 40919 - 40924 | tensor(209, 2048) -> tensor(209, 2048) | ACT: 0mJ  | RD: 0mJ  | WR: 0mJ  | all_ACT: 0mJ  | all_RD: 0mJ  | all_WR: 0mJ  | MAC: 0mJ  | Total: 0mJ | compute util: 0, memory util: 0, Op/B 0
				AttentionMerge | 0us  | 40924 - 40924 | tensor(0, 2048) tensor(209, 2048) -> tensor(209, 512) | ACT: 0mJ  | RD: 0mJ  | WR: 0mJ  | all_ACT: 0mJ  | all_RD: 0mJ  | all_WR: 0mJ  | MAC: 0mJ  | Total: 0mJ | compute util: 0, memory util: 0, Op/B 0
			attn_o_proj | 1.49us  | 40924 - 40926 | tensor(209, 512) -> tensor(209, 16384) | ACT: 0.010588mJ  | RD: 0.23688mJ  | WR: 0.095458mJ  | all_ACT: 0mJ  | all_RD: 0mJ  | all_WR: 0mJ  | MAC: 0.80648mJ  | Total: 0.34292mJ | compute util: 0, memory util: 0, Op/B 294.17
				Linear | 1.49us  | 40924 - 40926 | tensor(209, 512) -> tensor(209, 16384) | ACT: 0.010588mJ  | RD: 0.23688mJ  | WR: 0.095458mJ  | all_ACT: 0mJ  | all_RD: 0mJ  | all_WR: 0mJ  | MAC: 0.80648mJ  | Total: 0.34292mJ | compute util: 0.52296, memory util: 1, Op/B 294.17, GPU
			all_reduce | 74.405us  | 40926 - 41000 | tensor(209, 16384) -> tensor(209, 16384) | ACT: 0mJ  | RD: 0mJ  | WR: 0mJ  | all_ACT: 0mJ  | all_RD: 0mJ  | all_WR: 0mJ  | MAC: 0mJ  | Total: 0mJ | compute util: 0, memory util: 0, Op/B 0
		residual_1 | 1.2841us  | 41000 - 41001 | tensor(209, 16384) -> tensor(209, 16384) | ACT: 0mJ  | RD: 0mJ  | WR: 0mJ  | all_ACT: 0mJ  | all_RD: 0mJ  | all_WR: 0mJ  | MAC: 0mJ  | Total: 0mJ | compute util: 0, memory util: 0, Op/B 0
		post_attn_layer_norm | 0.85811us  | 41001 - 41002 | tensor(209, 16384) -> tensor(209, 16384) | ACT: 0mJ  | RD: 0mJ  | WR: 0mJ  | all_ACT: 0mJ  | all_RD: 0mJ  | all_WR: 0mJ  | MAC: 0mJ  | Total: 0mJ | compute util: 0, memory util: 0, Op/B 0
		feedforward | 11.769us  | 41002 - 41014 | tensor(209, 16384) -> tensor(209, 16384) | ACT: 0.083075mJ  | RD: 2.498mJ  | WR: 0.12488mJ  | all_ACT: 0mJ  | all_RD: 0mJ  | all_WR: 0mJ  | MAC: 7.8632mJ  | Total: 2.706mJ | compute util: 0, memory util: 0, Op/B 363.13
			gate_proj | 3.8794us  | 41002 - 41006 | tensor(209, 16384) -> tensor(209, 1664) | ACT: 0.027459mJ  | RD: 0.85468mJ  | WR: 0.0098081mJ  | all_ACT: 0mJ  | all_RD: 0mJ  | all_WR: 0mJ  | MAC: 2.6211mJ  | Total: 0.89194mJ | compute util: 0, memory util: 0, Op/B 367.2
				Linear | 3.8794us  | 41002 - 41006 | tensor(209, 16384) -> tensor(209, 1664) | ACT: 0.027459mJ  | RD: 0.85468mJ  | WR: 0.0098081mJ  | all_ACT: 0mJ  | all_RD: 0mJ  | all_WR: 0mJ  | MAC: 2.6211mJ  | Total: 0.89194mJ | compute util: 0.65279, memory util: 1, Op/B 367.2, GPU
			activation | 0.13042us  | 41006 - 41006 | tensor(209, 1664) -> tensor(209, 1664) | ACT: 0.00069811mJ  | RD: 0.019616mJ  | WR: 0.0098081mJ  | all_ACT: 0mJ  | all_RD: 0mJ  | all_WR: 0mJ  | MAC: 0mJ  | Total: 0.030122mJ | compute util: 0, memory util: 1, Op/B 0, GPU
			up_proj | 3.8794us  | 41006 - 41010 | tensor(209, 16384) -> tensor(209, 1664) | ACT: 0.027459mJ  | RD: 0.85468mJ  | WR: 0.0098081mJ  | all_ACT: 0mJ  | all_RD: 0mJ  | all_WR: 0mJ  | MAC: 2.6211mJ  | Total: 0.89194mJ | compute util: 0, memory util: 0, Op/B 367.2
				Linear | 3.8794us  | 41006 - 41010 | tensor(209, 16384) -> tensor(209, 1664) | ACT: 0.027459mJ  | RD: 0.85468mJ  | WR: 0.0098081mJ  | all_ACT: 0mJ  | all_RD: 0mJ  | all_WR: 0mJ  | MAC: 2.6211mJ  | Total: 0.89194mJ | compute util: 0.65279, memory util: 1, Op/B 367.2, GPU
			down_proj | 3.8794us  | 41010 - 41014 | tensor(209, 1664) -> tensor(209, 16384) | ACT: 0.027459mJ  | RD: 0.76903mJ  | WR: 0.095458mJ  | all_ACT: 0mJ  | all_RD: 0mJ  | all_WR: 0mJ  | MAC: 2.6211mJ  | Total: 0.89194mJ | compute util: 0, memory util: 0, Op/B 367.2
				Linear | 3.8794us  | 41010 - 41014 | tensor(209, 1664) -> tensor(209, 16384) | ACT: 0.027459mJ  | RD: 0.76903mJ  | WR: 0.095458mJ  | all_ACT: 0mJ  | all_RD: 0mJ  | all_WR: 0mJ  | MAC: 2.6211mJ  | Total: 0.89194mJ | compute util: 0.65279, memory util: 1, Op/B 367.2, GPU
		all_reduce | 74.405us  | 41014 - 41088 | tensor(209, 16384) -> tensor(209, 16384) | ACT: 0mJ  | RD: 0mJ  | WR: 0mJ  | all_ACT: 0mJ  | all_RD: 0mJ  | all_WR: 0mJ  | MAC: 0mJ  | Total: 0mJ | compute util: 0, memory util: 0, Op/B 0
		residual_1 | 1.2841us  | 41088 - 41090 | tensor(209, 16384) -> tensor(209, 16384) | ACT: 0mJ  | RD: 0mJ  | WR: 0mJ  | all_ACT: 0mJ  | all_RD: 0mJ  | all_WR: 0mJ  | MAC: 0mJ  | Total: 0mJ | compute util: 0, memory util: 0, Op/B 0
	decoder_36 | 1144.9us  | 41090 - 42234 | tensor(209, 16384) -> tensor(209, 16384) | ACT: 1.3378mJ  | RD: 41.766mJ  | WR: 0.22376mJ  | all_ACT: 0mJ  | all_RD: 0mJ  | all_WR: 0mJ  | MAC: 1007.7mJ  | Total: 43.327mJ | compute util: 0, memory util: 0, Op/B 2903.9
		input_layer_norm | 0.85811us  | 41090 - 41090 | tensor(209, 16384) -> tensor(209, 16384) | ACT: 0mJ  | RD: 0mJ  | WR: 0mJ  | all_ACT: 0mJ  | all_RD: 0mJ  | all_WR: 0mJ  | MAC: 0mJ  | Total: 0mJ | compute util: 0, memory util: 0, Op/B 0
		attention | 1054.4us  | 41090 - 42145 | tensor(209, 16384) -> tensor(209, 16384) | ACT: 1.2547mJ  | RD: 39.268mJ  | WR: 0.09888mJ  | all_ACT: 0mJ  | all_RD: 0mJ  | all_WR: 0mJ  | MAC: 999.85mJ  | Total: 40.621mJ | compute util: 0, memory util: 0, Op/B 3073
			attn_qkv_proj | 1.6227us  | 41090 - 41092 | tensor(209, 16384) -> tensor(209, 576) | ACT: 0.011519mJ  | RD: 0.35834mJ  | WR: 0.0034214mJ  | all_ACT: 0mJ  | all_RD: 0mJ  | all_WR: 0mJ  | MAC: 0.90729mJ  | Total: 0.37328mJ | compute util: 0, memory util: 0, Op/B 303.87
				Linear | 1.6227us  | 41090 - 41092 | tensor(209, 16384) -> tensor(209, 576) | ACT: 0.011519mJ  | RD: 0.35834mJ  | WR: 0.0034214mJ  | all_ACT: 0mJ  | all_RD: 0mJ  | all_WR: 0mJ  | MAC: 0.90729mJ  | Total: 0.37328mJ | compute util: 0.54021, memory util: 1, Op/B 303.87, GPU
			self_attention | 976.9us  | 41092 - 42069 | tensor(209, 576) -> tensor(209, 512) | ACT: 1.2326mJ  | RD: 38.672mJ  | WR: 0mJ  | all_ACT: 0mJ  | all_RD: 0mJ  | all_WR: 0mJ  | MAC: 998.14mJ  | Total: 39.905mJ | compute util: 0, memory util: 0, Op/B 3122.7
				AttentionSplit | 0us  | 41092 - 41092 | tensor(209, 576) -> tensor(0, 768) tensor(209, 768) | ACT: 0mJ  | RD: 0mJ  | WR: 0mJ  | all_ACT: 0mJ  | all_RD: 0mJ  | all_WR: 0mJ  | MAC: 0mJ  | Total: 0mJ | compute util: 0, memory util: 0, Op/B 0
				AttentionSum | 0us  | 41092 - 41092 | tensor(0, 768) -> tensor(0, 2048) | ACT: 0mJ  | RD: 0mJ  | WR: 0mJ  | all_ACT: 0mJ  | all_RD: 0mJ  | all_WR: 0mJ  | MAC: 0mJ  | Total: 0mJ | compute util: 0, memory util: 0, Op/B 0, GPU
				AttentionGen | 964.39us  | 41092 - 42056 | tensor(209, 768) -> tensor(209, 2048) | ACT: 1.2326mJ  | RD: 38.672mJ  | WR: 0mJ  | all_ACT: 0mJ  | all_RD: 0mJ  | all_WR: 0mJ  | MAC: 998.14mJ  | Total: 39.905mJ | compute util: 1, memory util: 0.18013, Op/B 3122.7, GPU
				context_merge | 12.517us  | 42056 - 42069 | tensor(209, 2048) -> tensor(209, 2048) | ACT: 0mJ  | RD: 0mJ  | WR: 0mJ  | all_ACT: 0mJ  | all_RD: 0mJ  | all_WR: 0mJ  | MAC: 0mJ  | Total: 0mJ | compute util: 0, memory util: 0, Op/B 0
				AttentionMerge | 0us  | 42069 - 42069 | tensor(0, 2048) tensor(209, 2048) -> tensor(209, 512) | ACT: 0mJ  | RD: 0mJ  | WR: 0mJ  | all_ACT: 0mJ  | all_RD: 0mJ  | all_WR: 0mJ  | MAC: 0mJ  | Total: 0mJ | compute util: 0, memory util: 0, Op/B 0
			attn_o_proj | 1.49us  | 42069 - 42070 | tensor(209, 512) -> tensor(209, 16384) | ACT: 0.010588mJ  | RD: 0.23688mJ  | WR: 0.095458mJ  | all_ACT: 0mJ  | all_RD: 0mJ  | all_WR: 0mJ  | MAC: 0.80648mJ  | Total: 0.34292mJ | compute util: 0, memory util: 0, Op/B 294.17
				Linear | 1.49us  | 42069 - 42070 | tensor(209, 512) -> tensor(209, 16384) | ACT: 0.010588mJ  | RD: 0.23688mJ  | WR: 0.095458mJ  | all_ACT: 0mJ  | all_RD: 0mJ  | all_WR: 0mJ  | MAC: 0.80648mJ  | Total: 0.34292mJ | compute util: 0.52296, memory util: 1, Op/B 294.17, GPU
			all_reduce | 74.405us  | 42070 - 42145 | tensor(209, 16384) -> tensor(209, 16384) | ACT: 0mJ  | RD: 0mJ  | WR: 0mJ  | all_ACT: 0mJ  | all_RD: 0mJ  | all_WR: 0mJ  | MAC: 0mJ  | Total: 0mJ | compute util: 0, memory util: 0, Op/B 0
		residual_1 | 1.2841us  | 42145 - 42146 | tensor(209, 16384) -> tensor(209, 16384) | ACT: 0mJ  | RD: 0mJ  | WR: 0mJ  | all_ACT: 0mJ  | all_RD: 0mJ  | all_WR: 0mJ  | MAC: 0mJ  | Total: 0mJ | compute util: 0, memory util: 0, Op/B 0
		post_attn_layer_norm | 0.85811us  | 42146 - 42147 | tensor(209, 16384) -> tensor(209, 16384) | ACT: 0mJ  | RD: 0mJ  | WR: 0mJ  | all_ACT: 0mJ  | all_RD: 0mJ  | all_WR: 0mJ  | MAC: 0mJ  | Total: 0mJ | compute util: 0, memory util: 0, Op/B 0
		feedforward | 11.769us  | 42147 - 42159 | tensor(209, 16384) -> tensor(209, 16384) | ACT: 0.083075mJ  | RD: 2.498mJ  | WR: 0.12488mJ  | all_ACT: 0mJ  | all_RD: 0mJ  | all_WR: 0mJ  | MAC: 7.8632mJ  | Total: 2.706mJ | compute util: 0, memory util: 0, Op/B 363.13
			gate_proj | 3.8794us  | 42147 - 42151 | tensor(209, 16384) -> tensor(209, 1664) | ACT: 0.027459mJ  | RD: 0.85468mJ  | WR: 0.0098081mJ  | all_ACT: 0mJ  | all_RD: 0mJ  | all_WR: 0mJ  | MAC: 2.6211mJ  | Total: 0.89194mJ | compute util: 0, memory util: 0, Op/B 367.2
				Linear | 3.8794us  | 42147 - 42151 | tensor(209, 16384) -> tensor(209, 1664) | ACT: 0.027459mJ  | RD: 0.85468mJ  | WR: 0.0098081mJ  | all_ACT: 0mJ  | all_RD: 0mJ  | all_WR: 0mJ  | MAC: 2.6211mJ  | Total: 0.89194mJ | compute util: 0.65279, memory util: 1, Op/B 367.2, GPU
			activation | 0.13042us  | 42151 - 42151 | tensor(209, 1664) -> tensor(209, 1664) | ACT: 0.00069811mJ  | RD: 0.019616mJ  | WR: 0.0098081mJ  | all_ACT: 0mJ  | all_RD: 0mJ  | all_WR: 0mJ  | MAC: 0mJ  | Total: 0.030122mJ | compute util: 0, memory util: 1, Op/B 0, GPU
			up_proj | 3.8794us  | 42151 - 42155 | tensor(209, 16384) -> tensor(209, 1664) | ACT: 0.027459mJ  | RD: 0.85468mJ  | WR: 0.0098081mJ  | all_ACT: 0mJ  | all_RD: 0mJ  | all_WR: 0mJ  | MAC: 2.6211mJ  | Total: 0.89194mJ | compute util: 0, memory util: 0, Op/B 367.2
				Linear | 3.8794us  | 42151 - 42155 | tensor(209, 16384) -> tensor(209, 1664) | ACT: 0.027459mJ  | RD: 0.85468mJ  | WR: 0.0098081mJ  | all_ACT: 0mJ  | all_RD: 0mJ  | all_WR: 0mJ  | MAC: 2.6211mJ  | Total: 0.89194mJ | compute util: 0.65279, memory util: 1, Op/B 367.2, GPU
			down_proj | 3.8794us  | 42155 - 42159 | tensor(209, 1664) -> tensor(209, 16384) | ACT: 0.027459mJ  | RD: 0.76903mJ  | WR: 0.095458mJ  | all_ACT: 0mJ  | all_RD: 0mJ  | all_WR: 0mJ  | MAC: 2.6211mJ  | Total: 0.89194mJ | compute util: 0, memory util: 0, Op/B 367.2
				Linear | 3.8794us  | 42155 - 42159 | tensor(209, 1664) -> tensor(209, 16384) | ACT: 0.027459mJ  | RD: 0.76903mJ  | WR: 0.095458mJ  | all_ACT: 0mJ  | all_RD: 0mJ  | all_WR: 0mJ  | MAC: 2.6211mJ  | Total: 0.89194mJ | compute util: 0.65279, memory util: 1, Op/B 367.2, GPU
		all_reduce | 74.405us  | 42159 - 42233 | tensor(209, 16384) -> tensor(209, 16384) | ACT: 0mJ  | RD: 0mJ  | WR: 0mJ  | all_ACT: 0mJ  | all_RD: 0mJ  | all_WR: 0mJ  | MAC: 0mJ  | Total: 0mJ | compute util: 0, memory util: 0, Op/B 0
		residual_1 | 1.2841us  | 42233 - 42234 | tensor(209, 16384) -> tensor(209, 16384) | ACT: 0mJ  | RD: 0mJ  | WR: 0mJ  | all_ACT: 0mJ  | all_RD: 0mJ  | all_WR: 0mJ  | MAC: 0mJ  | Total: 0mJ | compute util: 0, memory util: 0, Op/B 0
	decoder_37 | 1137.9us  | 42234 - 43372 | tensor(209, 16384) -> tensor(209, 16384) | ACT: 1.3378mJ  | RD: 41.766mJ  | WR: 0.22376mJ  | all_ACT: 0mJ  | all_RD: 0mJ  | all_WR: 0mJ  | MAC: 1007.7mJ  | Total: 43.327mJ | compute util: 0, memory util: 0, Op/B 2903.9
		input_layer_norm | 0.85811us  | 42234 - 42235 | tensor(209, 16384) -> tensor(209, 16384) | ACT: 0mJ  | RD: 0mJ  | WR: 0mJ  | all_ACT: 0mJ  | all_RD: 0mJ  | all_WR: 0mJ  | MAC: 0mJ  | Total: 0mJ | compute util: 0, memory util: 0, Op/B 0
		attention | 1047.4us  | 42235 - 43283 | tensor(209, 16384) -> tensor(209, 16384) | ACT: 1.2547mJ  | RD: 39.268mJ  | WR: 0.09888mJ  | all_ACT: 0mJ  | all_RD: 0mJ  | all_WR: 0mJ  | MAC: 999.85mJ  | Total: 40.621mJ | compute util: 0, memory util: 0, Op/B 3073
			attn_qkv_proj | 1.6227us  | 42235 - 42237 | tensor(209, 16384) -> tensor(209, 576) | ACT: 0.011519mJ  | RD: 0.35834mJ  | WR: 0.0034214mJ  | all_ACT: 0mJ  | all_RD: 0mJ  | all_WR: 0mJ  | MAC: 0.90729mJ  | Total: 0.37328mJ | compute util: 0, memory util: 0, Op/B 303.87
				Linear | 1.6227us  | 42235 - 42237 | tensor(209, 16384) -> tensor(209, 576) | ACT: 0.011519mJ  | RD: 0.35834mJ  | WR: 0.0034214mJ  | all_ACT: 0mJ  | all_RD: 0mJ  | all_WR: 0mJ  | MAC: 0.90729mJ  | Total: 0.37328mJ | compute util: 0.54021, memory util: 1, Op/B 303.87, GPU
			self_attention | 969.9us  | 42237 - 43207 | tensor(209, 576) -> tensor(209, 512) | ACT: 1.2326mJ  | RD: 38.672mJ  | WR: 0mJ  | all_ACT: 0mJ  | all_RD: 0mJ  | all_WR: 0mJ  | MAC: 998.14mJ  | Total: 39.905mJ | compute util: 0, memory util: 0, Op/B 3122.7
				AttentionSplit | 0us  | 42237 - 42237 | tensor(209, 576) -> tensor(0, 768) tensor(209, 768) | ACT: 0mJ  | RD: 0mJ  | WR: 0mJ  | all_ACT: 0mJ  | all_RD: 0mJ  | all_WR: 0mJ  | MAC: 0mJ  | Total: 0mJ | compute util: 0, memory util: 0, Op/B 0
				AttentionSum | 0us  | 42237 - 42237 | tensor(0, 768) -> tensor(0, 2048) | ACT: 0mJ  | RD: 0mJ  | WR: 0mJ  | all_ACT: 0mJ  | all_RD: 0mJ  | all_WR: 0mJ  | MAC: 0mJ  | Total: 0mJ | compute util: 0, memory util: 0, Op/B 0, GPU
				AttentionGen | 964.39us  | 42237 - 43201 | tensor(209, 768) -> tensor(209, 2048) | ACT: 1.2326mJ  | RD: 38.672mJ  | WR: 0mJ  | all_ACT: 0mJ  | all_RD: 0mJ  | all_WR: 0mJ  | MAC: 998.14mJ  | Total: 39.905mJ | compute util: 1, memory util: 0.18013, Op/B 3122.7, GPU
				context_merge | 5.5134us  | 43201 - 43207 | tensor(209, 2048) -> tensor(209, 2048) | ACT: 0mJ  | RD: 0mJ  | WR: 0mJ  | all_ACT: 0mJ  | all_RD: 0mJ  | all_WR: 0mJ  | MAC: 0mJ  | Total: 0mJ | compute util: 0, memory util: 0, Op/B 0
				AttentionMerge | 0us  | 43207 - 43207 | tensor(0, 2048) tensor(209, 2048) -> tensor(209, 512) | ACT: 0mJ  | RD: 0mJ  | WR: 0mJ  | all_ACT: 0mJ  | all_RD: 0mJ  | all_WR: 0mJ  | MAC: 0mJ  | Total: 0mJ | compute util: 0, memory util: 0, Op/B 0
			attn_o_proj | 1.49us  | 43207 - 43208 | tensor(209, 512) -> tensor(209, 16384) | ACT: 0.010588mJ  | RD: 0.23688mJ  | WR: 0.095458mJ  | all_ACT: 0mJ  | all_RD: 0mJ  | all_WR: 0mJ  | MAC: 0.80648mJ  | Total: 0.34292mJ | compute util: 0, memory util: 0, Op/B 294.17
				Linear | 1.49us  | 43207 - 43208 | tensor(209, 512) -> tensor(209, 16384) | ACT: 0.010588mJ  | RD: 0.23688mJ  | WR: 0.095458mJ  | all_ACT: 0mJ  | all_RD: 0mJ  | all_WR: 0mJ  | MAC: 0.80648mJ  | Total: 0.34292mJ | compute util: 0.52296, memory util: 1, Op/B 294.17, GPU
			all_reduce | 74.405us  | 43208 - 43283 | tensor(209, 16384) -> tensor(209, 16384) | ACT: 0mJ  | RD: 0mJ  | WR: 0mJ  | all_ACT: 0mJ  | all_RD: 0mJ  | all_WR: 0mJ  | MAC: 0mJ  | Total: 0mJ | compute util: 0, memory util: 0, Op/B 0
		residual_1 | 1.2841us  | 43283 - 43284 | tensor(209, 16384) -> tensor(209, 16384) | ACT: 0mJ  | RD: 0mJ  | WR: 0mJ  | all_ACT: 0mJ  | all_RD: 0mJ  | all_WR: 0mJ  | MAC: 0mJ  | Total: 0mJ | compute util: 0, memory util: 0, Op/B 0
		post_attn_layer_norm | 0.85811us  | 43284 - 43285 | tensor(209, 16384) -> tensor(209, 16384) | ACT: 0mJ  | RD: 0mJ  | WR: 0mJ  | all_ACT: 0mJ  | all_RD: 0mJ  | all_WR: 0mJ  | MAC: 0mJ  | Total: 0mJ | compute util: 0, memory util: 0, Op/B 0
		feedforward | 11.769us  | 43285 - 43297 | tensor(209, 16384) -> tensor(209, 16384) | ACT: 0.083075mJ  | RD: 2.498mJ  | WR: 0.12488mJ  | all_ACT: 0mJ  | all_RD: 0mJ  | all_WR: 0mJ  | MAC: 7.8632mJ  | Total: 2.706mJ | compute util: 0, memory util: 0, Op/B 363.13
			gate_proj | 3.8794us  | 43285 - 43289 | tensor(209, 16384) -> tensor(209, 1664) | ACT: 0.027459mJ  | RD: 0.85468mJ  | WR: 0.0098081mJ  | all_ACT: 0mJ  | all_RD: 0mJ  | all_WR: 0mJ  | MAC: 2.6211mJ  | Total: 0.89194mJ | compute util: 0, memory util: 0, Op/B 367.2
				Linear | 3.8794us  | 43285 - 43289 | tensor(209, 16384) -> tensor(209, 1664) | ACT: 0.027459mJ  | RD: 0.85468mJ  | WR: 0.0098081mJ  | all_ACT: 0mJ  | all_RD: 0mJ  | all_WR: 0mJ  | MAC: 2.6211mJ  | Total: 0.89194mJ | compute util: 0.65279, memory util: 1, Op/B 367.2, GPU
			activation | 0.13042us  | 43289 - 43289 | tensor(209, 1664) -> tensor(209, 1664) | ACT: 0.00069811mJ  | RD: 0.019616mJ  | WR: 0.0098081mJ  | all_ACT: 0mJ  | all_RD: 0mJ  | all_WR: 0mJ  | MAC: 0mJ  | Total: 0.030122mJ | compute util: 0, memory util: 1, Op/B 0, GPU
			up_proj | 3.8794us  | 43289 - 43293 | tensor(209, 16384) -> tensor(209, 1664) | ACT: 0.027459mJ  | RD: 0.85468mJ  | WR: 0.0098081mJ  | all_ACT: 0mJ  | all_RD: 0mJ  | all_WR: 0mJ  | MAC: 2.6211mJ  | Total: 0.89194mJ | compute util: 0, memory util: 0, Op/B 367.2
				Linear | 3.8794us  | 43289 - 43293 | tensor(209, 16384) -> tensor(209, 1664) | ACT: 0.027459mJ  | RD: 0.85468mJ  | WR: 0.0098081mJ  | all_ACT: 0mJ  | all_RD: 0mJ  | all_WR: 0mJ  | MAC: 2.6211mJ  | Total: 0.89194mJ | compute util: 0.65279, memory util: 1, Op/B 367.2, GPU
			down_proj | 3.8794us  | 43293 - 43297 | tensor(209, 1664) -> tensor(209, 16384) | ACT: 0.027459mJ  | RD: 0.76903mJ  | WR: 0.095458mJ  | all_ACT: 0mJ  | all_RD: 0mJ  | all_WR: 0mJ  | MAC: 2.6211mJ  | Total: 0.89194mJ | compute util: 0, memory util: 0, Op/B 367.2
				Linear | 3.8794us  | 43293 - 43297 | tensor(209, 1664) -> tensor(209, 16384) | ACT: 0.027459mJ  | RD: 0.76903mJ  | WR: 0.095458mJ  | all_ACT: 0mJ  | all_RD: 0mJ  | all_WR: 0mJ  | MAC: 2.6211mJ  | Total: 0.89194mJ | compute util: 0.65279, memory util: 1, Op/B 367.2, GPU
		all_reduce | 74.405us  | 43297 - 43371 | tensor(209, 16384) -> tensor(209, 16384) | ACT: 0mJ  | RD: 0mJ  | WR: 0mJ  | all_ACT: 0mJ  | all_RD: 0mJ  | all_WR: 0mJ  | MAC: 0mJ  | Total: 0mJ | compute util: 0, memory util: 0, Op/B 0
		residual_1 | 1.2841us  | 43371 - 43372 | tensor(209, 16384) -> tensor(209, 16384) | ACT: 0mJ  | RD: 0mJ  | WR: 0mJ  | all_ACT: 0mJ  | all_RD: 0mJ  | all_WR: 0mJ  | MAC: 0mJ  | Total: 0mJ | compute util: 0, memory util: 0, Op/B 0
	decoder_38 | 1144.9us  | 43372 - 44517 | tensor(209, 16384) -> tensor(209, 16384) | ACT: 1.3378mJ  | RD: 41.766mJ  | WR: 0.22376mJ  | all_ACT: 0mJ  | all_RD: 0mJ  | all_WR: 0mJ  | MAC: 1007.7mJ  | Total: 43.327mJ | compute util: 0, memory util: 0, Op/B 2903.9
		input_layer_norm | 0.85811us  | 43372 - 43373 | tensor(209, 16384) -> tensor(209, 16384) | ACT: 0mJ  | RD: 0mJ  | WR: 0mJ  | all_ACT: 0mJ  | all_RD: 0mJ  | all_WR: 0mJ  | MAC: 0mJ  | Total: 0mJ | compute util: 0, memory util: 0, Op/B 0
		attention | 1054.4us  | 43373 - 44428 | tensor(209, 16384) -> tensor(209, 16384) | ACT: 1.2547mJ  | RD: 39.268mJ  | WR: 0.09888mJ  | all_ACT: 0mJ  | all_RD: 0mJ  | all_WR: 0mJ  | MAC: 999.85mJ  | Total: 40.621mJ | compute util: 0, memory util: 0, Op/B 3073
			attn_qkv_proj | 1.6227us  | 43373 - 43375 | tensor(209, 16384) -> tensor(209, 576) | ACT: 0.011519mJ  | RD: 0.35834mJ  | WR: 0.0034214mJ  | all_ACT: 0mJ  | all_RD: 0mJ  | all_WR: 0mJ  | MAC: 0.90729mJ  | Total: 0.37328mJ | compute util: 0, memory util: 0, Op/B 303.87
				Linear | 1.6227us  | 43373 - 43375 | tensor(209, 16384) -> tensor(209, 576) | ACT: 0.011519mJ  | RD: 0.35834mJ  | WR: 0.0034214mJ  | all_ACT: 0mJ  | all_RD: 0mJ  | all_WR: 0mJ  | MAC: 0.90729mJ  | Total: 0.37328mJ | compute util: 0.54021, memory util: 1, Op/B 303.87, GPU
			self_attention | 976.9us  | 43375 - 44352 | tensor(209, 576) -> tensor(209, 512) | ACT: 1.2326mJ  | RD: 38.672mJ  | WR: 0mJ  | all_ACT: 0mJ  | all_RD: 0mJ  | all_WR: 0mJ  | MAC: 998.14mJ  | Total: 39.905mJ | compute util: 0, memory util: 0, Op/B 3122.7
				AttentionSplit | 0us  | 43375 - 43375 | tensor(209, 576) -> tensor(0, 768) tensor(209, 768) | ACT: 0mJ  | RD: 0mJ  | WR: 0mJ  | all_ACT: 0mJ  | all_RD: 0mJ  | all_WR: 0mJ  | MAC: 0mJ  | Total: 0mJ | compute util: 0, memory util: 0, Op/B 0
				AttentionSum | 0us  | 43375 - 43375 | tensor(0, 768) -> tensor(0, 2048) | ACT: 0mJ  | RD: 0mJ  | WR: 0mJ  | all_ACT: 0mJ  | all_RD: 0mJ  | all_WR: 0mJ  | MAC: 0mJ  | Total: 0mJ | compute util: 0, memory util: 0, Op/B 0, GPU
				AttentionGen | 964.39us  | 43375 - 44339 | tensor(209, 768) -> tensor(209, 2048) | ACT: 1.2326mJ  | RD: 38.672mJ  | WR: 0mJ  | all_ACT: 0mJ  | all_RD: 0mJ  | all_WR: 0mJ  | MAC: 998.14mJ  | Total: 39.905mJ | compute util: 1, memory util: 0.18013, Op/B 3122.7, GPU
				context_merge | 12.517us  | 44339 - 44352 | tensor(209, 2048) -> tensor(209, 2048) | ACT: 0mJ  | RD: 0mJ  | WR: 0mJ  | all_ACT: 0mJ  | all_RD: 0mJ  | all_WR: 0mJ  | MAC: 0mJ  | Total: 0mJ | compute util: 0, memory util: 0, Op/B 0
				AttentionMerge | 0us  | 44352 - 44352 | tensor(0, 2048) tensor(209, 2048) -> tensor(209, 512) | ACT: 0mJ  | RD: 0mJ  | WR: 0mJ  | all_ACT: 0mJ  | all_RD: 0mJ  | all_WR: 0mJ  | MAC: 0mJ  | Total: 0mJ | compute util: 0, memory util: 0, Op/B 0
			attn_o_proj | 1.49us  | 44352 - 44353 | tensor(209, 512) -> tensor(209, 16384) | ACT: 0.010588mJ  | RD: 0.23688mJ  | WR: 0.095458mJ  | all_ACT: 0mJ  | all_RD: 0mJ  | all_WR: 0mJ  | MAC: 0.80648mJ  | Total: 0.34292mJ | compute util: 0, memory util: 0, Op/B 294.17
				Linear | 1.49us  | 44352 - 44353 | tensor(209, 512) -> tensor(209, 16384) | ACT: 0.010588mJ  | RD: 0.23688mJ  | WR: 0.095458mJ  | all_ACT: 0mJ  | all_RD: 0mJ  | all_WR: 0mJ  | MAC: 0.80648mJ  | Total: 0.34292mJ | compute util: 0.52296, memory util: 1, Op/B 294.17, GPU
			all_reduce | 74.405us  | 44353 - 44428 | tensor(209, 16384) -> tensor(209, 16384) | ACT: 0mJ  | RD: 0mJ  | WR: 0mJ  | all_ACT: 0mJ  | all_RD: 0mJ  | all_WR: 0mJ  | MAC: 0mJ  | Total: 0mJ | compute util: 0, memory util: 0, Op/B 0
		residual_1 | 1.2841us  | 44428 - 44429 | tensor(209, 16384) -> tensor(209, 16384) | ACT: 0mJ  | RD: 0mJ  | WR: 0mJ  | all_ACT: 0mJ  | all_RD: 0mJ  | all_WR: 0mJ  | MAC: 0mJ  | Total: 0mJ | compute util: 0, memory util: 0, Op/B 0
		post_attn_layer_norm | 0.85811us  | 44429 - 44430 | tensor(209, 16384) -> tensor(209, 16384) | ACT: 0mJ  | RD: 0mJ  | WR: 0mJ  | all_ACT: 0mJ  | all_RD: 0mJ  | all_WR: 0mJ  | MAC: 0mJ  | Total: 0mJ | compute util: 0, memory util: 0, Op/B 0
		feedforward | 11.769us  | 44430 - 44442 | tensor(209, 16384) -> tensor(209, 16384) | ACT: 0.083075mJ  | RD: 2.498mJ  | WR: 0.12488mJ  | all_ACT: 0mJ  | all_RD: 0mJ  | all_WR: 0mJ  | MAC: 7.8632mJ  | Total: 2.706mJ | compute util: 0, memory util: 0, Op/B 363.13
			gate_proj | 3.8794us  | 44430 - 44434 | tensor(209, 16384) -> tensor(209, 1664) | ACT: 0.027459mJ  | RD: 0.85468mJ  | WR: 0.0098081mJ  | all_ACT: 0mJ  | all_RD: 0mJ  | all_WR: 0mJ  | MAC: 2.6211mJ  | Total: 0.89194mJ | compute util: 0, memory util: 0, Op/B 367.2
				Linear | 3.8794us  | 44430 - 44434 | tensor(209, 16384) -> tensor(209, 1664) | ACT: 0.027459mJ  | RD: 0.85468mJ  | WR: 0.0098081mJ  | all_ACT: 0mJ  | all_RD: 0mJ  | all_WR: 0mJ  | MAC: 2.6211mJ  | Total: 0.89194mJ | compute util: 0.65279, memory util: 1, Op/B 367.2, GPU
			activation | 0.13042us  | 44434 - 44434 | tensor(209, 1664) -> tensor(209, 1664) | ACT: 0.00069811mJ  | RD: 0.019616mJ  | WR: 0.0098081mJ  | all_ACT: 0mJ  | all_RD: 0mJ  | all_WR: 0mJ  | MAC: 0mJ  | Total: 0.030122mJ | compute util: 0, memory util: 1, Op/B 0, GPU
			up_proj | 3.8794us  | 44434 - 44438 | tensor(209, 16384) -> tensor(209, 1664) | ACT: 0.027459mJ  | RD: 0.85468mJ  | WR: 0.0098081mJ  | all_ACT: 0mJ  | all_RD: 0mJ  | all_WR: 0mJ  | MAC: 2.6211mJ  | Total: 0.89194mJ | compute util: 0, memory util: 0, Op/B 367.2
				Linear | 3.8794us  | 44434 - 44438 | tensor(209, 16384) -> tensor(209, 1664) | ACT: 0.027459mJ  | RD: 0.85468mJ  | WR: 0.0098081mJ  | all_ACT: 0mJ  | all_RD: 0mJ  | all_WR: 0mJ  | MAC: 2.6211mJ  | Total: 0.89194mJ | compute util: 0.65279, memory util: 1, Op/B 367.2, GPU
			down_proj | 3.8794us  | 44438 - 44442 | tensor(209, 1664) -> tensor(209, 16384) | ACT: 0.027459mJ  | RD: 0.76903mJ  | WR: 0.095458mJ  | all_ACT: 0mJ  | all_RD: 0mJ  | all_WR: 0mJ  | MAC: 2.6211mJ  | Total: 0.89194mJ | compute util: 0, memory util: 0, Op/B 367.2
				Linear | 3.8794us  | 44438 - 44442 | tensor(209, 1664) -> tensor(209, 16384) | ACT: 0.027459mJ  | RD: 0.76903mJ  | WR: 0.095458mJ  | all_ACT: 0mJ  | all_RD: 0mJ  | all_WR: 0mJ  | MAC: 2.6211mJ  | Total: 0.89194mJ | compute util: 0.65279, memory util: 1, Op/B 367.2, GPU
		all_reduce | 74.405us  | 44442 - 44516 | tensor(209, 16384) -> tensor(209, 16384) | ACT: 0mJ  | RD: 0mJ  | WR: 0mJ  | all_ACT: 0mJ  | all_RD: 0mJ  | all_WR: 0mJ  | MAC: 0mJ  | Total: 0mJ | compute util: 0, memory util: 0, Op/B 0
		residual_1 | 1.2841us  | 44516 - 44517 | tensor(209, 16384) -> tensor(209, 16384) | ACT: 0mJ  | RD: 0mJ  | WR: 0mJ  | all_ACT: 0mJ  | all_RD: 0mJ  | all_WR: 0mJ  | MAC: 0mJ  | Total: 0mJ | compute util: 0, memory util: 0, Op/B 0
	decoder_39 | 1137.9us  | 44517 - 45655 | tensor(209, 16384) -> tensor(209, 16384) | ACT: 1.3378mJ  | RD: 41.766mJ  | WR: 0.22376mJ  | all_ACT: 0mJ  | all_RD: 0mJ  | all_WR: 0mJ  | MAC: 1007.7mJ  | Total: 43.327mJ | compute util: 0, memory util: 0, Op/B 2903.9
		input_layer_norm | 0.85811us  | 44517 - 44518 | tensor(209, 16384) -> tensor(209, 16384) | ACT: 0mJ  | RD: 0mJ  | WR: 0mJ  | all_ACT: 0mJ  | all_RD: 0mJ  | all_WR: 0mJ  | MAC: 0mJ  | Total: 0mJ | compute util: 0, memory util: 0, Op/B 0
		attention | 1047.4us  | 44518 - 45566 | tensor(209, 16384) -> tensor(209, 16384) | ACT: 1.2547mJ  | RD: 39.268mJ  | WR: 0.09888mJ  | all_ACT: 0mJ  | all_RD: 0mJ  | all_WR: 0mJ  | MAC: 999.85mJ  | Total: 40.621mJ | compute util: 0, memory util: 0, Op/B 3073
			attn_qkv_proj | 1.6227us  | 44518 - 44520 | tensor(209, 16384) -> tensor(209, 576) | ACT: 0.011519mJ  | RD: 0.35834mJ  | WR: 0.0034214mJ  | all_ACT: 0mJ  | all_RD: 0mJ  | all_WR: 0mJ  | MAC: 0.90729mJ  | Total: 0.37328mJ | compute util: 0, memory util: 0, Op/B 303.87
				Linear | 1.6227us  | 44518 - 44520 | tensor(209, 16384) -> tensor(209, 576) | ACT: 0.011519mJ  | RD: 0.35834mJ  | WR: 0.0034214mJ  | all_ACT: 0mJ  | all_RD: 0mJ  | all_WR: 0mJ  | MAC: 0.90729mJ  | Total: 0.37328mJ | compute util: 0.54021, memory util: 1, Op/B 303.87, GPU
			self_attention | 969.9us  | 44520 - 45490 | tensor(209, 576) -> tensor(209, 512) | ACT: 1.2326mJ  | RD: 38.672mJ  | WR: 0mJ  | all_ACT: 0mJ  | all_RD: 0mJ  | all_WR: 0mJ  | MAC: 998.14mJ  | Total: 39.905mJ | compute util: 0, memory util: 0, Op/B 3122.7
				AttentionSplit | 0us  | 44520 - 44520 | tensor(209, 576) -> tensor(0, 768) tensor(209, 768) | ACT: 0mJ  | RD: 0mJ  | WR: 0mJ  | all_ACT: 0mJ  | all_RD: 0mJ  | all_WR: 0mJ  | MAC: 0mJ  | Total: 0mJ | compute util: 0, memory util: 0, Op/B 0
				AttentionSum | 0us  | 44520 - 44520 | tensor(0, 768) -> tensor(0, 2048) | ACT: 0mJ  | RD: 0mJ  | WR: 0mJ  | all_ACT: 0mJ  | all_RD: 0mJ  | all_WR: 0mJ  | MAC: 0mJ  | Total: 0mJ | compute util: 0, memory util: 0, Op/B 0, GPU
				AttentionGen | 964.39us  | 44520 - 45484 | tensor(209, 768) -> tensor(209, 2048) | ACT: 1.2326mJ  | RD: 38.672mJ  | WR: 0mJ  | all_ACT: 0mJ  | all_RD: 0mJ  | all_WR: 0mJ  | MAC: 998.14mJ  | Total: 39.905mJ | compute util: 1, memory util: 0.18013, Op/B 3122.7, GPU
				context_merge | 5.5134us  | 45484 - 45490 | tensor(209, 2048) -> tensor(209, 2048) | ACT: 0mJ  | RD: 0mJ  | WR: 0mJ  | all_ACT: 0mJ  | all_RD: 0mJ  | all_WR: 0mJ  | MAC: 0mJ  | Total: 0mJ | compute util: 0, memory util: 0, Op/B 0
				AttentionMerge | 0us  | 45490 - 45490 | tensor(0, 2048) tensor(209, 2048) -> tensor(209, 512) | ACT: 0mJ  | RD: 0mJ  | WR: 0mJ  | all_ACT: 0mJ  | all_RD: 0mJ  | all_WR: 0mJ  | MAC: 0mJ  | Total: 0mJ | compute util: 0, memory util: 0, Op/B 0
			attn_o_proj | 1.49us  | 45490 - 45491 | tensor(209, 512) -> tensor(209, 16384) | ACT: 0.010588mJ  | RD: 0.23688mJ  | WR: 0.095458mJ  | all_ACT: 0mJ  | all_RD: 0mJ  | all_WR: 0mJ  | MAC: 0.80648mJ  | Total: 0.34292mJ | compute util: 0, memory util: 0, Op/B 294.17
				Linear | 1.49us  | 45490 - 45491 | tensor(209, 512) -> tensor(209, 16384) | ACT: 0.010588mJ  | RD: 0.23688mJ  | WR: 0.095458mJ  | all_ACT: 0mJ  | all_RD: 0mJ  | all_WR: 0mJ  | MAC: 0.80648mJ  | Total: 0.34292mJ | compute util: 0.52296, memory util: 1, Op/B 294.17, GPU
			all_reduce | 74.405us  | 45491 - 45566 | tensor(209, 16384) -> tensor(209, 16384) | ACT: 0mJ  | RD: 0mJ  | WR: 0mJ  | all_ACT: 0mJ  | all_RD: 0mJ  | all_WR: 0mJ  | MAC: 0mJ  | Total: 0mJ | compute util: 0, memory util: 0, Op/B 0
		residual_1 | 1.2841us  | 45566 - 45567 | tensor(209, 16384) -> tensor(209, 16384) | ACT: 0mJ  | RD: 0mJ  | WR: 0mJ  | all_ACT: 0mJ  | all_RD: 0mJ  | all_WR: 0mJ  | MAC: 0mJ  | Total: 0mJ | compute util: 0, memory util: 0, Op/B 0
		post_attn_layer_norm | 0.85811us  | 45567 - 45568 | tensor(209, 16384) -> tensor(209, 16384) | ACT: 0mJ  | RD: 0mJ  | WR: 0mJ  | all_ACT: 0mJ  | all_RD: 0mJ  | all_WR: 0mJ  | MAC: 0mJ  | Total: 0mJ | compute util: 0, memory util: 0, Op/B 0
		feedforward | 11.769us  | 45568 - 45579 | tensor(209, 16384) -> tensor(209, 16384) | ACT: 0.083075mJ  | RD: 2.498mJ  | WR: 0.12488mJ  | all_ACT: 0mJ  | all_RD: 0mJ  | all_WR: 0mJ  | MAC: 7.8632mJ  | Total: 2.706mJ | compute util: 0, memory util: 0, Op/B 363.13
			gate_proj | 3.8794us  | 45568 - 45572 | tensor(209, 16384) -> tensor(209, 1664) | ACT: 0.027459mJ  | RD: 0.85468mJ  | WR: 0.0098081mJ  | all_ACT: 0mJ  | all_RD: 0mJ  | all_WR: 0mJ  | MAC: 2.6211mJ  | Total: 0.89194mJ | compute util: 0, memory util: 0, Op/B 367.2
				Linear | 3.8794us  | 45568 - 45572 | tensor(209, 16384) -> tensor(209, 1664) | ACT: 0.027459mJ  | RD: 0.85468mJ  | WR: 0.0098081mJ  | all_ACT: 0mJ  | all_RD: 0mJ  | all_WR: 0mJ  | MAC: 2.6211mJ  | Total: 0.89194mJ | compute util: 0.65279, memory util: 1, Op/B 367.2, GPU
			activation | 0.13042us  | 45572 - 45572 | tensor(209, 1664) -> tensor(209, 1664) | ACT: 0.00069811mJ  | RD: 0.019616mJ  | WR: 0.0098081mJ  | all_ACT: 0mJ  | all_RD: 0mJ  | all_WR: 0mJ  | MAC: 0mJ  | Total: 0.030122mJ | compute util: 0, memory util: 1, Op/B 0, GPU
			up_proj | 3.8794us  | 45572 - 45576 | tensor(209, 16384) -> tensor(209, 1664) | ACT: 0.027459mJ  | RD: 0.85468mJ  | WR: 0.0098081mJ  | all_ACT: 0mJ  | all_RD: 0mJ  | all_WR: 0mJ  | MAC: 2.6211mJ  | Total: 0.89194mJ | compute util: 0, memory util: 0, Op/B 367.2
				Linear | 3.8794us  | 45572 - 45576 | tensor(209, 16384) -> tensor(209, 1664) | ACT: 0.027459mJ  | RD: 0.85468mJ  | WR: 0.0098081mJ  | all_ACT: 0mJ  | all_RD: 0mJ  | all_WR: 0mJ  | MAC: 2.6211mJ  | Total: 0.89194mJ | compute util: 0.65279, memory util: 1, Op/B 367.2, GPU
			down_proj | 3.8794us  | 45576 - 45579 | tensor(209, 1664) -> tensor(209, 16384) | ACT: 0.027459mJ  | RD: 0.76903mJ  | WR: 0.095458mJ  | all_ACT: 0mJ  | all_RD: 0mJ  | all_WR: 0mJ  | MAC: 2.6211mJ  | Total: 0.89194mJ | compute util: 0, memory util: 0, Op/B 367.2
				Linear | 3.8794us  | 45576 - 45579 | tensor(209, 1664) -> tensor(209, 16384) | ACT: 0.027459mJ  | RD: 0.76903mJ  | WR: 0.095458mJ  | all_ACT: 0mJ  | all_RD: 0mJ  | all_WR: 0mJ  | MAC: 2.6211mJ  | Total: 0.89194mJ | compute util: 0.65279, memory util: 1, Op/B 367.2, GPU
		all_reduce | 74.405us  | 45579 - 45654 | tensor(209, 16384) -> tensor(209, 16384) | ACT: 0mJ  | RD: 0mJ  | WR: 0mJ  | all_ACT: 0mJ  | all_RD: 0mJ  | all_WR: 0mJ  | MAC: 0mJ  | Total: 0mJ | compute util: 0, memory util: 0, Op/B 0
		residual_1 | 1.2841us  | 45654 - 45655 | tensor(209, 16384) -> tensor(209, 16384) | ACT: 0mJ  | RD: 0mJ  | WR: 0mJ  | all_ACT: 0mJ  | all_RD: 0mJ  | all_WR: 0mJ  | MAC: 0mJ  | Total: 0mJ | compute util: 0, memory util: 0, Op/B 0
	decoder_40 | 1144.9us  | 45655 - 46800 | tensor(209, 16384) -> tensor(209, 16384) | ACT: 1.3378mJ  | RD: 41.766mJ  | WR: 0.22376mJ  | all_ACT: 0mJ  | all_RD: 0mJ  | all_WR: 0mJ  | MAC: 1007.7mJ  | Total: 43.327mJ | compute util: 0, memory util: 0, Op/B 2903.9
		input_layer_norm | 0.85811us  | 45655 - 45656 | tensor(209, 16384) -> tensor(209, 16384) | ACT: 0mJ  | RD: 0mJ  | WR: 0mJ  | all_ACT: 0mJ  | all_RD: 0mJ  | all_WR: 0mJ  | MAC: 0mJ  | Total: 0mJ | compute util: 0, memory util: 0, Op/B 0
		attention | 1054.4us  | 45656 - 46710 | tensor(209, 16384) -> tensor(209, 16384) | ACT: 1.2547mJ  | RD: 39.268mJ  | WR: 0.09888mJ  | all_ACT: 0mJ  | all_RD: 0mJ  | all_WR: 0mJ  | MAC: 999.85mJ  | Total: 40.621mJ | compute util: 0, memory util: 0, Op/B 3073
			attn_qkv_proj | 1.6227us  | 45656 - 45658 | tensor(209, 16384) -> tensor(209, 576) | ACT: 0.011519mJ  | RD: 0.35834mJ  | WR: 0.0034214mJ  | all_ACT: 0mJ  | all_RD: 0mJ  | all_WR: 0mJ  | MAC: 0.90729mJ  | Total: 0.37328mJ | compute util: 0, memory util: 0, Op/B 303.87
				Linear | 1.6227us  | 45656 - 45658 | tensor(209, 16384) -> tensor(209, 576) | ACT: 0.011519mJ  | RD: 0.35834mJ  | WR: 0.0034214mJ  | all_ACT: 0mJ  | all_RD: 0mJ  | all_WR: 0mJ  | MAC: 0.90729mJ  | Total: 0.37328mJ | compute util: 0.54021, memory util: 1, Op/B 303.87, GPU
			self_attention | 976.9us  | 45658 - 46635 | tensor(209, 576) -> tensor(209, 512) | ACT: 1.2326mJ  | RD: 38.672mJ  | WR: 0mJ  | all_ACT: 0mJ  | all_RD: 0mJ  | all_WR: 0mJ  | MAC: 998.14mJ  | Total: 39.905mJ | compute util: 0, memory util: 0, Op/B 3122.7
				AttentionSplit | 0us  | 45658 - 45658 | tensor(209, 576) -> tensor(0, 768) tensor(209, 768) | ACT: 0mJ  | RD: 0mJ  | WR: 0mJ  | all_ACT: 0mJ  | all_RD: 0mJ  | all_WR: 0mJ  | MAC: 0mJ  | Total: 0mJ | compute util: 0, memory util: 0, Op/B 0
				AttentionSum | 0us  | 45658 - 45658 | tensor(0, 768) -> tensor(0, 2048) | ACT: 0mJ  | RD: 0mJ  | WR: 0mJ  | all_ACT: 0mJ  | all_RD: 0mJ  | all_WR: 0mJ  | MAC: 0mJ  | Total: 0mJ | compute util: 0, memory util: 0, Op/B 0, GPU
				AttentionGen | 964.39us  | 45658 - 46622 | tensor(209, 768) -> tensor(209, 2048) | ACT: 1.2326mJ  | RD: 38.672mJ  | WR: 0mJ  | all_ACT: 0mJ  | all_RD: 0mJ  | all_WR: 0mJ  | MAC: 998.14mJ  | Total: 39.905mJ | compute util: 1, memory util: 0.18013, Op/B 3122.7, GPU
				context_merge | 12.517us  | 46622 - 46635 | tensor(209, 2048) -> tensor(209, 2048) | ACT: 0mJ  | RD: 0mJ  | WR: 0mJ  | all_ACT: 0mJ  | all_RD: 0mJ  | all_WR: 0mJ  | MAC: 0mJ  | Total: 0mJ | compute util: 0, memory util: 0, Op/B 0
				AttentionMerge | 0us  | 46635 - 46635 | tensor(0, 2048) tensor(209, 2048) -> tensor(209, 512) | ACT: 0mJ  | RD: 0mJ  | WR: 0mJ  | all_ACT: 0mJ  | all_RD: 0mJ  | all_WR: 0mJ  | MAC: 0mJ  | Total: 0mJ | compute util: 0, memory util: 0, Op/B 0
			attn_o_proj | 1.49us  | 46635 - 46636 | tensor(209, 512) -> tensor(209, 16384) | ACT: 0.010588mJ  | RD: 0.23688mJ  | WR: 0.095458mJ  | all_ACT: 0mJ  | all_RD: 0mJ  | all_WR: 0mJ  | MAC: 0.80648mJ  | Total: 0.34292mJ | compute util: 0, memory util: 0, Op/B 294.17
				Linear | 1.49us  | 46635 - 46636 | tensor(209, 512) -> tensor(209, 16384) | ACT: 0.010588mJ  | RD: 0.23688mJ  | WR: 0.095458mJ  | all_ACT: 0mJ  | all_RD: 0mJ  | all_WR: 0mJ  | MAC: 0.80648mJ  | Total: 0.34292mJ | compute util: 0.52296, memory util: 1, Op/B 294.17, GPU
			all_reduce | 74.405us  | 46636 - 46710 | tensor(209, 16384) -> tensor(209, 16384) | ACT: 0mJ  | RD: 0mJ  | WR: 0mJ  | all_ACT: 0mJ  | all_RD: 0mJ  | all_WR: 0mJ  | MAC: 0mJ  | Total: 0mJ | compute util: 0, memory util: 0, Op/B 0
		residual_1 | 1.2841us  | 46710 - 46712 | tensor(209, 16384) -> tensor(209, 16384) | ACT: 0mJ  | RD: 0mJ  | WR: 0mJ  | all_ACT: 0mJ  | all_RD: 0mJ  | all_WR: 0mJ  | MAC: 0mJ  | Total: 0mJ | compute util: 0, memory util: 0, Op/B 0
		post_attn_layer_norm | 0.85811us  | 46712 - 46713 | tensor(209, 16384) -> tensor(209, 16384) | ACT: 0mJ  | RD: 0mJ  | WR: 0mJ  | all_ACT: 0mJ  | all_RD: 0mJ  | all_WR: 0mJ  | MAC: 0mJ  | Total: 0mJ | compute util: 0, memory util: 0, Op/B 0
		feedforward | 11.769us  | 46713 - 46724 | tensor(209, 16384) -> tensor(209, 16384) | ACT: 0.083075mJ  | RD: 2.498mJ  | WR: 0.12488mJ  | all_ACT: 0mJ  | all_RD: 0mJ  | all_WR: 0mJ  | MAC: 7.8632mJ  | Total: 2.706mJ | compute util: 0, memory util: 0, Op/B 363.13
			gate_proj | 3.8794us  | 46713 - 46716 | tensor(209, 16384) -> tensor(209, 1664) | ACT: 0.027459mJ  | RD: 0.85468mJ  | WR: 0.0098081mJ  | all_ACT: 0mJ  | all_RD: 0mJ  | all_WR: 0mJ  | MAC: 2.6211mJ  | Total: 0.89194mJ | compute util: 0, memory util: 0, Op/B 367.2
				Linear | 3.8794us  | 46713 - 46716 | tensor(209, 16384) -> tensor(209, 1664) | ACT: 0.027459mJ  | RD: 0.85468mJ  | WR: 0.0098081mJ  | all_ACT: 0mJ  | all_RD: 0mJ  | all_WR: 0mJ  | MAC: 2.6211mJ  | Total: 0.89194mJ | compute util: 0.65279, memory util: 1, Op/B 367.2, GPU
			activation | 0.13042us  | 46716 - 46717 | tensor(209, 1664) -> tensor(209, 1664) | ACT: 0.00069811mJ  | RD: 0.019616mJ  | WR: 0.0098081mJ  | all_ACT: 0mJ  | all_RD: 0mJ  | all_WR: 0mJ  | MAC: 0mJ  | Total: 0.030122mJ | compute util: 0, memory util: 1, Op/B 0, GPU
			up_proj | 3.8794us  | 46717 - 46720 | tensor(209, 16384) -> tensor(209, 1664) | ACT: 0.027459mJ  | RD: 0.85468mJ  | WR: 0.0098081mJ  | all_ACT: 0mJ  | all_RD: 0mJ  | all_WR: 0mJ  | MAC: 2.6211mJ  | Total: 0.89194mJ | compute util: 0, memory util: 0, Op/B 367.2
				Linear | 3.8794us  | 46717 - 46720 | tensor(209, 16384) -> tensor(209, 1664) | ACT: 0.027459mJ  | RD: 0.85468mJ  | WR: 0.0098081mJ  | all_ACT: 0mJ  | all_RD: 0mJ  | all_WR: 0mJ  | MAC: 2.6211mJ  | Total: 0.89194mJ | compute util: 0.65279, memory util: 1, Op/B 367.2, GPU
			down_proj | 3.8794us  | 46720 - 46724 | tensor(209, 1664) -> tensor(209, 16384) | ACT: 0.027459mJ  | RD: 0.76903mJ  | WR: 0.095458mJ  | all_ACT: 0mJ  | all_RD: 0mJ  | all_WR: 0mJ  | MAC: 2.6211mJ  | Total: 0.89194mJ | compute util: 0, memory util: 0, Op/B 367.2
				Linear | 3.8794us  | 46720 - 46724 | tensor(209, 1664) -> tensor(209, 16384) | ACT: 0.027459mJ  | RD: 0.76903mJ  | WR: 0.095458mJ  | all_ACT: 0mJ  | all_RD: 0mJ  | all_WR: 0mJ  | MAC: 2.6211mJ  | Total: 0.89194mJ | compute util: 0.65279, memory util: 1, Op/B 367.2, GPU
		all_reduce | 74.405us  | 46724 - 46799 | tensor(209, 16384) -> tensor(209, 16384) | ACT: 0mJ  | RD: 0mJ  | WR: 0mJ  | all_ACT: 0mJ  | all_RD: 0mJ  | all_WR: 0mJ  | MAC: 0mJ  | Total: 0mJ | compute util: 0, memory util: 0, Op/B 0
		residual_1 | 1.2841us  | 46799 - 46800 | tensor(209, 16384) -> tensor(209, 16384) | ACT: 0mJ  | RD: 0mJ  | WR: 0mJ  | all_ACT: 0mJ  | all_RD: 0mJ  | all_WR: 0mJ  | MAC: 0mJ  | Total: 0mJ | compute util: 0, memory util: 0, Op/B 0
	decoder_41 | 1137.9us  | 46800 - 47938 | tensor(209, 16384) -> tensor(209, 16384) | ACT: 1.3378mJ  | RD: 41.766mJ  | WR: 0.22376mJ  | all_ACT: 0mJ  | all_RD: 0mJ  | all_WR: 0mJ  | MAC: 1007.7mJ  | Total: 43.327mJ | compute util: 0, memory util: 0, Op/B 2903.9
		input_layer_norm | 0.85811us  | 46800 - 46801 | tensor(209, 16384) -> tensor(209, 16384) | ACT: 0mJ  | RD: 0mJ  | WR: 0mJ  | all_ACT: 0mJ  | all_RD: 0mJ  | all_WR: 0mJ  | MAC: 0mJ  | Total: 0mJ | compute util: 0, memory util: 0, Op/B 0
		attention | 1047.4us  | 46801 - 47848 | tensor(209, 16384) -> tensor(209, 16384) | ACT: 1.2547mJ  | RD: 39.268mJ  | WR: 0.09888mJ  | all_ACT: 0mJ  | all_RD: 0mJ  | all_WR: 0mJ  | MAC: 999.85mJ  | Total: 40.621mJ | compute util: 0, memory util: 0, Op/B 3073
			attn_qkv_proj | 1.6227us  | 46801 - 46802 | tensor(209, 16384) -> tensor(209, 576) | ACT: 0.011519mJ  | RD: 0.35834mJ  | WR: 0.0034214mJ  | all_ACT: 0mJ  | all_RD: 0mJ  | all_WR: 0mJ  | MAC: 0.90729mJ  | Total: 0.37328mJ | compute util: 0, memory util: 0, Op/B 303.87
				Linear | 1.6227us  | 46801 - 46802 | tensor(209, 16384) -> tensor(209, 576) | ACT: 0.011519mJ  | RD: 0.35834mJ  | WR: 0.0034214mJ  | all_ACT: 0mJ  | all_RD: 0mJ  | all_WR: 0mJ  | MAC: 0.90729mJ  | Total: 0.37328mJ | compute util: 0.54021, memory util: 1, Op/B 303.87, GPU
			self_attention | 969.9us  | 46802 - 47772 | tensor(209, 576) -> tensor(209, 512) | ACT: 1.2326mJ  | RD: 38.672mJ  | WR: 0mJ  | all_ACT: 0mJ  | all_RD: 0mJ  | all_WR: 0mJ  | MAC: 998.14mJ  | Total: 39.905mJ | compute util: 0, memory util: 0, Op/B 3122.7
				AttentionSplit | 0us  | 46802 - 46802 | tensor(209, 576) -> tensor(0, 768) tensor(209, 768) | ACT: 0mJ  | RD: 0mJ  | WR: 0mJ  | all_ACT: 0mJ  | all_RD: 0mJ  | all_WR: 0mJ  | MAC: 0mJ  | Total: 0mJ | compute util: 0, memory util: 0, Op/B 0
				AttentionSum | 0us  | 46802 - 46802 | tensor(0, 768) -> tensor(0, 2048) | ACT: 0mJ  | RD: 0mJ  | WR: 0mJ  | all_ACT: 0mJ  | all_RD: 0mJ  | all_WR: 0mJ  | MAC: 0mJ  | Total: 0mJ | compute util: 0, memory util: 0, Op/B 0, GPU
				AttentionGen | 964.39us  | 46802 - 47767 | tensor(209, 768) -> tensor(209, 2048) | ACT: 1.2326mJ  | RD: 38.672mJ  | WR: 0mJ  | all_ACT: 0mJ  | all_RD: 0mJ  | all_WR: 0mJ  | MAC: 998.14mJ  | Total: 39.905mJ | compute util: 1, memory util: 0.18013, Op/B 3122.7, GPU
				context_merge | 5.5134us  | 47767 - 47772 | tensor(209, 2048) -> tensor(209, 2048) | ACT: 0mJ  | RD: 0mJ  | WR: 0mJ  | all_ACT: 0mJ  | all_RD: 0mJ  | all_WR: 0mJ  | MAC: 0mJ  | Total: 0mJ | compute util: 0, memory util: 0, Op/B 0
				AttentionMerge | 0us  | 47772 - 47772 | tensor(0, 2048) tensor(209, 2048) -> tensor(209, 512) | ACT: 0mJ  | RD: 0mJ  | WR: 0mJ  | all_ACT: 0mJ  | all_RD: 0mJ  | all_WR: 0mJ  | MAC: 0mJ  | Total: 0mJ | compute util: 0, memory util: 0, Op/B 0
			attn_o_proj | 1.49us  | 47772 - 47774 | tensor(209, 512) -> tensor(209, 16384) | ACT: 0.010588mJ  | RD: 0.23688mJ  | WR: 0.095458mJ  | all_ACT: 0mJ  | all_RD: 0mJ  | all_WR: 0mJ  | MAC: 0.80648mJ  | Total: 0.34292mJ | compute util: 0, memory util: 0, Op/B 294.17
				Linear | 1.49us  | 47772 - 47774 | tensor(209, 512) -> tensor(209, 16384) | ACT: 0.010588mJ  | RD: 0.23688mJ  | WR: 0.095458mJ  | all_ACT: 0mJ  | all_RD: 0mJ  | all_WR: 0mJ  | MAC: 0.80648mJ  | Total: 0.34292mJ | compute util: 0.52296, memory util: 1, Op/B 294.17, GPU
			all_reduce | 74.405us  | 47774 - 47848 | tensor(209, 16384) -> tensor(209, 16384) | ACT: 0mJ  | RD: 0mJ  | WR: 0mJ  | all_ACT: 0mJ  | all_RD: 0mJ  | all_WR: 0mJ  | MAC: 0mJ  | Total: 0mJ | compute util: 0, memory util: 0, Op/B 0
		residual_1 | 1.2841us  | 47848 - 47850 | tensor(209, 16384) -> tensor(209, 16384) | ACT: 0mJ  | RD: 0mJ  | WR: 0mJ  | all_ACT: 0mJ  | all_RD: 0mJ  | all_WR: 0mJ  | MAC: 0mJ  | Total: 0mJ | compute util: 0, memory util: 0, Op/B 0
		post_attn_layer_norm | 0.85811us  | 47850 - 47850 | tensor(209, 16384) -> tensor(209, 16384) | ACT: 0mJ  | RD: 0mJ  | WR: 0mJ  | all_ACT: 0mJ  | all_RD: 0mJ  | all_WR: 0mJ  | MAC: 0mJ  | Total: 0mJ | compute util: 0, memory util: 0, Op/B 0
		feedforward | 11.769us  | 47850 - 47862 | tensor(209, 16384) -> tensor(209, 16384) | ACT: 0.083075mJ  | RD: 2.498mJ  | WR: 0.12488mJ  | all_ACT: 0mJ  | all_RD: 0mJ  | all_WR: 0mJ  | MAC: 7.8632mJ  | Total: 2.706mJ | compute util: 0, memory util: 0, Op/B 363.13
			gate_proj | 3.8794us  | 47850 - 47854 | tensor(209, 16384) -> tensor(209, 1664) | ACT: 0.027459mJ  | RD: 0.85468mJ  | WR: 0.0098081mJ  | all_ACT: 0mJ  | all_RD: 0mJ  | all_WR: 0mJ  | MAC: 2.6211mJ  | Total: 0.89194mJ | compute util: 0, memory util: 0, Op/B 367.2
				Linear | 3.8794us  | 47850 - 47854 | tensor(209, 16384) -> tensor(209, 1664) | ACT: 0.027459mJ  | RD: 0.85468mJ  | WR: 0.0098081mJ  | all_ACT: 0mJ  | all_RD: 0mJ  | all_WR: 0mJ  | MAC: 2.6211mJ  | Total: 0.89194mJ | compute util: 0.65279, memory util: 1, Op/B 367.2, GPU
			activation | 0.13042us  | 47854 - 47854 | tensor(209, 1664) -> tensor(209, 1664) | ACT: 0.00069811mJ  | RD: 0.019616mJ  | WR: 0.0098081mJ  | all_ACT: 0mJ  | all_RD: 0mJ  | all_WR: 0mJ  | MAC: 0mJ  | Total: 0.030122mJ | compute util: 0, memory util: 1, Op/B 0, GPU
			up_proj | 3.8794us  | 47854 - 47858 | tensor(209, 16384) -> tensor(209, 1664) | ACT: 0.027459mJ  | RD: 0.85468mJ  | WR: 0.0098081mJ  | all_ACT: 0mJ  | all_RD: 0mJ  | all_WR: 0mJ  | MAC: 2.6211mJ  | Total: 0.89194mJ | compute util: 0, memory util: 0, Op/B 367.2
				Linear | 3.8794us  | 47854 - 47858 | tensor(209, 16384) -> tensor(209, 1664) | ACT: 0.027459mJ  | RD: 0.85468mJ  | WR: 0.0098081mJ  | all_ACT: 0mJ  | all_RD: 0mJ  | all_WR: 0mJ  | MAC: 2.6211mJ  | Total: 0.89194mJ | compute util: 0.65279, memory util: 1, Op/B 367.2, GPU
			down_proj | 3.8794us  | 47858 - 47862 | tensor(209, 1664) -> tensor(209, 16384) | ACT: 0.027459mJ  | RD: 0.76903mJ  | WR: 0.095458mJ  | all_ACT: 0mJ  | all_RD: 0mJ  | all_WR: 0mJ  | MAC: 2.6211mJ  | Total: 0.89194mJ | compute util: 0, memory util: 0, Op/B 367.2
				Linear | 3.8794us  | 47858 - 47862 | tensor(209, 1664) -> tensor(209, 16384) | ACT: 0.027459mJ  | RD: 0.76903mJ  | WR: 0.095458mJ  | all_ACT: 0mJ  | all_RD: 0mJ  | all_WR: 0mJ  | MAC: 2.6211mJ  | Total: 0.89194mJ | compute util: 0.65279, memory util: 1, Op/B 367.2, GPU
		all_reduce | 74.405us  | 47862 - 47937 | tensor(209, 16384) -> tensor(209, 16384) | ACT: 0mJ  | RD: 0mJ  | WR: 0mJ  | all_ACT: 0mJ  | all_RD: 0mJ  | all_WR: 0mJ  | MAC: 0mJ  | Total: 0mJ | compute util: 0, memory util: 0, Op/B 0
		residual_1 | 1.2841us  | 47937 - 47938 | tensor(209, 16384) -> tensor(209, 16384) | ACT: 0mJ  | RD: 0mJ  | WR: 0mJ  | all_ACT: 0mJ  | all_RD: 0mJ  | all_WR: 0mJ  | MAC: 0mJ  | Total: 0mJ | compute util: 0, memory util: 0, Op/B 0
	decoder_42 | 1144.9us  | 47938 - 49083 | tensor(209, 16384) -> tensor(209, 16384) | ACT: 1.3378mJ  | RD: 41.766mJ  | WR: 0.22376mJ  | all_ACT: 0mJ  | all_RD: 0mJ  | all_WR: 0mJ  | MAC: 1007.7mJ  | Total: 43.327mJ | compute util: 0, memory util: 0, Op/B 2903.9
		input_layer_norm | 0.85811us  | 47938 - 47939 | tensor(209, 16384) -> tensor(209, 16384) | ACT: 0mJ  | RD: 0mJ  | WR: 0mJ  | all_ACT: 0mJ  | all_RD: 0mJ  | all_WR: 0mJ  | MAC: 0mJ  | Total: 0mJ | compute util: 0, memory util: 0, Op/B 0
		attention | 1054.4us  | 47939 - 48993 | tensor(209, 16384) -> tensor(209, 16384) | ACT: 1.2547mJ  | RD: 39.268mJ  | WR: 0.09888mJ  | all_ACT: 0mJ  | all_RD: 0mJ  | all_WR: 0mJ  | MAC: 999.85mJ  | Total: 40.621mJ | compute util: 0, memory util: 0, Op/B 3073
			attn_qkv_proj | 1.6227us  | 47939 - 47940 | tensor(209, 16384) -> tensor(209, 576) | ACT: 0.011519mJ  | RD: 0.35834mJ  | WR: 0.0034214mJ  | all_ACT: 0mJ  | all_RD: 0mJ  | all_WR: 0mJ  | MAC: 0.90729mJ  | Total: 0.37328mJ | compute util: 0, memory util: 0, Op/B 303.87
				Linear | 1.6227us  | 47939 - 47940 | tensor(209, 16384) -> tensor(209, 576) | ACT: 0.011519mJ  | RD: 0.35834mJ  | WR: 0.0034214mJ  | all_ACT: 0mJ  | all_RD: 0mJ  | all_WR: 0mJ  | MAC: 0.90729mJ  | Total: 0.37328mJ | compute util: 0.54021, memory util: 1, Op/B 303.87, GPU
			self_attention | 976.9us  | 47940 - 48917 | tensor(209, 576) -> tensor(209, 512) | ACT: 1.2326mJ  | RD: 38.672mJ  | WR: 0mJ  | all_ACT: 0mJ  | all_RD: 0mJ  | all_WR: 0mJ  | MAC: 998.14mJ  | Total: 39.905mJ | compute util: 0, memory util: 0, Op/B 3122.7
				AttentionSplit | 0us  | 47940 - 47940 | tensor(209, 576) -> tensor(0, 768) tensor(209, 768) | ACT: 0mJ  | RD: 0mJ  | WR: 0mJ  | all_ACT: 0mJ  | all_RD: 0mJ  | all_WR: 0mJ  | MAC: 0mJ  | Total: 0mJ | compute util: 0, memory util: 0, Op/B 0
				AttentionSum | 0us  | 47940 - 47940 | tensor(0, 768) -> tensor(0, 2048) | ACT: 0mJ  | RD: 0mJ  | WR: 0mJ  | all_ACT: 0mJ  | all_RD: 0mJ  | all_WR: 0mJ  | MAC: 0mJ  | Total: 0mJ | compute util: 0, memory util: 0, Op/B 0, GPU
				AttentionGen | 964.39us  | 47940 - 48905 | tensor(209, 768) -> tensor(209, 2048) | ACT: 1.2326mJ  | RD: 38.672mJ  | WR: 0mJ  | all_ACT: 0mJ  | all_RD: 0mJ  | all_WR: 0mJ  | MAC: 998.14mJ  | Total: 39.905mJ | compute util: 1, memory util: 0.18013, Op/B 3122.7, GPU
				context_merge | 12.517us  | 48905 - 48917 | tensor(209, 2048) -> tensor(209, 2048) | ACT: 0mJ  | RD: 0mJ  | WR: 0mJ  | all_ACT: 0mJ  | all_RD: 0mJ  | all_WR: 0mJ  | MAC: 0mJ  | Total: 0mJ | compute util: 0, memory util: 0, Op/B 0
				AttentionMerge | 0us  | 48917 - 48917 | tensor(0, 2048) tensor(209, 2048) -> tensor(209, 512) | ACT: 0mJ  | RD: 0mJ  | WR: 0mJ  | all_ACT: 0mJ  | all_RD: 0mJ  | all_WR: 0mJ  | MAC: 0mJ  | Total: 0mJ | compute util: 0, memory util: 0, Op/B 0
			attn_o_proj | 1.49us  | 48917 - 48919 | tensor(209, 512) -> tensor(209, 16384) | ACT: 0.010588mJ  | RD: 0.23688mJ  | WR: 0.095458mJ  | all_ACT: 0mJ  | all_RD: 0mJ  | all_WR: 0mJ  | MAC: 0.80648mJ  | Total: 0.34292mJ | compute util: 0, memory util: 0, Op/B 294.17
				Linear | 1.49us  | 48917 - 48919 | tensor(209, 512) -> tensor(209, 16384) | ACT: 0.010588mJ  | RD: 0.23688mJ  | WR: 0.095458mJ  | all_ACT: 0mJ  | all_RD: 0mJ  | all_WR: 0mJ  | MAC: 0.80648mJ  | Total: 0.34292mJ | compute util: 0.52296, memory util: 1, Op/B 294.17, GPU
			all_reduce | 74.405us  | 48919 - 48993 | tensor(209, 16384) -> tensor(209, 16384) | ACT: 0mJ  | RD: 0mJ  | WR: 0mJ  | all_ACT: 0mJ  | all_RD: 0mJ  | all_WR: 0mJ  | MAC: 0mJ  | Total: 0mJ | compute util: 0, memory util: 0, Op/B 0
		residual_1 | 1.2841us  | 48993 - 48994 | tensor(209, 16384) -> tensor(209, 16384) | ACT: 0mJ  | RD: 0mJ  | WR: 0mJ  | all_ACT: 0mJ  | all_RD: 0mJ  | all_WR: 0mJ  | MAC: 0mJ  | Total: 0mJ | compute util: 0, memory util: 0, Op/B 0
		post_attn_layer_norm | 0.85811us  | 48994 - 48995 | tensor(209, 16384) -> tensor(209, 16384) | ACT: 0mJ  | RD: 0mJ  | WR: 0mJ  | all_ACT: 0mJ  | all_RD: 0mJ  | all_WR: 0mJ  | MAC: 0mJ  | Total: 0mJ | compute util: 0, memory util: 0, Op/B 0
		feedforward | 11.769us  | 48995 - 49007 | tensor(209, 16384) -> tensor(209, 16384) | ACT: 0.083075mJ  | RD: 2.498mJ  | WR: 0.12488mJ  | all_ACT: 0mJ  | all_RD: 0mJ  | all_WR: 0mJ  | MAC: 7.8632mJ  | Total: 2.706mJ | compute util: 0, memory util: 0, Op/B 363.13
			gate_proj | 3.8794us  | 48995 - 48999 | tensor(209, 16384) -> tensor(209, 1664) | ACT: 0.027459mJ  | RD: 0.85468mJ  | WR: 0.0098081mJ  | all_ACT: 0mJ  | all_RD: 0mJ  | all_WR: 0mJ  | MAC: 2.6211mJ  | Total: 0.89194mJ | compute util: 0, memory util: 0, Op/B 367.2
				Linear | 3.8794us  | 48995 - 48999 | tensor(209, 16384) -> tensor(209, 1664) | ACT: 0.027459mJ  | RD: 0.85468mJ  | WR: 0.0098081mJ  | all_ACT: 0mJ  | all_RD: 0mJ  | all_WR: 0mJ  | MAC: 2.6211mJ  | Total: 0.89194mJ | compute util: 0.65279, memory util: 1, Op/B 367.2, GPU
			activation | 0.13042us  | 48999 - 48999 | tensor(209, 1664) -> tensor(209, 1664) | ACT: 0.00069811mJ  | RD: 0.019616mJ  | WR: 0.0098081mJ  | all_ACT: 0mJ  | all_RD: 0mJ  | all_WR: 0mJ  | MAC: 0mJ  | Total: 0.030122mJ | compute util: 0, memory util: 1, Op/B 0, GPU
			up_proj | 3.8794us  | 48999 - 49003 | tensor(209, 16384) -> tensor(209, 1664) | ACT: 0.027459mJ  | RD: 0.85468mJ  | WR: 0.0098081mJ  | all_ACT: 0mJ  | all_RD: 0mJ  | all_WR: 0mJ  | MAC: 2.6211mJ  | Total: 0.89194mJ | compute util: 0, memory util: 0, Op/B 367.2
				Linear | 3.8794us  | 48999 - 49003 | tensor(209, 16384) -> tensor(209, 1664) | ACT: 0.027459mJ  | RD: 0.85468mJ  | WR: 0.0098081mJ  | all_ACT: 0mJ  | all_RD: 0mJ  | all_WR: 0mJ  | MAC: 2.6211mJ  | Total: 0.89194mJ | compute util: 0.65279, memory util: 1, Op/B 367.2, GPU
			down_proj | 3.8794us  | 49003 - 49007 | tensor(209, 1664) -> tensor(209, 16384) | ACT: 0.027459mJ  | RD: 0.76903mJ  | WR: 0.095458mJ  | all_ACT: 0mJ  | all_RD: 0mJ  | all_WR: 0mJ  | MAC: 2.6211mJ  | Total: 0.89194mJ | compute util: 0, memory util: 0, Op/B 367.2
				Linear | 3.8794us  | 49003 - 49007 | tensor(209, 1664) -> tensor(209, 16384) | ACT: 0.027459mJ  | RD: 0.76903mJ  | WR: 0.095458mJ  | all_ACT: 0mJ  | all_RD: 0mJ  | all_WR: 0mJ  | MAC: 2.6211mJ  | Total: 0.89194mJ | compute util: 0.65279, memory util: 1, Op/B 367.2, GPU
		all_reduce | 74.405us  | 49007 - 49081 | tensor(209, 16384) -> tensor(209, 16384) | ACT: 0mJ  | RD: 0mJ  | WR: 0mJ  | all_ACT: 0mJ  | all_RD: 0mJ  | all_WR: 0mJ  | MAC: 0mJ  | Total: 0mJ | compute util: 0, memory util: 0, Op/B 0
		residual_1 | 1.2841us  | 49081 - 49083 | tensor(209, 16384) -> tensor(209, 16384) | ACT: 0mJ  | RD: 0mJ  | WR: 0mJ  | all_ACT: 0mJ  | all_RD: 0mJ  | all_WR: 0mJ  | MAC: 0mJ  | Total: 0mJ | compute util: 0, memory util: 0, Op/B 0
	decoder_43 | 1137.9us  | 49083 - 50221 | tensor(209, 16384) -> tensor(209, 16384) | ACT: 1.3378mJ  | RD: 41.766mJ  | WR: 0.22376mJ  | all_ACT: 0mJ  | all_RD: 0mJ  | all_WR: 0mJ  | MAC: 1007.7mJ  | Total: 43.327mJ | compute util: 0, memory util: 0, Op/B 2903.9
		input_layer_norm | 0.85811us  | 49083 - 49084 | tensor(209, 16384) -> tensor(209, 16384) | ACT: 0mJ  | RD: 0mJ  | WR: 0mJ  | all_ACT: 0mJ  | all_RD: 0mJ  | all_WR: 0mJ  | MAC: 0mJ  | Total: 0mJ | compute util: 0, memory util: 0, Op/B 0
		attention | 1047.4us  | 49084 - 50131 | tensor(209, 16384) -> tensor(209, 16384) | ACT: 1.2547mJ  | RD: 39.268mJ  | WR: 0.09888mJ  | all_ACT: 0mJ  | all_RD: 0mJ  | all_WR: 0mJ  | MAC: 999.85mJ  | Total: 40.621mJ | compute util: 0, memory util: 0, Op/B 3073
			attn_qkv_proj | 1.6227us  | 49084 - 49085 | tensor(209, 16384) -> tensor(209, 576) | ACT: 0.011519mJ  | RD: 0.35834mJ  | WR: 0.0034214mJ  | all_ACT: 0mJ  | all_RD: 0mJ  | all_WR: 0mJ  | MAC: 0.90729mJ  | Total: 0.37328mJ | compute util: 0, memory util: 0, Op/B 303.87
				Linear | 1.6227us  | 49084 - 49085 | tensor(209, 16384) -> tensor(209, 576) | ACT: 0.011519mJ  | RD: 0.35834mJ  | WR: 0.0034214mJ  | all_ACT: 0mJ  | all_RD: 0mJ  | all_WR: 0mJ  | MAC: 0.90729mJ  | Total: 0.37328mJ | compute util: 0.54021, memory util: 1, Op/B 303.87, GPU
			self_attention | 969.9us  | 49085 - 50055 | tensor(209, 576) -> tensor(209, 512) | ACT: 1.2326mJ  | RD: 38.672mJ  | WR: 0mJ  | all_ACT: 0mJ  | all_RD: 0mJ  | all_WR: 0mJ  | MAC: 998.14mJ  | Total: 39.905mJ | compute util: 0, memory util: 0, Op/B 3122.7
				AttentionSplit | 0us  | 49085 - 49085 | tensor(209, 576) -> tensor(0, 768) tensor(209, 768) | ACT: 0mJ  | RD: 0mJ  | WR: 0mJ  | all_ACT: 0mJ  | all_RD: 0mJ  | all_WR: 0mJ  | MAC: 0mJ  | Total: 0mJ | compute util: 0, memory util: 0, Op/B 0
				AttentionSum | 0us  | 49085 - 49085 | tensor(0, 768) -> tensor(0, 2048) | ACT: 0mJ  | RD: 0mJ  | WR: 0mJ  | all_ACT: 0mJ  | all_RD: 0mJ  | all_WR: 0mJ  | MAC: 0mJ  | Total: 0mJ | compute util: 0, memory util: 0, Op/B 0, GPU
				AttentionGen | 964.39us  | 49085 - 50050 | tensor(209, 768) -> tensor(209, 2048) | ACT: 1.2326mJ  | RD: 38.672mJ  | WR: 0mJ  | all_ACT: 0mJ  | all_RD: 0mJ  | all_WR: 0mJ  | MAC: 998.14mJ  | Total: 39.905mJ | compute util: 1, memory util: 0.18013, Op/B 3122.7, GPU
				context_merge | 5.5134us  | 50050 - 50055 | tensor(209, 2048) -> tensor(209, 2048) | ACT: 0mJ  | RD: 0mJ  | WR: 0mJ  | all_ACT: 0mJ  | all_RD: 0mJ  | all_WR: 0mJ  | MAC: 0mJ  | Total: 0mJ | compute util: 0, memory util: 0, Op/B 0
				AttentionMerge | 0us  | 50055 - 50055 | tensor(0, 2048) tensor(209, 2048) -> tensor(209, 512) | ACT: 0mJ  | RD: 0mJ  | WR: 0mJ  | all_ACT: 0mJ  | all_RD: 0mJ  | all_WR: 0mJ  | MAC: 0mJ  | Total: 0mJ | compute util: 0, memory util: 0, Op/B 0
			attn_o_proj | 1.49us  | 50055 - 50057 | tensor(209, 512) -> tensor(209, 16384) | ACT: 0.010588mJ  | RD: 0.23688mJ  | WR: 0.095458mJ  | all_ACT: 0mJ  | all_RD: 0mJ  | all_WR: 0mJ  | MAC: 0.80648mJ  | Total: 0.34292mJ | compute util: 0, memory util: 0, Op/B 294.17
				Linear | 1.49us  | 50055 - 50057 | tensor(209, 512) -> tensor(209, 16384) | ACT: 0.010588mJ  | RD: 0.23688mJ  | WR: 0.095458mJ  | all_ACT: 0mJ  | all_RD: 0mJ  | all_WR: 0mJ  | MAC: 0.80648mJ  | Total: 0.34292mJ | compute util: 0.52296, memory util: 1, Op/B 294.17, GPU
			all_reduce | 74.405us  | 50057 - 50131 | tensor(209, 16384) -> tensor(209, 16384) | ACT: 0mJ  | RD: 0mJ  | WR: 0mJ  | all_ACT: 0mJ  | all_RD: 0mJ  | all_WR: 0mJ  | MAC: 0mJ  | Total: 0mJ | compute util: 0, memory util: 0, Op/B 0
		residual_1 | 1.2841us  | 50131 - 50132 | tensor(209, 16384) -> tensor(209, 16384) | ACT: 0mJ  | RD: 0mJ  | WR: 0mJ  | all_ACT: 0mJ  | all_RD: 0mJ  | all_WR: 0mJ  | MAC: 0mJ  | Total: 0mJ | compute util: 0, memory util: 0, Op/B 0
		post_attn_layer_norm | 0.85811us  | 50132 - 50133 | tensor(209, 16384) -> tensor(209, 16384) | ACT: 0mJ  | RD: 0mJ  | WR: 0mJ  | all_ACT: 0mJ  | all_RD: 0mJ  | all_WR: 0mJ  | MAC: 0mJ  | Total: 0mJ | compute util: 0, memory util: 0, Op/B 0
		feedforward | 11.769us  | 50133 - 50145 | tensor(209, 16384) -> tensor(209, 16384) | ACT: 0.083075mJ  | RD: 2.498mJ  | WR: 0.12488mJ  | all_ACT: 0mJ  | all_RD: 0mJ  | all_WR: 0mJ  | MAC: 7.8632mJ  | Total: 2.706mJ | compute util: 0, memory util: 0, Op/B 363.13
			gate_proj | 3.8794us  | 50133 - 50137 | tensor(209, 16384) -> tensor(209, 1664) | ACT: 0.027459mJ  | RD: 0.85468mJ  | WR: 0.0098081mJ  | all_ACT: 0mJ  | all_RD: 0mJ  | all_WR: 0mJ  | MAC: 2.6211mJ  | Total: 0.89194mJ | compute util: 0, memory util: 0, Op/B 367.2
				Linear | 3.8794us  | 50133 - 50137 | tensor(209, 16384) -> tensor(209, 1664) | ACT: 0.027459mJ  | RD: 0.85468mJ  | WR: 0.0098081mJ  | all_ACT: 0mJ  | all_RD: 0mJ  | all_WR: 0mJ  | MAC: 2.6211mJ  | Total: 0.89194mJ | compute util: 0.65279, memory util: 1, Op/B 367.2, GPU
			activation | 0.13042us  | 50137 - 50137 | tensor(209, 1664) -> tensor(209, 1664) | ACT: 0.00069811mJ  | RD: 0.019616mJ  | WR: 0.0098081mJ  | all_ACT: 0mJ  | all_RD: 0mJ  | all_WR: 0mJ  | MAC: 0mJ  | Total: 0.030122mJ | compute util: 0, memory util: 1, Op/B 0, GPU
			up_proj | 3.8794us  | 50137 - 50141 | tensor(209, 16384) -> tensor(209, 1664) | ACT: 0.027459mJ  | RD: 0.85468mJ  | WR: 0.0098081mJ  | all_ACT: 0mJ  | all_RD: 0mJ  | all_WR: 0mJ  | MAC: 2.6211mJ  | Total: 0.89194mJ | compute util: 0, memory util: 0, Op/B 367.2
				Linear | 3.8794us  | 50137 - 50141 | tensor(209, 16384) -> tensor(209, 1664) | ACT: 0.027459mJ  | RD: 0.85468mJ  | WR: 0.0098081mJ  | all_ACT: 0mJ  | all_RD: 0mJ  | all_WR: 0mJ  | MAC: 2.6211mJ  | Total: 0.89194mJ | compute util: 0.65279, memory util: 1, Op/B 367.2, GPU
			down_proj | 3.8794us  | 50141 - 50145 | tensor(209, 1664) -> tensor(209, 16384) | ACT: 0.027459mJ  | RD: 0.76903mJ  | WR: 0.095458mJ  | all_ACT: 0mJ  | all_RD: 0mJ  | all_WR: 0mJ  | MAC: 2.6211mJ  | Total: 0.89194mJ | compute util: 0, memory util: 0, Op/B 367.2
				Linear | 3.8794us  | 50141 - 50145 | tensor(209, 1664) -> tensor(209, 16384) | ACT: 0.027459mJ  | RD: 0.76903mJ  | WR: 0.095458mJ  | all_ACT: 0mJ  | all_RD: 0mJ  | all_WR: 0mJ  | MAC: 2.6211mJ  | Total: 0.89194mJ | compute util: 0.65279, memory util: 1, Op/B 367.2, GPU
		all_reduce | 74.405us  | 50145 - 50219 | tensor(209, 16384) -> tensor(209, 16384) | ACT: 0mJ  | RD: 0mJ  | WR: 0mJ  | all_ACT: 0mJ  | all_RD: 0mJ  | all_WR: 0mJ  | MAC: 0mJ  | Total: 0mJ | compute util: 0, memory util: 0, Op/B 0
		residual_1 | 1.2841us  | 50219 - 50221 | tensor(209, 16384) -> tensor(209, 16384) | ACT: 0mJ  | RD: 0mJ  | WR: 0mJ  | all_ACT: 0mJ  | all_RD: 0mJ  | all_WR: 0mJ  | MAC: 0mJ  | Total: 0mJ | compute util: 0, memory util: 0, Op/B 0
	decoder_44 | 1144.9us  | 50221 - 51366 | tensor(209, 16384) -> tensor(209, 16384) | ACT: 1.3378mJ  | RD: 41.766mJ  | WR: 0.22376mJ  | all_ACT: 0mJ  | all_RD: 0mJ  | all_WR: 0mJ  | MAC: 1007.7mJ  | Total: 43.327mJ | compute util: 0, memory util: 0, Op/B 2903.9
		input_layer_norm | 0.85811us  | 50221 - 50221 | tensor(209, 16384) -> tensor(209, 16384) | ACT: 0mJ  | RD: 0mJ  | WR: 0mJ  | all_ACT: 0mJ  | all_RD: 0mJ  | all_WR: 0mJ  | MAC: 0mJ  | Total: 0mJ | compute util: 0, memory util: 0, Op/B 0
		attention | 1054.4us  | 50221 - 51276 | tensor(209, 16384) -> tensor(209, 16384) | ACT: 1.2547mJ  | RD: 39.268mJ  | WR: 0.09888mJ  | all_ACT: 0mJ  | all_RD: 0mJ  | all_WR: 0mJ  | MAC: 999.85mJ  | Total: 40.621mJ | compute util: 0, memory util: 0, Op/B 3073
			attn_qkv_proj | 1.6227us  | 50221 - 50223 | tensor(209, 16384) -> tensor(209, 576) | ACT: 0.011519mJ  | RD: 0.35834mJ  | WR: 0.0034214mJ  | all_ACT: 0mJ  | all_RD: 0mJ  | all_WR: 0mJ  | MAC: 0.90729mJ  | Total: 0.37328mJ | compute util: 0, memory util: 0, Op/B 303.87
				Linear | 1.6227us  | 50221 - 50223 | tensor(209, 16384) -> tensor(209, 576) | ACT: 0.011519mJ  | RD: 0.35834mJ  | WR: 0.0034214mJ  | all_ACT: 0mJ  | all_RD: 0mJ  | all_WR: 0mJ  | MAC: 0.90729mJ  | Total: 0.37328mJ | compute util: 0.54021, memory util: 1, Op/B 303.87, GPU
			self_attention | 976.9us  | 50223 - 51200 | tensor(209, 576) -> tensor(209, 512) | ACT: 1.2326mJ  | RD: 38.672mJ  | WR: 0mJ  | all_ACT: 0mJ  | all_RD: 0mJ  | all_WR: 0mJ  | MAC: 998.14mJ  | Total: 39.905mJ | compute util: 0, memory util: 0, Op/B 3122.7
				AttentionSplit | 0us  | 50223 - 50223 | tensor(209, 576) -> tensor(0, 768) tensor(209, 768) | ACT: 0mJ  | RD: 0mJ  | WR: 0mJ  | all_ACT: 0mJ  | all_RD: 0mJ  | all_WR: 0mJ  | MAC: 0mJ  | Total: 0mJ | compute util: 0, memory util: 0, Op/B 0
				AttentionSum | 0us  | 50223 - 50223 | tensor(0, 768) -> tensor(0, 2048) | ACT: 0mJ  | RD: 0mJ  | WR: 0mJ  | all_ACT: 0mJ  | all_RD: 0mJ  | all_WR: 0mJ  | MAC: 0mJ  | Total: 0mJ | compute util: 0, memory util: 0, Op/B 0, GPU
				AttentionGen | 964.39us  | 50223 - 51187 | tensor(209, 768) -> tensor(209, 2048) | ACT: 1.2326mJ  | RD: 38.672mJ  | WR: 0mJ  | all_ACT: 0mJ  | all_RD: 0mJ  | all_WR: 0mJ  | MAC: 998.14mJ  | Total: 39.905mJ | compute util: 1, memory util: 0.18013, Op/B 3122.7, GPU
				context_merge | 12.517us  | 51187 - 51200 | tensor(209, 2048) -> tensor(209, 2048) | ACT: 0mJ  | RD: 0mJ  | WR: 0mJ  | all_ACT: 0mJ  | all_RD: 0mJ  | all_WR: 0mJ  | MAC: 0mJ  | Total: 0mJ | compute util: 0, memory util: 0, Op/B 0
				AttentionMerge | 0us  | 51200 - 51200 | tensor(0, 2048) tensor(209, 2048) -> tensor(209, 512) | ACT: 0mJ  | RD: 0mJ  | WR: 0mJ  | all_ACT: 0mJ  | all_RD: 0mJ  | all_WR: 0mJ  | MAC: 0mJ  | Total: 0mJ | compute util: 0, memory util: 0, Op/B 0
			attn_o_proj | 1.49us  | 51200 - 51202 | tensor(209, 512) -> tensor(209, 16384) | ACT: 0.010588mJ  | RD: 0.23688mJ  | WR: 0.095458mJ  | all_ACT: 0mJ  | all_RD: 0mJ  | all_WR: 0mJ  | MAC: 0.80648mJ  | Total: 0.34292mJ | compute util: 0, memory util: 0, Op/B 294.17
				Linear | 1.49us  | 51200 - 51202 | tensor(209, 512) -> tensor(209, 16384) | ACT: 0.010588mJ  | RD: 0.23688mJ  | WR: 0.095458mJ  | all_ACT: 0mJ  | all_RD: 0mJ  | all_WR: 0mJ  | MAC: 0.80648mJ  | Total: 0.34292mJ | compute util: 0.52296, memory util: 1, Op/B 294.17, GPU
			all_reduce | 74.405us  | 51202 - 51276 | tensor(209, 16384) -> tensor(209, 16384) | ACT: 0mJ  | RD: 0mJ  | WR: 0mJ  | all_ACT: 0mJ  | all_RD: 0mJ  | all_WR: 0mJ  | MAC: 0mJ  | Total: 0mJ | compute util: 0, memory util: 0, Op/B 0
		residual_1 | 1.2841us  | 51276 - 51277 | tensor(209, 16384) -> tensor(209, 16384) | ACT: 0mJ  | RD: 0mJ  | WR: 0mJ  | all_ACT: 0mJ  | all_RD: 0mJ  | all_WR: 0mJ  | MAC: 0mJ  | Total: 0mJ | compute util: 0, memory util: 0, Op/B 0
		post_attn_layer_norm | 0.85811us  | 51277 - 51278 | tensor(209, 16384) -> tensor(209, 16384) | ACT: 0mJ  | RD: 0mJ  | WR: 0mJ  | all_ACT: 0mJ  | all_RD: 0mJ  | all_WR: 0mJ  | MAC: 0mJ  | Total: 0mJ | compute util: 0, memory util: 0, Op/B 0
		feedforward | 11.769us  | 51278 - 51290 | tensor(209, 16384) -> tensor(209, 16384) | ACT: 0.083075mJ  | RD: 2.498mJ  | WR: 0.12488mJ  | all_ACT: 0mJ  | all_RD: 0mJ  | all_WR: 0mJ  | MAC: 7.8632mJ  | Total: 2.706mJ | compute util: 0, memory util: 0, Op/B 363.13
			gate_proj | 3.8794us  | 51278 - 51282 | tensor(209, 16384) -> tensor(209, 1664) | ACT: 0.027459mJ  | RD: 0.85468mJ  | WR: 0.0098081mJ  | all_ACT: 0mJ  | all_RD: 0mJ  | all_WR: 0mJ  | MAC: 2.6211mJ  | Total: 0.89194mJ | compute util: 0, memory util: 0, Op/B 367.2
				Linear | 3.8794us  | 51278 - 51282 | tensor(209, 16384) -> tensor(209, 1664) | ACT: 0.027459mJ  | RD: 0.85468mJ  | WR: 0.0098081mJ  | all_ACT: 0mJ  | all_RD: 0mJ  | all_WR: 0mJ  | MAC: 2.6211mJ  | Total: 0.89194mJ | compute util: 0.65279, memory util: 1, Op/B 367.2, GPU
			activation | 0.13042us  | 51282 - 51282 | tensor(209, 1664) -> tensor(209, 1664) | ACT: 0.00069811mJ  | RD: 0.019616mJ  | WR: 0.0098081mJ  | all_ACT: 0mJ  | all_RD: 0mJ  | all_WR: 0mJ  | MAC: 0mJ  | Total: 0.030122mJ | compute util: 0, memory util: 1, Op/B 0, GPU
			up_proj | 3.8794us  | 51282 - 51286 | tensor(209, 16384) -> tensor(209, 1664) | ACT: 0.027459mJ  | RD: 0.85468mJ  | WR: 0.0098081mJ  | all_ACT: 0mJ  | all_RD: 0mJ  | all_WR: 0mJ  | MAC: 2.6211mJ  | Total: 0.89194mJ | compute util: 0, memory util: 0, Op/B 367.2
				Linear | 3.8794us  | 51282 - 51286 | tensor(209, 16384) -> tensor(209, 1664) | ACT: 0.027459mJ  | RD: 0.85468mJ  | WR: 0.0098081mJ  | all_ACT: 0mJ  | all_RD: 0mJ  | all_WR: 0mJ  | MAC: 2.6211mJ  | Total: 0.89194mJ | compute util: 0.65279, memory util: 1, Op/B 367.2, GPU
			down_proj | 3.8794us  | 51286 - 51290 | tensor(209, 1664) -> tensor(209, 16384) | ACT: 0.027459mJ  | RD: 0.76903mJ  | WR: 0.095458mJ  | all_ACT: 0mJ  | all_RD: 0mJ  | all_WR: 0mJ  | MAC: 2.6211mJ  | Total: 0.89194mJ | compute util: 0, memory util: 0, Op/B 367.2
				Linear | 3.8794us  | 51286 - 51290 | tensor(209, 1664) -> tensor(209, 16384) | ACT: 0.027459mJ  | RD: 0.76903mJ  | WR: 0.095458mJ  | all_ACT: 0mJ  | all_RD: 0mJ  | all_WR: 0mJ  | MAC: 2.6211mJ  | Total: 0.89194mJ | compute util: 0.65279, memory util: 1, Op/B 367.2, GPU
		all_reduce | 74.405us  | 51290 - 51364 | tensor(209, 16384) -> tensor(209, 16384) | ACT: 0mJ  | RD: 0mJ  | WR: 0mJ  | all_ACT: 0mJ  | all_RD: 0mJ  | all_WR: 0mJ  | MAC: 0mJ  | Total: 0mJ | compute util: 0, memory util: 0, Op/B 0
		residual_1 | 1.2841us  | 51364 - 51366 | tensor(209, 16384) -> tensor(209, 16384) | ACT: 0mJ  | RD: 0mJ  | WR: 0mJ  | all_ACT: 0mJ  | all_RD: 0mJ  | all_WR: 0mJ  | MAC: 0mJ  | Total: 0mJ | compute util: 0, memory util: 0, Op/B 0
	decoder_45 | 1137.9us  | 51366 - 52503 | tensor(209, 16384) -> tensor(209, 16384) | ACT: 1.3378mJ  | RD: 41.766mJ  | WR: 0.22376mJ  | all_ACT: 0mJ  | all_RD: 0mJ  | all_WR: 0mJ  | MAC: 1007.7mJ  | Total: 43.327mJ | compute util: 0, memory util: 0, Op/B 2903.9
		input_layer_norm | 0.85811us  | 51366 - 51366 | tensor(209, 16384) -> tensor(209, 16384) | ACT: 0mJ  | RD: 0mJ  | WR: 0mJ  | all_ACT: 0mJ  | all_RD: 0mJ  | all_WR: 0mJ  | MAC: 0mJ  | Total: 0mJ | compute util: 0, memory util: 0, Op/B 0
		attention | 1047.4us  | 51366 - 52414 | tensor(209, 16384) -> tensor(209, 16384) | ACT: 1.2547mJ  | RD: 39.268mJ  | WR: 0.09888mJ  | all_ACT: 0mJ  | all_RD: 0mJ  | all_WR: 0mJ  | MAC: 999.85mJ  | Total: 40.621mJ | compute util: 0, memory util: 0, Op/B 3073
			attn_qkv_proj | 1.6227us  | 51366 - 51368 | tensor(209, 16384) -> tensor(209, 576) | ACT: 0.011519mJ  | RD: 0.35834mJ  | WR: 0.0034214mJ  | all_ACT: 0mJ  | all_RD: 0mJ  | all_WR: 0mJ  | MAC: 0.90729mJ  | Total: 0.37328mJ | compute util: 0, memory util: 0, Op/B 303.87
				Linear | 1.6227us  | 51366 - 51368 | tensor(209, 16384) -> tensor(209, 576) | ACT: 0.011519mJ  | RD: 0.35834mJ  | WR: 0.0034214mJ  | all_ACT: 0mJ  | all_RD: 0mJ  | all_WR: 0mJ  | MAC: 0.90729mJ  | Total: 0.37328mJ | compute util: 0.54021, memory util: 1, Op/B 303.87, GPU
			self_attention | 969.9us  | 51368 - 52338 | tensor(209, 576) -> tensor(209, 512) | ACT: 1.2326mJ  | RD: 38.672mJ  | WR: 0mJ  | all_ACT: 0mJ  | all_RD: 0mJ  | all_WR: 0mJ  | MAC: 998.14mJ  | Total: 39.905mJ | compute util: 0, memory util: 0, Op/B 3122.7
				AttentionSplit | 0us  | 51368 - 51368 | tensor(209, 576) -> tensor(0, 768) tensor(209, 768) | ACT: 0mJ  | RD: 0mJ  | WR: 0mJ  | all_ACT: 0mJ  | all_RD: 0mJ  | all_WR: 0mJ  | MAC: 0mJ  | Total: 0mJ | compute util: 0, memory util: 0, Op/B 0
				AttentionSum | 0us  | 51368 - 51368 | tensor(0, 768) -> tensor(0, 2048) | ACT: 0mJ  | RD: 0mJ  | WR: 0mJ  | all_ACT: 0mJ  | all_RD: 0mJ  | all_WR: 0mJ  | MAC: 0mJ  | Total: 0mJ | compute util: 0, memory util: 0, Op/B 0, GPU
				AttentionGen | 964.39us  | 51368 - 52332 | tensor(209, 768) -> tensor(209, 2048) | ACT: 1.2326mJ  | RD: 38.672mJ  | WR: 0mJ  | all_ACT: 0mJ  | all_RD: 0mJ  | all_WR: 0mJ  | MAC: 998.14mJ  | Total: 39.905mJ | compute util: 1, memory util: 0.18013, Op/B 3122.7, GPU
				context_merge | 5.5134us  | 52332 - 52338 | tensor(209, 2048) -> tensor(209, 2048) | ACT: 0mJ  | RD: 0mJ  | WR: 0mJ  | all_ACT: 0mJ  | all_RD: 0mJ  | all_WR: 0mJ  | MAC: 0mJ  | Total: 0mJ | compute util: 0, memory util: 0, Op/B 0
				AttentionMerge | 0us  | 52338 - 52338 | tensor(0, 2048) tensor(209, 2048) -> tensor(209, 512) | ACT: 0mJ  | RD: 0mJ  | WR: 0mJ  | all_ACT: 0mJ  | all_RD: 0mJ  | all_WR: 0mJ  | MAC: 0mJ  | Total: 0mJ | compute util: 0, memory util: 0, Op/B 0
			attn_o_proj | 1.49us  | 52338 - 52339 | tensor(209, 512) -> tensor(209, 16384) | ACT: 0.010588mJ  | RD: 0.23688mJ  | WR: 0.095458mJ  | all_ACT: 0mJ  | all_RD: 0mJ  | all_WR: 0mJ  | MAC: 0.80648mJ  | Total: 0.34292mJ | compute util: 0, memory util: 0, Op/B 294.17
				Linear | 1.49us  | 52338 - 52339 | tensor(209, 512) -> tensor(209, 16384) | ACT: 0.010588mJ  | RD: 0.23688mJ  | WR: 0.095458mJ  | all_ACT: 0mJ  | all_RD: 0mJ  | all_WR: 0mJ  | MAC: 0.80648mJ  | Total: 0.34292mJ | compute util: 0.52296, memory util: 1, Op/B 294.17, GPU
			all_reduce | 74.405us  | 52339 - 52414 | tensor(209, 16384) -> tensor(209, 16384) | ACT: 0mJ  | RD: 0mJ  | WR: 0mJ  | all_ACT: 0mJ  | all_RD: 0mJ  | all_WR: 0mJ  | MAC: 0mJ  | Total: 0mJ | compute util: 0, memory util: 0, Op/B 0
		residual_1 | 1.2841us  | 52414 - 52415 | tensor(209, 16384) -> tensor(209, 16384) | ACT: 0mJ  | RD: 0mJ  | WR: 0mJ  | all_ACT: 0mJ  | all_RD: 0mJ  | all_WR: 0mJ  | MAC: 0mJ  | Total: 0mJ | compute util: 0, memory util: 0, Op/B 0
		post_attn_layer_norm | 0.85811us  | 52415 - 52416 | tensor(209, 16384) -> tensor(209, 16384) | ACT: 0mJ  | RD: 0mJ  | WR: 0mJ  | all_ACT: 0mJ  | all_RD: 0mJ  | all_WR: 0mJ  | MAC: 0mJ  | Total: 0mJ | compute util: 0, memory util: 0, Op/B 0
		feedforward | 11.769us  | 52416 - 52428 | tensor(209, 16384) -> tensor(209, 16384) | ACT: 0.083075mJ  | RD: 2.498mJ  | WR: 0.12488mJ  | all_ACT: 0mJ  | all_RD: 0mJ  | all_WR: 0mJ  | MAC: 7.8632mJ  | Total: 2.706mJ | compute util: 0, memory util: 0, Op/B 363.13
			gate_proj | 3.8794us  | 52416 - 52420 | tensor(209, 16384) -> tensor(209, 1664) | ACT: 0.027459mJ  | RD: 0.85468mJ  | WR: 0.0098081mJ  | all_ACT: 0mJ  | all_RD: 0mJ  | all_WR: 0mJ  | MAC: 2.6211mJ  | Total: 0.89194mJ | compute util: 0, memory util: 0, Op/B 367.2
				Linear | 3.8794us  | 52416 - 52420 | tensor(209, 16384) -> tensor(209, 1664) | ACT: 0.027459mJ  | RD: 0.85468mJ  | WR: 0.0098081mJ  | all_ACT: 0mJ  | all_RD: 0mJ  | all_WR: 0mJ  | MAC: 2.6211mJ  | Total: 0.89194mJ | compute util: 0.65279, memory util: 1, Op/B 367.2, GPU
			activation | 0.13042us  | 52420 - 52420 | tensor(209, 1664) -> tensor(209, 1664) | ACT: 0.00069811mJ  | RD: 0.019616mJ  | WR: 0.0098081mJ  | all_ACT: 0mJ  | all_RD: 0mJ  | all_WR: 0mJ  | MAC: 0mJ  | Total: 0.030122mJ | compute util: 0, memory util: 1, Op/B 0, GPU
			up_proj | 3.8794us  | 52420 - 52424 | tensor(209, 16384) -> tensor(209, 1664) | ACT: 0.027459mJ  | RD: 0.85468mJ  | WR: 0.0098081mJ  | all_ACT: 0mJ  | all_RD: 0mJ  | all_WR: 0mJ  | MAC: 2.6211mJ  | Total: 0.89194mJ | compute util: 0, memory util: 0, Op/B 367.2
				Linear | 3.8794us  | 52420 - 52424 | tensor(209, 16384) -> tensor(209, 1664) | ACT: 0.027459mJ  | RD: 0.85468mJ  | WR: 0.0098081mJ  | all_ACT: 0mJ  | all_RD: 0mJ  | all_WR: 0mJ  | MAC: 2.6211mJ  | Total: 0.89194mJ | compute util: 0.65279, memory util: 1, Op/B 367.2, GPU
			down_proj | 3.8794us  | 52424 - 52428 | tensor(209, 1664) -> tensor(209, 16384) | ACT: 0.027459mJ  | RD: 0.76903mJ  | WR: 0.095458mJ  | all_ACT: 0mJ  | all_RD: 0mJ  | all_WR: 0mJ  | MAC: 2.6211mJ  | Total: 0.89194mJ | compute util: 0, memory util: 0, Op/B 367.2
				Linear | 3.8794us  | 52424 - 52428 | tensor(209, 1664) -> tensor(209, 16384) | ACT: 0.027459mJ  | RD: 0.76903mJ  | WR: 0.095458mJ  | all_ACT: 0mJ  | all_RD: 0mJ  | all_WR: 0mJ  | MAC: 2.6211mJ  | Total: 0.89194mJ | compute util: 0.65279, memory util: 1, Op/B 367.2, GPU
		all_reduce | 74.405us  | 52428 - 52502 | tensor(209, 16384) -> tensor(209, 16384) | ACT: 0mJ  | RD: 0mJ  | WR: 0mJ  | all_ACT: 0mJ  | all_RD: 0mJ  | all_WR: 0mJ  | MAC: 0mJ  | Total: 0mJ | compute util: 0, memory util: 0, Op/B 0
		residual_1 | 1.2841us  | 52502 - 52503 | tensor(209, 16384) -> tensor(209, 16384) | ACT: 0mJ  | RD: 0mJ  | WR: 0mJ  | all_ACT: 0mJ  | all_RD: 0mJ  | all_WR: 0mJ  | MAC: 0mJ  | Total: 0mJ | compute util: 0, memory util: 0, Op/B 0
	decoder_46 | 1144.9us  | 52503 - 53648 | tensor(209, 16384) -> tensor(209, 16384) | ACT: 1.3378mJ  | RD: 41.766mJ  | WR: 0.22376mJ  | all_ACT: 0mJ  | all_RD: 0mJ  | all_WR: 0mJ  | MAC: 1007.7mJ  | Total: 43.327mJ | compute util: 0, memory util: 0, Op/B 2903.9
		input_layer_norm | 0.85811us  | 52503 - 52504 | tensor(209, 16384) -> tensor(209, 16384) | ACT: 0mJ  | RD: 0mJ  | WR: 0mJ  | all_ACT: 0mJ  | all_RD: 0mJ  | all_WR: 0mJ  | MAC: 0mJ  | Total: 0mJ | compute util: 0, memory util: 0, Op/B 0
		attention | 1054.4us  | 52504 - 53559 | tensor(209, 16384) -> tensor(209, 16384) | ACT: 1.2547mJ  | RD: 39.268mJ  | WR: 0.09888mJ  | all_ACT: 0mJ  | all_RD: 0mJ  | all_WR: 0mJ  | MAC: 999.85mJ  | Total: 40.621mJ | compute util: 0, memory util: 0, Op/B 3073
			attn_qkv_proj | 1.6227us  | 52504 - 52506 | tensor(209, 16384) -> tensor(209, 576) | ACT: 0.011519mJ  | RD: 0.35834mJ  | WR: 0.0034214mJ  | all_ACT: 0mJ  | all_RD: 0mJ  | all_WR: 0mJ  | MAC: 0.90729mJ  | Total: 0.37328mJ | compute util: 0, memory util: 0, Op/B 303.87
				Linear | 1.6227us  | 52504 - 52506 | tensor(209, 16384) -> tensor(209, 576) | ACT: 0.011519mJ  | RD: 0.35834mJ  | WR: 0.0034214mJ  | all_ACT: 0mJ  | all_RD: 0mJ  | all_WR: 0mJ  | MAC: 0.90729mJ  | Total: 0.37328mJ | compute util: 0.54021, memory util: 1, Op/B 303.87, GPU
			self_attention | 976.9us  | 52506 - 53483 | tensor(209, 576) -> tensor(209, 512) | ACT: 1.2326mJ  | RD: 38.672mJ  | WR: 0mJ  | all_ACT: 0mJ  | all_RD: 0mJ  | all_WR: 0mJ  | MAC: 998.14mJ  | Total: 39.905mJ | compute util: 0, memory util: 0, Op/B 3122.7
				AttentionSplit | 0us  | 52506 - 52506 | tensor(209, 576) -> tensor(0, 768) tensor(209, 768) | ACT: 0mJ  | RD: 0mJ  | WR: 0mJ  | all_ACT: 0mJ  | all_RD: 0mJ  | all_WR: 0mJ  | MAC: 0mJ  | Total: 0mJ | compute util: 0, memory util: 0, Op/B 0
				AttentionSum | 0us  | 52506 - 52506 | tensor(0, 768) -> tensor(0, 2048) | ACT: 0mJ  | RD: 0mJ  | WR: 0mJ  | all_ACT: 0mJ  | all_RD: 0mJ  | all_WR: 0mJ  | MAC: 0mJ  | Total: 0mJ | compute util: 0, memory util: 0, Op/B 0, GPU
				AttentionGen | 964.39us  | 52506 - 53470 | tensor(209, 768) -> tensor(209, 2048) | ACT: 1.2326mJ  | RD: 38.672mJ  | WR: 0mJ  | all_ACT: 0mJ  | all_RD: 0mJ  | all_WR: 0mJ  | MAC: 998.14mJ  | Total: 39.905mJ | compute util: 1, memory util: 0.18013, Op/B 3122.7, GPU
				context_merge | 12.517us  | 53470 - 53483 | tensor(209, 2048) -> tensor(209, 2048) | ACT: 0mJ  | RD: 0mJ  | WR: 0mJ  | all_ACT: 0mJ  | all_RD: 0mJ  | all_WR: 0mJ  | MAC: 0mJ  | Total: 0mJ | compute util: 0, memory util: 0, Op/B 0
				AttentionMerge | 0us  | 53483 - 53483 | tensor(0, 2048) tensor(209, 2048) -> tensor(209, 512) | ACT: 0mJ  | RD: 0mJ  | WR: 0mJ  | all_ACT: 0mJ  | all_RD: 0mJ  | all_WR: 0mJ  | MAC: 0mJ  | Total: 0mJ | compute util: 0, memory util: 0, Op/B 0
			attn_o_proj | 1.49us  | 53483 - 53484 | tensor(209, 512) -> tensor(209, 16384) | ACT: 0.010588mJ  | RD: 0.23688mJ  | WR: 0.095458mJ  | all_ACT: 0mJ  | all_RD: 0mJ  | all_WR: 0mJ  | MAC: 0.80648mJ  | Total: 0.34292mJ | compute util: 0, memory util: 0, Op/B 294.17
				Linear | 1.49us  | 53483 - 53484 | tensor(209, 512) -> tensor(209, 16384) | ACT: 0.010588mJ  | RD: 0.23688mJ  | WR: 0.095458mJ  | all_ACT: 0mJ  | all_RD: 0mJ  | all_WR: 0mJ  | MAC: 0.80648mJ  | Total: 0.34292mJ | compute util: 0.52296, memory util: 1, Op/B 294.17, GPU
			all_reduce | 74.405us  | 53484 - 53559 | tensor(209, 16384) -> tensor(209, 16384) | ACT: 0mJ  | RD: 0mJ  | WR: 0mJ  | all_ACT: 0mJ  | all_RD: 0mJ  | all_WR: 0mJ  | MAC: 0mJ  | Total: 0mJ | compute util: 0, memory util: 0, Op/B 0
		residual_1 | 1.2841us  | 53559 - 53560 | tensor(209, 16384) -> tensor(209, 16384) | ACT: 0mJ  | RD: 0mJ  | WR: 0mJ  | all_ACT: 0mJ  | all_RD: 0mJ  | all_WR: 0mJ  | MAC: 0mJ  | Total: 0mJ | compute util: 0, memory util: 0, Op/B 0
		post_attn_layer_norm | 0.85811us  | 53560 - 53561 | tensor(209, 16384) -> tensor(209, 16384) | ACT: 0mJ  | RD: 0mJ  | WR: 0mJ  | all_ACT: 0mJ  | all_RD: 0mJ  | all_WR: 0mJ  | MAC: 0mJ  | Total: 0mJ | compute util: 0, memory util: 0, Op/B 0
		feedforward | 11.769us  | 53561 - 53573 | tensor(209, 16384) -> tensor(209, 16384) | ACT: 0.083075mJ  | RD: 2.498mJ  | WR: 0.12488mJ  | all_ACT: 0mJ  | all_RD: 0mJ  | all_WR: 0mJ  | MAC: 7.8632mJ  | Total: 2.706mJ | compute util: 0, memory util: 0, Op/B 363.13
			gate_proj | 3.8794us  | 53561 - 53565 | tensor(209, 16384) -> tensor(209, 1664) | ACT: 0.027459mJ  | RD: 0.85468mJ  | WR: 0.0098081mJ  | all_ACT: 0mJ  | all_RD: 0mJ  | all_WR: 0mJ  | MAC: 2.6211mJ  | Total: 0.89194mJ | compute util: 0, memory util: 0, Op/B 367.2
				Linear | 3.8794us  | 53561 - 53565 | tensor(209, 16384) -> tensor(209, 1664) | ACT: 0.027459mJ  | RD: 0.85468mJ  | WR: 0.0098081mJ  | all_ACT: 0mJ  | all_RD: 0mJ  | all_WR: 0mJ  | MAC: 2.6211mJ  | Total: 0.89194mJ | compute util: 0.65279, memory util: 1, Op/B 367.2, GPU
			activation | 0.13042us  | 53565 - 53565 | tensor(209, 1664) -> tensor(209, 1664) | ACT: 0.00069811mJ  | RD: 0.019616mJ  | WR: 0.0098081mJ  | all_ACT: 0mJ  | all_RD: 0mJ  | all_WR: 0mJ  | MAC: 0mJ  | Total: 0.030122mJ | compute util: 0, memory util: 1, Op/B 0, GPU
			up_proj | 3.8794us  | 53565 - 53569 | tensor(209, 16384) -> tensor(209, 1664) | ACT: 0.027459mJ  | RD: 0.85468mJ  | WR: 0.0098081mJ  | all_ACT: 0mJ  | all_RD: 0mJ  | all_WR: 0mJ  | MAC: 2.6211mJ  | Total: 0.89194mJ | compute util: 0, memory util: 0, Op/B 367.2
				Linear | 3.8794us  | 53565 - 53569 | tensor(209, 16384) -> tensor(209, 1664) | ACT: 0.027459mJ  | RD: 0.85468mJ  | WR: 0.0098081mJ  | all_ACT: 0mJ  | all_RD: 0mJ  | all_WR: 0mJ  | MAC: 2.6211mJ  | Total: 0.89194mJ | compute util: 0.65279, memory util: 1, Op/B 367.2, GPU
			down_proj | 3.8794us  | 53569 - 53573 | tensor(209, 1664) -> tensor(209, 16384) | ACT: 0.027459mJ  | RD: 0.76903mJ  | WR: 0.095458mJ  | all_ACT: 0mJ  | all_RD: 0mJ  | all_WR: 0mJ  | MAC: 2.6211mJ  | Total: 0.89194mJ | compute util: 0, memory util: 0, Op/B 367.2
				Linear | 3.8794us  | 53569 - 53573 | tensor(209, 1664) -> tensor(209, 16384) | ACT: 0.027459mJ  | RD: 0.76903mJ  | WR: 0.095458mJ  | all_ACT: 0mJ  | all_RD: 0mJ  | all_WR: 0mJ  | MAC: 2.6211mJ  | Total: 0.89194mJ | compute util: 0.65279, memory util: 1, Op/B 367.2, GPU
		all_reduce | 74.405us  | 53573 - 53647 | tensor(209, 16384) -> tensor(209, 16384) | ACT: 0mJ  | RD: 0mJ  | WR: 0mJ  | all_ACT: 0mJ  | all_RD: 0mJ  | all_WR: 0mJ  | MAC: 0mJ  | Total: 0mJ | compute util: 0, memory util: 0, Op/B 0
		residual_1 | 1.2841us  | 53647 - 53648 | tensor(209, 16384) -> tensor(209, 16384) | ACT: 0mJ  | RD: 0mJ  | WR: 0mJ  | all_ACT: 0mJ  | all_RD: 0mJ  | all_WR: 0mJ  | MAC: 0mJ  | Total: 0mJ | compute util: 0, memory util: 0, Op/B 0
	decoder_47 | 1137.9us  | 53648 - 54786 | tensor(209, 16384) -> tensor(209, 16384) | ACT: 1.3378mJ  | RD: 41.766mJ  | WR: 0.22376mJ  | all_ACT: 0mJ  | all_RD: 0mJ  | all_WR: 0mJ  | MAC: 1007.7mJ  | Total: 43.327mJ | compute util: 0, memory util: 0, Op/B 2903.9
		input_layer_norm | 0.85811us  | 53648 - 53649 | tensor(209, 16384) -> tensor(209, 16384) | ACT: 0mJ  | RD: 0mJ  | WR: 0mJ  | all_ACT: 0mJ  | all_RD: 0mJ  | all_WR: 0mJ  | MAC: 0mJ  | Total: 0mJ | compute util: 0, memory util: 0, Op/B 0
		attention | 1047.4us  | 53649 - 54697 | tensor(209, 16384) -> tensor(209, 16384) | ACT: 1.2547mJ  | RD: 39.268mJ  | WR: 0.09888mJ  | all_ACT: 0mJ  | all_RD: 0mJ  | all_WR: 0mJ  | MAC: 999.85mJ  | Total: 40.621mJ | compute util: 0, memory util: 0, Op/B 3073
			attn_qkv_proj | 1.6227us  | 53649 - 53651 | tensor(209, 16384) -> tensor(209, 576) | ACT: 0.011519mJ  | RD: 0.35834mJ  | WR: 0.0034214mJ  | all_ACT: 0mJ  | all_RD: 0mJ  | all_WR: 0mJ  | MAC: 0.90729mJ  | Total: 0.37328mJ | compute util: 0, memory util: 0, Op/B 303.87
				Linear | 1.6227us  | 53649 - 53651 | tensor(209, 16384) -> tensor(209, 576) | ACT: 0.011519mJ  | RD: 0.35834mJ  | WR: 0.0034214mJ  | all_ACT: 0mJ  | all_RD: 0mJ  | all_WR: 0mJ  | MAC: 0.90729mJ  | Total: 0.37328mJ | compute util: 0.54021, memory util: 1, Op/B 303.87, GPU
			self_attention | 969.9us  | 53651 - 54621 | tensor(209, 576) -> tensor(209, 512) | ACT: 1.2326mJ  | RD: 38.672mJ  | WR: 0mJ  | all_ACT: 0mJ  | all_RD: 0mJ  | all_WR: 0mJ  | MAC: 998.14mJ  | Total: 39.905mJ | compute util: 0, memory util: 0, Op/B 3122.7
				AttentionSplit | 0us  | 53651 - 53651 | tensor(209, 576) -> tensor(0, 768) tensor(209, 768) | ACT: 0mJ  | RD: 0mJ  | WR: 0mJ  | all_ACT: 0mJ  | all_RD: 0mJ  | all_WR: 0mJ  | MAC: 0mJ  | Total: 0mJ | compute util: 0, memory util: 0, Op/B 0
				AttentionSum | 0us  | 53651 - 53651 | tensor(0, 768) -> tensor(0, 2048) | ACT: 0mJ  | RD: 0mJ  | WR: 0mJ  | all_ACT: 0mJ  | all_RD: 0mJ  | all_WR: 0mJ  | MAC: 0mJ  | Total: 0mJ | compute util: 0, memory util: 0, Op/B 0, GPU
				AttentionGen | 964.39us  | 53651 - 54615 | tensor(209, 768) -> tensor(209, 2048) | ACT: 1.2326mJ  | RD: 38.672mJ  | WR: 0mJ  | all_ACT: 0mJ  | all_RD: 0mJ  | all_WR: 0mJ  | MAC: 998.14mJ  | Total: 39.905mJ | compute util: 1, memory util: 0.18013, Op/B 3122.7, GPU
				context_merge | 5.5134us  | 54615 - 54621 | tensor(209, 2048) -> tensor(209, 2048) | ACT: 0mJ  | RD: 0mJ  | WR: 0mJ  | all_ACT: 0mJ  | all_RD: 0mJ  | all_WR: 0mJ  | MAC: 0mJ  | Total: 0mJ | compute util: 0, memory util: 0, Op/B 0
				AttentionMerge | 0us  | 54621 - 54621 | tensor(0, 2048) tensor(209, 2048) -> tensor(209, 512) | ACT: 0mJ  | RD: 0mJ  | WR: 0mJ  | all_ACT: 0mJ  | all_RD: 0mJ  | all_WR: 0mJ  | MAC: 0mJ  | Total: 0mJ | compute util: 0, memory util: 0, Op/B 0
			attn_o_proj | 1.49us  | 54621 - 54622 | tensor(209, 512) -> tensor(209, 16384) | ACT: 0.010588mJ  | RD: 0.23688mJ  | WR: 0.095458mJ  | all_ACT: 0mJ  | all_RD: 0mJ  | all_WR: 0mJ  | MAC: 0.80648mJ  | Total: 0.34292mJ | compute util: 0, memory util: 0, Op/B 294.17
				Linear | 1.49us  | 54621 - 54622 | tensor(209, 512) -> tensor(209, 16384) | ACT: 0.010588mJ  | RD: 0.23688mJ  | WR: 0.095458mJ  | all_ACT: 0mJ  | all_RD: 0mJ  | all_WR: 0mJ  | MAC: 0.80648mJ  | Total: 0.34292mJ | compute util: 0.52296, memory util: 1, Op/B 294.17, GPU
			all_reduce | 74.405us  | 54622 - 54697 | tensor(209, 16384) -> tensor(209, 16384) | ACT: 0mJ  | RD: 0mJ  | WR: 0mJ  | all_ACT: 0mJ  | all_RD: 0mJ  | all_WR: 0mJ  | MAC: 0mJ  | Total: 0mJ | compute util: 0, memory util: 0, Op/B 0
		residual_1 | 1.2841us  | 54697 - 54698 | tensor(209, 16384) -> tensor(209, 16384) | ACT: 0mJ  | RD: 0mJ  | WR: 0mJ  | all_ACT: 0mJ  | all_RD: 0mJ  | all_WR: 0mJ  | MAC: 0mJ  | Total: 0mJ | compute util: 0, memory util: 0, Op/B 0
		post_attn_layer_norm | 0.85811us  | 54698 - 54699 | tensor(209, 16384) -> tensor(209, 16384) | ACT: 0mJ  | RD: 0mJ  | WR: 0mJ  | all_ACT: 0mJ  | all_RD: 0mJ  | all_WR: 0mJ  | MAC: 0mJ  | Total: 0mJ | compute util: 0, memory util: 0, Op/B 0
		feedforward | 11.769us  | 54699 - 54710 | tensor(209, 16384) -> tensor(209, 16384) | ACT: 0.083075mJ  | RD: 2.498mJ  | WR: 0.12488mJ  | all_ACT: 0mJ  | all_RD: 0mJ  | all_WR: 0mJ  | MAC: 7.8632mJ  | Total: 2.706mJ | compute util: 0, memory util: 0, Op/B 363.13
			gate_proj | 3.8794us  | 54699 - 54703 | tensor(209, 16384) -> tensor(209, 1664) | ACT: 0.027459mJ  | RD: 0.85468mJ  | WR: 0.0098081mJ  | all_ACT: 0mJ  | all_RD: 0mJ  | all_WR: 0mJ  | MAC: 2.6211mJ  | Total: 0.89194mJ | compute util: 0, memory util: 0, Op/B 367.2
				Linear | 3.8794us  | 54699 - 54703 | tensor(209, 16384) -> tensor(209, 1664) | ACT: 0.027459mJ  | RD: 0.85468mJ  | WR: 0.0098081mJ  | all_ACT: 0mJ  | all_RD: 0mJ  | all_WR: 0mJ  | MAC: 2.6211mJ  | Total: 0.89194mJ | compute util: 0.65279, memory util: 1, Op/B 367.2, GPU
			activation | 0.13042us  | 54703 - 54703 | tensor(209, 1664) -> tensor(209, 1664) | ACT: 0.00069811mJ  | RD: 0.019616mJ  | WR: 0.0098081mJ  | all_ACT: 0mJ  | all_RD: 0mJ  | all_WR: 0mJ  | MAC: 0mJ  | Total: 0.030122mJ | compute util: 0, memory util: 1, Op/B 0, GPU
			up_proj | 3.8794us  | 54703 - 54707 | tensor(209, 16384) -> tensor(209, 1664) | ACT: 0.027459mJ  | RD: 0.85468mJ  | WR: 0.0098081mJ  | all_ACT: 0mJ  | all_RD: 0mJ  | all_WR: 0mJ  | MAC: 2.6211mJ  | Total: 0.89194mJ | compute util: 0, memory util: 0, Op/B 367.2
				Linear | 3.8794us  | 54703 - 54707 | tensor(209, 16384) -> tensor(209, 1664) | ACT: 0.027459mJ  | RD: 0.85468mJ  | WR: 0.0098081mJ  | all_ACT: 0mJ  | all_RD: 0mJ  | all_WR: 0mJ  | MAC: 2.6211mJ  | Total: 0.89194mJ | compute util: 0.65279, memory util: 1, Op/B 367.2, GPU
			down_proj | 3.8794us  | 54707 - 54710 | tensor(209, 1664) -> tensor(209, 16384) | ACT: 0.027459mJ  | RD: 0.76903mJ  | WR: 0.095458mJ  | all_ACT: 0mJ  | all_RD: 0mJ  | all_WR: 0mJ  | MAC: 2.6211mJ  | Total: 0.89194mJ | compute util: 0, memory util: 0, Op/B 367.2
				Linear | 3.8794us  | 54707 - 54710 | tensor(209, 1664) -> tensor(209, 16384) | ACT: 0.027459mJ  | RD: 0.76903mJ  | WR: 0.095458mJ  | all_ACT: 0mJ  | all_RD: 0mJ  | all_WR: 0mJ  | MAC: 2.6211mJ  | Total: 0.89194mJ | compute util: 0.65279, memory util: 1, Op/B 367.2, GPU
		all_reduce | 74.405us  | 54710 - 54785 | tensor(209, 16384) -> tensor(209, 16384) | ACT: 0mJ  | RD: 0mJ  | WR: 0mJ  | all_ACT: 0mJ  | all_RD: 0mJ  | all_WR: 0mJ  | MAC: 0mJ  | Total: 0mJ | compute util: 0, memory util: 0, Op/B 0
		residual_1 | 1.2841us  | 54785 - 54786 | tensor(209, 16384) -> tensor(209, 16384) | ACT: 0mJ  | RD: 0mJ  | WR: 0mJ  | all_ACT: 0mJ  | all_RD: 0mJ  | all_WR: 0mJ  | MAC: 0mJ  | Total: 0mJ | compute util: 0, memory util: 0, Op/B 0
	decoder_48 | 1144.9us  | 54786 - 55931 | tensor(209, 16384) -> tensor(209, 16384) | ACT: 1.3378mJ  | RD: 41.766mJ  | WR: 0.22376mJ  | all_ACT: 0mJ  | all_RD: 0mJ  | all_WR: 0mJ  | MAC: 1007.7mJ  | Total: 43.327mJ | compute util: 0, memory util: 0, Op/B 2903.9
		input_layer_norm | 0.85811us  | 54786 - 54787 | tensor(209, 16384) -> tensor(209, 16384) | ACT: 0mJ  | RD: 0mJ  | WR: 0mJ  | all_ACT: 0mJ  | all_RD: 0mJ  | all_WR: 0mJ  | MAC: 0mJ  | Total: 0mJ | compute util: 0, memory util: 0, Op/B 0
		attention | 1054.4us  | 54787 - 55841 | tensor(209, 16384) -> tensor(209, 16384) | ACT: 1.2547mJ  | RD: 39.268mJ  | WR: 0.09888mJ  | all_ACT: 0mJ  | all_RD: 0mJ  | all_WR: 0mJ  | MAC: 999.85mJ  | Total: 40.621mJ | compute util: 0, memory util: 0, Op/B 3073
			attn_qkv_proj | 1.6227us  | 54787 - 54789 | tensor(209, 16384) -> tensor(209, 576) | ACT: 0.011519mJ  | RD: 0.35834mJ  | WR: 0.0034214mJ  | all_ACT: 0mJ  | all_RD: 0mJ  | all_WR: 0mJ  | MAC: 0.90729mJ  | Total: 0.37328mJ | compute util: 0, memory util: 0, Op/B 303.87
				Linear | 1.6227us  | 54787 - 54789 | tensor(209, 16384) -> tensor(209, 576) | ACT: 0.011519mJ  | RD: 0.35834mJ  | WR: 0.0034214mJ  | all_ACT: 0mJ  | all_RD: 0mJ  | all_WR: 0mJ  | MAC: 0.90729mJ  | Total: 0.37328mJ | compute util: 0.54021, memory util: 1, Op/B 303.87, GPU
			self_attention | 976.9us  | 54789 - 55766 | tensor(209, 576) -> tensor(209, 512) | ACT: 1.2326mJ  | RD: 38.672mJ  | WR: 0mJ  | all_ACT: 0mJ  | all_RD: 0mJ  | all_WR: 0mJ  | MAC: 998.14mJ  | Total: 39.905mJ | compute util: 0, memory util: 0, Op/B 3122.7
				AttentionSplit | 0us  | 54789 - 54789 | tensor(209, 576) -> tensor(0, 768) tensor(209, 768) | ACT: 0mJ  | RD: 0mJ  | WR: 0mJ  | all_ACT: 0mJ  | all_RD: 0mJ  | all_WR: 0mJ  | MAC: 0mJ  | Total: 0mJ | compute util: 0, memory util: 0, Op/B 0
				AttentionSum | 0us  | 54789 - 54789 | tensor(0, 768) -> tensor(0, 2048) | ACT: 0mJ  | RD: 0mJ  | WR: 0mJ  | all_ACT: 0mJ  | all_RD: 0mJ  | all_WR: 0mJ  | MAC: 0mJ  | Total: 0mJ | compute util: 0, memory util: 0, Op/B 0, GPU
				AttentionGen | 964.39us  | 54789 - 55753 | tensor(209, 768) -> tensor(209, 2048) | ACT: 1.2326mJ  | RD: 38.672mJ  | WR: 0mJ  | all_ACT: 0mJ  | all_RD: 0mJ  | all_WR: 0mJ  | MAC: 998.14mJ  | Total: 39.905mJ | compute util: 1, memory util: 0.18013, Op/B 3122.7, GPU
				context_merge | 12.517us  | 55753 - 55766 | tensor(209, 2048) -> tensor(209, 2048) | ACT: 0mJ  | RD: 0mJ  | WR: 0mJ  | all_ACT: 0mJ  | all_RD: 0mJ  | all_WR: 0mJ  | MAC: 0mJ  | Total: 0mJ | compute util: 0, memory util: 0, Op/B 0
				AttentionMerge | 0us  | 55766 - 55766 | tensor(0, 2048) tensor(209, 2048) -> tensor(209, 512) | ACT: 0mJ  | RD: 0mJ  | WR: 0mJ  | all_ACT: 0mJ  | all_RD: 0mJ  | all_WR: 0mJ  | MAC: 0mJ  | Total: 0mJ | compute util: 0, memory util: 0, Op/B 0
			attn_o_proj | 1.49us  | 55766 - 55767 | tensor(209, 512) -> tensor(209, 16384) | ACT: 0.010588mJ  | RD: 0.23688mJ  | WR: 0.095458mJ  | all_ACT: 0mJ  | all_RD: 0mJ  | all_WR: 0mJ  | MAC: 0.80648mJ  | Total: 0.34292mJ | compute util: 0, memory util: 0, Op/B 294.17
				Linear | 1.49us  | 55766 - 55767 | tensor(209, 512) -> tensor(209, 16384) | ACT: 0.010588mJ  | RD: 0.23688mJ  | WR: 0.095458mJ  | all_ACT: 0mJ  | all_RD: 0mJ  | all_WR: 0mJ  | MAC: 0.80648mJ  | Total: 0.34292mJ | compute util: 0.52296, memory util: 1, Op/B 294.17, GPU
			all_reduce | 74.405us  | 55767 - 55841 | tensor(209, 16384) -> tensor(209, 16384) | ACT: 0mJ  | RD: 0mJ  | WR: 0mJ  | all_ACT: 0mJ  | all_RD: 0mJ  | all_WR: 0mJ  | MAC: 0mJ  | Total: 0mJ | compute util: 0, memory util: 0, Op/B 0
		residual_1 | 1.2841us  | 55841 - 55843 | tensor(209, 16384) -> tensor(209, 16384) | ACT: 0mJ  | RD: 0mJ  | WR: 0mJ  | all_ACT: 0mJ  | all_RD: 0mJ  | all_WR: 0mJ  | MAC: 0mJ  | Total: 0mJ | compute util: 0, memory util: 0, Op/B 0
		post_attn_layer_norm | 0.85811us  | 55843 - 55844 | tensor(209, 16384) -> tensor(209, 16384) | ACT: 0mJ  | RD: 0mJ  | WR: 0mJ  | all_ACT: 0mJ  | all_RD: 0mJ  | all_WR: 0mJ  | MAC: 0mJ  | Total: 0mJ | compute util: 0, memory util: 0, Op/B 0
		feedforward | 11.769us  | 55844 - 55855 | tensor(209, 16384) -> tensor(209, 16384) | ACT: 0.083075mJ  | RD: 2.498mJ  | WR: 0.12488mJ  | all_ACT: 0mJ  | all_RD: 0mJ  | all_WR: 0mJ  | MAC: 7.8632mJ  | Total: 2.706mJ | compute util: 0, memory util: 0, Op/B 363.13
			gate_proj | 3.8794us  | 55844 - 55847 | tensor(209, 16384) -> tensor(209, 1664) | ACT: 0.027459mJ  | RD: 0.85468mJ  | WR: 0.0098081mJ  | all_ACT: 0mJ  | all_RD: 0mJ  | all_WR: 0mJ  | MAC: 2.6211mJ  | Total: 0.89194mJ | compute util: 0, memory util: 0, Op/B 367.2
				Linear | 3.8794us  | 55844 - 55847 | tensor(209, 16384) -> tensor(209, 1664) | ACT: 0.027459mJ  | RD: 0.85468mJ  | WR: 0.0098081mJ  | all_ACT: 0mJ  | all_RD: 0mJ  | all_WR: 0mJ  | MAC: 2.6211mJ  | Total: 0.89194mJ | compute util: 0.65279, memory util: 1, Op/B 367.2, GPU
			activation | 0.13042us  | 55847 - 55848 | tensor(209, 1664) -> tensor(209, 1664) | ACT: 0.00069811mJ  | RD: 0.019616mJ  | WR: 0.0098081mJ  | all_ACT: 0mJ  | all_RD: 0mJ  | all_WR: 0mJ  | MAC: 0mJ  | Total: 0.030122mJ | compute util: 0, memory util: 1, Op/B 0, GPU
			up_proj | 3.8794us  | 55848 - 55851 | tensor(209, 16384) -> tensor(209, 1664) | ACT: 0.027459mJ  | RD: 0.85468mJ  | WR: 0.0098081mJ  | all_ACT: 0mJ  | all_RD: 0mJ  | all_WR: 0mJ  | MAC: 2.6211mJ  | Total: 0.89194mJ | compute util: 0, memory util: 0, Op/B 367.2
				Linear | 3.8794us  | 55848 - 55851 | tensor(209, 16384) -> tensor(209, 1664) | ACT: 0.027459mJ  | RD: 0.85468mJ  | WR: 0.0098081mJ  | all_ACT: 0mJ  | all_RD: 0mJ  | all_WR: 0mJ  | MAC: 2.6211mJ  | Total: 0.89194mJ | compute util: 0.65279, memory util: 1, Op/B 367.2, GPU
			down_proj | 3.8794us  | 55851 - 55855 | tensor(209, 1664) -> tensor(209, 16384) | ACT: 0.027459mJ  | RD: 0.76903mJ  | WR: 0.095458mJ  | all_ACT: 0mJ  | all_RD: 0mJ  | all_WR: 0mJ  | MAC: 2.6211mJ  | Total: 0.89194mJ | compute util: 0, memory util: 0, Op/B 367.2
				Linear | 3.8794us  | 55851 - 55855 | tensor(209, 1664) -> tensor(209, 16384) | ACT: 0.027459mJ  | RD: 0.76903mJ  | WR: 0.095458mJ  | all_ACT: 0mJ  | all_RD: 0mJ  | all_WR: 0mJ  | MAC: 2.6211mJ  | Total: 0.89194mJ | compute util: 0.65279, memory util: 1, Op/B 367.2, GPU
		all_reduce | 74.405us  | 55855 - 55930 | tensor(209, 16384) -> tensor(209, 16384) | ACT: 0mJ  | RD: 0mJ  | WR: 0mJ  | all_ACT: 0mJ  | all_RD: 0mJ  | all_WR: 0mJ  | MAC: 0mJ  | Total: 0mJ | compute util: 0, memory util: 0, Op/B 0
		residual_1 | 1.2841us  | 55930 - 55931 | tensor(209, 16384) -> tensor(209, 16384) | ACT: 0mJ  | RD: 0mJ  | WR: 0mJ  | all_ACT: 0mJ  | all_RD: 0mJ  | all_WR: 0mJ  | MAC: 0mJ  | Total: 0mJ | compute util: 0, memory util: 0, Op/B 0
	decoder_49 | 1137.9us  | 55931 - 57069 | tensor(209, 16384) -> tensor(209, 16384) | ACT: 1.3378mJ  | RD: 41.766mJ  | WR: 0.22376mJ  | all_ACT: 0mJ  | all_RD: 0mJ  | all_WR: 0mJ  | MAC: 1007.7mJ  | Total: 43.327mJ | compute util: 0, memory util: 0, Op/B 2903.9
		input_layer_norm | 0.85811us  | 55931 - 55932 | tensor(209, 16384) -> tensor(209, 16384) | ACT: 0mJ  | RD: 0mJ  | WR: 0mJ  | all_ACT: 0mJ  | all_RD: 0mJ  | all_WR: 0mJ  | MAC: 0mJ  | Total: 0mJ | compute util: 0, memory util: 0, Op/B 0
		attention | 1047.4us  | 55932 - 56979 | tensor(209, 16384) -> tensor(209, 16384) | ACT: 1.2547mJ  | RD: 39.268mJ  | WR: 0.09888mJ  | all_ACT: 0mJ  | all_RD: 0mJ  | all_WR: 0mJ  | MAC: 999.85mJ  | Total: 40.621mJ | compute util: 0, memory util: 0, Op/B 3073
			attn_qkv_proj | 1.6227us  | 55932 - 55933 | tensor(209, 16384) -> tensor(209, 576) | ACT: 0.011519mJ  | RD: 0.35834mJ  | WR: 0.0034214mJ  | all_ACT: 0mJ  | all_RD: 0mJ  | all_WR: 0mJ  | MAC: 0.90729mJ  | Total: 0.37328mJ | compute util: 0, memory util: 0, Op/B 303.87
				Linear | 1.6227us  | 55932 - 55933 | tensor(209, 16384) -> tensor(209, 576) | ACT: 0.011519mJ  | RD: 0.35834mJ  | WR: 0.0034214mJ  | all_ACT: 0mJ  | all_RD: 0mJ  | all_WR: 0mJ  | MAC: 0.90729mJ  | Total: 0.37328mJ | compute util: 0.54021, memory util: 1, Op/B 303.87, GPU
			self_attention | 969.9us  | 55933 - 56903 | tensor(209, 576) -> tensor(209, 512) | ACT: 1.2326mJ  | RD: 38.672mJ  | WR: 0mJ  | all_ACT: 0mJ  | all_RD: 0mJ  | all_WR: 0mJ  | MAC: 998.14mJ  | Total: 39.905mJ | compute util: 0, memory util: 0, Op/B 3122.7
				AttentionSplit | 0us  | 55933 - 55933 | tensor(209, 576) -> tensor(0, 768) tensor(209, 768) | ACT: 0mJ  | RD: 0mJ  | WR: 0mJ  | all_ACT: 0mJ  | all_RD: 0mJ  | all_WR: 0mJ  | MAC: 0mJ  | Total: 0mJ | compute util: 0, memory util: 0, Op/B 0
				AttentionSum | 0us  | 55933 - 55933 | tensor(0, 768) -> tensor(0, 2048) | ACT: 0mJ  | RD: 0mJ  | WR: 0mJ  | all_ACT: 0mJ  | all_RD: 0mJ  | all_WR: 0mJ  | MAC: 0mJ  | Total: 0mJ | compute util: 0, memory util: 0, Op/B 0, GPU
				AttentionGen | 964.39us  | 55933 - 56898 | tensor(209, 768) -> tensor(209, 2048) | ACT: 1.2326mJ  | RD: 38.672mJ  | WR: 0mJ  | all_ACT: 0mJ  | all_RD: 0mJ  | all_WR: 0mJ  | MAC: 998.14mJ  | Total: 39.905mJ | compute util: 1, memory util: 0.18013, Op/B 3122.7, GPU
				context_merge | 5.5134us  | 56898 - 56903 | tensor(209, 2048) -> tensor(209, 2048) | ACT: 0mJ  | RD: 0mJ  | WR: 0mJ  | all_ACT: 0mJ  | all_RD: 0mJ  | all_WR: 0mJ  | MAC: 0mJ  | Total: 0mJ | compute util: 0, memory util: 0, Op/B 0
				AttentionMerge | 0us  | 56903 - 56903 | tensor(0, 2048) tensor(209, 2048) -> tensor(209, 512) | ACT: 0mJ  | RD: 0mJ  | WR: 0mJ  | all_ACT: 0mJ  | all_RD: 0mJ  | all_WR: 0mJ  | MAC: 0mJ  | Total: 0mJ | compute util: 0, memory util: 0, Op/B 0
			attn_o_proj | 1.49us  | 56903 - 56905 | tensor(209, 512) -> tensor(209, 16384) | ACT: 0.010588mJ  | RD: 0.23688mJ  | WR: 0.095458mJ  | all_ACT: 0mJ  | all_RD: 0mJ  | all_WR: 0mJ  | MAC: 0.80648mJ  | Total: 0.34292mJ | compute util: 0, memory util: 0, Op/B 294.17
				Linear | 1.49us  | 56903 - 56905 | tensor(209, 512) -> tensor(209, 16384) | ACT: 0.010588mJ  | RD: 0.23688mJ  | WR: 0.095458mJ  | all_ACT: 0mJ  | all_RD: 0mJ  | all_WR: 0mJ  | MAC: 0.80648mJ  | Total: 0.34292mJ | compute util: 0.52296, memory util: 1, Op/B 294.17, GPU
			all_reduce | 74.405us  | 56905 - 56979 | tensor(209, 16384) -> tensor(209, 16384) | ACT: 0mJ  | RD: 0mJ  | WR: 0mJ  | all_ACT: 0mJ  | all_RD: 0mJ  | all_WR: 0mJ  | MAC: 0mJ  | Total: 0mJ | compute util: 0, memory util: 0, Op/B 0
		residual_1 | 1.2841us  | 56979 - 56981 | tensor(209, 16384) -> tensor(209, 16384) | ACT: 0mJ  | RD: 0mJ  | WR: 0mJ  | all_ACT: 0mJ  | all_RD: 0mJ  | all_WR: 0mJ  | MAC: 0mJ  | Total: 0mJ | compute util: 0, memory util: 0, Op/B 0
		post_attn_layer_norm | 0.85811us  | 56981 - 56981 | tensor(209, 16384) -> tensor(209, 16384) | ACT: 0mJ  | RD: 0mJ  | WR: 0mJ  | all_ACT: 0mJ  | all_RD: 0mJ  | all_WR: 0mJ  | MAC: 0mJ  | Total: 0mJ | compute util: 0, memory util: 0, Op/B 0
		feedforward | 11.769us  | 56981 - 56993 | tensor(209, 16384) -> tensor(209, 16384) | ACT: 0.083075mJ  | RD: 2.498mJ  | WR: 0.12488mJ  | all_ACT: 0mJ  | all_RD: 0mJ  | all_WR: 0mJ  | MAC: 7.8632mJ  | Total: 2.706mJ | compute util: 0, memory util: 0, Op/B 363.13
			gate_proj | 3.8794us  | 56981 - 56985 | tensor(209, 16384) -> tensor(209, 1664) | ACT: 0.027459mJ  | RD: 0.85468mJ  | WR: 0.0098081mJ  | all_ACT: 0mJ  | all_RD: 0mJ  | all_WR: 0mJ  | MAC: 2.6211mJ  | Total: 0.89194mJ | compute util: 0, memory util: 0, Op/B 367.2
				Linear | 3.8794us  | 56981 - 56985 | tensor(209, 16384) -> tensor(209, 1664) | ACT: 0.027459mJ  | RD: 0.85468mJ  | WR: 0.0098081mJ  | all_ACT: 0mJ  | all_RD: 0mJ  | all_WR: 0mJ  | MAC: 2.6211mJ  | Total: 0.89194mJ | compute util: 0.65279, memory util: 1, Op/B 367.2, GPU
			activation | 0.13042us  | 56985 - 56985 | tensor(209, 1664) -> tensor(209, 1664) | ACT: 0.00069811mJ  | RD: 0.019616mJ  | WR: 0.0098081mJ  | all_ACT: 0mJ  | all_RD: 0mJ  | all_WR: 0mJ  | MAC: 0mJ  | Total: 0.030122mJ | compute util: 0, memory util: 1, Op/B 0, GPU
			up_proj | 3.8794us  | 56985 - 56989 | tensor(209, 16384) -> tensor(209, 1664) | ACT: 0.027459mJ  | RD: 0.85468mJ  | WR: 0.0098081mJ  | all_ACT: 0mJ  | all_RD: 0mJ  | all_WR: 0mJ  | MAC: 2.6211mJ  | Total: 0.89194mJ | compute util: 0, memory util: 0, Op/B 367.2
				Linear | 3.8794us  | 56985 - 56989 | tensor(209, 16384) -> tensor(209, 1664) | ACT: 0.027459mJ  | RD: 0.85468mJ  | WR: 0.0098081mJ  | all_ACT: 0mJ  | all_RD: 0mJ  | all_WR: 0mJ  | MAC: 2.6211mJ  | Total: 0.89194mJ | compute util: 0.65279, memory util: 1, Op/B 367.2, GPU
			down_proj | 3.8794us  | 56989 - 56993 | tensor(209, 1664) -> tensor(209, 16384) | ACT: 0.027459mJ  | RD: 0.76903mJ  | WR: 0.095458mJ  | all_ACT: 0mJ  | all_RD: 0mJ  | all_WR: 0mJ  | MAC: 2.6211mJ  | Total: 0.89194mJ | compute util: 0, memory util: 0, Op/B 367.2
				Linear | 3.8794us  | 56989 - 56993 | tensor(209, 1664) -> tensor(209, 16384) | ACT: 0.027459mJ  | RD: 0.76903mJ  | WR: 0.095458mJ  | all_ACT: 0mJ  | all_RD: 0mJ  | all_WR: 0mJ  | MAC: 2.6211mJ  | Total: 0.89194mJ | compute util: 0.65279, memory util: 1, Op/B 367.2, GPU
		all_reduce | 74.405us  | 56993 - 57068 | tensor(209, 16384) -> tensor(209, 16384) | ACT: 0mJ  | RD: 0mJ  | WR: 0mJ  | all_ACT: 0mJ  | all_RD: 0mJ  | all_WR: 0mJ  | MAC: 0mJ  | Total: 0mJ | compute util: 0, memory util: 0, Op/B 0
		residual_1 | 1.2841us  | 57068 - 57069 | tensor(209, 16384) -> tensor(209, 16384) | ACT: 0mJ  | RD: 0mJ  | WR: 0mJ  | all_ACT: 0mJ  | all_RD: 0mJ  | all_WR: 0mJ  | MAC: 0mJ  | Total: 0mJ | compute util: 0, memory util: 0, Op/B 0
	decoder_50 | 1144.9us  | 57069 - 58214 | tensor(209, 16384) -> tensor(209, 16384) | ACT: 1.3378mJ  | RD: 41.766mJ  | WR: 0.22376mJ  | all_ACT: 0mJ  | all_RD: 0mJ  | all_WR: 0mJ  | MAC: 1007.7mJ  | Total: 43.327mJ | compute util: 0, memory util: 0, Op/B 2903.9
		input_layer_norm | 0.85811us  | 57069 - 57070 | tensor(209, 16384) -> tensor(209, 16384) | ACT: 0mJ  | RD: 0mJ  | WR: 0mJ  | all_ACT: 0mJ  | all_RD: 0mJ  | all_WR: 0mJ  | MAC: 0mJ  | Total: 0mJ | compute util: 0, memory util: 0, Op/B 0
		attention | 1054.4us  | 57070 - 58124 | tensor(209, 16384) -> tensor(209, 16384) | ACT: 1.2547mJ  | RD: 39.268mJ  | WR: 0.09888mJ  | all_ACT: 0mJ  | all_RD: 0mJ  | all_WR: 0mJ  | MAC: 999.85mJ  | Total: 40.621mJ | compute util: 0, memory util: 0, Op/B 3073
			attn_qkv_proj | 1.6227us  | 57070 - 57071 | tensor(209, 16384) -> tensor(209, 576) | ACT: 0.011519mJ  | RD: 0.35834mJ  | WR: 0.0034214mJ  | all_ACT: 0mJ  | all_RD: 0mJ  | all_WR: 0mJ  | MAC: 0.90729mJ  | Total: 0.37328mJ | compute util: 0, memory util: 0, Op/B 303.87
				Linear | 1.6227us  | 57070 - 57071 | tensor(209, 16384) -> tensor(209, 576) | ACT: 0.011519mJ  | RD: 0.35834mJ  | WR: 0.0034214mJ  | all_ACT: 0mJ  | all_RD: 0mJ  | all_WR: 0mJ  | MAC: 0.90729mJ  | Total: 0.37328mJ | compute util: 0.54021, memory util: 1, Op/B 303.87, GPU
			self_attention | 976.9us  | 57071 - 58048 | tensor(209, 576) -> tensor(209, 512) | ACT: 1.2326mJ  | RD: 38.672mJ  | WR: 0mJ  | all_ACT: 0mJ  | all_RD: 0mJ  | all_WR: 0mJ  | MAC: 998.14mJ  | Total: 39.905mJ | compute util: 0, memory util: 0, Op/B 3122.7
				AttentionSplit | 0us  | 57071 - 57071 | tensor(209, 576) -> tensor(0, 768) tensor(209, 768) | ACT: 0mJ  | RD: 0mJ  | WR: 0mJ  | all_ACT: 0mJ  | all_RD: 0mJ  | all_WR: 0mJ  | MAC: 0mJ  | Total: 0mJ | compute util: 0, memory util: 0, Op/B 0
				AttentionSum | 0us  | 57071 - 57071 | tensor(0, 768) -> tensor(0, 2048) | ACT: 0mJ  | RD: 0mJ  | WR: 0mJ  | all_ACT: 0mJ  | all_RD: 0mJ  | all_WR: 0mJ  | MAC: 0mJ  | Total: 0mJ | compute util: 0, memory util: 0, Op/B 0, GPU
				AttentionGen | 964.39us  | 57071 - 58036 | tensor(209, 768) -> tensor(209, 2048) | ACT: 1.2326mJ  | RD: 38.672mJ  | WR: 0mJ  | all_ACT: 0mJ  | all_RD: 0mJ  | all_WR: 0mJ  | MAC: 998.14mJ  | Total: 39.905mJ | compute util: 1, memory util: 0.18013, Op/B 3122.7, GPU
				context_merge | 12.517us  | 58036 - 58048 | tensor(209, 2048) -> tensor(209, 2048) | ACT: 0mJ  | RD: 0mJ  | WR: 0mJ  | all_ACT: 0mJ  | all_RD: 0mJ  | all_WR: 0mJ  | MAC: 0mJ  | Total: 0mJ | compute util: 0, memory util: 0, Op/B 0
				AttentionMerge | 0us  | 58048 - 58048 | tensor(0, 2048) tensor(209, 2048) -> tensor(209, 512) | ACT: 0mJ  | RD: 0mJ  | WR: 0mJ  | all_ACT: 0mJ  | all_RD: 0mJ  | all_WR: 0mJ  | MAC: 0mJ  | Total: 0mJ | compute util: 0, memory util: 0, Op/B 0
			attn_o_proj | 1.49us  | 58048 - 58050 | tensor(209, 512) -> tensor(209, 16384) | ACT: 0.010588mJ  | RD: 0.23688mJ  | WR: 0.095458mJ  | all_ACT: 0mJ  | all_RD: 0mJ  | all_WR: 0mJ  | MAC: 0.80648mJ  | Total: 0.34292mJ | compute util: 0, memory util: 0, Op/B 294.17
				Linear | 1.49us  | 58048 - 58050 | tensor(209, 512) -> tensor(209, 16384) | ACT: 0.010588mJ  | RD: 0.23688mJ  | WR: 0.095458mJ  | all_ACT: 0mJ  | all_RD: 0mJ  | all_WR: 0mJ  | MAC: 0.80648mJ  | Total: 0.34292mJ | compute util: 0.52296, memory util: 1, Op/B 294.17, GPU
			all_reduce | 74.405us  | 58050 - 58124 | tensor(209, 16384) -> tensor(209, 16384) | ACT: 0mJ  | RD: 0mJ  | WR: 0mJ  | all_ACT: 0mJ  | all_RD: 0mJ  | all_WR: 0mJ  | MAC: 0mJ  | Total: 0mJ | compute util: 0, memory util: 0, Op/B 0
		residual_1 | 1.2841us  | 58124 - 58125 | tensor(209, 16384) -> tensor(209, 16384) | ACT: 0mJ  | RD: 0mJ  | WR: 0mJ  | all_ACT: 0mJ  | all_RD: 0mJ  | all_WR: 0mJ  | MAC: 0mJ  | Total: 0mJ | compute util: 0, memory util: 0, Op/B 0
		post_attn_layer_norm | 0.85811us  | 58125 - 58126 | tensor(209, 16384) -> tensor(209, 16384) | ACT: 0mJ  | RD: 0mJ  | WR: 0mJ  | all_ACT: 0mJ  | all_RD: 0mJ  | all_WR: 0mJ  | MAC: 0mJ  | Total: 0mJ | compute util: 0, memory util: 0, Op/B 0
		feedforward | 11.769us  | 58126 - 58138 | tensor(209, 16384) -> tensor(209, 16384) | ACT: 0.083075mJ  | RD: 2.498mJ  | WR: 0.12488mJ  | all_ACT: 0mJ  | all_RD: 0mJ  | all_WR: 0mJ  | MAC: 7.8632mJ  | Total: 2.706mJ | compute util: 0, memory util: 0, Op/B 363.13
			gate_proj | 3.8794us  | 58126 - 58130 | tensor(209, 16384) -> tensor(209, 1664) | ACT: 0.027459mJ  | RD: 0.85468mJ  | WR: 0.0098081mJ  | all_ACT: 0mJ  | all_RD: 0mJ  | all_WR: 0mJ  | MAC: 2.6211mJ  | Total: 0.89194mJ | compute util: 0, memory util: 0, Op/B 367.2
				Linear | 3.8794us  | 58126 - 58130 | tensor(209, 16384) -> tensor(209, 1664) | ACT: 0.027459mJ  | RD: 0.85468mJ  | WR: 0.0098081mJ  | all_ACT: 0mJ  | all_RD: 0mJ  | all_WR: 0mJ  | MAC: 2.6211mJ  | Total: 0.89194mJ | compute util: 0.65279, memory util: 1, Op/B 367.2, GPU
			activation | 0.13042us  | 58130 - 58130 | tensor(209, 1664) -> tensor(209, 1664) | ACT: 0.00069811mJ  | RD: 0.019616mJ  | WR: 0.0098081mJ  | all_ACT: 0mJ  | all_RD: 0mJ  | all_WR: 0mJ  | MAC: 0mJ  | Total: 0.030122mJ | compute util: 0, memory util: 1, Op/B 0, GPU
			up_proj | 3.8794us  | 58130 - 58134 | tensor(209, 16384) -> tensor(209, 1664) | ACT: 0.027459mJ  | RD: 0.85468mJ  | WR: 0.0098081mJ  | all_ACT: 0mJ  | all_RD: 0mJ  | all_WR: 0mJ  | MAC: 2.6211mJ  | Total: 0.89194mJ | compute util: 0, memory util: 0, Op/B 367.2
				Linear | 3.8794us  | 58130 - 58134 | tensor(209, 16384) -> tensor(209, 1664) | ACT: 0.027459mJ  | RD: 0.85468mJ  | WR: 0.0098081mJ  | all_ACT: 0mJ  | all_RD: 0mJ  | all_WR: 0mJ  | MAC: 2.6211mJ  | Total: 0.89194mJ | compute util: 0.65279, memory util: 1, Op/B 367.2, GPU
			down_proj | 3.8794us  | 58134 - 58138 | tensor(209, 1664) -> tensor(209, 16384) | ACT: 0.027459mJ  | RD: 0.76903mJ  | WR: 0.095458mJ  | all_ACT: 0mJ  | all_RD: 0mJ  | all_WR: 0mJ  | MAC: 2.6211mJ  | Total: 0.89194mJ | compute util: 0, memory util: 0, Op/B 367.2
				Linear | 3.8794us  | 58134 - 58138 | tensor(209, 1664) -> tensor(209, 16384) | ACT: 0.027459mJ  | RD: 0.76903mJ  | WR: 0.095458mJ  | all_ACT: 0mJ  | all_RD: 0mJ  | all_WR: 0mJ  | MAC: 2.6211mJ  | Total: 0.89194mJ | compute util: 0.65279, memory util: 1, Op/B 367.2, GPU
		all_reduce | 74.405us  | 58138 - 58212 | tensor(209, 16384) -> tensor(209, 16384) | ACT: 0mJ  | RD: 0mJ  | WR: 0mJ  | all_ACT: 0mJ  | all_RD: 0mJ  | all_WR: 0mJ  | MAC: 0mJ  | Total: 0mJ | compute util: 0, memory util: 0, Op/B 0
		residual_1 | 1.2841us  | 58212 - 58214 | tensor(209, 16384) -> tensor(209, 16384) | ACT: 0mJ  | RD: 0mJ  | WR: 0mJ  | all_ACT: 0mJ  | all_RD: 0mJ  | all_WR: 0mJ  | MAC: 0mJ  | Total: 0mJ | compute util: 0, memory util: 0, Op/B 0
	decoder_51 | 1137.9us  | 58214 - 59352 | tensor(209, 16384) -> tensor(209, 16384) | ACT: 1.3378mJ  | RD: 41.766mJ  | WR: 0.22376mJ  | all_ACT: 0mJ  | all_RD: 0mJ  | all_WR: 0mJ  | MAC: 1007.7mJ  | Total: 43.327mJ | compute util: 0, memory util: 0, Op/B 2903.9
		input_layer_norm | 0.85811us  | 58214 - 58215 | tensor(209, 16384) -> tensor(209, 16384) | ACT: 0mJ  | RD: 0mJ  | WR: 0mJ  | all_ACT: 0mJ  | all_RD: 0mJ  | all_WR: 0mJ  | MAC: 0mJ  | Total: 0mJ | compute util: 0, memory util: 0, Op/B 0
		attention | 1047.4us  | 58215 - 59262 | tensor(209, 16384) -> tensor(209, 16384) | ACT: 1.2547mJ  | RD: 39.268mJ  | WR: 0.09888mJ  | all_ACT: 0mJ  | all_RD: 0mJ  | all_WR: 0mJ  | MAC: 999.85mJ  | Total: 40.621mJ | compute util: 0, memory util: 0, Op/B 3073
			attn_qkv_proj | 1.6227us  | 58215 - 58216 | tensor(209, 16384) -> tensor(209, 576) | ACT: 0.011519mJ  | RD: 0.35834mJ  | WR: 0.0034214mJ  | all_ACT: 0mJ  | all_RD: 0mJ  | all_WR: 0mJ  | MAC: 0.90729mJ  | Total: 0.37328mJ | compute util: 0, memory util: 0, Op/B 303.87
				Linear | 1.6227us  | 58215 - 58216 | tensor(209, 16384) -> tensor(209, 576) | ACT: 0.011519mJ  | RD: 0.35834mJ  | WR: 0.0034214mJ  | all_ACT: 0mJ  | all_RD: 0mJ  | all_WR: 0mJ  | MAC: 0.90729mJ  | Total: 0.37328mJ | compute util: 0.54021, memory util: 1, Op/B 303.87, GPU
			self_attention | 969.9us  | 58216 - 59186 | tensor(209, 576) -> tensor(209, 512) | ACT: 1.2326mJ  | RD: 38.672mJ  | WR: 0mJ  | all_ACT: 0mJ  | all_RD: 0mJ  | all_WR: 0mJ  | MAC: 998.14mJ  | Total: 39.905mJ | compute util: 0, memory util: 0, Op/B 3122.7
				AttentionSplit | 0us  | 58216 - 58216 | tensor(209, 576) -> tensor(0, 768) tensor(209, 768) | ACT: 0mJ  | RD: 0mJ  | WR: 0mJ  | all_ACT: 0mJ  | all_RD: 0mJ  | all_WR: 0mJ  | MAC: 0mJ  | Total: 0mJ | compute util: 0, memory util: 0, Op/B 0
				AttentionSum | 0us  | 58216 - 58216 | tensor(0, 768) -> tensor(0, 2048) | ACT: 0mJ  | RD: 0mJ  | WR: 0mJ  | all_ACT: 0mJ  | all_RD: 0mJ  | all_WR: 0mJ  | MAC: 0mJ  | Total: 0mJ | compute util: 0, memory util: 0, Op/B 0, GPU
				AttentionGen | 964.39us  | 58216 - 59181 | tensor(209, 768) -> tensor(209, 2048) | ACT: 1.2326mJ  | RD: 38.672mJ  | WR: 0mJ  | all_ACT: 0mJ  | all_RD: 0mJ  | all_WR: 0mJ  | MAC: 998.14mJ  | Total: 39.905mJ | compute util: 1, memory util: 0.18013, Op/B 3122.7, GPU
				context_merge | 5.5134us  | 59181 - 59186 | tensor(209, 2048) -> tensor(209, 2048) | ACT: 0mJ  | RD: 0mJ  | WR: 0mJ  | all_ACT: 0mJ  | all_RD: 0mJ  | all_WR: 0mJ  | MAC: 0mJ  | Total: 0mJ | compute util: 0, memory util: 0, Op/B 0
				AttentionMerge | 0us  | 59186 - 59186 | tensor(0, 2048) tensor(209, 2048) -> tensor(209, 512) | ACT: 0mJ  | RD: 0mJ  | WR: 0mJ  | all_ACT: 0mJ  | all_RD: 0mJ  | all_WR: 0mJ  | MAC: 0mJ  | Total: 0mJ | compute util: 0, memory util: 0, Op/B 0
			attn_o_proj | 1.49us  | 59186 - 59188 | tensor(209, 512) -> tensor(209, 16384) | ACT: 0.010588mJ  | RD: 0.23688mJ  | WR: 0.095458mJ  | all_ACT: 0mJ  | all_RD: 0mJ  | all_WR: 0mJ  | MAC: 0.80648mJ  | Total: 0.34292mJ | compute util: 0, memory util: 0, Op/B 294.17
				Linear | 1.49us  | 59186 - 59188 | tensor(209, 512) -> tensor(209, 16384) | ACT: 0.010588mJ  | RD: 0.23688mJ  | WR: 0.095458mJ  | all_ACT: 0mJ  | all_RD: 0mJ  | all_WR: 0mJ  | MAC: 0.80648mJ  | Total: 0.34292mJ | compute util: 0.52296, memory util: 1, Op/B 294.17, GPU
			all_reduce | 74.405us  | 59188 - 59262 | tensor(209, 16384) -> tensor(209, 16384) | ACT: 0mJ  | RD: 0mJ  | WR: 0mJ  | all_ACT: 0mJ  | all_RD: 0mJ  | all_WR: 0mJ  | MAC: 0mJ  | Total: 0mJ | compute util: 0, memory util: 0, Op/B 0
		residual_1 | 1.2841us  | 59262 - 59263 | tensor(209, 16384) -> tensor(209, 16384) | ACT: 0mJ  | RD: 0mJ  | WR: 0mJ  | all_ACT: 0mJ  | all_RD: 0mJ  | all_WR: 0mJ  | MAC: 0mJ  | Total: 0mJ | compute util: 0, memory util: 0, Op/B 0
		post_attn_layer_norm | 0.85811us  | 59263 - 59264 | tensor(209, 16384) -> tensor(209, 16384) | ACT: 0mJ  | RD: 0mJ  | WR: 0mJ  | all_ACT: 0mJ  | all_RD: 0mJ  | all_WR: 0mJ  | MAC: 0mJ  | Total: 0mJ | compute util: 0, memory util: 0, Op/B 0
		feedforward | 11.769us  | 59264 - 59276 | tensor(209, 16384) -> tensor(209, 16384) | ACT: 0.083075mJ  | RD: 2.498mJ  | WR: 0.12488mJ  | all_ACT: 0mJ  | all_RD: 0mJ  | all_WR: 0mJ  | MAC: 7.8632mJ  | Total: 2.706mJ | compute util: 0, memory util: 0, Op/B 363.13
			gate_proj | 3.8794us  | 59264 - 59268 | tensor(209, 16384) -> tensor(209, 1664) | ACT: 0.027459mJ  | RD: 0.85468mJ  | WR: 0.0098081mJ  | all_ACT: 0mJ  | all_RD: 0mJ  | all_WR: 0mJ  | MAC: 2.6211mJ  | Total: 0.89194mJ | compute util: 0, memory util: 0, Op/B 367.2
				Linear | 3.8794us  | 59264 - 59268 | tensor(209, 16384) -> tensor(209, 1664) | ACT: 0.027459mJ  | RD: 0.85468mJ  | WR: 0.0098081mJ  | all_ACT: 0mJ  | all_RD: 0mJ  | all_WR: 0mJ  | MAC: 2.6211mJ  | Total: 0.89194mJ | compute util: 0.65279, memory util: 1, Op/B 367.2, GPU
			activation | 0.13042us  | 59268 - 59268 | tensor(209, 1664) -> tensor(209, 1664) | ACT: 0.00069811mJ  | RD: 0.019616mJ  | WR: 0.0098081mJ  | all_ACT: 0mJ  | all_RD: 0mJ  | all_WR: 0mJ  | MAC: 0mJ  | Total: 0.030122mJ | compute util: 0, memory util: 1, Op/B 0, GPU
			up_proj | 3.8794us  | 59268 - 59272 | tensor(209, 16384) -> tensor(209, 1664) | ACT: 0.027459mJ  | RD: 0.85468mJ  | WR: 0.0098081mJ  | all_ACT: 0mJ  | all_RD: 0mJ  | all_WR: 0mJ  | MAC: 2.6211mJ  | Total: 0.89194mJ | compute util: 0, memory util: 0, Op/B 367.2
				Linear | 3.8794us  | 59268 - 59272 | tensor(209, 16384) -> tensor(209, 1664) | ACT: 0.027459mJ  | RD: 0.85468mJ  | WR: 0.0098081mJ  | all_ACT: 0mJ  | all_RD: 0mJ  | all_WR: 0mJ  | MAC: 2.6211mJ  | Total: 0.89194mJ | compute util: 0.65279, memory util: 1, Op/B 367.2, GPU
			down_proj | 3.8794us  | 59272 - 59276 | tensor(209, 1664) -> tensor(209, 16384) | ACT: 0.027459mJ  | RD: 0.76903mJ  | WR: 0.095458mJ  | all_ACT: 0mJ  | all_RD: 0mJ  | all_WR: 0mJ  | MAC: 2.6211mJ  | Total: 0.89194mJ | compute util: 0, memory util: 0, Op/B 367.2
				Linear | 3.8794us  | 59272 - 59276 | tensor(209, 1664) -> tensor(209, 16384) | ACT: 0.027459mJ  | RD: 0.76903mJ  | WR: 0.095458mJ  | all_ACT: 0mJ  | all_RD: 0mJ  | all_WR: 0mJ  | MAC: 2.6211mJ  | Total: 0.89194mJ | compute util: 0.65279, memory util: 1, Op/B 367.2, GPU
		all_reduce | 74.405us  | 59276 - 59350 | tensor(209, 16384) -> tensor(209, 16384) | ACT: 0mJ  | RD: 0mJ  | WR: 0mJ  | all_ACT: 0mJ  | all_RD: 0mJ  | all_WR: 0mJ  | MAC: 0mJ  | Total: 0mJ | compute util: 0, memory util: 0, Op/B 0
		residual_1 | 1.2841us  | 59350 - 59352 | tensor(209, 16384) -> tensor(209, 16384) | ACT: 0mJ  | RD: 0mJ  | WR: 0mJ  | all_ACT: 0mJ  | all_RD: 0mJ  | all_WR: 0mJ  | MAC: 0mJ  | Total: 0mJ | compute util: 0, memory util: 0, Op/B 0
	decoder_52 | 1144.9us  | 59352 - 60497 | tensor(209, 16384) -> tensor(209, 16384) | ACT: 1.3378mJ  | RD: 41.766mJ  | WR: 0.22376mJ  | all_ACT: 0mJ  | all_RD: 0mJ  | all_WR: 0mJ  | MAC: 1007.7mJ  | Total: 43.327mJ | compute util: 0, memory util: 0, Op/B 2903.9
		input_layer_norm | 0.85811us  | 59352 - 59353 | tensor(209, 16384) -> tensor(209, 16384) | ACT: 0mJ  | RD: 0mJ  | WR: 0mJ  | all_ACT: 0mJ  | all_RD: 0mJ  | all_WR: 0mJ  | MAC: 0mJ  | Total: 0mJ | compute util: 0, memory util: 0, Op/B 0
		attention | 1054.4us  | 59353 - 60407 | tensor(209, 16384) -> tensor(209, 16384) | ACT: 1.2547mJ  | RD: 39.268mJ  | WR: 0.09888mJ  | all_ACT: 0mJ  | all_RD: 0mJ  | all_WR: 0mJ  | MAC: 999.85mJ  | Total: 40.621mJ | compute util: 0, memory util: 0, Op/B 3073
			attn_qkv_proj | 1.6227us  | 59353 - 59354 | tensor(209, 16384) -> tensor(209, 576) | ACT: 0.011519mJ  | RD: 0.35834mJ  | WR: 0.0034214mJ  | all_ACT: 0mJ  | all_RD: 0mJ  | all_WR: 0mJ  | MAC: 0.90729mJ  | Total: 0.37328mJ | compute util: 0, memory util: 0, Op/B 303.87
				Linear | 1.6227us  | 59353 - 59354 | tensor(209, 16384) -> tensor(209, 576) | ACT: 0.011519mJ  | RD: 0.35834mJ  | WR: 0.0034214mJ  | all_ACT: 0mJ  | all_RD: 0mJ  | all_WR: 0mJ  | MAC: 0.90729mJ  | Total: 0.37328mJ | compute util: 0.54021, memory util: 1, Op/B 303.87, GPU
			self_attention | 976.9us  | 59354 - 60331 | tensor(209, 576) -> tensor(209, 512) | ACT: 1.2326mJ  | RD: 38.672mJ  | WR: 0mJ  | all_ACT: 0mJ  | all_RD: 0mJ  | all_WR: 0mJ  | MAC: 998.14mJ  | Total: 39.905mJ | compute util: 0, memory util: 0, Op/B 3122.7
				AttentionSplit | 0us  | 59354 - 59354 | tensor(209, 576) -> tensor(0, 768) tensor(209, 768) | ACT: 0mJ  | RD: 0mJ  | WR: 0mJ  | all_ACT: 0mJ  | all_RD: 0mJ  | all_WR: 0mJ  | MAC: 0mJ  | Total: 0mJ | compute util: 0, memory util: 0, Op/B 0
				AttentionSum | 0us  | 59354 - 59354 | tensor(0, 768) -> tensor(0, 2048) | ACT: 0mJ  | RD: 0mJ  | WR: 0mJ  | all_ACT: 0mJ  | all_RD: 0mJ  | all_WR: 0mJ  | MAC: 0mJ  | Total: 0mJ | compute util: 0, memory util: 0, Op/B 0, GPU
				AttentionGen | 964.39us  | 59354 - 60319 | tensor(209, 768) -> tensor(209, 2048) | ACT: 1.2326mJ  | RD: 38.672mJ  | WR: 0mJ  | all_ACT: 0mJ  | all_RD: 0mJ  | all_WR: 0mJ  | MAC: 998.14mJ  | Total: 39.905mJ | compute util: 1, memory util: 0.18013, Op/B 3122.7, GPU
				context_merge | 12.517us  | 60319 - 60331 | tensor(209, 2048) -> tensor(209, 2048) | ACT: 0mJ  | RD: 0mJ  | WR: 0mJ  | all_ACT: 0mJ  | all_RD: 0mJ  | all_WR: 0mJ  | MAC: 0mJ  | Total: 0mJ | compute util: 0, memory util: 0, Op/B 0
				AttentionMerge | 0us  | 60331 - 60331 | tensor(0, 2048) tensor(209, 2048) -> tensor(209, 512) | ACT: 0mJ  | RD: 0mJ  | WR: 0mJ  | all_ACT: 0mJ  | all_RD: 0mJ  | all_WR: 0mJ  | MAC: 0mJ  | Total: 0mJ | compute util: 0, memory util: 0, Op/B 0
			attn_o_proj | 1.49us  | 60331 - 60333 | tensor(209, 512) -> tensor(209, 16384) | ACT: 0.010588mJ  | RD: 0.23688mJ  | WR: 0.095458mJ  | all_ACT: 0mJ  | all_RD: 0mJ  | all_WR: 0mJ  | MAC: 0.80648mJ  | Total: 0.34292mJ | compute util: 0, memory util: 0, Op/B 294.17
				Linear | 1.49us  | 60331 - 60333 | tensor(209, 512) -> tensor(209, 16384) | ACT: 0.010588mJ  | RD: 0.23688mJ  | WR: 0.095458mJ  | all_ACT: 0mJ  | all_RD: 0mJ  | all_WR: 0mJ  | MAC: 0.80648mJ  | Total: 0.34292mJ | compute util: 0.52296, memory util: 1, Op/B 294.17, GPU
			all_reduce | 74.405us  | 60333 - 60407 | tensor(209, 16384) -> tensor(209, 16384) | ACT: 0mJ  | RD: 0mJ  | WR: 0mJ  | all_ACT: 0mJ  | all_RD: 0mJ  | all_WR: 0mJ  | MAC: 0mJ  | Total: 0mJ | compute util: 0, memory util: 0, Op/B 0
		residual_1 | 1.2841us  | 60407 - 60408 | tensor(209, 16384) -> tensor(209, 16384) | ACT: 0mJ  | RD: 0mJ  | WR: 0mJ  | all_ACT: 0mJ  | all_RD: 0mJ  | all_WR: 0mJ  | MAC: 0mJ  | Total: 0mJ | compute util: 0, memory util: 0, Op/B 0
		post_attn_layer_norm | 0.85811us  | 60408 - 60409 | tensor(209, 16384) -> tensor(209, 16384) | ACT: 0mJ  | RD: 0mJ  | WR: 0mJ  | all_ACT: 0mJ  | all_RD: 0mJ  | all_WR: 0mJ  | MAC: 0mJ  | Total: 0mJ | compute util: 0, memory util: 0, Op/B 0
		feedforward | 11.769us  | 60409 - 60421 | tensor(209, 16384) -> tensor(209, 16384) | ACT: 0.083075mJ  | RD: 2.498mJ  | WR: 0.12488mJ  | all_ACT: 0mJ  | all_RD: 0mJ  | all_WR: 0mJ  | MAC: 7.8632mJ  | Total: 2.706mJ | compute util: 0, memory util: 0, Op/B 363.13
			gate_proj | 3.8794us  | 60409 - 60413 | tensor(209, 16384) -> tensor(209, 1664) | ACT: 0.027459mJ  | RD: 0.85468mJ  | WR: 0.0098081mJ  | all_ACT: 0mJ  | all_RD: 0mJ  | all_WR: 0mJ  | MAC: 2.6211mJ  | Total: 0.89194mJ | compute util: 0, memory util: 0, Op/B 367.2
				Linear | 3.8794us  | 60409 - 60413 | tensor(209, 16384) -> tensor(209, 1664) | ACT: 0.027459mJ  | RD: 0.85468mJ  | WR: 0.0098081mJ  | all_ACT: 0mJ  | all_RD: 0mJ  | all_WR: 0mJ  | MAC: 2.6211mJ  | Total: 0.89194mJ | compute util: 0.65279, memory util: 1, Op/B 367.2, GPU
			activation | 0.13042us  | 60413 - 60413 | tensor(209, 1664) -> tensor(209, 1664) | ACT: 0.00069811mJ  | RD: 0.019616mJ  | WR: 0.0098081mJ  | all_ACT: 0mJ  | all_RD: 0mJ  | all_WR: 0mJ  | MAC: 0mJ  | Total: 0.030122mJ | compute util: 0, memory util: 1, Op/B 0, GPU
			up_proj | 3.8794us  | 60413 - 60417 | tensor(209, 16384) -> tensor(209, 1664) | ACT: 0.027459mJ  | RD: 0.85468mJ  | WR: 0.0098081mJ  | all_ACT: 0mJ  | all_RD: 0mJ  | all_WR: 0mJ  | MAC: 2.6211mJ  | Total: 0.89194mJ | compute util: 0, memory util: 0, Op/B 367.2
				Linear | 3.8794us  | 60413 - 60417 | tensor(209, 16384) -> tensor(209, 1664) | ACT: 0.027459mJ  | RD: 0.85468mJ  | WR: 0.0098081mJ  | all_ACT: 0mJ  | all_RD: 0mJ  | all_WR: 0mJ  | MAC: 2.6211mJ  | Total: 0.89194mJ | compute util: 0.65279, memory util: 1, Op/B 367.2, GPU
			down_proj | 3.8794us  | 60417 - 60421 | tensor(209, 1664) -> tensor(209, 16384) | ACT: 0.027459mJ  | RD: 0.76903mJ  | WR: 0.095458mJ  | all_ACT: 0mJ  | all_RD: 0mJ  | all_WR: 0mJ  | MAC: 2.6211mJ  | Total: 0.89194mJ | compute util: 0, memory util: 0, Op/B 367.2
				Linear | 3.8794us  | 60417 - 60421 | tensor(209, 1664) -> tensor(209, 16384) | ACT: 0.027459mJ  | RD: 0.76903mJ  | WR: 0.095458mJ  | all_ACT: 0mJ  | all_RD: 0mJ  | all_WR: 0mJ  | MAC: 2.6211mJ  | Total: 0.89194mJ | compute util: 0.65279, memory util: 1, Op/B 367.2, GPU
		all_reduce | 74.405us  | 60421 - 60495 | tensor(209, 16384) -> tensor(209, 16384) | ACT: 0mJ  | RD: 0mJ  | WR: 0mJ  | all_ACT: 0mJ  | all_RD: 0mJ  | all_WR: 0mJ  | MAC: 0mJ  | Total: 0mJ | compute util: 0, memory util: 0, Op/B 0
		residual_1 | 1.2841us  | 60495 - 60497 | tensor(209, 16384) -> tensor(209, 16384) | ACT: 0mJ  | RD: 0mJ  | WR: 0mJ  | all_ACT: 0mJ  | all_RD: 0mJ  | all_WR: 0mJ  | MAC: 0mJ  | Total: 0mJ | compute util: 0, memory util: 0, Op/B 0
	decoder_53 | 1137.9us  | 60497 - 61634 | tensor(209, 16384) -> tensor(209, 16384) | ACT: 1.3378mJ  | RD: 41.766mJ  | WR: 0.22376mJ  | all_ACT: 0mJ  | all_RD: 0mJ  | all_WR: 0mJ  | MAC: 1007.7mJ  | Total: 43.327mJ | compute util: 0, memory util: 0, Op/B 2903.9
		input_layer_norm | 0.85811us  | 60497 - 60497 | tensor(209, 16384) -> tensor(209, 16384) | ACT: 0mJ  | RD: 0mJ  | WR: 0mJ  | all_ACT: 0mJ  | all_RD: 0mJ  | all_WR: 0mJ  | MAC: 0mJ  | Total: 0mJ | compute util: 0, memory util: 0, Op/B 0
		attention | 1047.4us  | 60497 - 61545 | tensor(209, 16384) -> tensor(209, 16384) | ACT: 1.2547mJ  | RD: 39.268mJ  | WR: 0.09888mJ  | all_ACT: 0mJ  | all_RD: 0mJ  | all_WR: 0mJ  | MAC: 999.85mJ  | Total: 40.621mJ | compute util: 0, memory util: 0, Op/B 3073
			attn_qkv_proj | 1.6227us  | 60497 - 60499 | tensor(209, 16384) -> tensor(209, 576) | ACT: 0.011519mJ  | RD: 0.35834mJ  | WR: 0.0034214mJ  | all_ACT: 0mJ  | all_RD: 0mJ  | all_WR: 0mJ  | MAC: 0.90729mJ  | Total: 0.37328mJ | compute util: 0, memory util: 0, Op/B 303.87
				Linear | 1.6227us  | 60497 - 60499 | tensor(209, 16384) -> tensor(209, 576) | ACT: 0.011519mJ  | RD: 0.35834mJ  | WR: 0.0034214mJ  | all_ACT: 0mJ  | all_RD: 0mJ  | all_WR: 0mJ  | MAC: 0.90729mJ  | Total: 0.37328mJ | compute util: 0.54021, memory util: 1, Op/B 303.87, GPU
			self_attention | 969.9us  | 60499 - 61469 | tensor(209, 576) -> tensor(209, 512) | ACT: 1.2326mJ  | RD: 38.672mJ  | WR: 0mJ  | all_ACT: 0mJ  | all_RD: 0mJ  | all_WR: 0mJ  | MAC: 998.14mJ  | Total: 39.905mJ | compute util: 0, memory util: 0, Op/B 3122.7
				AttentionSplit | 0us  | 60499 - 60499 | tensor(209, 576) -> tensor(0, 768) tensor(209, 768) | ACT: 0mJ  | RD: 0mJ  | WR: 0mJ  | all_ACT: 0mJ  | all_RD: 0mJ  | all_WR: 0mJ  | MAC: 0mJ  | Total: 0mJ | compute util: 0, memory util: 0, Op/B 0
				AttentionSum | 0us  | 60499 - 60499 | tensor(0, 768) -> tensor(0, 2048) | ACT: 0mJ  | RD: 0mJ  | WR: 0mJ  | all_ACT: 0mJ  | all_RD: 0mJ  | all_WR: 0mJ  | MAC: 0mJ  | Total: 0mJ | compute util: 0, memory util: 0, Op/B 0, GPU
				AttentionGen | 964.39us  | 60499 - 61463 | tensor(209, 768) -> tensor(209, 2048) | ACT: 1.2326mJ  | RD: 38.672mJ  | WR: 0mJ  | all_ACT: 0mJ  | all_RD: 0mJ  | all_WR: 0mJ  | MAC: 998.14mJ  | Total: 39.905mJ | compute util: 1, memory util: 0.18013, Op/B 3122.7, GPU
				context_merge | 5.5134us  | 61463 - 61469 | tensor(209, 2048) -> tensor(209, 2048) | ACT: 0mJ  | RD: 0mJ  | WR: 0mJ  | all_ACT: 0mJ  | all_RD: 0mJ  | all_WR: 0mJ  | MAC: 0mJ  | Total: 0mJ | compute util: 0, memory util: 0, Op/B 0
				AttentionMerge | 0us  | 61469 - 61469 | tensor(0, 2048) tensor(209, 2048) -> tensor(209, 512) | ACT: 0mJ  | RD: 0mJ  | WR: 0mJ  | all_ACT: 0mJ  | all_RD: 0mJ  | all_WR: 0mJ  | MAC: 0mJ  | Total: 0mJ | compute util: 0, memory util: 0, Op/B 0
			attn_o_proj | 1.49us  | 61469 - 61470 | tensor(209, 512) -> tensor(209, 16384) | ACT: 0.010588mJ  | RD: 0.23688mJ  | WR: 0.095458mJ  | all_ACT: 0mJ  | all_RD: 0mJ  | all_WR: 0mJ  | MAC: 0.80648mJ  | Total: 0.34292mJ | compute util: 0, memory util: 0, Op/B 294.17
				Linear | 1.49us  | 61469 - 61470 | tensor(209, 512) -> tensor(209, 16384) | ACT: 0.010588mJ  | RD: 0.23688mJ  | WR: 0.095458mJ  | all_ACT: 0mJ  | all_RD: 0mJ  | all_WR: 0mJ  | MAC: 0.80648mJ  | Total: 0.34292mJ | compute util: 0.52296, memory util: 1, Op/B 294.17, GPU
			all_reduce | 74.405us  | 61470 - 61545 | tensor(209, 16384) -> tensor(209, 16384) | ACT: 0mJ  | RD: 0mJ  | WR: 0mJ  | all_ACT: 0mJ  | all_RD: 0mJ  | all_WR: 0mJ  | MAC: 0mJ  | Total: 0mJ | compute util: 0, memory util: 0, Op/B 0
		residual_1 | 1.2841us  | 61545 - 61546 | tensor(209, 16384) -> tensor(209, 16384) | ACT: 0mJ  | RD: 0mJ  | WR: 0mJ  | all_ACT: 0mJ  | all_RD: 0mJ  | all_WR: 0mJ  | MAC: 0mJ  | Total: 0mJ | compute util: 0, memory util: 0, Op/B 0
		post_attn_layer_norm | 0.85811us  | 61546 - 61547 | tensor(209, 16384) -> tensor(209, 16384) | ACT: 0mJ  | RD: 0mJ  | WR: 0mJ  | all_ACT: 0mJ  | all_RD: 0mJ  | all_WR: 0mJ  | MAC: 0mJ  | Total: 0mJ | compute util: 0, memory util: 0, Op/B 0
		feedforward | 11.769us  | 61547 - 61559 | tensor(209, 16384) -> tensor(209, 16384) | ACT: 0.083075mJ  | RD: 2.498mJ  | WR: 0.12488mJ  | all_ACT: 0mJ  | all_RD: 0mJ  | all_WR: 0mJ  | MAC: 7.8632mJ  | Total: 2.706mJ | compute util: 0, memory util: 0, Op/B 363.13
			gate_proj | 3.8794us  | 61547 - 61551 | tensor(209, 16384) -> tensor(209, 1664) | ACT: 0.027459mJ  | RD: 0.85468mJ  | WR: 0.0098081mJ  | all_ACT: 0mJ  | all_RD: 0mJ  | all_WR: 0mJ  | MAC: 2.6211mJ  | Total: 0.89194mJ | compute util: 0, memory util: 0, Op/B 367.2
				Linear | 3.8794us  | 61547 - 61551 | tensor(209, 16384) -> tensor(209, 1664) | ACT: 0.027459mJ  | RD: 0.85468mJ  | WR: 0.0098081mJ  | all_ACT: 0mJ  | all_RD: 0mJ  | all_WR: 0mJ  | MAC: 2.6211mJ  | Total: 0.89194mJ | compute util: 0.65279, memory util: 1, Op/B 367.2, GPU
			activation | 0.13042us  | 61551 - 61551 | tensor(209, 1664) -> tensor(209, 1664) | ACT: 0.00069811mJ  | RD: 0.019616mJ  | WR: 0.0098081mJ  | all_ACT: 0mJ  | all_RD: 0mJ  | all_WR: 0mJ  | MAC: 0mJ  | Total: 0.030122mJ | compute util: 0, memory util: 1, Op/B 0, GPU
			up_proj | 3.8794us  | 61551 - 61555 | tensor(209, 16384) -> tensor(209, 1664) | ACT: 0.027459mJ  | RD: 0.85468mJ  | WR: 0.0098081mJ  | all_ACT: 0mJ  | all_RD: 0mJ  | all_WR: 0mJ  | MAC: 2.6211mJ  | Total: 0.89194mJ | compute util: 0, memory util: 0, Op/B 367.2
				Linear | 3.8794us  | 61551 - 61555 | tensor(209, 16384) -> tensor(209, 1664) | ACT: 0.027459mJ  | RD: 0.85468mJ  | WR: 0.0098081mJ  | all_ACT: 0mJ  | all_RD: 0mJ  | all_WR: 0mJ  | MAC: 2.6211mJ  | Total: 0.89194mJ | compute util: 0.65279, memory util: 1, Op/B 367.2, GPU
			down_proj | 3.8794us  | 61555 - 61559 | tensor(209, 1664) -> tensor(209, 16384) | ACT: 0.027459mJ  | RD: 0.76903mJ  | WR: 0.095458mJ  | all_ACT: 0mJ  | all_RD: 0mJ  | all_WR: 0mJ  | MAC: 2.6211mJ  | Total: 0.89194mJ | compute util: 0, memory util: 0, Op/B 367.2
				Linear | 3.8794us  | 61555 - 61559 | tensor(209, 1664) -> tensor(209, 16384) | ACT: 0.027459mJ  | RD: 0.76903mJ  | WR: 0.095458mJ  | all_ACT: 0mJ  | all_RD: 0mJ  | all_WR: 0mJ  | MAC: 2.6211mJ  | Total: 0.89194mJ | compute util: 0.65279, memory util: 1, Op/B 367.2, GPU
		all_reduce | 74.405us  | 61559 - 61633 | tensor(209, 16384) -> tensor(209, 16384) | ACT: 0mJ  | RD: 0mJ  | WR: 0mJ  | all_ACT: 0mJ  | all_RD: 0mJ  | all_WR: 0mJ  | MAC: 0mJ  | Total: 0mJ | compute util: 0, memory util: 0, Op/B 0
		residual_1 | 1.2841us  | 61633 - 61634 | tensor(209, 16384) -> tensor(209, 16384) | ACT: 0mJ  | RD: 0mJ  | WR: 0mJ  | all_ACT: 0mJ  | all_RD: 0mJ  | all_WR: 0mJ  | MAC: 0mJ  | Total: 0mJ | compute util: 0, memory util: 0, Op/B 0
	decoder_54 | 1144.9us  | 61634 - 62779 | tensor(209, 16384) -> tensor(209, 16384) | ACT: 1.3378mJ  | RD: 41.766mJ  | WR: 0.22376mJ  | all_ACT: 0mJ  | all_RD: 0mJ  | all_WR: 0mJ  | MAC: 1007.7mJ  | Total: 43.327mJ | compute util: 0, memory util: 0, Op/B 2903.9
		input_layer_norm | 0.85811us  | 61634 - 61635 | tensor(209, 16384) -> tensor(209, 16384) | ACT: 0mJ  | RD: 0mJ  | WR: 0mJ  | all_ACT: 0mJ  | all_RD: 0mJ  | all_WR: 0mJ  | MAC: 0mJ  | Total: 0mJ | compute util: 0, memory util: 0, Op/B 0
		attention | 1054.4us  | 61635 - 62690 | tensor(209, 16384) -> tensor(209, 16384) | ACT: 1.2547mJ  | RD: 39.268mJ  | WR: 0.09888mJ  | all_ACT: 0mJ  | all_RD: 0mJ  | all_WR: 0mJ  | MAC: 999.85mJ  | Total: 40.621mJ | compute util: 0, memory util: 0, Op/B 3073
			attn_qkv_proj | 1.6227us  | 61635 - 61637 | tensor(209, 16384) -> tensor(209, 576) | ACT: 0.011519mJ  | RD: 0.35834mJ  | WR: 0.0034214mJ  | all_ACT: 0mJ  | all_RD: 0mJ  | all_WR: 0mJ  | MAC: 0.90729mJ  | Total: 0.37328mJ | compute util: 0, memory util: 0, Op/B 303.87
				Linear | 1.6227us  | 61635 - 61637 | tensor(209, 16384) -> tensor(209, 576) | ACT: 0.011519mJ  | RD: 0.35834mJ  | WR: 0.0034214mJ  | all_ACT: 0mJ  | all_RD: 0mJ  | all_WR: 0mJ  | MAC: 0.90729mJ  | Total: 0.37328mJ | compute util: 0.54021, memory util: 1, Op/B 303.87, GPU
			self_attention | 976.9us  | 61637 - 62614 | tensor(209, 576) -> tensor(209, 512) | ACT: 1.2326mJ  | RD: 38.672mJ  | WR: 0mJ  | all_ACT: 0mJ  | all_RD: 0mJ  | all_WR: 0mJ  | MAC: 998.14mJ  | Total: 39.905mJ | compute util: 0, memory util: 0, Op/B 3122.7
				AttentionSplit | 0us  | 61637 - 61637 | tensor(209, 576) -> tensor(0, 768) tensor(209, 768) | ACT: 0mJ  | RD: 0mJ  | WR: 0mJ  | all_ACT: 0mJ  | all_RD: 0mJ  | all_WR: 0mJ  | MAC: 0mJ  | Total: 0mJ | compute util: 0, memory util: 0, Op/B 0
				AttentionSum | 0us  | 61637 - 61637 | tensor(0, 768) -> tensor(0, 2048) | ACT: 0mJ  | RD: 0mJ  | WR: 0mJ  | all_ACT: 0mJ  | all_RD: 0mJ  | all_WR: 0mJ  | MAC: 0mJ  | Total: 0mJ | compute util: 0, memory util: 0, Op/B 0, GPU
				AttentionGen | 964.39us  | 61637 - 62601 | tensor(209, 768) -> tensor(209, 2048) | ACT: 1.2326mJ  | RD: 38.672mJ  | WR: 0mJ  | all_ACT: 0mJ  | all_RD: 0mJ  | all_WR: 0mJ  | MAC: 998.14mJ  | Total: 39.905mJ | compute util: 1, memory util: 0.18013, Op/B 3122.7, GPU
				context_merge | 12.517us  | 62601 - 62614 | tensor(209, 2048) -> tensor(209, 2048) | ACT: 0mJ  | RD: 0mJ  | WR: 0mJ  | all_ACT: 0mJ  | all_RD: 0mJ  | all_WR: 0mJ  | MAC: 0mJ  | Total: 0mJ | compute util: 0, memory util: 0, Op/B 0
				AttentionMerge | 0us  | 62614 - 62614 | tensor(0, 2048) tensor(209, 2048) -> tensor(209, 512) | ACT: 0mJ  | RD: 0mJ  | WR: 0mJ  | all_ACT: 0mJ  | all_RD: 0mJ  | all_WR: 0mJ  | MAC: 0mJ  | Total: 0mJ | compute util: 0, memory util: 0, Op/B 0
			attn_o_proj | 1.49us  | 62614 - 62615 | tensor(209, 512) -> tensor(209, 16384) | ACT: 0.010588mJ  | RD: 0.23688mJ  | WR: 0.095458mJ  | all_ACT: 0mJ  | all_RD: 0mJ  | all_WR: 0mJ  | MAC: 0.80648mJ  | Total: 0.34292mJ | compute util: 0, memory util: 0, Op/B 294.17
				Linear | 1.49us  | 62614 - 62615 | tensor(209, 512) -> tensor(209, 16384) | ACT: 0.010588mJ  | RD: 0.23688mJ  | WR: 0.095458mJ  | all_ACT: 0mJ  | all_RD: 0mJ  | all_WR: 0mJ  | MAC: 0.80648mJ  | Total: 0.34292mJ | compute util: 0.52296, memory util: 1, Op/B 294.17, GPU
			all_reduce | 74.405us  | 62615 - 62690 | tensor(209, 16384) -> tensor(209, 16384) | ACT: 0mJ  | RD: 0mJ  | WR: 0mJ  | all_ACT: 0mJ  | all_RD: 0mJ  | all_WR: 0mJ  | MAC: 0mJ  | Total: 0mJ | compute util: 0, memory util: 0, Op/B 0
		residual_1 | 1.2841us  | 62690 - 62691 | tensor(209, 16384) -> tensor(209, 16384) | ACT: 0mJ  | RD: 0mJ  | WR: 0mJ  | all_ACT: 0mJ  | all_RD: 0mJ  | all_WR: 0mJ  | MAC: 0mJ  | Total: 0mJ | compute util: 0, memory util: 0, Op/B 0
		post_attn_layer_norm | 0.85811us  | 62691 - 62692 | tensor(209, 16384) -> tensor(209, 16384) | ACT: 0mJ  | RD: 0mJ  | WR: 0mJ  | all_ACT: 0mJ  | all_RD: 0mJ  | all_WR: 0mJ  | MAC: 0mJ  | Total: 0mJ | compute util: 0, memory util: 0, Op/B 0
		feedforward | 11.769us  | 62692 - 62704 | tensor(209, 16384) -> tensor(209, 16384) | ACT: 0.083075mJ  | RD: 2.498mJ  | WR: 0.12488mJ  | all_ACT: 0mJ  | all_RD: 0mJ  | all_WR: 0mJ  | MAC: 7.8632mJ  | Total: 2.706mJ | compute util: 0, memory util: 0, Op/B 363.13
			gate_proj | 3.8794us  | 62692 - 62696 | tensor(209, 16384) -> tensor(209, 1664) | ACT: 0.027459mJ  | RD: 0.85468mJ  | WR: 0.0098081mJ  | all_ACT: 0mJ  | all_RD: 0mJ  | all_WR: 0mJ  | MAC: 2.6211mJ  | Total: 0.89194mJ | compute util: 0, memory util: 0, Op/B 367.2
				Linear | 3.8794us  | 62692 - 62696 | tensor(209, 16384) -> tensor(209, 1664) | ACT: 0.027459mJ  | RD: 0.85468mJ  | WR: 0.0098081mJ  | all_ACT: 0mJ  | all_RD: 0mJ  | all_WR: 0mJ  | MAC: 2.6211mJ  | Total: 0.89194mJ | compute util: 0.65279, memory util: 1, Op/B 367.2, GPU
			activation | 0.13042us  | 62696 - 62696 | tensor(209, 1664) -> tensor(209, 1664) | ACT: 0.00069811mJ  | RD: 0.019616mJ  | WR: 0.0098081mJ  | all_ACT: 0mJ  | all_RD: 0mJ  | all_WR: 0mJ  | MAC: 0mJ  | Total: 0.030122mJ | compute util: 0, memory util: 1, Op/B 0, GPU
			up_proj | 3.8794us  | 62696 - 62700 | tensor(209, 16384) -> tensor(209, 1664) | ACT: 0.027459mJ  | RD: 0.85468mJ  | WR: 0.0098081mJ  | all_ACT: 0mJ  | all_RD: 0mJ  | all_WR: 0mJ  | MAC: 2.6211mJ  | Total: 0.89194mJ | compute util: 0, memory util: 0, Op/B 367.2
				Linear | 3.8794us  | 62696 - 62700 | tensor(209, 16384) -> tensor(209, 1664) | ACT: 0.027459mJ  | RD: 0.85468mJ  | WR: 0.0098081mJ  | all_ACT: 0mJ  | all_RD: 0mJ  | all_WR: 0mJ  | MAC: 2.6211mJ  | Total: 0.89194mJ | compute util: 0.65279, memory util: 1, Op/B 367.2, GPU
			down_proj | 3.8794us  | 62700 - 62704 | tensor(209, 1664) -> tensor(209, 16384) | ACT: 0.027459mJ  | RD: 0.76903mJ  | WR: 0.095458mJ  | all_ACT: 0mJ  | all_RD: 0mJ  | all_WR: 0mJ  | MAC: 2.6211mJ  | Total: 0.89194mJ | compute util: 0, memory util: 0, Op/B 367.2
				Linear | 3.8794us  | 62700 - 62704 | tensor(209, 1664) -> tensor(209, 16384) | ACT: 0.027459mJ  | RD: 0.76903mJ  | WR: 0.095458mJ  | all_ACT: 0mJ  | all_RD: 0mJ  | all_WR: 0mJ  | MAC: 2.6211mJ  | Total: 0.89194mJ | compute util: 0.65279, memory util: 1, Op/B 367.2, GPU
		all_reduce | 74.405us  | 62704 - 62778 | tensor(209, 16384) -> tensor(209, 16384) | ACT: 0mJ  | RD: 0mJ  | WR: 0mJ  | all_ACT: 0mJ  | all_RD: 0mJ  | all_WR: 0mJ  | MAC: 0mJ  | Total: 0mJ | compute util: 0, memory util: 0, Op/B 0
		residual_1 | 1.2841us  | 62778 - 62779 | tensor(209, 16384) -> tensor(209, 16384) | ACT: 0mJ  | RD: 0mJ  | WR: 0mJ  | all_ACT: 0mJ  | all_RD: 0mJ  | all_WR: 0mJ  | MAC: 0mJ  | Total: 0mJ | compute util: 0, memory util: 0, Op/B 0
	decoder_55 | 1137.9us  | 62779 - 63917 | tensor(209, 16384) -> tensor(209, 16384) | ACT: 1.3378mJ  | RD: 41.766mJ  | WR: 0.22376mJ  | all_ACT: 0mJ  | all_RD: 0mJ  | all_WR: 0mJ  | MAC: 1007.7mJ  | Total: 43.327mJ | compute util: 0, memory util: 0, Op/B 2903.9
		input_layer_norm | 0.85811us  | 62779 - 62780 | tensor(209, 16384) -> tensor(209, 16384) | ACT: 0mJ  | RD: 0mJ  | WR: 0mJ  | all_ACT: 0mJ  | all_RD: 0mJ  | all_WR: 0mJ  | MAC: 0mJ  | Total: 0mJ | compute util: 0, memory util: 0, Op/B 0
		attention | 1047.4us  | 62780 - 63828 | tensor(209, 16384) -> tensor(209, 16384) | ACT: 1.2547mJ  | RD: 39.268mJ  | WR: 0.09888mJ  | all_ACT: 0mJ  | all_RD: 0mJ  | all_WR: 0mJ  | MAC: 999.85mJ  | Total: 40.621mJ | compute util: 0, memory util: 0, Op/B 3073
			attn_qkv_proj | 1.6227us  | 62780 - 62782 | tensor(209, 16384) -> tensor(209, 576) | ACT: 0.011519mJ  | RD: 0.35834mJ  | WR: 0.0034214mJ  | all_ACT: 0mJ  | all_RD: 0mJ  | all_WR: 0mJ  | MAC: 0.90729mJ  | Total: 0.37328mJ | compute util: 0, memory util: 0, Op/B 303.87
				Linear | 1.6227us  | 62780 - 62782 | tensor(209, 16384) -> tensor(209, 576) | ACT: 0.011519mJ  | RD: 0.35834mJ  | WR: 0.0034214mJ  | all_ACT: 0mJ  | all_RD: 0mJ  | all_WR: 0mJ  | MAC: 0.90729mJ  | Total: 0.37328mJ | compute util: 0.54021, memory util: 1, Op/B 303.87, GPU
			self_attention | 969.9us  | 62782 - 63752 | tensor(209, 576) -> tensor(209, 512) | ACT: 1.2326mJ  | RD: 38.672mJ  | WR: 0mJ  | all_ACT: 0mJ  | all_RD: 0mJ  | all_WR: 0mJ  | MAC: 998.14mJ  | Total: 39.905mJ | compute util: 0, memory util: 0, Op/B 3122.7
				AttentionSplit | 0us  | 62782 - 62782 | tensor(209, 576) -> tensor(0, 768) tensor(209, 768) | ACT: 0mJ  | RD: 0mJ  | WR: 0mJ  | all_ACT: 0mJ  | all_RD: 0mJ  | all_WR: 0mJ  | MAC: 0mJ  | Total: 0mJ | compute util: 0, memory util: 0, Op/B 0
				AttentionSum | 0us  | 62782 - 62782 | tensor(0, 768) -> tensor(0, 2048) | ACT: 0mJ  | RD: 0mJ  | WR: 0mJ  | all_ACT: 0mJ  | all_RD: 0mJ  | all_WR: 0mJ  | MAC: 0mJ  | Total: 0mJ | compute util: 0, memory util: 0, Op/B 0, GPU
				AttentionGen | 964.39us  | 62782 - 63746 | tensor(209, 768) -> tensor(209, 2048) | ACT: 1.2326mJ  | RD: 38.672mJ  | WR: 0mJ  | all_ACT: 0mJ  | all_RD: 0mJ  | all_WR: 0mJ  | MAC: 998.14mJ  | Total: 39.905mJ | compute util: 1, memory util: 0.18013, Op/B 3122.7, GPU
				context_merge | 5.5134us  | 63746 - 63752 | tensor(209, 2048) -> tensor(209, 2048) | ACT: 0mJ  | RD: 0mJ  | WR: 0mJ  | all_ACT: 0mJ  | all_RD: 0mJ  | all_WR: 0mJ  | MAC: 0mJ  | Total: 0mJ | compute util: 0, memory util: 0, Op/B 0
				AttentionMerge | 0us  | 63752 - 63752 | tensor(0, 2048) tensor(209, 2048) -> tensor(209, 512) | ACT: 0mJ  | RD: 0mJ  | WR: 0mJ  | all_ACT: 0mJ  | all_RD: 0mJ  | all_WR: 0mJ  | MAC: 0mJ  | Total: 0mJ | compute util: 0, memory util: 0, Op/B 0
			attn_o_proj | 1.49us  | 63752 - 63753 | tensor(209, 512) -> tensor(209, 16384) | ACT: 0.010588mJ  | RD: 0.23688mJ  | WR: 0.095458mJ  | all_ACT: 0mJ  | all_RD: 0mJ  | all_WR: 0mJ  | MAC: 0.80648mJ  | Total: 0.34292mJ | compute util: 0, memory util: 0, Op/B 294.17
				Linear | 1.49us  | 63752 - 63753 | tensor(209, 512) -> tensor(209, 16384) | ACT: 0.010588mJ  | RD: 0.23688mJ  | WR: 0.095458mJ  | all_ACT: 0mJ  | all_RD: 0mJ  | all_WR: 0mJ  | MAC: 0.80648mJ  | Total: 0.34292mJ | compute util: 0.52296, memory util: 1, Op/B 294.17, GPU
			all_reduce | 74.405us  | 63753 - 63828 | tensor(209, 16384) -> tensor(209, 16384) | ACT: 0mJ  | RD: 0mJ  | WR: 0mJ  | all_ACT: 0mJ  | all_RD: 0mJ  | all_WR: 0mJ  | MAC: 0mJ  | Total: 0mJ | compute util: 0, memory util: 0, Op/B 0
		residual_1 | 1.2841us  | 63828 - 63829 | tensor(209, 16384) -> tensor(209, 16384) | ACT: 0mJ  | RD: 0mJ  | WR: 0mJ  | all_ACT: 0mJ  | all_RD: 0mJ  | all_WR: 0mJ  | MAC: 0mJ  | Total: 0mJ | compute util: 0, memory util: 0, Op/B 0
		post_attn_layer_norm | 0.85811us  | 63829 - 63830 | tensor(209, 16384) -> tensor(209, 16384) | ACT: 0mJ  | RD: 0mJ  | WR: 0mJ  | all_ACT: 0mJ  | all_RD: 0mJ  | all_WR: 0mJ  | MAC: 0mJ  | Total: 0mJ | compute util: 0, memory util: 0, Op/B 0
		feedforward | 11.769us  | 63830 - 63841 | tensor(209, 16384) -> tensor(209, 16384) | ACT: 0.083075mJ  | RD: 2.498mJ  | WR: 0.12488mJ  | all_ACT: 0mJ  | all_RD: 0mJ  | all_WR: 0mJ  | MAC: 7.8632mJ  | Total: 2.706mJ | compute util: 0, memory util: 0, Op/B 363.13
			gate_proj | 3.8794us  | 63830 - 63834 | tensor(209, 16384) -> tensor(209, 1664) | ACT: 0.027459mJ  | RD: 0.85468mJ  | WR: 0.0098081mJ  | all_ACT: 0mJ  | all_RD: 0mJ  | all_WR: 0mJ  | MAC: 2.6211mJ  | Total: 0.89194mJ | compute util: 0, memory util: 0, Op/B 367.2
				Linear | 3.8794us  | 63830 - 63834 | tensor(209, 16384) -> tensor(209, 1664) | ACT: 0.027459mJ  | RD: 0.85468mJ  | WR: 0.0098081mJ  | all_ACT: 0mJ  | all_RD: 0mJ  | all_WR: 0mJ  | MAC: 2.6211mJ  | Total: 0.89194mJ | compute util: 0.65279, memory util: 1, Op/B 367.2, GPU
			activation | 0.13042us  | 63834 - 63834 | tensor(209, 1664) -> tensor(209, 1664) | ACT: 0.00069811mJ  | RD: 0.019616mJ  | WR: 0.0098081mJ  | all_ACT: 0mJ  | all_RD: 0mJ  | all_WR: 0mJ  | MAC: 0mJ  | Total: 0.030122mJ | compute util: 0, memory util: 1, Op/B 0, GPU
			up_proj | 3.8794us  | 63834 - 63838 | tensor(209, 16384) -> tensor(209, 1664) | ACT: 0.027459mJ  | RD: 0.85468mJ  | WR: 0.0098081mJ  | all_ACT: 0mJ  | all_RD: 0mJ  | all_WR: 0mJ  | MAC: 2.6211mJ  | Total: 0.89194mJ | compute util: 0, memory util: 0, Op/B 367.2
				Linear | 3.8794us  | 63834 - 63838 | tensor(209, 16384) -> tensor(209, 1664) | ACT: 0.027459mJ  | RD: 0.85468mJ  | WR: 0.0098081mJ  | all_ACT: 0mJ  | all_RD: 0mJ  | all_WR: 0mJ  | MAC: 2.6211mJ  | Total: 0.89194mJ | compute util: 0.65279, memory util: 1, Op/B 367.2, GPU
			down_proj | 3.8794us  | 63838 - 63841 | tensor(209, 1664) -> tensor(209, 16384) | ACT: 0.027459mJ  | RD: 0.76903mJ  | WR: 0.095458mJ  | all_ACT: 0mJ  | all_RD: 0mJ  | all_WR: 0mJ  | MAC: 2.6211mJ  | Total: 0.89194mJ | compute util: 0, memory util: 0, Op/B 367.2
				Linear | 3.8794us  | 63838 - 63841 | tensor(209, 1664) -> tensor(209, 16384) | ACT: 0.027459mJ  | RD: 0.76903mJ  | WR: 0.095458mJ  | all_ACT: 0mJ  | all_RD: 0mJ  | all_WR: 0mJ  | MAC: 2.6211mJ  | Total: 0.89194mJ | compute util: 0.65279, memory util: 1, Op/B 367.2, GPU
		all_reduce | 74.405us  | 63841 - 63916 | tensor(209, 16384) -> tensor(209, 16384) | ACT: 0mJ  | RD: 0mJ  | WR: 0mJ  | all_ACT: 0mJ  | all_RD: 0mJ  | all_WR: 0mJ  | MAC: 0mJ  | Total: 0mJ | compute util: 0, memory util: 0, Op/B 0
		residual_1 | 1.2841us  | 63916 - 63917 | tensor(209, 16384) -> tensor(209, 16384) | ACT: 0mJ  | RD: 0mJ  | WR: 0mJ  | all_ACT: 0mJ  | all_RD: 0mJ  | all_WR: 0mJ  | MAC: 0mJ  | Total: 0mJ | compute util: 0, memory util: 0, Op/B 0
	decoder_56 | 1144.9us  | 63917 - 65062 | tensor(209, 16384) -> tensor(209, 16384) | ACT: 1.3378mJ  | RD: 41.766mJ  | WR: 0.22376mJ  | all_ACT: 0mJ  | all_RD: 0mJ  | all_WR: 0mJ  | MAC: 1007.7mJ  | Total: 43.327mJ | compute util: 0, memory util: 0, Op/B 2903.9
		input_layer_norm | 0.85811us  | 63917 - 63918 | tensor(209, 16384) -> tensor(209, 16384) | ACT: 0mJ  | RD: 0mJ  | WR: 0mJ  | all_ACT: 0mJ  | all_RD: 0mJ  | all_WR: 0mJ  | MAC: 0mJ  | Total: 0mJ | compute util: 0, memory util: 0, Op/B 0
		attention | 1054.4us  | 63918 - 64972 | tensor(209, 16384) -> tensor(209, 16384) | ACT: 1.2547mJ  | RD: 39.268mJ  | WR: 0.09888mJ  | all_ACT: 0mJ  | all_RD: 0mJ  | all_WR: 0mJ  | MAC: 999.85mJ  | Total: 40.621mJ | compute util: 0, memory util: 0, Op/B 3073
			attn_qkv_proj | 1.6227us  | 63918 - 63920 | tensor(209, 16384) -> tensor(209, 576) | ACT: 0.011519mJ  | RD: 0.35834mJ  | WR: 0.0034214mJ  | all_ACT: 0mJ  | all_RD: 0mJ  | all_WR: 0mJ  | MAC: 0.90729mJ  | Total: 0.37328mJ | compute util: 0, memory util: 0, Op/B 303.87
				Linear | 1.6227us  | 63918 - 63920 | tensor(209, 16384) -> tensor(209, 576) | ACT: 0.011519mJ  | RD: 0.35834mJ  | WR: 0.0034214mJ  | all_ACT: 0mJ  | all_RD: 0mJ  | all_WR: 0mJ  | MAC: 0.90729mJ  | Total: 0.37328mJ | compute util: 0.54021, memory util: 1, Op/B 303.87, GPU
			self_attention | 976.9us  | 63920 - 64897 | tensor(209, 576) -> tensor(209, 512) | ACT: 1.2326mJ  | RD: 38.672mJ  | WR: 0mJ  | all_ACT: 0mJ  | all_RD: 0mJ  | all_WR: 0mJ  | MAC: 998.14mJ  | Total: 39.905mJ | compute util: 0, memory util: 0, Op/B 3122.7
				AttentionSplit | 0us  | 63920 - 63920 | tensor(209, 576) -> tensor(0, 768) tensor(209, 768) | ACT: 0mJ  | RD: 0mJ  | WR: 0mJ  | all_ACT: 0mJ  | all_RD: 0mJ  | all_WR: 0mJ  | MAC: 0mJ  | Total: 0mJ | compute util: 0, memory util: 0, Op/B 0
				AttentionSum | 0us  | 63920 - 63920 | tensor(0, 768) -> tensor(0, 2048) | ACT: 0mJ  | RD: 0mJ  | WR: 0mJ  | all_ACT: 0mJ  | all_RD: 0mJ  | all_WR: 0mJ  | MAC: 0mJ  | Total: 0mJ | compute util: 0, memory util: 0, Op/B 0, GPU
				AttentionGen | 964.39us  | 63920 - 64884 | tensor(209, 768) -> tensor(209, 2048) | ACT: 1.2326mJ  | RD: 38.672mJ  | WR: 0mJ  | all_ACT: 0mJ  | all_RD: 0mJ  | all_WR: 0mJ  | MAC: 998.14mJ  | Total: 39.905mJ | compute util: 1, memory util: 0.18013, Op/B 3122.7, GPU
				context_merge | 12.517us  | 64884 - 64897 | tensor(209, 2048) -> tensor(209, 2048) | ACT: 0mJ  | RD: 0mJ  | WR: 0mJ  | all_ACT: 0mJ  | all_RD: 0mJ  | all_WR: 0mJ  | MAC: 0mJ  | Total: 0mJ | compute util: 0, memory util: 0, Op/B 0
				AttentionMerge | 0us  | 64897 - 64897 | tensor(0, 2048) tensor(209, 2048) -> tensor(209, 512) | ACT: 0mJ  | RD: 0mJ  | WR: 0mJ  | all_ACT: 0mJ  | all_RD: 0mJ  | all_WR: 0mJ  | MAC: 0mJ  | Total: 0mJ | compute util: 0, memory util: 0, Op/B 0
			attn_o_proj | 1.49us  | 64897 - 64898 | tensor(209, 512) -> tensor(209, 16384) | ACT: 0.010588mJ  | RD: 0.23688mJ  | WR: 0.095458mJ  | all_ACT: 0mJ  | all_RD: 0mJ  | all_WR: 0mJ  | MAC: 0.80648mJ  | Total: 0.34292mJ | compute util: 0, memory util: 0, Op/B 294.17
				Linear | 1.49us  | 64897 - 64898 | tensor(209, 512) -> tensor(209, 16384) | ACT: 0.010588mJ  | RD: 0.23688mJ  | WR: 0.095458mJ  | all_ACT: 0mJ  | all_RD: 0mJ  | all_WR: 0mJ  | MAC: 0.80648mJ  | Total: 0.34292mJ | compute util: 0.52296, memory util: 1, Op/B 294.17, GPU
			all_reduce | 74.405us  | 64898 - 64972 | tensor(209, 16384) -> tensor(209, 16384) | ACT: 0mJ  | RD: 0mJ  | WR: 0mJ  | all_ACT: 0mJ  | all_RD: 0mJ  | all_WR: 0mJ  | MAC: 0mJ  | Total: 0mJ | compute util: 0, memory util: 0, Op/B 0
		residual_1 | 1.2841us  | 64972 - 64974 | tensor(209, 16384) -> tensor(209, 16384) | ACT: 0mJ  | RD: 0mJ  | WR: 0mJ  | all_ACT: 0mJ  | all_RD: 0mJ  | all_WR: 0mJ  | MAC: 0mJ  | Total: 0mJ | compute util: 0, memory util: 0, Op/B 0
		post_attn_layer_norm | 0.85811us  | 64974 - 64975 | tensor(209, 16384) -> tensor(209, 16384) | ACT: 0mJ  | RD: 0mJ  | WR: 0mJ  | all_ACT: 0mJ  | all_RD: 0mJ  | all_WR: 0mJ  | MAC: 0mJ  | Total: 0mJ | compute util: 0, memory util: 0, Op/B 0
		feedforward | 11.769us  | 64975 - 64986 | tensor(209, 16384) -> tensor(209, 16384) | ACT: 0.083075mJ  | RD: 2.498mJ  | WR: 0.12488mJ  | all_ACT: 0mJ  | all_RD: 0mJ  | all_WR: 0mJ  | MAC: 7.8632mJ  | Total: 2.706mJ | compute util: 0, memory util: 0, Op/B 363.13
			gate_proj | 3.8794us  | 64975 - 64978 | tensor(209, 16384) -> tensor(209, 1664) | ACT: 0.027459mJ  | RD: 0.85468mJ  | WR: 0.0098081mJ  | all_ACT: 0mJ  | all_RD: 0mJ  | all_WR: 0mJ  | MAC: 2.6211mJ  | Total: 0.89194mJ | compute util: 0, memory util: 0, Op/B 367.2
				Linear | 3.8794us  | 64975 - 64978 | tensor(209, 16384) -> tensor(209, 1664) | ACT: 0.027459mJ  | RD: 0.85468mJ  | WR: 0.0098081mJ  | all_ACT: 0mJ  | all_RD: 0mJ  | all_WR: 0mJ  | MAC: 2.6211mJ  | Total: 0.89194mJ | compute util: 0.65279, memory util: 1, Op/B 367.2, GPU
			activation | 0.13042us  | 64978 - 64979 | tensor(209, 1664) -> tensor(209, 1664) | ACT: 0.00069811mJ  | RD: 0.019616mJ  | WR: 0.0098081mJ  | all_ACT: 0mJ  | all_RD: 0mJ  | all_WR: 0mJ  | MAC: 0mJ  | Total: 0.030122mJ | compute util: 0, memory util: 1, Op/B 0, GPU
			up_proj | 3.8794us  | 64979 - 64982 | tensor(209, 16384) -> tensor(209, 1664) | ACT: 0.027459mJ  | RD: 0.85468mJ  | WR: 0.0098081mJ  | all_ACT: 0mJ  | all_RD: 0mJ  | all_WR: 0mJ  | MAC: 2.6211mJ  | Total: 0.89194mJ | compute util: 0, memory util: 0, Op/B 367.2
				Linear | 3.8794us  | 64979 - 64982 | tensor(209, 16384) -> tensor(209, 1664) | ACT: 0.027459mJ  | RD: 0.85468mJ  | WR: 0.0098081mJ  | all_ACT: 0mJ  | all_RD: 0mJ  | all_WR: 0mJ  | MAC: 2.6211mJ  | Total: 0.89194mJ | compute util: 0.65279, memory util: 1, Op/B 367.2, GPU
			down_proj | 3.8794us  | 64982 - 64986 | tensor(209, 1664) -> tensor(209, 16384) | ACT: 0.027459mJ  | RD: 0.76903mJ  | WR: 0.095458mJ  | all_ACT: 0mJ  | all_RD: 0mJ  | all_WR: 0mJ  | MAC: 2.6211mJ  | Total: 0.89194mJ | compute util: 0, memory util: 0, Op/B 367.2
				Linear | 3.8794us  | 64982 - 64986 | tensor(209, 1664) -> tensor(209, 16384) | ACT: 0.027459mJ  | RD: 0.76903mJ  | WR: 0.095458mJ  | all_ACT: 0mJ  | all_RD: 0mJ  | all_WR: 0mJ  | MAC: 2.6211mJ  | Total: 0.89194mJ | compute util: 0.65279, memory util: 1, Op/B 367.2, GPU
		all_reduce | 74.405us  | 64986 - 65061 | tensor(209, 16384) -> tensor(209, 16384) | ACT: 0mJ  | RD: 0mJ  | WR: 0mJ  | all_ACT: 0mJ  | all_RD: 0mJ  | all_WR: 0mJ  | MAC: 0mJ  | Total: 0mJ | compute util: 0, memory util: 0, Op/B 0
		residual_1 | 1.2841us  | 65061 - 65062 | tensor(209, 16384) -> tensor(209, 16384) | ACT: 0mJ  | RD: 0mJ  | WR: 0mJ  | all_ACT: 0mJ  | all_RD: 0mJ  | all_WR: 0mJ  | MAC: 0mJ  | Total: 0mJ | compute util: 0, memory util: 0, Op/B 0
	decoder_57 | 1137.9us  | 65062 - 66200 | tensor(209, 16384) -> tensor(209, 16384) | ACT: 1.3378mJ  | RD: 41.766mJ  | WR: 0.22376mJ  | all_ACT: 0mJ  | all_RD: 0mJ  | all_WR: 0mJ  | MAC: 1007.7mJ  | Total: 43.327mJ | compute util: 0, memory util: 0, Op/B 2903.9
		input_layer_norm | 0.85811us  | 65062 - 65063 | tensor(209, 16384) -> tensor(209, 16384) | ACT: 0mJ  | RD: 0mJ  | WR: 0mJ  | all_ACT: 0mJ  | all_RD: 0mJ  | all_WR: 0mJ  | MAC: 0mJ  | Total: 0mJ | compute util: 0, memory util: 0, Op/B 0
		attention | 1047.4us  | 65063 - 66110 | tensor(209, 16384) -> tensor(209, 16384) | ACT: 1.2547mJ  | RD: 39.268mJ  | WR: 0.09888mJ  | all_ACT: 0mJ  | all_RD: 0mJ  | all_WR: 0mJ  | MAC: 999.85mJ  | Total: 40.621mJ | compute util: 0, memory util: 0, Op/B 3073
			attn_qkv_proj | 1.6227us  | 65063 - 65065 | tensor(209, 16384) -> tensor(209, 576) | ACT: 0.011519mJ  | RD: 0.35834mJ  | WR: 0.0034214mJ  | all_ACT: 0mJ  | all_RD: 0mJ  | all_WR: 0mJ  | MAC: 0.90729mJ  | Total: 0.37328mJ | compute util: 0, memory util: 0, Op/B 303.87
				Linear | 1.6227us  | 65063 - 65065 | tensor(209, 16384) -> tensor(209, 576) | ACT: 0.011519mJ  | RD: 0.35834mJ  | WR: 0.0034214mJ  | all_ACT: 0mJ  | all_RD: 0mJ  | all_WR: 0mJ  | MAC: 0.90729mJ  | Total: 0.37328mJ | compute util: 0.54021, memory util: 1, Op/B 303.87, GPU
			self_attention | 969.9us  | 65065 - 66034 | tensor(209, 576) -> tensor(209, 512) | ACT: 1.2326mJ  | RD: 38.672mJ  | WR: 0mJ  | all_ACT: 0mJ  | all_RD: 0mJ  | all_WR: 0mJ  | MAC: 998.14mJ  | Total: 39.905mJ | compute util: 0, memory util: 0, Op/B 3122.7
				AttentionSplit | 0us  | 65065 - 65065 | tensor(209, 576) -> tensor(0, 768) tensor(209, 768) | ACT: 0mJ  | RD: 0mJ  | WR: 0mJ  | all_ACT: 0mJ  | all_RD: 0mJ  | all_WR: 0mJ  | MAC: 0mJ  | Total: 0mJ | compute util: 0, memory util: 0, Op/B 0
				AttentionSum | 0us  | 65065 - 65065 | tensor(0, 768) -> tensor(0, 2048) | ACT: 0mJ  | RD: 0mJ  | WR: 0mJ  | all_ACT: 0mJ  | all_RD: 0mJ  | all_WR: 0mJ  | MAC: 0mJ  | Total: 0mJ | compute util: 0, memory util: 0, Op/B 0, GPU
				AttentionGen | 964.39us  | 65065 - 66029 | tensor(209, 768) -> tensor(209, 2048) | ACT: 1.2326mJ  | RD: 38.672mJ  | WR: 0mJ  | all_ACT: 0mJ  | all_RD: 0mJ  | all_WR: 0mJ  | MAC: 998.14mJ  | Total: 39.905mJ | compute util: 1, memory util: 0.18013, Op/B 3122.7, GPU
				context_merge | 5.5134us  | 66029 - 66034 | tensor(209, 2048) -> tensor(209, 2048) | ACT: 0mJ  | RD: 0mJ  | WR: 0mJ  | all_ACT: 0mJ  | all_RD: 0mJ  | all_WR: 0mJ  | MAC: 0mJ  | Total: 0mJ | compute util: 0, memory util: 0, Op/B 0
				AttentionMerge | 0us  | 66034 - 66034 | tensor(0, 2048) tensor(209, 2048) -> tensor(209, 512) | ACT: 0mJ  | RD: 0mJ  | WR: 0mJ  | all_ACT: 0mJ  | all_RD: 0mJ  | all_WR: 0mJ  | MAC: 0mJ  | Total: 0mJ | compute util: 0, memory util: 0, Op/B 0
			attn_o_proj | 1.49us  | 66034 - 66036 | tensor(209, 512) -> tensor(209, 16384) | ACT: 0.010588mJ  | RD: 0.23688mJ  | WR: 0.095458mJ  | all_ACT: 0mJ  | all_RD: 0mJ  | all_WR: 0mJ  | MAC: 0.80648mJ  | Total: 0.34292mJ | compute util: 0, memory util: 0, Op/B 294.17
				Linear | 1.49us  | 66034 - 66036 | tensor(209, 512) -> tensor(209, 16384) | ACT: 0.010588mJ  | RD: 0.23688mJ  | WR: 0.095458mJ  | all_ACT: 0mJ  | all_RD: 0mJ  | all_WR: 0mJ  | MAC: 0.80648mJ  | Total: 0.34292mJ | compute util: 0.52296, memory util: 1, Op/B 294.17, GPU
			all_reduce | 74.405us  | 66036 - 66110 | tensor(209, 16384) -> tensor(209, 16384) | ACT: 0mJ  | RD: 0mJ  | WR: 0mJ  | all_ACT: 0mJ  | all_RD: 0mJ  | all_WR: 0mJ  | MAC: 0mJ  | Total: 0mJ | compute util: 0, memory util: 0, Op/B 0
		residual_1 | 1.2841us  | 66110 - 66112 | tensor(209, 16384) -> tensor(209, 16384) | ACT: 0mJ  | RD: 0mJ  | WR: 0mJ  | all_ACT: 0mJ  | all_RD: 0mJ  | all_WR: 0mJ  | MAC: 0mJ  | Total: 0mJ | compute util: 0, memory util: 0, Op/B 0
		post_attn_layer_norm | 0.85811us  | 66112 - 66112 | tensor(209, 16384) -> tensor(209, 16384) | ACT: 0mJ  | RD: 0mJ  | WR: 0mJ  | all_ACT: 0mJ  | all_RD: 0mJ  | all_WR: 0mJ  | MAC: 0mJ  | Total: 0mJ | compute util: 0, memory util: 0, Op/B 0
		feedforward | 11.769us  | 66112 - 66124 | tensor(209, 16384) -> tensor(209, 16384) | ACT: 0.083075mJ  | RD: 2.498mJ  | WR: 0.12488mJ  | all_ACT: 0mJ  | all_RD: 0mJ  | all_WR: 0mJ  | MAC: 7.8632mJ  | Total: 2.706mJ | compute util: 0, memory util: 0, Op/B 363.13
			gate_proj | 3.8794us  | 66112 - 66116 | tensor(209, 16384) -> tensor(209, 1664) | ACT: 0.027459mJ  | RD: 0.85468mJ  | WR: 0.0098081mJ  | all_ACT: 0mJ  | all_RD: 0mJ  | all_WR: 0mJ  | MAC: 2.6211mJ  | Total: 0.89194mJ | compute util: 0, memory util: 0, Op/B 367.2
				Linear | 3.8794us  | 66112 - 66116 | tensor(209, 16384) -> tensor(209, 1664) | ACT: 0.027459mJ  | RD: 0.85468mJ  | WR: 0.0098081mJ  | all_ACT: 0mJ  | all_RD: 0mJ  | all_WR: 0mJ  | MAC: 2.6211mJ  | Total: 0.89194mJ | compute util: 0.65279, memory util: 1, Op/B 367.2, GPU
			activation | 0.13042us  | 66116 - 66116 | tensor(209, 1664) -> tensor(209, 1664) | ACT: 0.00069811mJ  | RD: 0.019616mJ  | WR: 0.0098081mJ  | all_ACT: 0mJ  | all_RD: 0mJ  | all_WR: 0mJ  | MAC: 0mJ  | Total: 0.030122mJ | compute util: 0, memory util: 1, Op/B 0, GPU
			up_proj | 3.8794us  | 66116 - 66120 | tensor(209, 16384) -> tensor(209, 1664) | ACT: 0.027459mJ  | RD: 0.85468mJ  | WR: 0.0098081mJ  | all_ACT: 0mJ  | all_RD: 0mJ  | all_WR: 0mJ  | MAC: 2.6211mJ  | Total: 0.89194mJ | compute util: 0, memory util: 0, Op/B 367.2
				Linear | 3.8794us  | 66116 - 66120 | tensor(209, 16384) -> tensor(209, 1664) | ACT: 0.027459mJ  | RD: 0.85468mJ  | WR: 0.0098081mJ  | all_ACT: 0mJ  | all_RD: 0mJ  | all_WR: 0mJ  | MAC: 2.6211mJ  | Total: 0.89194mJ | compute util: 0.65279, memory util: 1, Op/B 367.2, GPU
			down_proj | 3.8794us  | 66120 - 66124 | tensor(209, 1664) -> tensor(209, 16384) | ACT: 0.027459mJ  | RD: 0.76903mJ  | WR: 0.095458mJ  | all_ACT: 0mJ  | all_RD: 0mJ  | all_WR: 0mJ  | MAC: 2.6211mJ  | Total: 0.89194mJ | compute util: 0, memory util: 0, Op/B 367.2
				Linear | 3.8794us  | 66120 - 66124 | tensor(209, 1664) -> tensor(209, 16384) | ACT: 0.027459mJ  | RD: 0.76903mJ  | WR: 0.095458mJ  | all_ACT: 0mJ  | all_RD: 0mJ  | all_WR: 0mJ  | MAC: 2.6211mJ  | Total: 0.89194mJ | compute util: 0.65279, memory util: 1, Op/B 367.2, GPU
		all_reduce | 74.405us  | 66124 - 66199 | tensor(209, 16384) -> tensor(209, 16384) | ACT: 0mJ  | RD: 0mJ  | WR: 0mJ  | all_ACT: 0mJ  | all_RD: 0mJ  | all_WR: 0mJ  | MAC: 0mJ  | Total: 0mJ | compute util: 0, memory util: 0, Op/B 0
		residual_1 | 1.2841us  | 66199 - 66200 | tensor(209, 16384) -> tensor(209, 16384) | ACT: 0mJ  | RD: 0mJ  | WR: 0mJ  | all_ACT: 0mJ  | all_RD: 0mJ  | all_WR: 0mJ  | MAC: 0mJ  | Total: 0mJ | compute util: 0, memory util: 0, Op/B 0
	decoder_58 | 1144.9us  | 66200 - 67345 | tensor(209, 16384) -> tensor(209, 16384) | ACT: 1.3378mJ  | RD: 41.766mJ  | WR: 0.22376mJ  | all_ACT: 0mJ  | all_RD: 0mJ  | all_WR: 0mJ  | MAC: 1007.7mJ  | Total: 43.327mJ | compute util: 0, memory util: 0, Op/B 2903.9
		input_layer_norm | 0.85811us  | 66200 - 66201 | tensor(209, 16384) -> tensor(209, 16384) | ACT: 0mJ  | RD: 0mJ  | WR: 0mJ  | all_ACT: 0mJ  | all_RD: 0mJ  | all_WR: 0mJ  | MAC: 0mJ  | Total: 0mJ | compute util: 0, memory util: 0, Op/B 0
		attention | 1054.4us  | 66201 - 67255 | tensor(209, 16384) -> tensor(209, 16384) | ACT: 1.2547mJ  | RD: 39.268mJ  | WR: 0.09888mJ  | all_ACT: 0mJ  | all_RD: 0mJ  | all_WR: 0mJ  | MAC: 999.85mJ  | Total: 40.621mJ | compute util: 0, memory util: 0, Op/B 3073
			attn_qkv_proj | 1.6227us  | 66201 - 66202 | tensor(209, 16384) -> tensor(209, 576) | ACT: 0.011519mJ  | RD: 0.35834mJ  | WR: 0.0034214mJ  | all_ACT: 0mJ  | all_RD: 0mJ  | all_WR: 0mJ  | MAC: 0.90729mJ  | Total: 0.37328mJ | compute util: 0, memory util: 0, Op/B 303.87
				Linear | 1.6227us  | 66201 - 66202 | tensor(209, 16384) -> tensor(209, 576) | ACT: 0.011519mJ  | RD: 0.35834mJ  | WR: 0.0034214mJ  | all_ACT: 0mJ  | all_RD: 0mJ  | all_WR: 0mJ  | MAC: 0.90729mJ  | Total: 0.37328mJ | compute util: 0.54021, memory util: 1, Op/B 303.87, GPU
			self_attention | 976.9us  | 66202 - 67179 | tensor(209, 576) -> tensor(209, 512) | ACT: 1.2326mJ  | RD: 38.672mJ  | WR: 0mJ  | all_ACT: 0mJ  | all_RD: 0mJ  | all_WR: 0mJ  | MAC: 998.14mJ  | Total: 39.905mJ | compute util: 0, memory util: 0, Op/B 3122.7
				AttentionSplit | 0us  | 66202 - 66202 | tensor(209, 576) -> tensor(0, 768) tensor(209, 768) | ACT: 0mJ  | RD: 0mJ  | WR: 0mJ  | all_ACT: 0mJ  | all_RD: 0mJ  | all_WR: 0mJ  | MAC: 0mJ  | Total: 0mJ | compute util: 0, memory util: 0, Op/B 0
				AttentionSum | 0us  | 66202 - 66202 | tensor(0, 768) -> tensor(0, 2048) | ACT: 0mJ  | RD: 0mJ  | WR: 0mJ  | all_ACT: 0mJ  | all_RD: 0mJ  | all_WR: 0mJ  | MAC: 0mJ  | Total: 0mJ | compute util: 0, memory util: 0, Op/B 0, GPU
				AttentionGen | 964.39us  | 66202 - 67167 | tensor(209, 768) -> tensor(209, 2048) | ACT: 1.2326mJ  | RD: 38.672mJ  | WR: 0mJ  | all_ACT: 0mJ  | all_RD: 0mJ  | all_WR: 0mJ  | MAC: 998.14mJ  | Total: 39.905mJ | compute util: 1, memory util: 0.18013, Op/B 3122.7, GPU
				context_merge | 12.517us  | 67167 - 67179 | tensor(209, 2048) -> tensor(209, 2048) | ACT: 0mJ  | RD: 0mJ  | WR: 0mJ  | all_ACT: 0mJ  | all_RD: 0mJ  | all_WR: 0mJ  | MAC: 0mJ  | Total: 0mJ | compute util: 0, memory util: 0, Op/B 0
				AttentionMerge | 0us  | 67179 - 67179 | tensor(0, 2048) tensor(209, 2048) -> tensor(209, 512) | ACT: 0mJ  | RD: 0mJ  | WR: 0mJ  | all_ACT: 0mJ  | all_RD: 0mJ  | all_WR: 0mJ  | MAC: 0mJ  | Total: 0mJ | compute util: 0, memory util: 0, Op/B 0
			attn_o_proj | 1.49us  | 67179 - 67181 | tensor(209, 512) -> tensor(209, 16384) | ACT: 0.010588mJ  | RD: 0.23688mJ  | WR: 0.095458mJ  | all_ACT: 0mJ  | all_RD: 0mJ  | all_WR: 0mJ  | MAC: 0.80648mJ  | Total: 0.34292mJ | compute util: 0, memory util: 0, Op/B 294.17
				Linear | 1.49us  | 67179 - 67181 | tensor(209, 512) -> tensor(209, 16384) | ACT: 0.010588mJ  | RD: 0.23688mJ  | WR: 0.095458mJ  | all_ACT: 0mJ  | all_RD: 0mJ  | all_WR: 0mJ  | MAC: 0.80648mJ  | Total: 0.34292mJ | compute util: 0.52296, memory util: 1, Op/B 294.17, GPU
			all_reduce | 74.405us  | 67181 - 67255 | tensor(209, 16384) -> tensor(209, 16384) | ACT: 0mJ  | RD: 0mJ  | WR: 0mJ  | all_ACT: 0mJ  | all_RD: 0mJ  | all_WR: 0mJ  | MAC: 0mJ  | Total: 0mJ | compute util: 0, memory util: 0, Op/B 0
		residual_1 | 1.2841us  | 67255 - 67256 | tensor(209, 16384) -> tensor(209, 16384) | ACT: 0mJ  | RD: 0mJ  | WR: 0mJ  | all_ACT: 0mJ  | all_RD: 0mJ  | all_WR: 0mJ  | MAC: 0mJ  | Total: 0mJ | compute util: 0, memory util: 0, Op/B 0
		post_attn_layer_norm | 0.85811us  | 67256 - 67257 | tensor(209, 16384) -> tensor(209, 16384) | ACT: 0mJ  | RD: 0mJ  | WR: 0mJ  | all_ACT: 0mJ  | all_RD: 0mJ  | all_WR: 0mJ  | MAC: 0mJ  | Total: 0mJ | compute util: 0, memory util: 0, Op/B 0
		feedforward | 11.769us  | 67257 - 67269 | tensor(209, 16384) -> tensor(209, 16384) | ACT: 0.083075mJ  | RD: 2.498mJ  | WR: 0.12488mJ  | all_ACT: 0mJ  | all_RD: 0mJ  | all_WR: 0mJ  | MAC: 7.8632mJ  | Total: 2.706mJ | compute util: 0, memory util: 0, Op/B 363.13
			gate_proj | 3.8794us  | 67257 - 67261 | tensor(209, 16384) -> tensor(209, 1664) | ACT: 0.027459mJ  | RD: 0.85468mJ  | WR: 0.0098081mJ  | all_ACT: 0mJ  | all_RD: 0mJ  | all_WR: 0mJ  | MAC: 2.6211mJ  | Total: 0.89194mJ | compute util: 0, memory util: 0, Op/B 367.2
				Linear | 3.8794us  | 67257 - 67261 | tensor(209, 16384) -> tensor(209, 1664) | ACT: 0.027459mJ  | RD: 0.85468mJ  | WR: 0.0098081mJ  | all_ACT: 0mJ  | all_RD: 0mJ  | all_WR: 0mJ  | MAC: 2.6211mJ  | Total: 0.89194mJ | compute util: 0.65279, memory util: 1, Op/B 367.2, GPU
			activation | 0.13042us  | 67261 - 67261 | tensor(209, 1664) -> tensor(209, 1664) | ACT: 0.00069811mJ  | RD: 0.019616mJ  | WR: 0.0098081mJ  | all_ACT: 0mJ  | all_RD: 0mJ  | all_WR: 0mJ  | MAC: 0mJ  | Total: 0.030122mJ | compute util: 0, memory util: 1, Op/B 0, GPU
			up_proj | 3.8794us  | 67261 - 67265 | tensor(209, 16384) -> tensor(209, 1664) | ACT: 0.027459mJ  | RD: 0.85468mJ  | WR: 0.0098081mJ  | all_ACT: 0mJ  | all_RD: 0mJ  | all_WR: 0mJ  | MAC: 2.6211mJ  | Total: 0.89194mJ | compute util: 0, memory util: 0, Op/B 367.2
				Linear | 3.8794us  | 67261 - 67265 | tensor(209, 16384) -> tensor(209, 1664) | ACT: 0.027459mJ  | RD: 0.85468mJ  | WR: 0.0098081mJ  | all_ACT: 0mJ  | all_RD: 0mJ  | all_WR: 0mJ  | MAC: 2.6211mJ  | Total: 0.89194mJ | compute util: 0.65279, memory util: 1, Op/B 367.2, GPU
			down_proj | 3.8794us  | 67265 - 67269 | tensor(209, 1664) -> tensor(209, 16384) | ACT: 0.027459mJ  | RD: 0.76903mJ  | WR: 0.095458mJ  | all_ACT: 0mJ  | all_RD: 0mJ  | all_WR: 0mJ  | MAC: 2.6211mJ  | Total: 0.89194mJ | compute util: 0, memory util: 0, Op/B 367.2
				Linear | 3.8794us  | 67265 - 67269 | tensor(209, 1664) -> tensor(209, 16384) | ACT: 0.027459mJ  | RD: 0.76903mJ  | WR: 0.095458mJ  | all_ACT: 0mJ  | all_RD: 0mJ  | all_WR: 0mJ  | MAC: 2.6211mJ  | Total: 0.89194mJ | compute util: 0.65279, memory util: 1, Op/B 367.2, GPU
		all_reduce | 74.405us  | 67269 - 67344 | tensor(209, 16384) -> tensor(209, 16384) | ACT: 0mJ  | RD: 0mJ  | WR: 0mJ  | all_ACT: 0mJ  | all_RD: 0mJ  | all_WR: 0mJ  | MAC: 0mJ  | Total: 0mJ | compute util: 0, memory util: 0, Op/B 0
		residual_1 | 1.2841us  | 67344 - 67345 | tensor(209, 16384) -> tensor(209, 16384) | ACT: 0mJ  | RD: 0mJ  | WR: 0mJ  | all_ACT: 0mJ  | all_RD: 0mJ  | all_WR: 0mJ  | MAC: 0mJ  | Total: 0mJ | compute util: 0, memory util: 0, Op/B 0
	decoder_59 | 1137.9us  | 67345 - 68483 | tensor(209, 16384) -> tensor(209, 16384) | ACT: 1.3378mJ  | RD: 41.766mJ  | WR: 0.22376mJ  | all_ACT: 0mJ  | all_RD: 0mJ  | all_WR: 0mJ  | MAC: 1007.7mJ  | Total: 43.327mJ | compute util: 0, memory util: 0, Op/B 2903.9
		input_layer_norm | 0.85811us  | 67345 - 67346 | tensor(209, 16384) -> tensor(209, 16384) | ACT: 0mJ  | RD: 0mJ  | WR: 0mJ  | all_ACT: 0mJ  | all_RD: 0mJ  | all_WR: 0mJ  | MAC: 0mJ  | Total: 0mJ | compute util: 0, memory util: 0, Op/B 0
		attention | 1047.4us  | 67346 - 68393 | tensor(209, 16384) -> tensor(209, 16384) | ACT: 1.2547mJ  | RD: 39.268mJ  | WR: 0.09888mJ  | all_ACT: 0mJ  | all_RD: 0mJ  | all_WR: 0mJ  | MAC: 999.85mJ  | Total: 40.621mJ | compute util: 0, memory util: 0, Op/B 3073
			attn_qkv_proj | 1.6227us  | 67346 - 67347 | tensor(209, 16384) -> tensor(209, 576) | ACT: 0.011519mJ  | RD: 0.35834mJ  | WR: 0.0034214mJ  | all_ACT: 0mJ  | all_RD: 0mJ  | all_WR: 0mJ  | MAC: 0.90729mJ  | Total: 0.37328mJ | compute util: 0, memory util: 0, Op/B 303.87
				Linear | 1.6227us  | 67346 - 67347 | tensor(209, 16384) -> tensor(209, 576) | ACT: 0.011519mJ  | RD: 0.35834mJ  | WR: 0.0034214mJ  | all_ACT: 0mJ  | all_RD: 0mJ  | all_WR: 0mJ  | MAC: 0.90729mJ  | Total: 0.37328mJ | compute util: 0.54021, memory util: 1, Op/B 303.87, GPU
			self_attention | 969.9us  | 67347 - 68317 | tensor(209, 576) -> tensor(209, 512) | ACT: 1.2326mJ  | RD: 38.672mJ  | WR: 0mJ  | all_ACT: 0mJ  | all_RD: 0mJ  | all_WR: 0mJ  | MAC: 998.14mJ  | Total: 39.905mJ | compute util: 0, memory util: 0, Op/B 3122.7
				AttentionSplit | 0us  | 67347 - 67347 | tensor(209, 576) -> tensor(0, 768) tensor(209, 768) | ACT: 0mJ  | RD: 0mJ  | WR: 0mJ  | all_ACT: 0mJ  | all_RD: 0mJ  | all_WR: 0mJ  | MAC: 0mJ  | Total: 0mJ | compute util: 0, memory util: 0, Op/B 0
				AttentionSum | 0us  | 67347 - 67347 | tensor(0, 768) -> tensor(0, 2048) | ACT: 0mJ  | RD: 0mJ  | WR: 0mJ  | all_ACT: 0mJ  | all_RD: 0mJ  | all_WR: 0mJ  | MAC: 0mJ  | Total: 0mJ | compute util: 0, memory util: 0, Op/B 0, GPU
				AttentionGen | 964.39us  | 67347 - 68312 | tensor(209, 768) -> tensor(209, 2048) | ACT: 1.2326mJ  | RD: 38.672mJ  | WR: 0mJ  | all_ACT: 0mJ  | all_RD: 0mJ  | all_WR: 0mJ  | MAC: 998.14mJ  | Total: 39.905mJ | compute util: 1, memory util: 0.18013, Op/B 3122.7, GPU
				context_merge | 5.5134us  | 68312 - 68317 | tensor(209, 2048) -> tensor(209, 2048) | ACT: 0mJ  | RD: 0mJ  | WR: 0mJ  | all_ACT: 0mJ  | all_RD: 0mJ  | all_WR: 0mJ  | MAC: 0mJ  | Total: 0mJ | compute util: 0, memory util: 0, Op/B 0
				AttentionMerge | 0us  | 68317 - 68317 | tensor(0, 2048) tensor(209, 2048) -> tensor(209, 512) | ACT: 0mJ  | RD: 0mJ  | WR: 0mJ  | all_ACT: 0mJ  | all_RD: 0mJ  | all_WR: 0mJ  | MAC: 0mJ  | Total: 0mJ | compute util: 0, memory util: 0, Op/B 0
			attn_o_proj | 1.49us  | 68317 - 68319 | tensor(209, 512) -> tensor(209, 16384) | ACT: 0.010588mJ  | RD: 0.23688mJ  | WR: 0.095458mJ  | all_ACT: 0mJ  | all_RD: 0mJ  | all_WR: 0mJ  | MAC: 0.80648mJ  | Total: 0.34292mJ | compute util: 0, memory util: 0, Op/B 294.17
				Linear | 1.49us  | 68317 - 68319 | tensor(209, 512) -> tensor(209, 16384) | ACT: 0.010588mJ  | RD: 0.23688mJ  | WR: 0.095458mJ  | all_ACT: 0mJ  | all_RD: 0mJ  | all_WR: 0mJ  | MAC: 0.80648mJ  | Total: 0.34292mJ | compute util: 0.52296, memory util: 1, Op/B 294.17, GPU
			all_reduce | 74.405us  | 68319 - 68393 | tensor(209, 16384) -> tensor(209, 16384) | ACT: 0mJ  | RD: 0mJ  | WR: 0mJ  | all_ACT: 0mJ  | all_RD: 0mJ  | all_WR: 0mJ  | MAC: 0mJ  | Total: 0mJ | compute util: 0, memory util: 0, Op/B 0
		residual_1 | 1.2841us  | 68393 - 68394 | tensor(209, 16384) -> tensor(209, 16384) | ACT: 0mJ  | RD: 0mJ  | WR: 0mJ  | all_ACT: 0mJ  | all_RD: 0mJ  | all_WR: 0mJ  | MAC: 0mJ  | Total: 0mJ | compute util: 0, memory util: 0, Op/B 0
		post_attn_layer_norm | 0.85811us  | 68394 - 68395 | tensor(209, 16384) -> tensor(209, 16384) | ACT: 0mJ  | RD: 0mJ  | WR: 0mJ  | all_ACT: 0mJ  | all_RD: 0mJ  | all_WR: 0mJ  | MAC: 0mJ  | Total: 0mJ | compute util: 0, memory util: 0, Op/B 0
		feedforward | 11.769us  | 68395 - 68407 | tensor(209, 16384) -> tensor(209, 16384) | ACT: 0.083075mJ  | RD: 2.498mJ  | WR: 0.12488mJ  | all_ACT: 0mJ  | all_RD: 0mJ  | all_WR: 0mJ  | MAC: 7.8632mJ  | Total: 2.706mJ | compute util: 0, memory util: 0, Op/B 363.13
			gate_proj | 3.8794us  | 68395 - 68399 | tensor(209, 16384) -> tensor(209, 1664) | ACT: 0.027459mJ  | RD: 0.85468mJ  | WR: 0.0098081mJ  | all_ACT: 0mJ  | all_RD: 0mJ  | all_WR: 0mJ  | MAC: 2.6211mJ  | Total: 0.89194mJ | compute util: 0, memory util: 0, Op/B 367.2
				Linear | 3.8794us  | 68395 - 68399 | tensor(209, 16384) -> tensor(209, 1664) | ACT: 0.027459mJ  | RD: 0.85468mJ  | WR: 0.0098081mJ  | all_ACT: 0mJ  | all_RD: 0mJ  | all_WR: 0mJ  | MAC: 2.6211mJ  | Total: 0.89194mJ | compute util: 0.65279, memory util: 1, Op/B 367.2, GPU
			activation | 0.13042us  | 68399 - 68399 | tensor(209, 1664) -> tensor(209, 1664) | ACT: 0.00069811mJ  | RD: 0.019616mJ  | WR: 0.0098081mJ  | all_ACT: 0mJ  | all_RD: 0mJ  | all_WR: 0mJ  | MAC: 0mJ  | Total: 0.030122mJ | compute util: 0, memory util: 1, Op/B 0, GPU
			up_proj | 3.8794us  | 68399 - 68403 | tensor(209, 16384) -> tensor(209, 1664) | ACT: 0.027459mJ  | RD: 0.85468mJ  | WR: 0.0098081mJ  | all_ACT: 0mJ  | all_RD: 0mJ  | all_WR: 0mJ  | MAC: 2.6211mJ  | Total: 0.89194mJ | compute util: 0, memory util: 0, Op/B 367.2
				Linear | 3.8794us  | 68399 - 68403 | tensor(209, 16384) -> tensor(209, 1664) | ACT: 0.027459mJ  | RD: 0.85468mJ  | WR: 0.0098081mJ  | all_ACT: 0mJ  | all_RD: 0mJ  | all_WR: 0mJ  | MAC: 2.6211mJ  | Total: 0.89194mJ | compute util: 0.65279, memory util: 1, Op/B 367.2, GPU
			down_proj | 3.8794us  | 68403 - 68407 | tensor(209, 1664) -> tensor(209, 16384) | ACT: 0.027459mJ  | RD: 0.76903mJ  | WR: 0.095458mJ  | all_ACT: 0mJ  | all_RD: 0mJ  | all_WR: 0mJ  | MAC: 2.6211mJ  | Total: 0.89194mJ | compute util: 0, memory util: 0, Op/B 367.2
				Linear | 3.8794us  | 68403 - 68407 | tensor(209, 1664) -> tensor(209, 16384) | ACT: 0.027459mJ  | RD: 0.76903mJ  | WR: 0.095458mJ  | all_ACT: 0mJ  | all_RD: 0mJ  | all_WR: 0mJ  | MAC: 2.6211mJ  | Total: 0.89194mJ | compute util: 0.65279, memory util: 1, Op/B 367.2, GPU
		all_reduce | 74.405us  | 68407 - 68481 | tensor(209, 16384) -> tensor(209, 16384) | ACT: 0mJ  | RD: 0mJ  | WR: 0mJ  | all_ACT: 0mJ  | all_RD: 0mJ  | all_WR: 0mJ  | MAC: 0mJ  | Total: 0mJ | compute util: 0, memory util: 0, Op/B 0
		residual_1 | 1.2841us  | 68481 - 68483 | tensor(209, 16384) -> tensor(209, 16384) | ACT: 0mJ  | RD: 0mJ  | WR: 0mJ  | all_ACT: 0mJ  | all_RD: 0mJ  | all_WR: 0mJ  | MAC: 0mJ  | Total: 0mJ | compute util: 0, memory util: 0, Op/B 0
	decoder_60 | 1144.9us  | 68483 - 69628 | tensor(209, 16384) -> tensor(209, 16384) | ACT: 1.3378mJ  | RD: 41.766mJ  | WR: 0.22376mJ  | all_ACT: 0mJ  | all_RD: 0mJ  | all_WR: 0mJ  | MAC: 1007.7mJ  | Total: 43.327mJ | compute util: 0, memory util: 0, Op/B 2903.9
		input_layer_norm | 0.85811us  | 68483 - 68484 | tensor(209, 16384) -> tensor(209, 16384) | ACT: 0mJ  | RD: 0mJ  | WR: 0mJ  | all_ACT: 0mJ  | all_RD: 0mJ  | all_WR: 0mJ  | MAC: 0mJ  | Total: 0mJ | compute util: 0, memory util: 0, Op/B 0
		attention | 1054.4us  | 68484 - 69538 | tensor(209, 16384) -> tensor(209, 16384) | ACT: 1.2547mJ  | RD: 39.268mJ  | WR: 0.09888mJ  | all_ACT: 0mJ  | all_RD: 0mJ  | all_WR: 0mJ  | MAC: 999.85mJ  | Total: 40.621mJ | compute util: 0, memory util: 0, Op/B 3073
			attn_qkv_proj | 1.6227us  | 68484 - 68485 | tensor(209, 16384) -> tensor(209, 576) | ACT: 0.011519mJ  | RD: 0.35834mJ  | WR: 0.0034214mJ  | all_ACT: 0mJ  | all_RD: 0mJ  | all_WR: 0mJ  | MAC: 0.90729mJ  | Total: 0.37328mJ | compute util: 0, memory util: 0, Op/B 303.87
				Linear | 1.6227us  | 68484 - 68485 | tensor(209, 16384) -> tensor(209, 576) | ACT: 0.011519mJ  | RD: 0.35834mJ  | WR: 0.0034214mJ  | all_ACT: 0mJ  | all_RD: 0mJ  | all_WR: 0mJ  | MAC: 0.90729mJ  | Total: 0.37328mJ | compute util: 0.54021, memory util: 1, Op/B 303.87, GPU
			self_attention | 976.9us  | 68485 - 69462 | tensor(209, 576) -> tensor(209, 512) | ACT: 1.2326mJ  | RD: 38.672mJ  | WR: 0mJ  | all_ACT: 0mJ  | all_RD: 0mJ  | all_WR: 0mJ  | MAC: 998.14mJ  | Total: 39.905mJ | compute util: 0, memory util: 0, Op/B 3122.7
				AttentionSplit | 0us  | 68485 - 68485 | tensor(209, 576) -> tensor(0, 768) tensor(209, 768) | ACT: 0mJ  | RD: 0mJ  | WR: 0mJ  | all_ACT: 0mJ  | all_RD: 0mJ  | all_WR: 0mJ  | MAC: 0mJ  | Total: 0mJ | compute util: 0, memory util: 0, Op/B 0
				AttentionSum | 0us  | 68485 - 68485 | tensor(0, 768) -> tensor(0, 2048) | ACT: 0mJ  | RD: 0mJ  | WR: 0mJ  | all_ACT: 0mJ  | all_RD: 0mJ  | all_WR: 0mJ  | MAC: 0mJ  | Total: 0mJ | compute util: 0, memory util: 0, Op/B 0, GPU
				AttentionGen | 964.39us  | 68485 - 69450 | tensor(209, 768) -> tensor(209, 2048) | ACT: 1.2326mJ  | RD: 38.672mJ  | WR: 0mJ  | all_ACT: 0mJ  | all_RD: 0mJ  | all_WR: 0mJ  | MAC: 998.14mJ  | Total: 39.905mJ | compute util: 1, memory util: 0.18013, Op/B 3122.7, GPU
				context_merge | 12.517us  | 69450 - 69462 | tensor(209, 2048) -> tensor(209, 2048) | ACT: 0mJ  | RD: 0mJ  | WR: 0mJ  | all_ACT: 0mJ  | all_RD: 0mJ  | all_WR: 0mJ  | MAC: 0mJ  | Total: 0mJ | compute util: 0, memory util: 0, Op/B 0
				AttentionMerge | 0us  | 69462 - 69462 | tensor(0, 2048) tensor(209, 2048) -> tensor(209, 512) | ACT: 0mJ  | RD: 0mJ  | WR: 0mJ  | all_ACT: 0mJ  | all_RD: 0mJ  | all_WR: 0mJ  | MAC: 0mJ  | Total: 0mJ | compute util: 0, memory util: 0, Op/B 0
			attn_o_proj | 1.49us  | 69462 - 69464 | tensor(209, 512) -> tensor(209, 16384) | ACT: 0.010588mJ  | RD: 0.23688mJ  | WR: 0.095458mJ  | all_ACT: 0mJ  | all_RD: 0mJ  | all_WR: 0mJ  | MAC: 0.80648mJ  | Total: 0.34292mJ | compute util: 0, memory util: 0, Op/B 294.17
				Linear | 1.49us  | 69462 - 69464 | tensor(209, 512) -> tensor(209, 16384) | ACT: 0.010588mJ  | RD: 0.23688mJ  | WR: 0.095458mJ  | all_ACT: 0mJ  | all_RD: 0mJ  | all_WR: 0mJ  | MAC: 0.80648mJ  | Total: 0.34292mJ | compute util: 0.52296, memory util: 1, Op/B 294.17, GPU
			all_reduce | 74.405us  | 69464 - 69538 | tensor(209, 16384) -> tensor(209, 16384) | ACT: 0mJ  | RD: 0mJ  | WR: 0mJ  | all_ACT: 0mJ  | all_RD: 0mJ  | all_WR: 0mJ  | MAC: 0mJ  | Total: 0mJ | compute util: 0, memory util: 0, Op/B 0
		residual_1 | 1.2841us  | 69538 - 69539 | tensor(209, 16384) -> tensor(209, 16384) | ACT: 0mJ  | RD: 0mJ  | WR: 0mJ  | all_ACT: 0mJ  | all_RD: 0mJ  | all_WR: 0mJ  | MAC: 0mJ  | Total: 0mJ | compute util: 0, memory util: 0, Op/B 0
		post_attn_layer_norm | 0.85811us  | 69539 - 69540 | tensor(209, 16384) -> tensor(209, 16384) | ACT: 0mJ  | RD: 0mJ  | WR: 0mJ  | all_ACT: 0mJ  | all_RD: 0mJ  | all_WR: 0mJ  | MAC: 0mJ  | Total: 0mJ | compute util: 0, memory util: 0, Op/B 0
		feedforward | 11.769us  | 69540 - 69552 | tensor(209, 16384) -> tensor(209, 16384) | ACT: 0.083075mJ  | RD: 2.498mJ  | WR: 0.12488mJ  | all_ACT: 0mJ  | all_RD: 0mJ  | all_WR: 0mJ  | MAC: 7.8632mJ  | Total: 2.706mJ | compute util: 0, memory util: 0, Op/B 363.13
			gate_proj | 3.8794us  | 69540 - 69544 | tensor(209, 16384) -> tensor(209, 1664) | ACT: 0.027459mJ  | RD: 0.85468mJ  | WR: 0.0098081mJ  | all_ACT: 0mJ  | all_RD: 0mJ  | all_WR: 0mJ  | MAC: 2.6211mJ  | Total: 0.89194mJ | compute util: 0, memory util: 0, Op/B 367.2
				Linear | 3.8794us  | 69540 - 69544 | tensor(209, 16384) -> tensor(209, 1664) | ACT: 0.027459mJ  | RD: 0.85468mJ  | WR: 0.0098081mJ  | all_ACT: 0mJ  | all_RD: 0mJ  | all_WR: 0mJ  | MAC: 2.6211mJ  | Total: 0.89194mJ | compute util: 0.65279, memory util: 1, Op/B 367.2, GPU
			activation | 0.13042us  | 69544 - 69544 | tensor(209, 1664) -> tensor(209, 1664) | ACT: 0.00069811mJ  | RD: 0.019616mJ  | WR: 0.0098081mJ  | all_ACT: 0mJ  | all_RD: 0mJ  | all_WR: 0mJ  | MAC: 0mJ  | Total: 0.030122mJ | compute util: 0, memory util: 1, Op/B 0, GPU
			up_proj | 3.8794us  | 69544 - 69548 | tensor(209, 16384) -> tensor(209, 1664) | ACT: 0.027459mJ  | RD: 0.85468mJ  | WR: 0.0098081mJ  | all_ACT: 0mJ  | all_RD: 0mJ  | all_WR: 0mJ  | MAC: 2.6211mJ  | Total: 0.89194mJ | compute util: 0, memory util: 0, Op/B 367.2
				Linear | 3.8794us  | 69544 - 69548 | tensor(209, 16384) -> tensor(209, 1664) | ACT: 0.027459mJ  | RD: 0.85468mJ  | WR: 0.0098081mJ  | all_ACT: 0mJ  | all_RD: 0mJ  | all_WR: 0mJ  | MAC: 2.6211mJ  | Total: 0.89194mJ | compute util: 0.65279, memory util: 1, Op/B 367.2, GPU
			down_proj | 3.8794us  | 69548 - 69552 | tensor(209, 1664) -> tensor(209, 16384) | ACT: 0.027459mJ  | RD: 0.76903mJ  | WR: 0.095458mJ  | all_ACT: 0mJ  | all_RD: 0mJ  | all_WR: 0mJ  | MAC: 2.6211mJ  | Total: 0.89194mJ | compute util: 0, memory util: 0, Op/B 367.2
				Linear | 3.8794us  | 69548 - 69552 | tensor(209, 1664) -> tensor(209, 16384) | ACT: 0.027459mJ  | RD: 0.76903mJ  | WR: 0.095458mJ  | all_ACT: 0mJ  | all_RD: 0mJ  | all_WR: 0mJ  | MAC: 2.6211mJ  | Total: 0.89194mJ | compute util: 0.65279, memory util: 1, Op/B 367.2, GPU
		all_reduce | 74.405us  | 69552 - 69626 | tensor(209, 16384) -> tensor(209, 16384) | ACT: 0mJ  | RD: 0mJ  | WR: 0mJ  | all_ACT: 0mJ  | all_RD: 0mJ  | all_WR: 0mJ  | MAC: 0mJ  | Total: 0mJ | compute util: 0, memory util: 0, Op/B 0
		residual_1 | 1.2841us  | 69626 - 69628 | tensor(209, 16384) -> tensor(209, 16384) | ACT: 0mJ  | RD: 0mJ  | WR: 0mJ  | all_ACT: 0mJ  | all_RD: 0mJ  | all_WR: 0mJ  | MAC: 0mJ  | Total: 0mJ | compute util: 0, memory util: 0, Op/B 0
	decoder_61 | 1137.9us  | 69628 - 70765 | tensor(209, 16384) -> tensor(209, 16384) | ACT: 1.3378mJ  | RD: 41.766mJ  | WR: 0.22376mJ  | all_ACT: 0mJ  | all_RD: 0mJ  | all_WR: 0mJ  | MAC: 1007.7mJ  | Total: 43.327mJ | compute util: 0, memory util: 0, Op/B 2903.9
		input_layer_norm | 0.85811us  | 69628 - 69628 | tensor(209, 16384) -> tensor(209, 16384) | ACT: 0mJ  | RD: 0mJ  | WR: 0mJ  | all_ACT: 0mJ  | all_RD: 0mJ  | all_WR: 0mJ  | MAC: 0mJ  | Total: 0mJ | compute util: 0, memory util: 0, Op/B 0
		attention | 1047.4us  | 69628 - 70676 | tensor(209, 16384) -> tensor(209, 16384) | ACT: 1.2547mJ  | RD: 39.268mJ  | WR: 0.09888mJ  | all_ACT: 0mJ  | all_RD: 0mJ  | all_WR: 0mJ  | MAC: 999.85mJ  | Total: 40.621mJ | compute util: 0, memory util: 0, Op/B 3073
			attn_qkv_proj | 1.6227us  | 69628 - 69630 | tensor(209, 16384) -> tensor(209, 576) | ACT: 0.011519mJ  | RD: 0.35834mJ  | WR: 0.0034214mJ  | all_ACT: 0mJ  | all_RD: 0mJ  | all_WR: 0mJ  | MAC: 0.90729mJ  | Total: 0.37328mJ | compute util: 0, memory util: 0, Op/B 303.87
				Linear | 1.6227us  | 69628 - 69630 | tensor(209, 16384) -> tensor(209, 576) | ACT: 0.011519mJ  | RD: 0.35834mJ  | WR: 0.0034214mJ  | all_ACT: 0mJ  | all_RD: 0mJ  | all_WR: 0mJ  | MAC: 0.90729mJ  | Total: 0.37328mJ | compute util: 0.54021, memory util: 1, Op/B 303.87, GPU
			self_attention | 969.9us  | 69630 - 70600 | tensor(209, 576) -> tensor(209, 512) | ACT: 1.2326mJ  | RD: 38.672mJ  | WR: 0mJ  | all_ACT: 0mJ  | all_RD: 0mJ  | all_WR: 0mJ  | MAC: 998.14mJ  | Total: 39.905mJ | compute util: 0, memory util: 0, Op/B 3122.7
				AttentionSplit | 0us  | 69630 - 69630 | tensor(209, 576) -> tensor(0, 768) tensor(209, 768) | ACT: 0mJ  | RD: 0mJ  | WR: 0mJ  | all_ACT: 0mJ  | all_RD: 0mJ  | all_WR: 0mJ  | MAC: 0mJ  | Total: 0mJ | compute util: 0, memory util: 0, Op/B 0
				AttentionSum | 0us  | 69630 - 69630 | tensor(0, 768) -> tensor(0, 2048) | ACT: 0mJ  | RD: 0mJ  | WR: 0mJ  | all_ACT: 0mJ  | all_RD: 0mJ  | all_WR: 0mJ  | MAC: 0mJ  | Total: 0mJ | compute util: 0, memory util: 0, Op/B 0, GPU
				AttentionGen | 964.39us  | 69630 - 70594 | tensor(209, 768) -> tensor(209, 2048) | ACT: 1.2326mJ  | RD: 38.672mJ  | WR: 0mJ  | all_ACT: 0mJ  | all_RD: 0mJ  | all_WR: 0mJ  | MAC: 998.14mJ  | Total: 39.905mJ | compute util: 1, memory util: 0.18013, Op/B 3122.7, GPU
				context_merge | 5.5134us  | 70594 - 70600 | tensor(209, 2048) -> tensor(209, 2048) | ACT: 0mJ  | RD: 0mJ  | WR: 0mJ  | all_ACT: 0mJ  | all_RD: 0mJ  | all_WR: 0mJ  | MAC: 0mJ  | Total: 0mJ | compute util: 0, memory util: 0, Op/B 0
				AttentionMerge | 0us  | 70600 - 70600 | tensor(0, 2048) tensor(209, 2048) -> tensor(209, 512) | ACT: 0mJ  | RD: 0mJ  | WR: 0mJ  | all_ACT: 0mJ  | all_RD: 0mJ  | all_WR: 0mJ  | MAC: 0mJ  | Total: 0mJ | compute util: 0, memory util: 0, Op/B 0
			attn_o_proj | 1.49us  | 70600 - 70601 | tensor(209, 512) -> tensor(209, 16384) | ACT: 0.010588mJ  | RD: 0.23688mJ  | WR: 0.095458mJ  | all_ACT: 0mJ  | all_RD: 0mJ  | all_WR: 0mJ  | MAC: 0.80648mJ  | Total: 0.34292mJ | compute util: 0, memory util: 0, Op/B 294.17
				Linear | 1.49us  | 70600 - 70601 | tensor(209, 512) -> tensor(209, 16384) | ACT: 0.010588mJ  | RD: 0.23688mJ  | WR: 0.095458mJ  | all_ACT: 0mJ  | all_RD: 0mJ  | all_WR: 0mJ  | MAC: 0.80648mJ  | Total: 0.34292mJ | compute util: 0.52296, memory util: 1, Op/B 294.17, GPU
			all_reduce | 74.405us  | 70601 - 70676 | tensor(209, 16384) -> tensor(209, 16384) | ACT: 0mJ  | RD: 0mJ  | WR: 0mJ  | all_ACT: 0mJ  | all_RD: 0mJ  | all_WR: 0mJ  | MAC: 0mJ  | Total: 0mJ | compute util: 0, memory util: 0, Op/B 0
		residual_1 | 1.2841us  | 70676 - 70677 | tensor(209, 16384) -> tensor(209, 16384) | ACT: 0mJ  | RD: 0mJ  | WR: 0mJ  | all_ACT: 0mJ  | all_RD: 0mJ  | all_WR: 0mJ  | MAC: 0mJ  | Total: 0mJ | compute util: 0, memory util: 0, Op/B 0
		post_attn_layer_norm | 0.85811us  | 70677 - 70678 | tensor(209, 16384) -> tensor(209, 16384) | ACT: 0mJ  | RD: 0mJ  | WR: 0mJ  | all_ACT: 0mJ  | all_RD: 0mJ  | all_WR: 0mJ  | MAC: 0mJ  | Total: 0mJ | compute util: 0, memory util: 0, Op/B 0
		feedforward | 11.769us  | 70678 - 70690 | tensor(209, 16384) -> tensor(209, 16384) | ACT: 0.083075mJ  | RD: 2.498mJ  | WR: 0.12488mJ  | all_ACT: 0mJ  | all_RD: 0mJ  | all_WR: 0mJ  | MAC: 7.8632mJ  | Total: 2.706mJ | compute util: 0, memory util: 0, Op/B 363.13
			gate_proj | 3.8794us  | 70678 - 70682 | tensor(209, 16384) -> tensor(209, 1664) | ACT: 0.027459mJ  | RD: 0.85468mJ  | WR: 0.0098081mJ  | all_ACT: 0mJ  | all_RD: 0mJ  | all_WR: 0mJ  | MAC: 2.6211mJ  | Total: 0.89194mJ | compute util: 0, memory util: 0, Op/B 367.2
				Linear | 3.8794us  | 70678 - 70682 | tensor(209, 16384) -> tensor(209, 1664) | ACT: 0.027459mJ  | RD: 0.85468mJ  | WR: 0.0098081mJ  | all_ACT: 0mJ  | all_RD: 0mJ  | all_WR: 0mJ  | MAC: 2.6211mJ  | Total: 0.89194mJ | compute util: 0.65279, memory util: 1, Op/B 367.2, GPU
			activation | 0.13042us  | 70682 - 70682 | tensor(209, 1664) -> tensor(209, 1664) | ACT: 0.00069811mJ  | RD: 0.019616mJ  | WR: 0.0098081mJ  | all_ACT: 0mJ  | all_RD: 0mJ  | all_WR: 0mJ  | MAC: 0mJ  | Total: 0.030122mJ | compute util: 0, memory util: 1, Op/B 0, GPU
			up_proj | 3.8794us  | 70682 - 70686 | tensor(209, 16384) -> tensor(209, 1664) | ACT: 0.027459mJ  | RD: 0.85468mJ  | WR: 0.0098081mJ  | all_ACT: 0mJ  | all_RD: 0mJ  | all_WR: 0mJ  | MAC: 2.6211mJ  | Total: 0.89194mJ | compute util: 0, memory util: 0, Op/B 367.2
				Linear | 3.8794us  | 70682 - 70686 | tensor(209, 16384) -> tensor(209, 1664) | ACT: 0.027459mJ  | RD: 0.85468mJ  | WR: 0.0098081mJ  | all_ACT: 0mJ  | all_RD: 0mJ  | all_WR: 0mJ  | MAC: 2.6211mJ  | Total: 0.89194mJ | compute util: 0.65279, memory util: 1, Op/B 367.2, GPU
			down_proj | 3.8794us  | 70686 - 70690 | tensor(209, 1664) -> tensor(209, 16384) | ACT: 0.027459mJ  | RD: 0.76903mJ  | WR: 0.095458mJ  | all_ACT: 0mJ  | all_RD: 0mJ  | all_WR: 0mJ  | MAC: 2.6211mJ  | Total: 0.89194mJ | compute util: 0, memory util: 0, Op/B 367.2
				Linear | 3.8794us  | 70686 - 70690 | tensor(209, 1664) -> tensor(209, 16384) | ACT: 0.027459mJ  | RD: 0.76903mJ  | WR: 0.095458mJ  | all_ACT: 0mJ  | all_RD: 0mJ  | all_WR: 0mJ  | MAC: 2.6211mJ  | Total: 0.89194mJ | compute util: 0.65279, memory util: 1, Op/B 367.2, GPU
		all_reduce | 74.405us  | 70690 - 70764 | tensor(209, 16384) -> tensor(209, 16384) | ACT: 0mJ  | RD: 0mJ  | WR: 0mJ  | all_ACT: 0mJ  | all_RD: 0mJ  | all_WR: 0mJ  | MAC: 0mJ  | Total: 0mJ | compute util: 0, memory util: 0, Op/B 0
		residual_1 | 1.2841us  | 70764 - 70765 | tensor(209, 16384) -> tensor(209, 16384) | ACT: 0mJ  | RD: 0mJ  | WR: 0mJ  | all_ACT: 0mJ  | all_RD: 0mJ  | all_WR: 0mJ  | MAC: 0mJ  | Total: 0mJ | compute util: 0, memory util: 0, Op/B 0
	decoder_62 | 1144.9us  | 70765 - 71910 | tensor(209, 16384) -> tensor(209, 16384) | ACT: 1.3378mJ  | RD: 41.766mJ  | WR: 0.22376mJ  | all_ACT: 0mJ  | all_RD: 0mJ  | all_WR: 0mJ  | MAC: 1007.7mJ  | Total: 43.327mJ | compute util: 0, memory util: 0, Op/B 2903.9
		input_layer_norm | 0.85811us  | 70765 - 70766 | tensor(209, 16384) -> tensor(209, 16384) | ACT: 0mJ  | RD: 0mJ  | WR: 0mJ  | all_ACT: 0mJ  | all_RD: 0mJ  | all_WR: 0mJ  | MAC: 0mJ  | Total: 0mJ | compute util: 0, memory util: 0, Op/B 0
		attention | 1054.4us  | 70766 - 71821 | tensor(209, 16384) -> tensor(209, 16384) | ACT: 1.2547mJ  | RD: 39.268mJ  | WR: 0.09888mJ  | all_ACT: 0mJ  | all_RD: 0mJ  | all_WR: 0mJ  | MAC: 999.85mJ  | Total: 40.621mJ | compute util: 0, memory util: 0, Op/B 3073
			attn_qkv_proj | 1.6227us  | 70766 - 70768 | tensor(209, 16384) -> tensor(209, 576) | ACT: 0.011519mJ  | RD: 0.35834mJ  | WR: 0.0034214mJ  | all_ACT: 0mJ  | all_RD: 0mJ  | all_WR: 0mJ  | MAC: 0.90729mJ  | Total: 0.37328mJ | compute util: 0, memory util: 0, Op/B 303.87
				Linear | 1.6227us  | 70766 - 70768 | tensor(209, 16384) -> tensor(209, 576) | ACT: 0.011519mJ  | RD: 0.35834mJ  | WR: 0.0034214mJ  | all_ACT: 0mJ  | all_RD: 0mJ  | all_WR: 0mJ  | MAC: 0.90729mJ  | Total: 0.37328mJ | compute util: 0.54021, memory util: 1, Op/B 303.87, GPU
			self_attention | 976.9us  | 70768 - 71745 | tensor(209, 576) -> tensor(209, 512) | ACT: 1.2326mJ  | RD: 38.672mJ  | WR: 0mJ  | all_ACT: 0mJ  | all_RD: 0mJ  | all_WR: 0mJ  | MAC: 998.14mJ  | Total: 39.905mJ | compute util: 0, memory util: 0, Op/B 3122.7
				AttentionSplit | 0us  | 70768 - 70768 | tensor(209, 576) -> tensor(0, 768) tensor(209, 768) | ACT: 0mJ  | RD: 0mJ  | WR: 0mJ  | all_ACT: 0mJ  | all_RD: 0mJ  | all_WR: 0mJ  | MAC: 0mJ  | Total: 0mJ | compute util: 0, memory util: 0, Op/B 0
				AttentionSum | 0us  | 70768 - 70768 | tensor(0, 768) -> tensor(0, 2048) | ACT: 0mJ  | RD: 0mJ  | WR: 0mJ  | all_ACT: 0mJ  | all_RD: 0mJ  | all_WR: 0mJ  | MAC: 0mJ  | Total: 0mJ | compute util: 0, memory util: 0, Op/B 0, GPU
				AttentionGen | 964.39us  | 70768 - 71732 | tensor(209, 768) -> tensor(209, 2048) | ACT: 1.2326mJ  | RD: 38.672mJ  | WR: 0mJ  | all_ACT: 0mJ  | all_RD: 0mJ  | all_WR: 0mJ  | MAC: 998.14mJ  | Total: 39.905mJ | compute util: 1, memory util: 0.18013, Op/B 3122.7, GPU
				context_merge | 12.517us  | 71732 - 71745 | tensor(209, 2048) -> tensor(209, 2048) | ACT: 0mJ  | RD: 0mJ  | WR: 0mJ  | all_ACT: 0mJ  | all_RD: 0mJ  | all_WR: 0mJ  | MAC: 0mJ  | Total: 0mJ | compute util: 0, memory util: 0, Op/B 0
				AttentionMerge | 0us  | 71745 - 71745 | tensor(0, 2048) tensor(209, 2048) -> tensor(209, 512) | ACT: 0mJ  | RD: 0mJ  | WR: 0mJ  | all_ACT: 0mJ  | all_RD: 0mJ  | all_WR: 0mJ  | MAC: 0mJ  | Total: 0mJ | compute util: 0, memory util: 0, Op/B 0
			attn_o_proj | 1.49us  | 71745 - 71746 | tensor(209, 512) -> tensor(209, 16384) | ACT: 0.010588mJ  | RD: 0.23688mJ  | WR: 0.095458mJ  | all_ACT: 0mJ  | all_RD: 0mJ  | all_WR: 0mJ  | MAC: 0.80648mJ  | Total: 0.34292mJ | compute util: 0, memory util: 0, Op/B 294.17
				Linear | 1.49us  | 71745 - 71746 | tensor(209, 512) -> tensor(209, 16384) | ACT: 0.010588mJ  | RD: 0.23688mJ  | WR: 0.095458mJ  | all_ACT: 0mJ  | all_RD: 0mJ  | all_WR: 0mJ  | MAC: 0.80648mJ  | Total: 0.34292mJ | compute util: 0.52296, memory util: 1, Op/B 294.17, GPU
			all_reduce | 74.405us  | 71746 - 71821 | tensor(209, 16384) -> tensor(209, 16384) | ACT: 0mJ  | RD: 0mJ  | WR: 0mJ  | all_ACT: 0mJ  | all_RD: 0mJ  | all_WR: 0mJ  | MAC: 0mJ  | Total: 0mJ | compute util: 0, memory util: 0, Op/B 0
		residual_1 | 1.2841us  | 71821 - 71822 | tensor(209, 16384) -> tensor(209, 16384) | ACT: 0mJ  | RD: 0mJ  | WR: 0mJ  | all_ACT: 0mJ  | all_RD: 0mJ  | all_WR: 0mJ  | MAC: 0mJ  | Total: 0mJ | compute util: 0, memory util: 0, Op/B 0
		post_attn_layer_norm | 0.85811us  | 71822 - 71823 | tensor(209, 16384) -> tensor(209, 16384) | ACT: 0mJ  | RD: 0mJ  | WR: 0mJ  | all_ACT: 0mJ  | all_RD: 0mJ  | all_WR: 0mJ  | MAC: 0mJ  | Total: 0mJ | compute util: 0, memory util: 0, Op/B 0
		feedforward | 11.769us  | 71823 - 71835 | tensor(209, 16384) -> tensor(209, 16384) | ACT: 0.083075mJ  | RD: 2.498mJ  | WR: 0.12488mJ  | all_ACT: 0mJ  | all_RD: 0mJ  | all_WR: 0mJ  | MAC: 7.8632mJ  | Total: 2.706mJ | compute util: 0, memory util: 0, Op/B 363.13
			gate_proj | 3.8794us  | 71823 - 71827 | tensor(209, 16384) -> tensor(209, 1664) | ACT: 0.027459mJ  | RD: 0.85468mJ  | WR: 0.0098081mJ  | all_ACT: 0mJ  | all_RD: 0mJ  | all_WR: 0mJ  | MAC: 2.6211mJ  | Total: 0.89194mJ | compute util: 0, memory util: 0, Op/B 367.2
				Linear | 3.8794us  | 71823 - 71827 | tensor(209, 16384) -> tensor(209, 1664) | ACT: 0.027459mJ  | RD: 0.85468mJ  | WR: 0.0098081mJ  | all_ACT: 0mJ  | all_RD: 0mJ  | all_WR: 0mJ  | MAC: 2.6211mJ  | Total: 0.89194mJ | compute util: 0.65279, memory util: 1, Op/B 367.2, GPU
			activation | 0.13042us  | 71827 - 71827 | tensor(209, 1664) -> tensor(209, 1664) | ACT: 0.00069811mJ  | RD: 0.019616mJ  | WR: 0.0098081mJ  | all_ACT: 0mJ  | all_RD: 0mJ  | all_WR: 0mJ  | MAC: 0mJ  | Total: 0.030122mJ | compute util: 0, memory util: 1, Op/B 0, GPU
			up_proj | 3.8794us  | 71827 - 71831 | tensor(209, 16384) -> tensor(209, 1664) | ACT: 0.027459mJ  | RD: 0.85468mJ  | WR: 0.0098081mJ  | all_ACT: 0mJ  | all_RD: 0mJ  | all_WR: 0mJ  | MAC: 2.6211mJ  | Total: 0.89194mJ | compute util: 0, memory util: 0, Op/B 367.2
				Linear | 3.8794us  | 71827 - 71831 | tensor(209, 16384) -> tensor(209, 1664) | ACT: 0.027459mJ  | RD: 0.85468mJ  | WR: 0.0098081mJ  | all_ACT: 0mJ  | all_RD: 0mJ  | all_WR: 0mJ  | MAC: 2.6211mJ  | Total: 0.89194mJ | compute util: 0.65279, memory util: 1, Op/B 367.2, GPU
			down_proj | 3.8794us  | 71831 - 71835 | tensor(209, 1664) -> tensor(209, 16384) | ACT: 0.027459mJ  | RD: 0.76903mJ  | WR: 0.095458mJ  | all_ACT: 0mJ  | all_RD: 0mJ  | all_WR: 0mJ  | MAC: 2.6211mJ  | Total: 0.89194mJ | compute util: 0, memory util: 0, Op/B 367.2
				Linear | 3.8794us  | 71831 - 71835 | tensor(209, 1664) -> tensor(209, 16384) | ACT: 0.027459mJ  | RD: 0.76903mJ  | WR: 0.095458mJ  | all_ACT: 0mJ  | all_RD: 0mJ  | all_WR: 0mJ  | MAC: 2.6211mJ  | Total: 0.89194mJ | compute util: 0.65279, memory util: 1, Op/B 367.2, GPU
		all_reduce | 74.405us  | 71835 - 71909 | tensor(209, 16384) -> tensor(209, 16384) | ACT: 0mJ  | RD: 0mJ  | WR: 0mJ  | all_ACT: 0mJ  | all_RD: 0mJ  | all_WR: 0mJ  | MAC: 0mJ  | Total: 0mJ | compute util: 0, memory util: 0, Op/B 0
		residual_1 | 1.2841us  | 71909 - 71910 | tensor(209, 16384) -> tensor(209, 16384) | ACT: 0mJ  | RD: 0mJ  | WR: 0mJ  | all_ACT: 0mJ  | all_RD: 0mJ  | all_WR: 0mJ  | MAC: 0mJ  | Total: 0mJ | compute util: 0, memory util: 0, Op/B 0
	decoder_63 | 1137.9us  | 71910 - 73048 | tensor(209, 16384) -> tensor(209, 16384) | ACT: 1.3378mJ  | RD: 41.766mJ  | WR: 0.22376mJ  | all_ACT: 0mJ  | all_RD: 0mJ  | all_WR: 0mJ  | MAC: 1007.7mJ  | Total: 43.327mJ | compute util: 0, memory util: 0, Op/B 2903.9
		input_layer_norm | 0.85811us  | 71910 - 71911 | tensor(209, 16384) -> tensor(209, 16384) | ACT: 0mJ  | RD: 0mJ  | WR: 0mJ  | all_ACT: 0mJ  | all_RD: 0mJ  | all_WR: 0mJ  | MAC: 0mJ  | Total: 0mJ | compute util: 0, memory util: 0, Op/B 0
		attention | 1047.4us  | 71911 - 72959 | tensor(209, 16384) -> tensor(209, 16384) | ACT: 1.2547mJ  | RD: 39.268mJ  | WR: 0.09888mJ  | all_ACT: 0mJ  | all_RD: 0mJ  | all_WR: 0mJ  | MAC: 999.85mJ  | Total: 40.621mJ | compute util: 0, memory util: 0, Op/B 3073
			attn_qkv_proj | 1.6227us  | 71911 - 71913 | tensor(209, 16384) -> tensor(209, 576) | ACT: 0.011519mJ  | RD: 0.35834mJ  | WR: 0.0034214mJ  | all_ACT: 0mJ  | all_RD: 0mJ  | all_WR: 0mJ  | MAC: 0.90729mJ  | Total: 0.37328mJ | compute util: 0, memory util: 0, Op/B 303.87
				Linear | 1.6227us  | 71911 - 71913 | tensor(209, 16384) -> tensor(209, 576) | ACT: 0.011519mJ  | RD: 0.35834mJ  | WR: 0.0034214mJ  | all_ACT: 0mJ  | all_RD: 0mJ  | all_WR: 0mJ  | MAC: 0.90729mJ  | Total: 0.37328mJ | compute util: 0.54021, memory util: 1, Op/B 303.87, GPU
			self_attention | 969.9us  | 71913 - 72883 | tensor(209, 576) -> tensor(209, 512) | ACT: 1.2326mJ  | RD: 38.672mJ  | WR: 0mJ  | all_ACT: 0mJ  | all_RD: 0mJ  | all_WR: 0mJ  | MAC: 998.14mJ  | Total: 39.905mJ | compute util: 0, memory util: 0, Op/B 3122.7
				AttentionSplit | 0us  | 71913 - 71913 | tensor(209, 576) -> tensor(0, 768) tensor(209, 768) | ACT: 0mJ  | RD: 0mJ  | WR: 0mJ  | all_ACT: 0mJ  | all_RD: 0mJ  | all_WR: 0mJ  | MAC: 0mJ  | Total: 0mJ | compute util: 0, memory util: 0, Op/B 0
				AttentionSum | 0us  | 71913 - 71913 | tensor(0, 768) -> tensor(0, 2048) | ACT: 0mJ  | RD: 0mJ  | WR: 0mJ  | all_ACT: 0mJ  | all_RD: 0mJ  | all_WR: 0mJ  | MAC: 0mJ  | Total: 0mJ | compute util: 0, memory util: 0, Op/B 0, GPU
				AttentionGen | 964.39us  | 71913 - 72877 | tensor(209, 768) -> tensor(209, 2048) | ACT: 1.2326mJ  | RD: 38.672mJ  | WR: 0mJ  | all_ACT: 0mJ  | all_RD: 0mJ  | all_WR: 0mJ  | MAC: 998.14mJ  | Total: 39.905mJ | compute util: 1, memory util: 0.18013, Op/B 3122.7, GPU
				context_merge | 5.5134us  | 72877 - 72883 | tensor(209, 2048) -> tensor(209, 2048) | ACT: 0mJ  | RD: 0mJ  | WR: 0mJ  | all_ACT: 0mJ  | all_RD: 0mJ  | all_WR: 0mJ  | MAC: 0mJ  | Total: 0mJ | compute util: 0, memory util: 0, Op/B 0
				AttentionMerge | 0us  | 72883 - 72883 | tensor(0, 2048) tensor(209, 2048) -> tensor(209, 512) | ACT: 0mJ  | RD: 0mJ  | WR: 0mJ  | all_ACT: 0mJ  | all_RD: 0mJ  | all_WR: 0mJ  | MAC: 0mJ  | Total: 0mJ | compute util: 0, memory util: 0, Op/B 0
			attn_o_proj | 1.49us  | 72883 - 72884 | tensor(209, 512) -> tensor(209, 16384) | ACT: 0.010588mJ  | RD: 0.23688mJ  | WR: 0.095458mJ  | all_ACT: 0mJ  | all_RD: 0mJ  | all_WR: 0mJ  | MAC: 0.80648mJ  | Total: 0.34292mJ | compute util: 0, memory util: 0, Op/B 294.17
				Linear | 1.49us  | 72883 - 72884 | tensor(209, 512) -> tensor(209, 16384) | ACT: 0.010588mJ  | RD: 0.23688mJ  | WR: 0.095458mJ  | all_ACT: 0mJ  | all_RD: 0mJ  | all_WR: 0mJ  | MAC: 0.80648mJ  | Total: 0.34292mJ | compute util: 0.52296, memory util: 1, Op/B 294.17, GPU
			all_reduce | 74.405us  | 72884 - 72959 | tensor(209, 16384) -> tensor(209, 16384) | ACT: 0mJ  | RD: 0mJ  | WR: 0mJ  | all_ACT: 0mJ  | all_RD: 0mJ  | all_WR: 0mJ  | MAC: 0mJ  | Total: 0mJ | compute util: 0, memory util: 0, Op/B 0
		residual_1 | 1.2841us  | 72959 - 72960 | tensor(209, 16384) -> tensor(209, 16384) | ACT: 0mJ  | RD: 0mJ  | WR: 0mJ  | all_ACT: 0mJ  | all_RD: 0mJ  | all_WR: 0mJ  | MAC: 0mJ  | Total: 0mJ | compute util: 0, memory util: 0, Op/B 0
		post_attn_layer_norm | 0.85811us  | 72960 - 72961 | tensor(209, 16384) -> tensor(209, 16384) | ACT: 0mJ  | RD: 0mJ  | WR: 0mJ  | all_ACT: 0mJ  | all_RD: 0mJ  | all_WR: 0mJ  | MAC: 0mJ  | Total: 0mJ | compute util: 0, memory util: 0, Op/B 0
		feedforward | 11.769us  | 72961 - 72972 | tensor(209, 16384) -> tensor(209, 16384) | ACT: 0.083075mJ  | RD: 2.498mJ  | WR: 0.12488mJ  | all_ACT: 0mJ  | all_RD: 0mJ  | all_WR: 0mJ  | MAC: 7.8632mJ  | Total: 2.706mJ | compute util: 0, memory util: 0, Op/B 363.13
			gate_proj | 3.8794us  | 72961 - 72965 | tensor(209, 16384) -> tensor(209, 1664) | ACT: 0.027459mJ  | RD: 0.85468mJ  | WR: 0.0098081mJ  | all_ACT: 0mJ  | all_RD: 0mJ  | all_WR: 0mJ  | MAC: 2.6211mJ  | Total: 0.89194mJ | compute util: 0, memory util: 0, Op/B 367.2
				Linear | 3.8794us  | 72961 - 72965 | tensor(209, 16384) -> tensor(209, 1664) | ACT: 0.027459mJ  | RD: 0.85468mJ  | WR: 0.0098081mJ  | all_ACT: 0mJ  | all_RD: 0mJ  | all_WR: 0mJ  | MAC: 2.6211mJ  | Total: 0.89194mJ | compute util: 0.65279, memory util: 1, Op/B 367.2, GPU
			activation | 0.13042us  | 72965 - 72965 | tensor(209, 1664) -> tensor(209, 1664) | ACT: 0.00069811mJ  | RD: 0.019616mJ  | WR: 0.0098081mJ  | all_ACT: 0mJ  | all_RD: 0mJ  | all_WR: 0mJ  | MAC: 0mJ  | Total: 0.030122mJ | compute util: 0, memory util: 1, Op/B 0, GPU
			up_proj | 3.8794us  | 72965 - 72969 | tensor(209, 16384) -> tensor(209, 1664) | ACT: 0.027459mJ  | RD: 0.85468mJ  | WR: 0.0098081mJ  | all_ACT: 0mJ  | all_RD: 0mJ  | all_WR: 0mJ  | MAC: 2.6211mJ  | Total: 0.89194mJ | compute util: 0, memory util: 0, Op/B 367.2
				Linear | 3.8794us  | 72965 - 72969 | tensor(209, 16384) -> tensor(209, 1664) | ACT: 0.027459mJ  | RD: 0.85468mJ  | WR: 0.0098081mJ  | all_ACT: 0mJ  | all_RD: 0mJ  | all_WR: 0mJ  | MAC: 2.6211mJ  | Total: 0.89194mJ | compute util: 0.65279, memory util: 1, Op/B 367.2, GPU
			down_proj | 3.8794us  | 72969 - 72972 | tensor(209, 1664) -> tensor(209, 16384) | ACT: 0.027459mJ  | RD: 0.76903mJ  | WR: 0.095458mJ  | all_ACT: 0mJ  | all_RD: 0mJ  | all_WR: 0mJ  | MAC: 2.6211mJ  | Total: 0.89194mJ | compute util: 0, memory util: 0, Op/B 367.2
				Linear | 3.8794us  | 72969 - 72972 | tensor(209, 1664) -> tensor(209, 16384) | ACT: 0.027459mJ  | RD: 0.76903mJ  | WR: 0.095458mJ  | all_ACT: 0mJ  | all_RD: 0mJ  | all_WR: 0mJ  | MAC: 2.6211mJ  | Total: 0.89194mJ | compute util: 0.65279, memory util: 1, Op/B 367.2, GPU
		all_reduce | 74.405us  | 72972 - 73047 | tensor(209, 16384) -> tensor(209, 16384) | ACT: 0mJ  | RD: 0mJ  | WR: 0mJ  | all_ACT: 0mJ  | all_RD: 0mJ  | all_WR: 0mJ  | MAC: 0mJ  | Total: 0mJ | compute util: 0, memory util: 0, Op/B 0
		residual_1 | 1.2841us  | 73047 - 73048 | tensor(209, 16384) -> tensor(209, 16384) | ACT: 0mJ  | RD: 0mJ  | WR: 0mJ  | all_ACT: 0mJ  | all_RD: 0mJ  | all_WR: 0mJ  | MAC: 0mJ  | Total: 0mJ | compute util: 0, memory util: 0, Op/B 0
	decoder_64 | 1144.9us  | 73048 - 74193 | tensor(209, 16384) -> tensor(209, 16384) | ACT: 1.3378mJ  | RD: 41.766mJ  | WR: 0.22376mJ  | all_ACT: 0mJ  | all_RD: 0mJ  | all_WR: 0mJ  | MAC: 1007.7mJ  | Total: 43.327mJ | compute util: 0, memory util: 0, Op/B 2903.9
		input_layer_norm | 0.85811us  | 73048 - 73049 | tensor(209, 16384) -> tensor(209, 16384) | ACT: 0mJ  | RD: 0mJ  | WR: 0mJ  | all_ACT: 0mJ  | all_RD: 0mJ  | all_WR: 0mJ  | MAC: 0mJ  | Total: 0mJ | compute util: 0, memory util: 0, Op/B 0
		attention | 1054.4us  | 73049 - 74103 | tensor(209, 16384) -> tensor(209, 16384) | ACT: 1.2547mJ  | RD: 39.268mJ  | WR: 0.09888mJ  | all_ACT: 0mJ  | all_RD: 0mJ  | all_WR: 0mJ  | MAC: 999.85mJ  | Total: 40.621mJ | compute util: 0, memory util: 0, Op/B 3073
			attn_qkv_proj | 1.6227us  | 73049 - 73051 | tensor(209, 16384) -> tensor(209, 576) | ACT: 0.011519mJ  | RD: 0.35834mJ  | WR: 0.0034214mJ  | all_ACT: 0mJ  | all_RD: 0mJ  | all_WR: 0mJ  | MAC: 0.90729mJ  | Total: 0.37328mJ | compute util: 0, memory util: 0, Op/B 303.87
				Linear | 1.6227us  | 73049 - 73051 | tensor(209, 16384) -> tensor(209, 576) | ACT: 0.011519mJ  | RD: 0.35834mJ  | WR: 0.0034214mJ  | all_ACT: 0mJ  | all_RD: 0mJ  | all_WR: 0mJ  | MAC: 0.90729mJ  | Total: 0.37328mJ | compute util: 0.54021, memory util: 1, Op/B 303.87, GPU
			self_attention | 976.9us  | 73051 - 74028 | tensor(209, 576) -> tensor(209, 512) | ACT: 1.2326mJ  | RD: 38.672mJ  | WR: 0mJ  | all_ACT: 0mJ  | all_RD: 0mJ  | all_WR: 0mJ  | MAC: 998.14mJ  | Total: 39.905mJ | compute util: 0, memory util: 0, Op/B 3122.7
				AttentionSplit | 0us  | 73051 - 73051 | tensor(209, 576) -> tensor(0, 768) tensor(209, 768) | ACT: 0mJ  | RD: 0mJ  | WR: 0mJ  | all_ACT: 0mJ  | all_RD: 0mJ  | all_WR: 0mJ  | MAC: 0mJ  | Total: 0mJ | compute util: 0, memory util: 0, Op/B 0
				AttentionSum | 0us  | 73051 - 73051 | tensor(0, 768) -> tensor(0, 2048) | ACT: 0mJ  | RD: 0mJ  | WR: 0mJ  | all_ACT: 0mJ  | all_RD: 0mJ  | all_WR: 0mJ  | MAC: 0mJ  | Total: 0mJ | compute util: 0, memory util: 0, Op/B 0, GPU
				AttentionGen | 964.39us  | 73051 - 74015 | tensor(209, 768) -> tensor(209, 2048) | ACT: 1.2326mJ  | RD: 38.672mJ  | WR: 0mJ  | all_ACT: 0mJ  | all_RD: 0mJ  | all_WR: 0mJ  | MAC: 998.14mJ  | Total: 39.905mJ | compute util: 1, memory util: 0.18013, Op/B 3122.7, GPU
				context_merge | 12.517us  | 74015 - 74028 | tensor(209, 2048) -> tensor(209, 2048) | ACT: 0mJ  | RD: 0mJ  | WR: 0mJ  | all_ACT: 0mJ  | all_RD: 0mJ  | all_WR: 0mJ  | MAC: 0mJ  | Total: 0mJ | compute util: 0, memory util: 0, Op/B 0
				AttentionMerge | 0us  | 74028 - 74028 | tensor(0, 2048) tensor(209, 2048) -> tensor(209, 512) | ACT: 0mJ  | RD: 0mJ  | WR: 0mJ  | all_ACT: 0mJ  | all_RD: 0mJ  | all_WR: 0mJ  | MAC: 0mJ  | Total: 0mJ | compute util: 0, memory util: 0, Op/B 0
			attn_o_proj | 1.49us  | 74028 - 74029 | tensor(209, 512) -> tensor(209, 16384) | ACT: 0.010588mJ  | RD: 0.23688mJ  | WR: 0.095458mJ  | all_ACT: 0mJ  | all_RD: 0mJ  | all_WR: 0mJ  | MAC: 0.80648mJ  | Total: 0.34292mJ | compute util: 0, memory util: 0, Op/B 294.17
				Linear | 1.49us  | 74028 - 74029 | tensor(209, 512) -> tensor(209, 16384) | ACT: 0.010588mJ  | RD: 0.23688mJ  | WR: 0.095458mJ  | all_ACT: 0mJ  | all_RD: 0mJ  | all_WR: 0mJ  | MAC: 0.80648mJ  | Total: 0.34292mJ | compute util: 0.52296, memory util: 1, Op/B 294.17, GPU
			all_reduce | 74.405us  | 74029 - 74103 | tensor(209, 16384) -> tensor(209, 16384) | ACT: 0mJ  | RD: 0mJ  | WR: 0mJ  | all_ACT: 0mJ  | all_RD: 0mJ  | all_WR: 0mJ  | MAC: 0mJ  | Total: 0mJ | compute util: 0, memory util: 0, Op/B 0
		residual_1 | 1.2841us  | 74103 - 74105 | tensor(209, 16384) -> tensor(209, 16384) | ACT: 0mJ  | RD: 0mJ  | WR: 0mJ  | all_ACT: 0mJ  | all_RD: 0mJ  | all_WR: 0mJ  | MAC: 0mJ  | Total: 0mJ | compute util: 0, memory util: 0, Op/B 0
		post_attn_layer_norm | 0.85811us  | 74105 - 74106 | tensor(209, 16384) -> tensor(209, 16384) | ACT: 0mJ  | RD: 0mJ  | WR: 0mJ  | all_ACT: 0mJ  | all_RD: 0mJ  | all_WR: 0mJ  | MAC: 0mJ  | Total: 0mJ | compute util: 0, memory util: 0, Op/B 0
		feedforward | 11.769us  | 74106 - 74117 | tensor(209, 16384) -> tensor(209, 16384) | ACT: 0.083075mJ  | RD: 2.498mJ  | WR: 0.12488mJ  | all_ACT: 0mJ  | all_RD: 0mJ  | all_WR: 0mJ  | MAC: 7.8632mJ  | Total: 2.706mJ | compute util: 0, memory util: 0, Op/B 363.13
			gate_proj | 3.8794us  | 74106 - 74109 | tensor(209, 16384) -> tensor(209, 1664) | ACT: 0.027459mJ  | RD: 0.85468mJ  | WR: 0.0098081mJ  | all_ACT: 0mJ  | all_RD: 0mJ  | all_WR: 0mJ  | MAC: 2.6211mJ  | Total: 0.89194mJ | compute util: 0, memory util: 0, Op/B 367.2
				Linear | 3.8794us  | 74106 - 74109 | tensor(209, 16384) -> tensor(209, 1664) | ACT: 0.027459mJ  | RD: 0.85468mJ  | WR: 0.0098081mJ  | all_ACT: 0mJ  | all_RD: 0mJ  | all_WR: 0mJ  | MAC: 2.6211mJ  | Total: 0.89194mJ | compute util: 0.65279, memory util: 1, Op/B 367.2, GPU
			activation | 0.13042us  | 74109 - 74110 | tensor(209, 1664) -> tensor(209, 1664) | ACT: 0.00069811mJ  | RD: 0.019616mJ  | WR: 0.0098081mJ  | all_ACT: 0mJ  | all_RD: 0mJ  | all_WR: 0mJ  | MAC: 0mJ  | Total: 0.030122mJ | compute util: 0, memory util: 1, Op/B 0, GPU
			up_proj | 3.8794us  | 74110 - 74113 | tensor(209, 16384) -> tensor(209, 1664) | ACT: 0.027459mJ  | RD: 0.85468mJ  | WR: 0.0098081mJ  | all_ACT: 0mJ  | all_RD: 0mJ  | all_WR: 0mJ  | MAC: 2.6211mJ  | Total: 0.89194mJ | compute util: 0, memory util: 0, Op/B 367.2
				Linear | 3.8794us  | 74110 - 74113 | tensor(209, 16384) -> tensor(209, 1664) | ACT: 0.027459mJ  | RD: 0.85468mJ  | WR: 0.0098081mJ  | all_ACT: 0mJ  | all_RD: 0mJ  | all_WR: 0mJ  | MAC: 2.6211mJ  | Total: 0.89194mJ | compute util: 0.65279, memory util: 1, Op/B 367.2, GPU
			down_proj | 3.8794us  | 74113 - 74117 | tensor(209, 1664) -> tensor(209, 16384) | ACT: 0.027459mJ  | RD: 0.76903mJ  | WR: 0.095458mJ  | all_ACT: 0mJ  | all_RD: 0mJ  | all_WR: 0mJ  | MAC: 2.6211mJ  | Total: 0.89194mJ | compute util: 0, memory util: 0, Op/B 367.2
				Linear | 3.8794us  | 74113 - 74117 | tensor(209, 1664) -> tensor(209, 16384) | ACT: 0.027459mJ  | RD: 0.76903mJ  | WR: 0.095458mJ  | all_ACT: 0mJ  | all_RD: 0mJ  | all_WR: 0mJ  | MAC: 2.6211mJ  | Total: 0.89194mJ | compute util: 0.65279, memory util: 1, Op/B 367.2, GPU
		all_reduce | 74.405us  | 74117 - 74192 | tensor(209, 16384) -> tensor(209, 16384) | ACT: 0mJ  | RD: 0mJ  | WR: 0mJ  | all_ACT: 0mJ  | all_RD: 0mJ  | all_WR: 0mJ  | MAC: 0mJ  | Total: 0mJ | compute util: 0, memory util: 0, Op/B 0
		residual_1 | 1.2841us  | 74192 - 74193 | tensor(209, 16384) -> tensor(209, 16384) | ACT: 0mJ  | RD: 0mJ  | WR: 0mJ  | all_ACT: 0mJ  | all_RD: 0mJ  | all_WR: 0mJ  | MAC: 0mJ  | Total: 0mJ | compute util: 0, memory util: 0, Op/B 0
	decoder_65 | 1137.9us  | 74193 - 75331 | tensor(209, 16384) -> tensor(209, 16384) | ACT: 1.3378mJ  | RD: 41.766mJ  | WR: 0.22376mJ  | all_ACT: 0mJ  | all_RD: 0mJ  | all_WR: 0mJ  | MAC: 1007.7mJ  | Total: 43.327mJ | compute util: 0, memory util: 0, Op/B 2903.9
		input_layer_norm | 0.85811us  | 74193 - 74194 | tensor(209, 16384) -> tensor(209, 16384) | ACT: 0mJ  | RD: 0mJ  | WR: 0mJ  | all_ACT: 0mJ  | all_RD: 0mJ  | all_WR: 0mJ  | MAC: 0mJ  | Total: 0mJ | compute util: 0, memory util: 0, Op/B 0
		attention | 1047.4us  | 74194 - 75241 | tensor(209, 16384) -> tensor(209, 16384) | ACT: 1.2547mJ  | RD: 39.268mJ  | WR: 0.09888mJ  | all_ACT: 0mJ  | all_RD: 0mJ  | all_WR: 0mJ  | MAC: 999.85mJ  | Total: 40.621mJ | compute util: 0, memory util: 0, Op/B 3073
			attn_qkv_proj | 1.6227us  | 74194 - 74196 | tensor(209, 16384) -> tensor(209, 576) | ACT: 0.011519mJ  | RD: 0.35834mJ  | WR: 0.0034214mJ  | all_ACT: 0mJ  | all_RD: 0mJ  | all_WR: 0mJ  | MAC: 0.90729mJ  | Total: 0.37328mJ | compute util: 0, memory util: 0, Op/B 303.87
				Linear | 1.6227us  | 74194 - 74196 | tensor(209, 16384) -> tensor(209, 576) | ACT: 0.011519mJ  | RD: 0.35834mJ  | WR: 0.0034214mJ  | all_ACT: 0mJ  | all_RD: 0mJ  | all_WR: 0mJ  | MAC: 0.90729mJ  | Total: 0.37328mJ | compute util: 0.54021, memory util: 1, Op/B 303.87, GPU
			self_attention | 969.9us  | 74196 - 75165 | tensor(209, 576) -> tensor(209, 512) | ACT: 1.2326mJ  | RD: 38.672mJ  | WR: 0mJ  | all_ACT: 0mJ  | all_RD: 0mJ  | all_WR: 0mJ  | MAC: 998.14mJ  | Total: 39.905mJ | compute util: 0, memory util: 0, Op/B 3122.7
				AttentionSplit | 0us  | 74196 - 74196 | tensor(209, 576) -> tensor(0, 768) tensor(209, 768) | ACT: 0mJ  | RD: 0mJ  | WR: 0mJ  | all_ACT: 0mJ  | all_RD: 0mJ  | all_WR: 0mJ  | MAC: 0mJ  | Total: 0mJ | compute util: 0, memory util: 0, Op/B 0
				AttentionSum | 0us  | 74196 - 74196 | tensor(0, 768) -> tensor(0, 2048) | ACT: 0mJ  | RD: 0mJ  | WR: 0mJ  | all_ACT: 0mJ  | all_RD: 0mJ  | all_WR: 0mJ  | MAC: 0mJ  | Total: 0mJ | compute util: 0, memory util: 0, Op/B 0, GPU
				AttentionGen | 964.39us  | 74196 - 75160 | tensor(209, 768) -> tensor(209, 2048) | ACT: 1.2326mJ  | RD: 38.672mJ  | WR: 0mJ  | all_ACT: 0mJ  | all_RD: 0mJ  | all_WR: 0mJ  | MAC: 998.14mJ  | Total: 39.905mJ | compute util: 1, memory util: 0.18013, Op/B 3122.7, GPU
				context_merge | 5.5134us  | 75160 - 75165 | tensor(209, 2048) -> tensor(209, 2048) | ACT: 0mJ  | RD: 0mJ  | WR: 0mJ  | all_ACT: 0mJ  | all_RD: 0mJ  | all_WR: 0mJ  | MAC: 0mJ  | Total: 0mJ | compute util: 0, memory util: 0, Op/B 0
				AttentionMerge | 0us  | 75165 - 75165 | tensor(0, 2048) tensor(209, 2048) -> tensor(209, 512) | ACT: 0mJ  | RD: 0mJ  | WR: 0mJ  | all_ACT: 0mJ  | all_RD: 0mJ  | all_WR: 0mJ  | MAC: 0mJ  | Total: 0mJ | compute util: 0, memory util: 0, Op/B 0
			attn_o_proj | 1.49us  | 75165 - 75167 | tensor(209, 512) -> tensor(209, 16384) | ACT: 0.010588mJ  | RD: 0.23688mJ  | WR: 0.095458mJ  | all_ACT: 0mJ  | all_RD: 0mJ  | all_WR: 0mJ  | MAC: 0.80648mJ  | Total: 0.34292mJ | compute util: 0, memory util: 0, Op/B 294.17
				Linear | 1.49us  | 75165 - 75167 | tensor(209, 512) -> tensor(209, 16384) | ACT: 0.010588mJ  | RD: 0.23688mJ  | WR: 0.095458mJ  | all_ACT: 0mJ  | all_RD: 0mJ  | all_WR: 0mJ  | MAC: 0.80648mJ  | Total: 0.34292mJ | compute util: 0.52296, memory util: 1, Op/B 294.17, GPU
			all_reduce | 74.405us  | 75167 - 75241 | tensor(209, 16384) -> tensor(209, 16384) | ACT: 0mJ  | RD: 0mJ  | WR: 0mJ  | all_ACT: 0mJ  | all_RD: 0mJ  | all_WR: 0mJ  | MAC: 0mJ  | Total: 0mJ | compute util: 0, memory util: 0, Op/B 0
		residual_1 | 1.2841us  | 75241 - 75243 | tensor(209, 16384) -> tensor(209, 16384) | ACT: 0mJ  | RD: 0mJ  | WR: 0mJ  | all_ACT: 0mJ  | all_RD: 0mJ  | all_WR: 0mJ  | MAC: 0mJ  | Total: 0mJ | compute util: 0, memory util: 0, Op/B 0
		post_attn_layer_norm | 0.85811us  | 75243 - 75243 | tensor(209, 16384) -> tensor(209, 16384) | ACT: 0mJ  | RD: 0mJ  | WR: 0mJ  | all_ACT: 0mJ  | all_RD: 0mJ  | all_WR: 0mJ  | MAC: 0mJ  | Total: 0mJ | compute util: 0, memory util: 0, Op/B 0
		feedforward | 11.769us  | 75243 - 75255 | tensor(209, 16384) -> tensor(209, 16384) | ACT: 0.083075mJ  | RD: 2.498mJ  | WR: 0.12488mJ  | all_ACT: 0mJ  | all_RD: 0mJ  | all_WR: 0mJ  | MAC: 7.8632mJ  | Total: 2.706mJ | compute util: 0, memory util: 0, Op/B 363.13
			gate_proj | 3.8794us  | 75243 - 75247 | tensor(209, 16384) -> tensor(209, 1664) | ACT: 0.027459mJ  | RD: 0.85468mJ  | WR: 0.0098081mJ  | all_ACT: 0mJ  | all_RD: 0mJ  | all_WR: 0mJ  | MAC: 2.6211mJ  | Total: 0.89194mJ | compute util: 0, memory util: 0, Op/B 367.2
				Linear | 3.8794us  | 75243 - 75247 | tensor(209, 16384) -> tensor(209, 1664) | ACT: 0.027459mJ  | RD: 0.85468mJ  | WR: 0.0098081mJ  | all_ACT: 0mJ  | all_RD: 0mJ  | all_WR: 0mJ  | MAC: 2.6211mJ  | Total: 0.89194mJ | compute util: 0.65279, memory util: 1, Op/B 367.2, GPU
			activation | 0.13042us  | 75247 - 75247 | tensor(209, 1664) -> tensor(209, 1664) | ACT: 0.00069811mJ  | RD: 0.019616mJ  | WR: 0.0098081mJ  | all_ACT: 0mJ  | all_RD: 0mJ  | all_WR: 0mJ  | MAC: 0mJ  | Total: 0.030122mJ | compute util: 0, memory util: 1, Op/B 0, GPU
			up_proj | 3.8794us  | 75247 - 75251 | tensor(209, 16384) -> tensor(209, 1664) | ACT: 0.027459mJ  | RD: 0.85468mJ  | WR: 0.0098081mJ  | all_ACT: 0mJ  | all_RD: 0mJ  | all_WR: 0mJ  | MAC: 2.6211mJ  | Total: 0.89194mJ | compute util: 0, memory util: 0, Op/B 367.2
				Linear | 3.8794us  | 75247 - 75251 | tensor(209, 16384) -> tensor(209, 1664) | ACT: 0.027459mJ  | RD: 0.85468mJ  | WR: 0.0098081mJ  | all_ACT: 0mJ  | all_RD: 0mJ  | all_WR: 0mJ  | MAC: 2.6211mJ  | Total: 0.89194mJ | compute util: 0.65279, memory util: 1, Op/B 367.2, GPU
			down_proj | 3.8794us  | 75251 - 75255 | tensor(209, 1664) -> tensor(209, 16384) | ACT: 0.027459mJ  | RD: 0.76903mJ  | WR: 0.095458mJ  | all_ACT: 0mJ  | all_RD: 0mJ  | all_WR: 0mJ  | MAC: 2.6211mJ  | Total: 0.89194mJ | compute util: 0, memory util: 0, Op/B 367.2
				Linear | 3.8794us  | 75251 - 75255 | tensor(209, 1664) -> tensor(209, 16384) | ACT: 0.027459mJ  | RD: 0.76903mJ  | WR: 0.095458mJ  | all_ACT: 0mJ  | all_RD: 0mJ  | all_WR: 0mJ  | MAC: 2.6211mJ  | Total: 0.89194mJ | compute util: 0.65279, memory util: 1, Op/B 367.2, GPU
		all_reduce | 74.405us  | 75255 - 75330 | tensor(209, 16384) -> tensor(209, 16384) | ACT: 0mJ  | RD: 0mJ  | WR: 0mJ  | all_ACT: 0mJ  | all_RD: 0mJ  | all_WR: 0mJ  | MAC: 0mJ  | Total: 0mJ | compute util: 0, memory util: 0, Op/B 0
		residual_1 | 1.2841us  | 75330 - 75331 | tensor(209, 16384) -> tensor(209, 16384) | ACT: 0mJ  | RD: 0mJ  | WR: 0mJ  | all_ACT: 0mJ  | all_RD: 0mJ  | all_WR: 0mJ  | MAC: 0mJ  | Total: 0mJ | compute util: 0, memory util: 0, Op/B 0
	decoder_66 | 1144.9us  | 75331 - 76476 | tensor(209, 16384) -> tensor(209, 16384) | ACT: 1.3378mJ  | RD: 41.766mJ  | WR: 0.22376mJ  | all_ACT: 0mJ  | all_RD: 0mJ  | all_WR: 0mJ  | MAC: 1007.7mJ  | Total: 43.327mJ | compute util: 0, memory util: 0, Op/B 2903.9
		input_layer_norm | 0.85811us  | 75331 - 75332 | tensor(209, 16384) -> tensor(209, 16384) | ACT: 0mJ  | RD: 0mJ  | WR: 0mJ  | all_ACT: 0mJ  | all_RD: 0mJ  | all_WR: 0mJ  | MAC: 0mJ  | Total: 0mJ | compute util: 0, memory util: 0, Op/B 0
		attention | 1054.4us  | 75332 - 76386 | tensor(209, 16384) -> tensor(209, 16384) | ACT: 1.2547mJ  | RD: 39.268mJ  | WR: 0.09888mJ  | all_ACT: 0mJ  | all_RD: 0mJ  | all_WR: 0mJ  | MAC: 999.85mJ  | Total: 40.621mJ | compute util: 0, memory util: 0, Op/B 3073
			attn_qkv_proj | 1.6227us  | 75332 - 75333 | tensor(209, 16384) -> tensor(209, 576) | ACT: 0.011519mJ  | RD: 0.35834mJ  | WR: 0.0034214mJ  | all_ACT: 0mJ  | all_RD: 0mJ  | all_WR: 0mJ  | MAC: 0.90729mJ  | Total: 0.37328mJ | compute util: 0, memory util: 0, Op/B 303.87
				Linear | 1.6227us  | 75332 - 75333 | tensor(209, 16384) -> tensor(209, 576) | ACT: 0.011519mJ  | RD: 0.35834mJ  | WR: 0.0034214mJ  | all_ACT: 0mJ  | all_RD: 0mJ  | all_WR: 0mJ  | MAC: 0.90729mJ  | Total: 0.37328mJ | compute util: 0.54021, memory util: 1, Op/B 303.87, GPU
			self_attention | 976.9us  | 75333 - 76310 | tensor(209, 576) -> tensor(209, 512) | ACT: 1.2326mJ  | RD: 38.672mJ  | WR: 0mJ  | all_ACT: 0mJ  | all_RD: 0mJ  | all_WR: 0mJ  | MAC: 998.14mJ  | Total: 39.905mJ | compute util: 0, memory util: 0, Op/B 3122.7
				AttentionSplit | 0us  | 75333 - 75333 | tensor(209, 576) -> tensor(0, 768) tensor(209, 768) | ACT: 0mJ  | RD: 0mJ  | WR: 0mJ  | all_ACT: 0mJ  | all_RD: 0mJ  | all_WR: 0mJ  | MAC: 0mJ  | Total: 0mJ | compute util: 0, memory util: 0, Op/B 0
				AttentionSum | 0us  | 75333 - 75333 | tensor(0, 768) -> tensor(0, 2048) | ACT: 0mJ  | RD: 0mJ  | WR: 0mJ  | all_ACT: 0mJ  | all_RD: 0mJ  | all_WR: 0mJ  | MAC: 0mJ  | Total: 0mJ | compute util: 0, memory util: 0, Op/B 0, GPU
				AttentionGen | 964.39us  | 75333 - 76298 | tensor(209, 768) -> tensor(209, 2048) | ACT: 1.2326mJ  | RD: 38.672mJ  | WR: 0mJ  | all_ACT: 0mJ  | all_RD: 0mJ  | all_WR: 0mJ  | MAC: 998.14mJ  | Total: 39.905mJ | compute util: 1, memory util: 0.18013, Op/B 3122.7, GPU
				context_merge | 12.517us  | 76298 - 76310 | tensor(209, 2048) -> tensor(209, 2048) | ACT: 0mJ  | RD: 0mJ  | WR: 0mJ  | all_ACT: 0mJ  | all_RD: 0mJ  | all_WR: 0mJ  | MAC: 0mJ  | Total: 0mJ | compute util: 0, memory util: 0, Op/B 0
				AttentionMerge | 0us  | 76310 - 76310 | tensor(0, 2048) tensor(209, 2048) -> tensor(209, 512) | ACT: 0mJ  | RD: 0mJ  | WR: 0mJ  | all_ACT: 0mJ  | all_RD: 0mJ  | all_WR: 0mJ  | MAC: 0mJ  | Total: 0mJ | compute util: 0, memory util: 0, Op/B 0
			attn_o_proj | 1.49us  | 76310 - 76312 | tensor(209, 512) -> tensor(209, 16384) | ACT: 0.010588mJ  | RD: 0.23688mJ  | WR: 0.095458mJ  | all_ACT: 0mJ  | all_RD: 0mJ  | all_WR: 0mJ  | MAC: 0.80648mJ  | Total: 0.34292mJ | compute util: 0, memory util: 0, Op/B 294.17
				Linear | 1.49us  | 76310 - 76312 | tensor(209, 512) -> tensor(209, 16384) | ACT: 0.010588mJ  | RD: 0.23688mJ  | WR: 0.095458mJ  | all_ACT: 0mJ  | all_RD: 0mJ  | all_WR: 0mJ  | MAC: 0.80648mJ  | Total: 0.34292mJ | compute util: 0.52296, memory util: 1, Op/B 294.17, GPU
			all_reduce | 74.405us  | 76312 - 76386 | tensor(209, 16384) -> tensor(209, 16384) | ACT: 0mJ  | RD: 0mJ  | WR: 0mJ  | all_ACT: 0mJ  | all_RD: 0mJ  | all_WR: 0mJ  | MAC: 0mJ  | Total: 0mJ | compute util: 0, memory util: 0, Op/B 0
		residual_1 | 1.2841us  | 76386 - 76388 | tensor(209, 16384) -> tensor(209, 16384) | ACT: 0mJ  | RD: 0mJ  | WR: 0mJ  | all_ACT: 0mJ  | all_RD: 0mJ  | all_WR: 0mJ  | MAC: 0mJ  | Total: 0mJ | compute util: 0, memory util: 0, Op/B 0
		post_attn_layer_norm | 0.85811us  | 76388 - 76388 | tensor(209, 16384) -> tensor(209, 16384) | ACT: 0mJ  | RD: 0mJ  | WR: 0mJ  | all_ACT: 0mJ  | all_RD: 0mJ  | all_WR: 0mJ  | MAC: 0mJ  | Total: 0mJ | compute util: 0, memory util: 0, Op/B 0
		feedforward | 11.769us  | 76388 - 76400 | tensor(209, 16384) -> tensor(209, 16384) | ACT: 0.083075mJ  | RD: 2.498mJ  | WR: 0.12488mJ  | all_ACT: 0mJ  | all_RD: 0mJ  | all_WR: 0mJ  | MAC: 7.8632mJ  | Total: 2.706mJ | compute util: 0, memory util: 0, Op/B 363.13
			gate_proj | 3.8794us  | 76388 - 76392 | tensor(209, 16384) -> tensor(209, 1664) | ACT: 0.027459mJ  | RD: 0.85468mJ  | WR: 0.0098081mJ  | all_ACT: 0mJ  | all_RD: 0mJ  | all_WR: 0mJ  | MAC: 2.6211mJ  | Total: 0.89194mJ | compute util: 0, memory util: 0, Op/B 367.2
				Linear | 3.8794us  | 76388 - 76392 | tensor(209, 16384) -> tensor(209, 1664) | ACT: 0.027459mJ  | RD: 0.85468mJ  | WR: 0.0098081mJ  | all_ACT: 0mJ  | all_RD: 0mJ  | all_WR: 0mJ  | MAC: 2.6211mJ  | Total: 0.89194mJ | compute util: 0.65279, memory util: 1, Op/B 367.2, GPU
			activation | 0.13042us  | 76392 - 76392 | tensor(209, 1664) -> tensor(209, 1664) | ACT: 0.00069811mJ  | RD: 0.019616mJ  | WR: 0.0098081mJ  | all_ACT: 0mJ  | all_RD: 0mJ  | all_WR: 0mJ  | MAC: 0mJ  | Total: 0.030122mJ | compute util: 0, memory util: 1, Op/B 0, GPU
			up_proj | 3.8794us  | 76392 - 76396 | tensor(209, 16384) -> tensor(209, 1664) | ACT: 0.027459mJ  | RD: 0.85468mJ  | WR: 0.0098081mJ  | all_ACT: 0mJ  | all_RD: 0mJ  | all_WR: 0mJ  | MAC: 2.6211mJ  | Total: 0.89194mJ | compute util: 0, memory util: 0, Op/B 367.2
				Linear | 3.8794us  | 76392 - 76396 | tensor(209, 16384) -> tensor(209, 1664) | ACT: 0.027459mJ  | RD: 0.85468mJ  | WR: 0.0098081mJ  | all_ACT: 0mJ  | all_RD: 0mJ  | all_WR: 0mJ  | MAC: 2.6211mJ  | Total: 0.89194mJ | compute util: 0.65279, memory util: 1, Op/B 367.2, GPU
			down_proj | 3.8794us  | 76396 - 76400 | tensor(209, 1664) -> tensor(209, 16384) | ACT: 0.027459mJ  | RD: 0.76903mJ  | WR: 0.095458mJ  | all_ACT: 0mJ  | all_RD: 0mJ  | all_WR: 0mJ  | MAC: 2.6211mJ  | Total: 0.89194mJ | compute util: 0, memory util: 0, Op/B 367.2
				Linear | 3.8794us  | 76396 - 76400 | tensor(209, 1664) -> tensor(209, 16384) | ACT: 0.027459mJ  | RD: 0.76903mJ  | WR: 0.095458mJ  | all_ACT: 0mJ  | all_RD: 0mJ  | all_WR: 0mJ  | MAC: 2.6211mJ  | Total: 0.89194mJ | compute util: 0.65279, memory util: 1, Op/B 367.2, GPU
		all_reduce | 74.405us  | 76400 - 76475 | tensor(209, 16384) -> tensor(209, 16384) | ACT: 0mJ  | RD: 0mJ  | WR: 0mJ  | all_ACT: 0mJ  | all_RD: 0mJ  | all_WR: 0mJ  | MAC: 0mJ  | Total: 0mJ | compute util: 0, memory util: 0, Op/B 0
		residual_1 | 1.2841us  | 76475 - 76476 | tensor(209, 16384) -> tensor(209, 16384) | ACT: 0mJ  | RD: 0mJ  | WR: 0mJ  | all_ACT: 0mJ  | all_RD: 0mJ  | all_WR: 0mJ  | MAC: 0mJ  | Total: 0mJ | compute util: 0, memory util: 0, Op/B 0
	decoder_67 | 1137.9us  | 76476 - 77614 | tensor(209, 16384) -> tensor(209, 16384) | ACT: 1.3378mJ  | RD: 41.766mJ  | WR: 0.22376mJ  | all_ACT: 0mJ  | all_RD: 0mJ  | all_WR: 0mJ  | MAC: 1007.7mJ  | Total: 43.327mJ | compute util: 0, memory util: 0, Op/B 2903.9
		input_layer_norm | 0.85811us  | 76476 - 76477 | tensor(209, 16384) -> tensor(209, 16384) | ACT: 0mJ  | RD: 0mJ  | WR: 0mJ  | all_ACT: 0mJ  | all_RD: 0mJ  | all_WR: 0mJ  | MAC: 0mJ  | Total: 0mJ | compute util: 0, memory util: 0, Op/B 0
		attention | 1047.4us  | 76477 - 77524 | tensor(209, 16384) -> tensor(209, 16384) | ACT: 1.2547mJ  | RD: 39.268mJ  | WR: 0.09888mJ  | all_ACT: 0mJ  | all_RD: 0mJ  | all_WR: 0mJ  | MAC: 999.85mJ  | Total: 40.621mJ | compute util: 0, memory util: 0, Op/B 3073
			attn_qkv_proj | 1.6227us  | 76477 - 76478 | tensor(209, 16384) -> tensor(209, 576) | ACT: 0.011519mJ  | RD: 0.35834mJ  | WR: 0.0034214mJ  | all_ACT: 0mJ  | all_RD: 0mJ  | all_WR: 0mJ  | MAC: 0.90729mJ  | Total: 0.37328mJ | compute util: 0, memory util: 0, Op/B 303.87
				Linear | 1.6227us  | 76477 - 76478 | tensor(209, 16384) -> tensor(209, 576) | ACT: 0.011519mJ  | RD: 0.35834mJ  | WR: 0.0034214mJ  | all_ACT: 0mJ  | all_RD: 0mJ  | all_WR: 0mJ  | MAC: 0.90729mJ  | Total: 0.37328mJ | compute util: 0.54021, memory util: 1, Op/B 303.87, GPU
			self_attention | 969.9us  | 76478 - 77448 | tensor(209, 576) -> tensor(209, 512) | ACT: 1.2326mJ  | RD: 38.672mJ  | WR: 0mJ  | all_ACT: 0mJ  | all_RD: 0mJ  | all_WR: 0mJ  | MAC: 998.14mJ  | Total: 39.905mJ | compute util: 0, memory util: 0, Op/B 3122.7
				AttentionSplit | 0us  | 76478 - 76478 | tensor(209, 576) -> tensor(0, 768) tensor(209, 768) | ACT: 0mJ  | RD: 0mJ  | WR: 0mJ  | all_ACT: 0mJ  | all_RD: 0mJ  | all_WR: 0mJ  | MAC: 0mJ  | Total: 0mJ | compute util: 0, memory util: 0, Op/B 0
				AttentionSum | 0us  | 76478 - 76478 | tensor(0, 768) -> tensor(0, 2048) | ACT: 0mJ  | RD: 0mJ  | WR: 0mJ  | all_ACT: 0mJ  | all_RD: 0mJ  | all_WR: 0mJ  | MAC: 0mJ  | Total: 0mJ | compute util: 0, memory util: 0, Op/B 0, GPU
				AttentionGen | 964.39us  | 76478 - 77443 | tensor(209, 768) -> tensor(209, 2048) | ACT: 1.2326mJ  | RD: 38.672mJ  | WR: 0mJ  | all_ACT: 0mJ  | all_RD: 0mJ  | all_WR: 0mJ  | MAC: 998.14mJ  | Total: 39.905mJ | compute util: 1, memory util: 0.18013, Op/B 3122.7, GPU
				context_merge | 5.5134us  | 77443 - 77448 | tensor(209, 2048) -> tensor(209, 2048) | ACT: 0mJ  | RD: 0mJ  | WR: 0mJ  | all_ACT: 0mJ  | all_RD: 0mJ  | all_WR: 0mJ  | MAC: 0mJ  | Total: 0mJ | compute util: 0, memory util: 0, Op/B 0
				AttentionMerge | 0us  | 77448 - 77448 | tensor(0, 2048) tensor(209, 2048) -> tensor(209, 512) | ACT: 0mJ  | RD: 0mJ  | WR: 0mJ  | all_ACT: 0mJ  | all_RD: 0mJ  | all_WR: 0mJ  | MAC: 0mJ  | Total: 0mJ | compute util: 0, memory util: 0, Op/B 0
			attn_o_proj | 1.49us  | 77448 - 77450 | tensor(209, 512) -> tensor(209, 16384) | ACT: 0.010588mJ  | RD: 0.23688mJ  | WR: 0.095458mJ  | all_ACT: 0mJ  | all_RD: 0mJ  | all_WR: 0mJ  | MAC: 0.80648mJ  | Total: 0.34292mJ | compute util: 0, memory util: 0, Op/B 294.17
				Linear | 1.49us  | 77448 - 77450 | tensor(209, 512) -> tensor(209, 16384) | ACT: 0.010588mJ  | RD: 0.23688mJ  | WR: 0.095458mJ  | all_ACT: 0mJ  | all_RD: 0mJ  | all_WR: 0mJ  | MAC: 0.80648mJ  | Total: 0.34292mJ | compute util: 0.52296, memory util: 1, Op/B 294.17, GPU
			all_reduce | 74.405us  | 77450 - 77524 | tensor(209, 16384) -> tensor(209, 16384) | ACT: 0mJ  | RD: 0mJ  | WR: 0mJ  | all_ACT: 0mJ  | all_RD: 0mJ  | all_WR: 0mJ  | MAC: 0mJ  | Total: 0mJ | compute util: 0, memory util: 0, Op/B 0
		residual_1 | 1.2841us  | 77524 - 77525 | tensor(209, 16384) -> tensor(209, 16384) | ACT: 0mJ  | RD: 0mJ  | WR: 0mJ  | all_ACT: 0mJ  | all_RD: 0mJ  | all_WR: 0mJ  | MAC: 0mJ  | Total: 0mJ | compute util: 0, memory util: 0, Op/B 0
		post_attn_layer_norm | 0.85811us  | 77525 - 77526 | tensor(209, 16384) -> tensor(209, 16384) | ACT: 0mJ  | RD: 0mJ  | WR: 0mJ  | all_ACT: 0mJ  | all_RD: 0mJ  | all_WR: 0mJ  | MAC: 0mJ  | Total: 0mJ | compute util: 0, memory util: 0, Op/B 0
		feedforward | 11.769us  | 77526 - 77538 | tensor(209, 16384) -> tensor(209, 16384) | ACT: 0.083075mJ  | RD: 2.498mJ  | WR: 0.12488mJ  | all_ACT: 0mJ  | all_RD: 0mJ  | all_WR: 0mJ  | MAC: 7.8632mJ  | Total: 2.706mJ | compute util: 0, memory util: 0, Op/B 363.13
			gate_proj | 3.8794us  | 77526 - 77530 | tensor(209, 16384) -> tensor(209, 1664) | ACT: 0.027459mJ  | RD: 0.85468mJ  | WR: 0.0098081mJ  | all_ACT: 0mJ  | all_RD: 0mJ  | all_WR: 0mJ  | MAC: 2.6211mJ  | Total: 0.89194mJ | compute util: 0, memory util: 0, Op/B 367.2
				Linear | 3.8794us  | 77526 - 77530 | tensor(209, 16384) -> tensor(209, 1664) | ACT: 0.027459mJ  | RD: 0.85468mJ  | WR: 0.0098081mJ  | all_ACT: 0mJ  | all_RD: 0mJ  | all_WR: 0mJ  | MAC: 2.6211mJ  | Total: 0.89194mJ | compute util: 0.65279, memory util: 1, Op/B 367.2, GPU
			activation | 0.13042us  | 77530 - 77530 | tensor(209, 1664) -> tensor(209, 1664) | ACT: 0.00069811mJ  | RD: 0.019616mJ  | WR: 0.0098081mJ  | all_ACT: 0mJ  | all_RD: 0mJ  | all_WR: 0mJ  | MAC: 0mJ  | Total: 0.030122mJ | compute util: 0, memory util: 1, Op/B 0, GPU
			up_proj | 3.8794us  | 77530 - 77534 | tensor(209, 16384) -> tensor(209, 1664) | ACT: 0.027459mJ  | RD: 0.85468mJ  | WR: 0.0098081mJ  | all_ACT: 0mJ  | all_RD: 0mJ  | all_WR: 0mJ  | MAC: 2.6211mJ  | Total: 0.89194mJ | compute util: 0, memory util: 0, Op/B 367.2
				Linear | 3.8794us  | 77530 - 77534 | tensor(209, 16384) -> tensor(209, 1664) | ACT: 0.027459mJ  | RD: 0.85468mJ  | WR: 0.0098081mJ  | all_ACT: 0mJ  | all_RD: 0mJ  | all_WR: 0mJ  | MAC: 2.6211mJ  | Total: 0.89194mJ | compute util: 0.65279, memory util: 1, Op/B 367.2, GPU
			down_proj | 3.8794us  | 77534 - 77538 | tensor(209, 1664) -> tensor(209, 16384) | ACT: 0.027459mJ  | RD: 0.76903mJ  | WR: 0.095458mJ  | all_ACT: 0mJ  | all_RD: 0mJ  | all_WR: 0mJ  | MAC: 2.6211mJ  | Total: 0.89194mJ | compute util: 0, memory util: 0, Op/B 367.2
				Linear | 3.8794us  | 77534 - 77538 | tensor(209, 1664) -> tensor(209, 16384) | ACT: 0.027459mJ  | RD: 0.76903mJ  | WR: 0.095458mJ  | all_ACT: 0mJ  | all_RD: 0mJ  | all_WR: 0mJ  | MAC: 2.6211mJ  | Total: 0.89194mJ | compute util: 0.65279, memory util: 1, Op/B 367.2, GPU
		all_reduce | 74.405us  | 77538 - 77612 | tensor(209, 16384) -> tensor(209, 16384) | ACT: 0mJ  | RD: 0mJ  | WR: 0mJ  | all_ACT: 0mJ  | all_RD: 0mJ  | all_WR: 0mJ  | MAC: 0mJ  | Total: 0mJ | compute util: 0, memory util: 0, Op/B 0
		residual_1 | 1.2841us  | 77612 - 77614 | tensor(209, 16384) -> tensor(209, 16384) | ACT: 0mJ  | RD: 0mJ  | WR: 0mJ  | all_ACT: 0mJ  | all_RD: 0mJ  | all_WR: 0mJ  | MAC: 0mJ  | Total: 0mJ | compute util: 0, memory util: 0, Op/B 0
	decoder_68 | 1144.9us  | 77614 - 78759 | tensor(209, 16384) -> tensor(209, 16384) | ACT: 1.3378mJ  | RD: 41.766mJ  | WR: 0.22376mJ  | all_ACT: 0mJ  | all_RD: 0mJ  | all_WR: 0mJ  | MAC: 1007.7mJ  | Total: 43.327mJ | compute util: 0, memory util: 0, Op/B 2903.9
		input_layer_norm | 0.85811us  | 77614 - 77615 | tensor(209, 16384) -> tensor(209, 16384) | ACT: 0mJ  | RD: 0mJ  | WR: 0mJ  | all_ACT: 0mJ  | all_RD: 0mJ  | all_WR: 0mJ  | MAC: 0mJ  | Total: 0mJ | compute util: 0, memory util: 0, Op/B 0
		attention | 1054.4us  | 77615 - 78669 | tensor(209, 16384) -> tensor(209, 16384) | ACT: 1.2547mJ  | RD: 39.268mJ  | WR: 0.09888mJ  | all_ACT: 0mJ  | all_RD: 0mJ  | all_WR: 0mJ  | MAC: 999.85mJ  | Total: 40.621mJ | compute util: 0, memory util: 0, Op/B 3073
			attn_qkv_proj | 1.6227us  | 77615 - 77616 | tensor(209, 16384) -> tensor(209, 576) | ACT: 0.011519mJ  | RD: 0.35834mJ  | WR: 0.0034214mJ  | all_ACT: 0mJ  | all_RD: 0mJ  | all_WR: 0mJ  | MAC: 0.90729mJ  | Total: 0.37328mJ | compute util: 0, memory util: 0, Op/B 303.87
				Linear | 1.6227us  | 77615 - 77616 | tensor(209, 16384) -> tensor(209, 576) | ACT: 0.011519mJ  | RD: 0.35834mJ  | WR: 0.0034214mJ  | all_ACT: 0mJ  | all_RD: 0mJ  | all_WR: 0mJ  | MAC: 0.90729mJ  | Total: 0.37328mJ | compute util: 0.54021, memory util: 1, Op/B 303.87, GPU
			self_attention | 976.9us  | 77616 - 78593 | tensor(209, 576) -> tensor(209, 512) | ACT: 1.2326mJ  | RD: 38.672mJ  | WR: 0mJ  | all_ACT: 0mJ  | all_RD: 0mJ  | all_WR: 0mJ  | MAC: 998.14mJ  | Total: 39.905mJ | compute util: 0, memory util: 0, Op/B 3122.7
				AttentionSplit | 0us  | 77616 - 77616 | tensor(209, 576) -> tensor(0, 768) tensor(209, 768) | ACT: 0mJ  | RD: 0mJ  | WR: 0mJ  | all_ACT: 0mJ  | all_RD: 0mJ  | all_WR: 0mJ  | MAC: 0mJ  | Total: 0mJ | compute util: 0, memory util: 0, Op/B 0
				AttentionSum | 0us  | 77616 - 77616 | tensor(0, 768) -> tensor(0, 2048) | ACT: 0mJ  | RD: 0mJ  | WR: 0mJ  | all_ACT: 0mJ  | all_RD: 0mJ  | all_WR: 0mJ  | MAC: 0mJ  | Total: 0mJ | compute util: 0, memory util: 0, Op/B 0, GPU
				AttentionGen | 964.39us  | 77616 - 78581 | tensor(209, 768) -> tensor(209, 2048) | ACT: 1.2326mJ  | RD: 38.672mJ  | WR: 0mJ  | all_ACT: 0mJ  | all_RD: 0mJ  | all_WR: 0mJ  | MAC: 998.14mJ  | Total: 39.905mJ | compute util: 1, memory util: 0.18013, Op/B 3122.7, GPU
				context_merge | 12.517us  | 78581 - 78593 | tensor(209, 2048) -> tensor(209, 2048) | ACT: 0mJ  | RD: 0mJ  | WR: 0mJ  | all_ACT: 0mJ  | all_RD: 0mJ  | all_WR: 0mJ  | MAC: 0mJ  | Total: 0mJ | compute util: 0, memory util: 0, Op/B 0
				AttentionMerge | 0us  | 78593 - 78593 | tensor(0, 2048) tensor(209, 2048) -> tensor(209, 512) | ACT: 0mJ  | RD: 0mJ  | WR: 0mJ  | all_ACT: 0mJ  | all_RD: 0mJ  | all_WR: 0mJ  | MAC: 0mJ  | Total: 0mJ | compute util: 0, memory util: 0, Op/B 0
			attn_o_proj | 1.49us  | 78593 - 78595 | tensor(209, 512) -> tensor(209, 16384) | ACT: 0.010588mJ  | RD: 0.23688mJ  | WR: 0.095458mJ  | all_ACT: 0mJ  | all_RD: 0mJ  | all_WR: 0mJ  | MAC: 0.80648mJ  | Total: 0.34292mJ | compute util: 0, memory util: 0, Op/B 294.17
				Linear | 1.49us  | 78593 - 78595 | tensor(209, 512) -> tensor(209, 16384) | ACT: 0.010588mJ  | RD: 0.23688mJ  | WR: 0.095458mJ  | all_ACT: 0mJ  | all_RD: 0mJ  | all_WR: 0mJ  | MAC: 0.80648mJ  | Total: 0.34292mJ | compute util: 0.52296, memory util: 1, Op/B 294.17, GPU
			all_reduce | 74.405us  | 78595 - 78669 | tensor(209, 16384) -> tensor(209, 16384) | ACT: 0mJ  | RD: 0mJ  | WR: 0mJ  | all_ACT: 0mJ  | all_RD: 0mJ  | all_WR: 0mJ  | MAC: 0mJ  | Total: 0mJ | compute util: 0, memory util: 0, Op/B 0
		residual_1 | 1.2841us  | 78669 - 78670 | tensor(209, 16384) -> tensor(209, 16384) | ACT: 0mJ  | RD: 0mJ  | WR: 0mJ  | all_ACT: 0mJ  | all_RD: 0mJ  | all_WR: 0mJ  | MAC: 0mJ  | Total: 0mJ | compute util: 0, memory util: 0, Op/B 0
		post_attn_layer_norm | 0.85811us  | 78670 - 78671 | tensor(209, 16384) -> tensor(209, 16384) | ACT: 0mJ  | RD: 0mJ  | WR: 0mJ  | all_ACT: 0mJ  | all_RD: 0mJ  | all_WR: 0mJ  | MAC: 0mJ  | Total: 0mJ | compute util: 0, memory util: 0, Op/B 0
		feedforward | 11.769us  | 78671 - 78683 | tensor(209, 16384) -> tensor(209, 16384) | ACT: 0.083075mJ  | RD: 2.498mJ  | WR: 0.12488mJ  | all_ACT: 0mJ  | all_RD: 0mJ  | all_WR: 0mJ  | MAC: 7.8632mJ  | Total: 2.706mJ | compute util: 0, memory util: 0, Op/B 363.13
			gate_proj | 3.8794us  | 78671 - 78675 | tensor(209, 16384) -> tensor(209, 1664) | ACT: 0.027459mJ  | RD: 0.85468mJ  | WR: 0.0098081mJ  | all_ACT: 0mJ  | all_RD: 0mJ  | all_WR: 0mJ  | MAC: 2.6211mJ  | Total: 0.89194mJ | compute util: 0, memory util: 0, Op/B 367.2
				Linear | 3.8794us  | 78671 - 78675 | tensor(209, 16384) -> tensor(209, 1664) | ACT: 0.027459mJ  | RD: 0.85468mJ  | WR: 0.0098081mJ  | all_ACT: 0mJ  | all_RD: 0mJ  | all_WR: 0mJ  | MAC: 2.6211mJ  | Total: 0.89194mJ | compute util: 0.65279, memory util: 1, Op/B 367.2, GPU
			activation | 0.13042us  | 78675 - 78675 | tensor(209, 1664) -> tensor(209, 1664) | ACT: 0.00069811mJ  | RD: 0.019616mJ  | WR: 0.0098081mJ  | all_ACT: 0mJ  | all_RD: 0mJ  | all_WR: 0mJ  | MAC: 0mJ  | Total: 0.030122mJ | compute util: 0, memory util: 1, Op/B 0, GPU
			up_proj | 3.8794us  | 78675 - 78679 | tensor(209, 16384) -> tensor(209, 1664) | ACT: 0.027459mJ  | RD: 0.85468mJ  | WR: 0.0098081mJ  | all_ACT: 0mJ  | all_RD: 0mJ  | all_WR: 0mJ  | MAC: 2.6211mJ  | Total: 0.89194mJ | compute util: 0, memory util: 0, Op/B 367.2
				Linear | 3.8794us  | 78675 - 78679 | tensor(209, 16384) -> tensor(209, 1664) | ACT: 0.027459mJ  | RD: 0.85468mJ  | WR: 0.0098081mJ  | all_ACT: 0mJ  | all_RD: 0mJ  | all_WR: 0mJ  | MAC: 2.6211mJ  | Total: 0.89194mJ | compute util: 0.65279, memory util: 1, Op/B 367.2, GPU
			down_proj | 3.8794us  | 78679 - 78683 | tensor(209, 1664) -> tensor(209, 16384) | ACT: 0.027459mJ  | RD: 0.76903mJ  | WR: 0.095458mJ  | all_ACT: 0mJ  | all_RD: 0mJ  | all_WR: 0mJ  | MAC: 2.6211mJ  | Total: 0.89194mJ | compute util: 0, memory util: 0, Op/B 367.2
				Linear | 3.8794us  | 78679 - 78683 | tensor(209, 1664) -> tensor(209, 16384) | ACT: 0.027459mJ  | RD: 0.76903mJ  | WR: 0.095458mJ  | all_ACT: 0mJ  | all_RD: 0mJ  | all_WR: 0mJ  | MAC: 2.6211mJ  | Total: 0.89194mJ | compute util: 0.65279, memory util: 1, Op/B 367.2, GPU
		all_reduce | 74.405us  | 78683 - 78757 | tensor(209, 16384) -> tensor(209, 16384) | ACT: 0mJ  | RD: 0mJ  | WR: 0mJ  | all_ACT: 0mJ  | all_RD: 0mJ  | all_WR: 0mJ  | MAC: 0mJ  | Total: 0mJ | compute util: 0, memory util: 0, Op/B 0
		residual_1 | 1.2841us  | 78757 - 78759 | tensor(209, 16384) -> tensor(209, 16384) | ACT: 0mJ  | RD: 0mJ  | WR: 0mJ  | all_ACT: 0mJ  | all_RD: 0mJ  | all_WR: 0mJ  | MAC: 0mJ  | Total: 0mJ | compute util: 0, memory util: 0, Op/B 0
	decoder_69 | 1137.9us  | 78759 - 79896 | tensor(209, 16384) -> tensor(209, 16384) | ACT: 1.3378mJ  | RD: 41.766mJ  | WR: 0.22376mJ  | all_ACT: 0mJ  | all_RD: 0mJ  | all_WR: 0mJ  | MAC: 1007.7mJ  | Total: 43.327mJ | compute util: 0, memory util: 0, Op/B 2903.9
		input_layer_norm | 0.85811us  | 78759 - 78759 | tensor(209, 16384) -> tensor(209, 16384) | ACT: 0mJ  | RD: 0mJ  | WR: 0mJ  | all_ACT: 0mJ  | all_RD: 0mJ  | all_WR: 0mJ  | MAC: 0mJ  | Total: 0mJ | compute util: 0, memory util: 0, Op/B 0
		attention | 1047.4us  | 78759 - 79807 | tensor(209, 16384) -> tensor(209, 16384) | ACT: 1.2547mJ  | RD: 39.268mJ  | WR: 0.09888mJ  | all_ACT: 0mJ  | all_RD: 0mJ  | all_WR: 0mJ  | MAC: 999.85mJ  | Total: 40.621mJ | compute util: 0, memory util: 0, Op/B 3073
			attn_qkv_proj | 1.6227us  | 78759 - 78761 | tensor(209, 16384) -> tensor(209, 576) | ACT: 0.011519mJ  | RD: 0.35834mJ  | WR: 0.0034214mJ  | all_ACT: 0mJ  | all_RD: 0mJ  | all_WR: 0mJ  | MAC: 0.90729mJ  | Total: 0.37328mJ | compute util: 0, memory util: 0, Op/B 303.87
				Linear | 1.6227us  | 78759 - 78761 | tensor(209, 16384) -> tensor(209, 576) | ACT: 0.011519mJ  | RD: 0.35834mJ  | WR: 0.0034214mJ  | all_ACT: 0mJ  | all_RD: 0mJ  | all_WR: 0mJ  | MAC: 0.90729mJ  | Total: 0.37328mJ | compute util: 0.54021, memory util: 1, Op/B 303.87, GPU
			self_attention | 969.9us  | 78761 - 79731 | tensor(209, 576) -> tensor(209, 512) | ACT: 1.2326mJ  | RD: 38.672mJ  | WR: 0mJ  | all_ACT: 0mJ  | all_RD: 0mJ  | all_WR: 0mJ  | MAC: 998.14mJ  | Total: 39.905mJ | compute util: 0, memory util: 0, Op/B 3122.7
				AttentionSplit | 0us  | 78761 - 78761 | tensor(209, 576) -> tensor(0, 768) tensor(209, 768) | ACT: 0mJ  | RD: 0mJ  | WR: 0mJ  | all_ACT: 0mJ  | all_RD: 0mJ  | all_WR: 0mJ  | MAC: 0mJ  | Total: 0mJ | compute util: 0, memory util: 0, Op/B 0
				AttentionSum | 0us  | 78761 - 78761 | tensor(0, 768) -> tensor(0, 2048) | ACT: 0mJ  | RD: 0mJ  | WR: 0mJ  | all_ACT: 0mJ  | all_RD: 0mJ  | all_WR: 0mJ  | MAC: 0mJ  | Total: 0mJ | compute util: 0, memory util: 0, Op/B 0, GPU
				AttentionGen | 964.39us  | 78761 - 79725 | tensor(209, 768) -> tensor(209, 2048) | ACT: 1.2326mJ  | RD: 38.672mJ  | WR: 0mJ  | all_ACT: 0mJ  | all_RD: 0mJ  | all_WR: 0mJ  | MAC: 998.14mJ  | Total: 39.905mJ | compute util: 1, memory util: 0.18013, Op/B 3122.7, GPU
				context_merge | 5.5134us  | 79725 - 79731 | tensor(209, 2048) -> tensor(209, 2048) | ACT: 0mJ  | RD: 0mJ  | WR: 0mJ  | all_ACT: 0mJ  | all_RD: 0mJ  | all_WR: 0mJ  | MAC: 0mJ  | Total: 0mJ | compute util: 0, memory util: 0, Op/B 0
				AttentionMerge | 0us  | 79731 - 79731 | tensor(0, 2048) tensor(209, 2048) -> tensor(209, 512) | ACT: 0mJ  | RD: 0mJ  | WR: 0mJ  | all_ACT: 0mJ  | all_RD: 0mJ  | all_WR: 0mJ  | MAC: 0mJ  | Total: 0mJ | compute util: 0, memory util: 0, Op/B 0
			attn_o_proj | 1.49us  | 79731 - 79732 | tensor(209, 512) -> tensor(209, 16384) | ACT: 0.010588mJ  | RD: 0.23688mJ  | WR: 0.095458mJ  | all_ACT: 0mJ  | all_RD: 0mJ  | all_WR: 0mJ  | MAC: 0.80648mJ  | Total: 0.34292mJ | compute util: 0, memory util: 0, Op/B 294.17
				Linear | 1.49us  | 79731 - 79732 | tensor(209, 512) -> tensor(209, 16384) | ACT: 0.010588mJ  | RD: 0.23688mJ  | WR: 0.095458mJ  | all_ACT: 0mJ  | all_RD: 0mJ  | all_WR: 0mJ  | MAC: 0.80648mJ  | Total: 0.34292mJ | compute util: 0.52296, memory util: 1, Op/B 294.17, GPU
			all_reduce | 74.405us  | 79732 - 79807 | tensor(209, 16384) -> tensor(209, 16384) | ACT: 0mJ  | RD: 0mJ  | WR: 0mJ  | all_ACT: 0mJ  | all_RD: 0mJ  | all_WR: 0mJ  | MAC: 0mJ  | Total: 0mJ | compute util: 0, memory util: 0, Op/B 0
		residual_1 | 1.2841us  | 79807 - 79808 | tensor(209, 16384) -> tensor(209, 16384) | ACT: 0mJ  | RD: 0mJ  | WR: 0mJ  | all_ACT: 0mJ  | all_RD: 0mJ  | all_WR: 0mJ  | MAC: 0mJ  | Total: 0mJ | compute util: 0, memory util: 0, Op/B 0
		post_attn_layer_norm | 0.85811us  | 79808 - 79809 | tensor(209, 16384) -> tensor(209, 16384) | ACT: 0mJ  | RD: 0mJ  | WR: 0mJ  | all_ACT: 0mJ  | all_RD: 0mJ  | all_WR: 0mJ  | MAC: 0mJ  | Total: 0mJ | compute util: 0, memory util: 0, Op/B 0
		feedforward | 11.769us  | 79809 - 79821 | tensor(209, 16384) -> tensor(209, 16384) | ACT: 0.083075mJ  | RD: 2.498mJ  | WR: 0.12488mJ  | all_ACT: 0mJ  | all_RD: 0mJ  | all_WR: 0mJ  | MAC: 7.8632mJ  | Total: 2.706mJ | compute util: 0, memory util: 0, Op/B 363.13
			gate_proj | 3.8794us  | 79809 - 79813 | tensor(209, 16384) -> tensor(209, 1664) | ACT: 0.027459mJ  | RD: 0.85468mJ  | WR: 0.0098081mJ  | all_ACT: 0mJ  | all_RD: 0mJ  | all_WR: 0mJ  | MAC: 2.6211mJ  | Total: 0.89194mJ | compute util: 0, memory util: 0, Op/B 367.2
				Linear | 3.8794us  | 79809 - 79813 | tensor(209, 16384) -> tensor(209, 1664) | ACT: 0.027459mJ  | RD: 0.85468mJ  | WR: 0.0098081mJ  | all_ACT: 0mJ  | all_RD: 0mJ  | all_WR: 0mJ  | MAC: 2.6211mJ  | Total: 0.89194mJ | compute util: 0.65279, memory util: 1, Op/B 367.2, GPU
			activation | 0.13042us  | 79813 - 79813 | tensor(209, 1664) -> tensor(209, 1664) | ACT: 0.00069811mJ  | RD: 0.019616mJ  | WR: 0.0098081mJ  | all_ACT: 0mJ  | all_RD: 0mJ  | all_WR: 0mJ  | MAC: 0mJ  | Total: 0.030122mJ | compute util: 0, memory util: 1, Op/B 0, GPU
			up_proj | 3.8794us  | 79813 - 79817 | tensor(209, 16384) -> tensor(209, 1664) | ACT: 0.027459mJ  | RD: 0.85468mJ  | WR: 0.0098081mJ  | all_ACT: 0mJ  | all_RD: 0mJ  | all_WR: 0mJ  | MAC: 2.6211mJ  | Total: 0.89194mJ | compute util: 0, memory util: 0, Op/B 367.2
				Linear | 3.8794us  | 79813 - 79817 | tensor(209, 16384) -> tensor(209, 1664) | ACT: 0.027459mJ  | RD: 0.85468mJ  | WR: 0.0098081mJ  | all_ACT: 0mJ  | all_RD: 0mJ  | all_WR: 0mJ  | MAC: 2.6211mJ  | Total: 0.89194mJ | compute util: 0.65279, memory util: 1, Op/B 367.2, GPU
			down_proj | 3.8794us  | 79817 - 79821 | tensor(209, 1664) -> tensor(209, 16384) | ACT: 0.027459mJ  | RD: 0.76903mJ  | WR: 0.095458mJ  | all_ACT: 0mJ  | all_RD: 0mJ  | all_WR: 0mJ  | MAC: 2.6211mJ  | Total: 0.89194mJ | compute util: 0, memory util: 0, Op/B 367.2
				Linear | 3.8794us  | 79817 - 79821 | tensor(209, 1664) -> tensor(209, 16384) | ACT: 0.027459mJ  | RD: 0.76903mJ  | WR: 0.095458mJ  | all_ACT: 0mJ  | all_RD: 0mJ  | all_WR: 0mJ  | MAC: 2.6211mJ  | Total: 0.89194mJ | compute util: 0.65279, memory util: 1, Op/B 367.2, GPU
		all_reduce | 74.405us  | 79821 - 79895 | tensor(209, 16384) -> tensor(209, 16384) | ACT: 0mJ  | RD: 0mJ  | WR: 0mJ  | all_ACT: 0mJ  | all_RD: 0mJ  | all_WR: 0mJ  | MAC: 0mJ  | Total: 0mJ | compute util: 0, memory util: 0, Op/B 0
		residual_1 | 1.2841us  | 79895 - 79896 | tensor(209, 16384) -> tensor(209, 16384) | ACT: 0mJ  | RD: 0mJ  | WR: 0mJ  | all_ACT: 0mJ  | all_RD: 0mJ  | all_WR: 0mJ  | MAC: 0mJ  | Total: 0mJ | compute util: 0, memory util: 0, Op/B 0
	decoder_70 | 1144.9us  | 79896 - 81041 | tensor(209, 16384) -> tensor(209, 16384) | ACT: 1.3378mJ  | RD: 41.766mJ  | WR: 0.22376mJ  | all_ACT: 0mJ  | all_RD: 0mJ  | all_WR: 0mJ  | MAC: 1007.7mJ  | Total: 43.327mJ | compute util: 0, memory util: 0, Op/B 2903.9
		input_layer_norm | 0.85811us  | 79896 - 79897 | tensor(209, 16384) -> tensor(209, 16384) | ACT: 0mJ  | RD: 0mJ  | WR: 0mJ  | all_ACT: 0mJ  | all_RD: 0mJ  | all_WR: 0mJ  | MAC: 0mJ  | Total: 0mJ | compute util: 0, memory util: 0, Op/B 0
		attention | 1054.4us  | 79897 - 80952 | tensor(209, 16384) -> tensor(209, 16384) | ACT: 1.2547mJ  | RD: 39.268mJ  | WR: 0.09888mJ  | all_ACT: 0mJ  | all_RD: 0mJ  | all_WR: 0mJ  | MAC: 999.85mJ  | Total: 40.621mJ | compute util: 0, memory util: 0, Op/B 3073
			attn_qkv_proj | 1.6227us  | 79897 - 79899 | tensor(209, 16384) -> tensor(209, 576) | ACT: 0.011519mJ  | RD: 0.35834mJ  | WR: 0.0034214mJ  | all_ACT: 0mJ  | all_RD: 0mJ  | all_WR: 0mJ  | MAC: 0.90729mJ  | Total: 0.37328mJ | compute util: 0, memory util: 0, Op/B 303.87
				Linear | 1.6227us  | 79897 - 79899 | tensor(209, 16384) -> tensor(209, 576) | ACT: 0.011519mJ  | RD: 0.35834mJ  | WR: 0.0034214mJ  | all_ACT: 0mJ  | all_RD: 0mJ  | all_WR: 0mJ  | MAC: 0.90729mJ  | Total: 0.37328mJ | compute util: 0.54021, memory util: 1, Op/B 303.87, GPU
			self_attention | 976.9us  | 79899 - 80876 | tensor(209, 576) -> tensor(209, 512) | ACT: 1.2326mJ  | RD: 38.672mJ  | WR: 0mJ  | all_ACT: 0mJ  | all_RD: 0mJ  | all_WR: 0mJ  | MAC: 998.14mJ  | Total: 39.905mJ | compute util: 0, memory util: 0, Op/B 3122.7
				AttentionSplit | 0us  | 79899 - 79899 | tensor(209, 576) -> tensor(0, 768) tensor(209, 768) | ACT: 0mJ  | RD: 0mJ  | WR: 0mJ  | all_ACT: 0mJ  | all_RD: 0mJ  | all_WR: 0mJ  | MAC: 0mJ  | Total: 0mJ | compute util: 0, memory util: 0, Op/B 0
				AttentionSum | 0us  | 79899 - 79899 | tensor(0, 768) -> tensor(0, 2048) | ACT: 0mJ  | RD: 0mJ  | WR: 0mJ  | all_ACT: 0mJ  | all_RD: 0mJ  | all_WR: 0mJ  | MAC: 0mJ  | Total: 0mJ | compute util: 0, memory util: 0, Op/B 0, GPU
				AttentionGen | 964.39us  | 79899 - 80863 | tensor(209, 768) -> tensor(209, 2048) | ACT: 1.2326mJ  | RD: 38.672mJ  | WR: 0mJ  | all_ACT: 0mJ  | all_RD: 0mJ  | all_WR: 0mJ  | MAC: 998.14mJ  | Total: 39.905mJ | compute util: 1, memory util: 0.18013, Op/B 3122.7, GPU
				context_merge | 12.517us  | 80863 - 80876 | tensor(209, 2048) -> tensor(209, 2048) | ACT: 0mJ  | RD: 0mJ  | WR: 0mJ  | all_ACT: 0mJ  | all_RD: 0mJ  | all_WR: 0mJ  | MAC: 0mJ  | Total: 0mJ | compute util: 0, memory util: 0, Op/B 0
				AttentionMerge | 0us  | 80876 - 80876 | tensor(0, 2048) tensor(209, 2048) -> tensor(209, 512) | ACT: 0mJ  | RD: 0mJ  | WR: 0mJ  | all_ACT: 0mJ  | all_RD: 0mJ  | all_WR: 0mJ  | MAC: 0mJ  | Total: 0mJ | compute util: 0, memory util: 0, Op/B 0
			attn_o_proj | 1.49us  | 80876 - 80877 | tensor(209, 512) -> tensor(209, 16384) | ACT: 0.010588mJ  | RD: 0.23688mJ  | WR: 0.095458mJ  | all_ACT: 0mJ  | all_RD: 0mJ  | all_WR: 0mJ  | MAC: 0.80648mJ  | Total: 0.34292mJ | compute util: 0, memory util: 0, Op/B 294.17
				Linear | 1.49us  | 80876 - 80877 | tensor(209, 512) -> tensor(209, 16384) | ACT: 0.010588mJ  | RD: 0.23688mJ  | WR: 0.095458mJ  | all_ACT: 0mJ  | all_RD: 0mJ  | all_WR: 0mJ  | MAC: 0.80648mJ  | Total: 0.34292mJ | compute util: 0.52296, memory util: 1, Op/B 294.17, GPU
			all_reduce | 74.405us  | 80877 - 80952 | tensor(209, 16384) -> tensor(209, 16384) | ACT: 0mJ  | RD: 0mJ  | WR: 0mJ  | all_ACT: 0mJ  | all_RD: 0mJ  | all_WR: 0mJ  | MAC: 0mJ  | Total: 0mJ | compute util: 0, memory util: 0, Op/B 0
		residual_1 | 1.2841us  | 80952 - 80953 | tensor(209, 16384) -> tensor(209, 16384) | ACT: 0mJ  | RD: 0mJ  | WR: 0mJ  | all_ACT: 0mJ  | all_RD: 0mJ  | all_WR: 0mJ  | MAC: 0mJ  | Total: 0mJ | compute util: 0, memory util: 0, Op/B 0
		post_attn_layer_norm | 0.85811us  | 80953 - 80954 | tensor(209, 16384) -> tensor(209, 16384) | ACT: 0mJ  | RD: 0mJ  | WR: 0mJ  | all_ACT: 0mJ  | all_RD: 0mJ  | all_WR: 0mJ  | MAC: 0mJ  | Total: 0mJ | compute util: 0, memory util: 0, Op/B 0
		feedforward | 11.769us  | 80954 - 80966 | tensor(209, 16384) -> tensor(209, 16384) | ACT: 0.083075mJ  | RD: 2.498mJ  | WR: 0.12488mJ  | all_ACT: 0mJ  | all_RD: 0mJ  | all_WR: 0mJ  | MAC: 7.8632mJ  | Total: 2.706mJ | compute util: 0, memory util: 0, Op/B 363.13
			gate_proj | 3.8794us  | 80954 - 80958 | tensor(209, 16384) -> tensor(209, 1664) | ACT: 0.027459mJ  | RD: 0.85468mJ  | WR: 0.0098081mJ  | all_ACT: 0mJ  | all_RD: 0mJ  | all_WR: 0mJ  | MAC: 2.6211mJ  | Total: 0.89194mJ | compute util: 0, memory util: 0, Op/B 367.2
				Linear | 3.8794us  | 80954 - 80958 | tensor(209, 16384) -> tensor(209, 1664) | ACT: 0.027459mJ  | RD: 0.85468mJ  | WR: 0.0098081mJ  | all_ACT: 0mJ  | all_RD: 0mJ  | all_WR: 0mJ  | MAC: 2.6211mJ  | Total: 0.89194mJ | compute util: 0.65279, memory util: 1, Op/B 367.2, GPU
			activation | 0.13042us  | 80958 - 80958 | tensor(209, 1664) -> tensor(209, 1664) | ACT: 0.00069811mJ  | RD: 0.019616mJ  | WR: 0.0098081mJ  | all_ACT: 0mJ  | all_RD: 0mJ  | all_WR: 0mJ  | MAC: 0mJ  | Total: 0.030122mJ | compute util: 0, memory util: 1, Op/B 0, GPU
			up_proj | 3.8794us  | 80958 - 80962 | tensor(209, 16384) -> tensor(209, 1664) | ACT: 0.027459mJ  | RD: 0.85468mJ  | WR: 0.0098081mJ  | all_ACT: 0mJ  | all_RD: 0mJ  | all_WR: 0mJ  | MAC: 2.6211mJ  | Total: 0.89194mJ | compute util: 0, memory util: 0, Op/B 367.2
				Linear | 3.8794us  | 80958 - 80962 | tensor(209, 16384) -> tensor(209, 1664) | ACT: 0.027459mJ  | RD: 0.85468mJ  | WR: 0.0098081mJ  | all_ACT: 0mJ  | all_RD: 0mJ  | all_WR: 0mJ  | MAC: 2.6211mJ  | Total: 0.89194mJ | compute util: 0.65279, memory util: 1, Op/B 367.2, GPU
			down_proj | 3.8794us  | 80962 - 80966 | tensor(209, 1664) -> tensor(209, 16384) | ACT: 0.027459mJ  | RD: 0.76903mJ  | WR: 0.095458mJ  | all_ACT: 0mJ  | all_RD: 0mJ  | all_WR: 0mJ  | MAC: 2.6211mJ  | Total: 0.89194mJ | compute util: 0, memory util: 0, Op/B 367.2
				Linear | 3.8794us  | 80962 - 80966 | tensor(209, 1664) -> tensor(209, 16384) | ACT: 0.027459mJ  | RD: 0.76903mJ  | WR: 0.095458mJ  | all_ACT: 0mJ  | all_RD: 0mJ  | all_WR: 0mJ  | MAC: 2.6211mJ  | Total: 0.89194mJ | compute util: 0.65279, memory util: 1, Op/B 367.2, GPU
		all_reduce | 74.405us  | 80966 - 81040 | tensor(209, 16384) -> tensor(209, 16384) | ACT: 0mJ  | RD: 0mJ  | WR: 0mJ  | all_ACT: 0mJ  | all_RD: 0mJ  | all_WR: 0mJ  | MAC: 0mJ  | Total: 0mJ | compute util: 0, memory util: 0, Op/B 0
		residual_1 | 1.2841us  | 81040 - 81041 | tensor(209, 16384) -> tensor(209, 16384) | ACT: 0mJ  | RD: 0mJ  | WR: 0mJ  | all_ACT: 0mJ  | all_RD: 0mJ  | all_WR: 0mJ  | MAC: 0mJ  | Total: 0mJ | compute util: 0, memory util: 0, Op/B 0
	decoder_71 | 1137.9us  | 81041 - 82179 | tensor(209, 16384) -> tensor(209, 16384) | ACT: 1.3378mJ  | RD: 41.766mJ  | WR: 0.22376mJ  | all_ACT: 0mJ  | all_RD: 0mJ  | all_WR: 0mJ  | MAC: 1007.7mJ  | Total: 43.327mJ | compute util: 0, memory util: 0, Op/B 2903.9
		input_layer_norm | 0.85811us  | 81041 - 81042 | tensor(209, 16384) -> tensor(209, 16384) | ACT: 0mJ  | RD: 0mJ  | WR: 0mJ  | all_ACT: 0mJ  | all_RD: 0mJ  | all_WR: 0mJ  | MAC: 0mJ  | Total: 0mJ | compute util: 0, memory util: 0, Op/B 0
		attention | 1047.4us  | 81042 - 82090 | tensor(209, 16384) -> tensor(209, 16384) | ACT: 1.2547mJ  | RD: 39.268mJ  | WR: 0.09888mJ  | all_ACT: 0mJ  | all_RD: 0mJ  | all_WR: 0mJ  | MAC: 999.85mJ  | Total: 40.621mJ | compute util: 0, memory util: 0, Op/B 3073
			attn_qkv_proj | 1.6227us  | 81042 - 81044 | tensor(209, 16384) -> tensor(209, 576) | ACT: 0.011519mJ  | RD: 0.35834mJ  | WR: 0.0034214mJ  | all_ACT: 0mJ  | all_RD: 0mJ  | all_WR: 0mJ  | MAC: 0.90729mJ  | Total: 0.37328mJ | compute util: 0, memory util: 0, Op/B 303.87
				Linear | 1.6227us  | 81042 - 81044 | tensor(209, 16384) -> tensor(209, 576) | ACT: 0.011519mJ  | RD: 0.35834mJ  | WR: 0.0034214mJ  | all_ACT: 0mJ  | all_RD: 0mJ  | all_WR: 0mJ  | MAC: 0.90729mJ  | Total: 0.37328mJ | compute util: 0.54021, memory util: 1, Op/B 303.87, GPU
			self_attention | 969.9us  | 81044 - 82014 | tensor(209, 576) -> tensor(209, 512) | ACT: 1.2326mJ  | RD: 38.672mJ  | WR: 0mJ  | all_ACT: 0mJ  | all_RD: 0mJ  | all_WR: 0mJ  | MAC: 998.14mJ  | Total: 39.905mJ | compute util: 0, memory util: 0, Op/B 3122.7
				AttentionSplit | 0us  | 81044 - 81044 | tensor(209, 576) -> tensor(0, 768) tensor(209, 768) | ACT: 0mJ  | RD: 0mJ  | WR: 0mJ  | all_ACT: 0mJ  | all_RD: 0mJ  | all_WR: 0mJ  | MAC: 0mJ  | Total: 0mJ | compute util: 0, memory util: 0, Op/B 0
				AttentionSum | 0us  | 81044 - 81044 | tensor(0, 768) -> tensor(0, 2048) | ACT: 0mJ  | RD: 0mJ  | WR: 0mJ  | all_ACT: 0mJ  | all_RD: 0mJ  | all_WR: 0mJ  | MAC: 0mJ  | Total: 0mJ | compute util: 0, memory util: 0, Op/B 0, GPU
				AttentionGen | 964.39us  | 81044 - 82008 | tensor(209, 768) -> tensor(209, 2048) | ACT: 1.2326mJ  | RD: 38.672mJ  | WR: 0mJ  | all_ACT: 0mJ  | all_RD: 0mJ  | all_WR: 0mJ  | MAC: 998.14mJ  | Total: 39.905mJ | compute util: 1, memory util: 0.18013, Op/B 3122.7, GPU
				context_merge | 5.5134us  | 82008 - 82014 | tensor(209, 2048) -> tensor(209, 2048) | ACT: 0mJ  | RD: 0mJ  | WR: 0mJ  | all_ACT: 0mJ  | all_RD: 0mJ  | all_WR: 0mJ  | MAC: 0mJ  | Total: 0mJ | compute util: 0, memory util: 0, Op/B 0
				AttentionMerge | 0us  | 82014 - 82014 | tensor(0, 2048) tensor(209, 2048) -> tensor(209, 512) | ACT: 0mJ  | RD: 0mJ  | WR: 0mJ  | all_ACT: 0mJ  | all_RD: 0mJ  | all_WR: 0mJ  | MAC: 0mJ  | Total: 0mJ | compute util: 0, memory util: 0, Op/B 0
			attn_o_proj | 1.49us  | 82014 - 82015 | tensor(209, 512) -> tensor(209, 16384) | ACT: 0.010588mJ  | RD: 0.23688mJ  | WR: 0.095458mJ  | all_ACT: 0mJ  | all_RD: 0mJ  | all_WR: 0mJ  | MAC: 0.80648mJ  | Total: 0.34292mJ | compute util: 0, memory util: 0, Op/B 294.17
				Linear | 1.49us  | 82014 - 82015 | tensor(209, 512) -> tensor(209, 16384) | ACT: 0.010588mJ  | RD: 0.23688mJ  | WR: 0.095458mJ  | all_ACT: 0mJ  | all_RD: 0mJ  | all_WR: 0mJ  | MAC: 0.80648mJ  | Total: 0.34292mJ | compute util: 0.52296, memory util: 1, Op/B 294.17, GPU
			all_reduce | 74.405us  | 82015 - 82090 | tensor(209, 16384) -> tensor(209, 16384) | ACT: 0mJ  | RD: 0mJ  | WR: 0mJ  | all_ACT: 0mJ  | all_RD: 0mJ  | all_WR: 0mJ  | MAC: 0mJ  | Total: 0mJ | compute util: 0, memory util: 0, Op/B 0
		residual_1 | 1.2841us  | 82090 - 82091 | tensor(209, 16384) -> tensor(209, 16384) | ACT: 0mJ  | RD: 0mJ  | WR: 0mJ  | all_ACT: 0mJ  | all_RD: 0mJ  | all_WR: 0mJ  | MAC: 0mJ  | Total: 0mJ | compute util: 0, memory util: 0, Op/B 0
		post_attn_layer_norm | 0.85811us  | 82091 - 82092 | tensor(209, 16384) -> tensor(209, 16384) | ACT: 0mJ  | RD: 0mJ  | WR: 0mJ  | all_ACT: 0mJ  | all_RD: 0mJ  | all_WR: 0mJ  | MAC: 0mJ  | Total: 0mJ | compute util: 0, memory util: 0, Op/B 0
		feedforward | 11.769us  | 82092 - 82104 | tensor(209, 16384) -> tensor(209, 16384) | ACT: 0.083075mJ  | RD: 2.498mJ  | WR: 0.12488mJ  | all_ACT: 0mJ  | all_RD: 0mJ  | all_WR: 0mJ  | MAC: 7.8632mJ  | Total: 2.706mJ | compute util: 0, memory util: 0, Op/B 363.13
			gate_proj | 3.8794us  | 82092 - 82096 | tensor(209, 16384) -> tensor(209, 1664) | ACT: 0.027459mJ  | RD: 0.85468mJ  | WR: 0.0098081mJ  | all_ACT: 0mJ  | all_RD: 0mJ  | all_WR: 0mJ  | MAC: 2.6211mJ  | Total: 0.89194mJ | compute util: 0, memory util: 0, Op/B 367.2
				Linear | 3.8794us  | 82092 - 82096 | tensor(209, 16384) -> tensor(209, 1664) | ACT: 0.027459mJ  | RD: 0.85468mJ  | WR: 0.0098081mJ  | all_ACT: 0mJ  | all_RD: 0mJ  | all_WR: 0mJ  | MAC: 2.6211mJ  | Total: 0.89194mJ | compute util: 0.65279, memory util: 1, Op/B 367.2, GPU
			activation | 0.13042us  | 82096 - 82096 | tensor(209, 1664) -> tensor(209, 1664) | ACT: 0.00069811mJ  | RD: 0.019616mJ  | WR: 0.0098081mJ  | all_ACT: 0mJ  | all_RD: 0mJ  | all_WR: 0mJ  | MAC: 0mJ  | Total: 0.030122mJ | compute util: 0, memory util: 1, Op/B 0, GPU
			up_proj | 3.8794us  | 82096 - 82100 | tensor(209, 16384) -> tensor(209, 1664) | ACT: 0.027459mJ  | RD: 0.85468mJ  | WR: 0.0098081mJ  | all_ACT: 0mJ  | all_RD: 0mJ  | all_WR: 0mJ  | MAC: 2.6211mJ  | Total: 0.89194mJ | compute util: 0, memory util: 0, Op/B 367.2
				Linear | 3.8794us  | 82096 - 82100 | tensor(209, 16384) -> tensor(209, 1664) | ACT: 0.027459mJ  | RD: 0.85468mJ  | WR: 0.0098081mJ  | all_ACT: 0mJ  | all_RD: 0mJ  | all_WR: 0mJ  | MAC: 2.6211mJ  | Total: 0.89194mJ | compute util: 0.65279, memory util: 1, Op/B 367.2, GPU
			down_proj | 3.8794us  | 82100 - 82104 | tensor(209, 1664) -> tensor(209, 16384) | ACT: 0.027459mJ  | RD: 0.76903mJ  | WR: 0.095458mJ  | all_ACT: 0mJ  | all_RD: 0mJ  | all_WR: 0mJ  | MAC: 2.6211mJ  | Total: 0.89194mJ | compute util: 0, memory util: 0, Op/B 367.2
				Linear | 3.8794us  | 82100 - 82104 | tensor(209, 1664) -> tensor(209, 16384) | ACT: 0.027459mJ  | RD: 0.76903mJ  | WR: 0.095458mJ  | all_ACT: 0mJ  | all_RD: 0mJ  | all_WR: 0mJ  | MAC: 2.6211mJ  | Total: 0.89194mJ | compute util: 0.65279, memory util: 1, Op/B 367.2, GPU
		all_reduce | 74.405us  | 82104 - 82178 | tensor(209, 16384) -> tensor(209, 16384) | ACT: 0mJ  | RD: 0mJ  | WR: 0mJ  | all_ACT: 0mJ  | all_RD: 0mJ  | all_WR: 0mJ  | MAC: 0mJ  | Total: 0mJ | compute util: 0, memory util: 0, Op/B 0
		residual_1 | 1.2841us  | 82178 - 82179 | tensor(209, 16384) -> tensor(209, 16384) | ACT: 0mJ  | RD: 0mJ  | WR: 0mJ  | all_ACT: 0mJ  | all_RD: 0mJ  | all_WR: 0mJ  | MAC: 0mJ  | Total: 0mJ | compute util: 0, memory util: 0, Op/B 0
	decoder_72 | 1144.9us  | 82179 - 83324 | tensor(209, 16384) -> tensor(209, 16384) | ACT: 1.3378mJ  | RD: 41.766mJ  | WR: 0.22376mJ  | all_ACT: 0mJ  | all_RD: 0mJ  | all_WR: 0mJ  | MAC: 1007.7mJ  | Total: 43.327mJ | compute util: 0, memory util: 0, Op/B 2903.9
		input_layer_norm | 0.85811us  | 82179 - 82180 | tensor(209, 16384) -> tensor(209, 16384) | ACT: 0mJ  | RD: 0mJ  | WR: 0mJ  | all_ACT: 0mJ  | all_RD: 0mJ  | all_WR: 0mJ  | MAC: 0mJ  | Total: 0mJ | compute util: 0, memory util: 0, Op/B 0
		attention | 1054.4us  | 82180 - 83234 | tensor(209, 16384) -> tensor(209, 16384) | ACT: 1.2547mJ  | RD: 39.268mJ  | WR: 0.09888mJ  | all_ACT: 0mJ  | all_RD: 0mJ  | all_WR: 0mJ  | MAC: 999.85mJ  | Total: 40.621mJ | compute util: 0, memory util: 0, Op/B 3073
			attn_qkv_proj | 1.6227us  | 82180 - 82182 | tensor(209, 16384) -> tensor(209, 576) | ACT: 0.011519mJ  | RD: 0.35834mJ  | WR: 0.0034214mJ  | all_ACT: 0mJ  | all_RD: 0mJ  | all_WR: 0mJ  | MAC: 0.90729mJ  | Total: 0.37328mJ | compute util: 0, memory util: 0, Op/B 303.87
				Linear | 1.6227us  | 82180 - 82182 | tensor(209, 16384) -> tensor(209, 576) | ACT: 0.011519mJ  | RD: 0.35834mJ  | WR: 0.0034214mJ  | all_ACT: 0mJ  | all_RD: 0mJ  | all_WR: 0mJ  | MAC: 0.90729mJ  | Total: 0.37328mJ | compute util: 0.54021, memory util: 1, Op/B 303.87, GPU
			self_attention | 976.9us  | 82182 - 83159 | tensor(209, 576) -> tensor(209, 512) | ACT: 1.2326mJ  | RD: 38.672mJ  | WR: 0mJ  | all_ACT: 0mJ  | all_RD: 0mJ  | all_WR: 0mJ  | MAC: 998.14mJ  | Total: 39.905mJ | compute util: 0, memory util: 0, Op/B 3122.7
				AttentionSplit | 0us  | 82182 - 82182 | tensor(209, 576) -> tensor(0, 768) tensor(209, 768) | ACT: 0mJ  | RD: 0mJ  | WR: 0mJ  | all_ACT: 0mJ  | all_RD: 0mJ  | all_WR: 0mJ  | MAC: 0mJ  | Total: 0mJ | compute util: 0, memory util: 0, Op/B 0
				AttentionSum | 0us  | 82182 - 82182 | tensor(0, 768) -> tensor(0, 2048) | ACT: 0mJ  | RD: 0mJ  | WR: 0mJ  | all_ACT: 0mJ  | all_RD: 0mJ  | all_WR: 0mJ  | MAC: 0mJ  | Total: 0mJ | compute util: 0, memory util: 0, Op/B 0, GPU
				AttentionGen | 964.39us  | 82182 - 83146 | tensor(209, 768) -> tensor(209, 2048) | ACT: 1.2326mJ  | RD: 38.672mJ  | WR: 0mJ  | all_ACT: 0mJ  | all_RD: 0mJ  | all_WR: 0mJ  | MAC: 998.14mJ  | Total: 39.905mJ | compute util: 1, memory util: 0.18013, Op/B 3122.7, GPU
				context_merge | 12.517us  | 83146 - 83159 | tensor(209, 2048) -> tensor(209, 2048) | ACT: 0mJ  | RD: 0mJ  | WR: 0mJ  | all_ACT: 0mJ  | all_RD: 0mJ  | all_WR: 0mJ  | MAC: 0mJ  | Total: 0mJ | compute util: 0, memory util: 0, Op/B 0
				AttentionMerge | 0us  | 83159 - 83159 | tensor(0, 2048) tensor(209, 2048) -> tensor(209, 512) | ACT: 0mJ  | RD: 0mJ  | WR: 0mJ  | all_ACT: 0mJ  | all_RD: 0mJ  | all_WR: 0mJ  | MAC: 0mJ  | Total: 0mJ | compute util: 0, memory util: 0, Op/B 0
			attn_o_proj | 1.49us  | 83159 - 83160 | tensor(209, 512) -> tensor(209, 16384) | ACT: 0.010588mJ  | RD: 0.23688mJ  | WR: 0.095458mJ  | all_ACT: 0mJ  | all_RD: 0mJ  | all_WR: 0mJ  | MAC: 0.80648mJ  | Total: 0.34292mJ | compute util: 0, memory util: 0, Op/B 294.17
				Linear | 1.49us  | 83159 - 83160 | tensor(209, 512) -> tensor(209, 16384) | ACT: 0.010588mJ  | RD: 0.23688mJ  | WR: 0.095458mJ  | all_ACT: 0mJ  | all_RD: 0mJ  | all_WR: 0mJ  | MAC: 0.80648mJ  | Total: 0.34292mJ | compute util: 0.52296, memory util: 1, Op/B 294.17, GPU
			all_reduce | 74.405us  | 83160 - 83234 | tensor(209, 16384) -> tensor(209, 16384) | ACT: 0mJ  | RD: 0mJ  | WR: 0mJ  | all_ACT: 0mJ  | all_RD: 0mJ  | all_WR: 0mJ  | MAC: 0mJ  | Total: 0mJ | compute util: 0, memory util: 0, Op/B 0
		residual_1 | 1.2841us  | 83234 - 83236 | tensor(209, 16384) -> tensor(209, 16384) | ACT: 0mJ  | RD: 0mJ  | WR: 0mJ  | all_ACT: 0mJ  | all_RD: 0mJ  | all_WR: 0mJ  | MAC: 0mJ  | Total: 0mJ | compute util: 0, memory util: 0, Op/B 0
		post_attn_layer_norm | 0.85811us  | 83236 - 83237 | tensor(209, 16384) -> tensor(209, 16384) | ACT: 0mJ  | RD: 0mJ  | WR: 0mJ  | all_ACT: 0mJ  | all_RD: 0mJ  | all_WR: 0mJ  | MAC: 0mJ  | Total: 0mJ | compute util: 0, memory util: 0, Op/B 0
		feedforward | 11.769us  | 83237 - 83248 | tensor(209, 16384) -> tensor(209, 16384) | ACT: 0.083075mJ  | RD: 2.498mJ  | WR: 0.12488mJ  | all_ACT: 0mJ  | all_RD: 0mJ  | all_WR: 0mJ  | MAC: 7.8632mJ  | Total: 2.706mJ | compute util: 0, memory util: 0, Op/B 363.13
			gate_proj | 3.8794us  | 83237 - 83241 | tensor(209, 16384) -> tensor(209, 1664) | ACT: 0.027459mJ  | RD: 0.85468mJ  | WR: 0.0098081mJ  | all_ACT: 0mJ  | all_RD: 0mJ  | all_WR: 0mJ  | MAC: 2.6211mJ  | Total: 0.89194mJ | compute util: 0, memory util: 0, Op/B 367.2
				Linear | 3.8794us  | 83237 - 83241 | tensor(209, 16384) -> tensor(209, 1664) | ACT: 0.027459mJ  | RD: 0.85468mJ  | WR: 0.0098081mJ  | all_ACT: 0mJ  | all_RD: 0mJ  | all_WR: 0mJ  | MAC: 2.6211mJ  | Total: 0.89194mJ | compute util: 0.65279, memory util: 1, Op/B 367.2, GPU
			activation | 0.13042us  | 83241 - 83241 | tensor(209, 1664) -> tensor(209, 1664) | ACT: 0.00069811mJ  | RD: 0.019616mJ  | WR: 0.0098081mJ  | all_ACT: 0mJ  | all_RD: 0mJ  | all_WR: 0mJ  | MAC: 0mJ  | Total: 0.030122mJ | compute util: 0, memory util: 1, Op/B 0, GPU
			up_proj | 3.8794us  | 83241 - 83245 | tensor(209, 16384) -> tensor(209, 1664) | ACT: 0.027459mJ  | RD: 0.85468mJ  | WR: 0.0098081mJ  | all_ACT: 0mJ  | all_RD: 0mJ  | all_WR: 0mJ  | MAC: 2.6211mJ  | Total: 0.89194mJ | compute util: 0, memory util: 0, Op/B 367.2
				Linear | 3.8794us  | 83241 - 83245 | tensor(209, 16384) -> tensor(209, 1664) | ACT: 0.027459mJ  | RD: 0.85468mJ  | WR: 0.0098081mJ  | all_ACT: 0mJ  | all_RD: 0mJ  | all_WR: 0mJ  | MAC: 2.6211mJ  | Total: 0.89194mJ | compute util: 0.65279, memory util: 1, Op/B 367.2, GPU
			down_proj | 3.8794us  | 83245 - 83248 | tensor(209, 1664) -> tensor(209, 16384) | ACT: 0.027459mJ  | RD: 0.76903mJ  | WR: 0.095458mJ  | all_ACT: 0mJ  | all_RD: 0mJ  | all_WR: 0mJ  | MAC: 2.6211mJ  | Total: 0.89194mJ | compute util: 0, memory util: 0, Op/B 367.2
				Linear | 3.8794us  | 83245 - 83248 | tensor(209, 1664) -> tensor(209, 16384) | ACT: 0.027459mJ  | RD: 0.76903mJ  | WR: 0.095458mJ  | all_ACT: 0mJ  | all_RD: 0mJ  | all_WR: 0mJ  | MAC: 2.6211mJ  | Total: 0.89194mJ | compute util: 0.65279, memory util: 1, Op/B 367.2, GPU
		all_reduce | 74.405us  | 83248 - 83323 | tensor(209, 16384) -> tensor(209, 16384) | ACT: 0mJ  | RD: 0mJ  | WR: 0mJ  | all_ACT: 0mJ  | all_RD: 0mJ  | all_WR: 0mJ  | MAC: 0mJ  | Total: 0mJ | compute util: 0, memory util: 0, Op/B 0
		residual_1 | 1.2841us  | 83323 - 83324 | tensor(209, 16384) -> tensor(209, 16384) | ACT: 0mJ  | RD: 0mJ  | WR: 0mJ  | all_ACT: 0mJ  | all_RD: 0mJ  | all_WR: 0mJ  | MAC: 0mJ  | Total: 0mJ | compute util: 0, memory util: 0, Op/B 0
	decoder_73 | 1137.9us  | 83324 - 84462 | tensor(209, 16384) -> tensor(209, 16384) | ACT: 1.3378mJ  | RD: 41.766mJ  | WR: 0.22376mJ  | all_ACT: 0mJ  | all_RD: 0mJ  | all_WR: 0mJ  | MAC: 1007.7mJ  | Total: 43.327mJ | compute util: 0, memory util: 0, Op/B 2903.9
		input_layer_norm | 0.85811us  | 83324 - 83325 | tensor(209, 16384) -> tensor(209, 16384) | ACT: 0mJ  | RD: 0mJ  | WR: 0mJ  | all_ACT: 0mJ  | all_RD: 0mJ  | all_WR: 0mJ  | MAC: 0mJ  | Total: 0mJ | compute util: 0, memory util: 0, Op/B 0
		attention | 1047.4us  | 83325 - 84372 | tensor(209, 16384) -> tensor(209, 16384) | ACT: 1.2547mJ  | RD: 39.268mJ  | WR: 0.09888mJ  | all_ACT: 0mJ  | all_RD: 0mJ  | all_WR: 0mJ  | MAC: 999.85mJ  | Total: 40.621mJ | compute util: 0, memory util: 0, Op/B 3073
			attn_qkv_proj | 1.6227us  | 83325 - 83327 | tensor(209, 16384) -> tensor(209, 576) | ACT: 0.011519mJ  | RD: 0.35834mJ  | WR: 0.0034214mJ  | all_ACT: 0mJ  | all_RD: 0mJ  | all_WR: 0mJ  | MAC: 0.90729mJ  | Total: 0.37328mJ | compute util: 0, memory util: 0, Op/B 303.87
				Linear | 1.6227us  | 83325 - 83327 | tensor(209, 16384) -> tensor(209, 576) | ACT: 0.011519mJ  | RD: 0.35834mJ  | WR: 0.0034214mJ  | all_ACT: 0mJ  | all_RD: 0mJ  | all_WR: 0mJ  | MAC: 0.90729mJ  | Total: 0.37328mJ | compute util: 0.54021, memory util: 1, Op/B 303.87, GPU
			self_attention | 969.9us  | 83327 - 84296 | tensor(209, 576) -> tensor(209, 512) | ACT: 1.2326mJ  | RD: 38.672mJ  | WR: 0mJ  | all_ACT: 0mJ  | all_RD: 0mJ  | all_WR: 0mJ  | MAC: 998.14mJ  | Total: 39.905mJ | compute util: 0, memory util: 0, Op/B 3122.7
				AttentionSplit | 0us  | 83327 - 83327 | tensor(209, 576) -> tensor(0, 768) tensor(209, 768) | ACT: 0mJ  | RD: 0mJ  | WR: 0mJ  | all_ACT: 0mJ  | all_RD: 0mJ  | all_WR: 0mJ  | MAC: 0mJ  | Total: 0mJ | compute util: 0, memory util: 0, Op/B 0
				AttentionSum | 0us  | 83327 - 83327 | tensor(0, 768) -> tensor(0, 2048) | ACT: 0mJ  | RD: 0mJ  | WR: 0mJ  | all_ACT: 0mJ  | all_RD: 0mJ  | all_WR: 0mJ  | MAC: 0mJ  | Total: 0mJ | compute util: 0, memory util: 0, Op/B 0, GPU
				AttentionGen | 964.39us  | 83327 - 84291 | tensor(209, 768) -> tensor(209, 2048) | ACT: 1.2326mJ  | RD: 38.672mJ  | WR: 0mJ  | all_ACT: 0mJ  | all_RD: 0mJ  | all_WR: 0mJ  | MAC: 998.14mJ  | Total: 39.905mJ | compute util: 1, memory util: 0.18013, Op/B 3122.7, GPU
				context_merge | 5.5134us  | 84291 - 84296 | tensor(209, 2048) -> tensor(209, 2048) | ACT: 0mJ  | RD: 0mJ  | WR: 0mJ  | all_ACT: 0mJ  | all_RD: 0mJ  | all_WR: 0mJ  | MAC: 0mJ  | Total: 0mJ | compute util: 0, memory util: 0, Op/B 0
				AttentionMerge | 0us  | 84296 - 84296 | tensor(0, 2048) tensor(209, 2048) -> tensor(209, 512) | ACT: 0mJ  | RD: 0mJ  | WR: 0mJ  | all_ACT: 0mJ  | all_RD: 0mJ  | all_WR: 0mJ  | MAC: 0mJ  | Total: 0mJ | compute util: 0, memory util: 0, Op/B 0
			attn_o_proj | 1.49us  | 84296 - 84298 | tensor(209, 512) -> tensor(209, 16384) | ACT: 0.010588mJ  | RD: 0.23688mJ  | WR: 0.095458mJ  | all_ACT: 0mJ  | all_RD: 0mJ  | all_WR: 0mJ  | MAC: 0.80648mJ  | Total: 0.34292mJ | compute util: 0, memory util: 0, Op/B 294.17
				Linear | 1.49us  | 84296 - 84298 | tensor(209, 512) -> tensor(209, 16384) | ACT: 0.010588mJ  | RD: 0.23688mJ  | WR: 0.095458mJ  | all_ACT: 0mJ  | all_RD: 0mJ  | all_WR: 0mJ  | MAC: 0.80648mJ  | Total: 0.34292mJ | compute util: 0.52296, memory util: 1, Op/B 294.17, GPU
			all_reduce | 74.405us  | 84298 - 84372 | tensor(209, 16384) -> tensor(209, 16384) | ACT: 0mJ  | RD: 0mJ  | WR: 0mJ  | all_ACT: 0mJ  | all_RD: 0mJ  | all_WR: 0mJ  | MAC: 0mJ  | Total: 0mJ | compute util: 0, memory util: 0, Op/B 0
		residual_1 | 1.2841us  | 84372 - 84374 | tensor(209, 16384) -> tensor(209, 16384) | ACT: 0mJ  | RD: 0mJ  | WR: 0mJ  | all_ACT: 0mJ  | all_RD: 0mJ  | all_WR: 0mJ  | MAC: 0mJ  | Total: 0mJ | compute util: 0, memory util: 0, Op/B 0
		post_attn_layer_norm | 0.85811us  | 84374 - 84375 | tensor(209, 16384) -> tensor(209, 16384) | ACT: 0mJ  | RD: 0mJ  | WR: 0mJ  | all_ACT: 0mJ  | all_RD: 0mJ  | all_WR: 0mJ  | MAC: 0mJ  | Total: 0mJ | compute util: 0, memory util: 0, Op/B 0
		feedforward | 11.769us  | 84375 - 84386 | tensor(209, 16384) -> tensor(209, 16384) | ACT: 0.083075mJ  | RD: 2.498mJ  | WR: 0.12488mJ  | all_ACT: 0mJ  | all_RD: 0mJ  | all_WR: 0mJ  | MAC: 7.8632mJ  | Total: 2.706mJ | compute util: 0, memory util: 0, Op/B 363.13
			gate_proj | 3.8794us  | 84375 - 84378 | tensor(209, 16384) -> tensor(209, 1664) | ACT: 0.027459mJ  | RD: 0.85468mJ  | WR: 0.0098081mJ  | all_ACT: 0mJ  | all_RD: 0mJ  | all_WR: 0mJ  | MAC: 2.6211mJ  | Total: 0.89194mJ | compute util: 0, memory util: 0, Op/B 367.2
				Linear | 3.8794us  | 84375 - 84378 | tensor(209, 16384) -> tensor(209, 1664) | ACT: 0.027459mJ  | RD: 0.85468mJ  | WR: 0.0098081mJ  | all_ACT: 0mJ  | all_RD: 0mJ  | all_WR: 0mJ  | MAC: 2.6211mJ  | Total: 0.89194mJ | compute util: 0.65279, memory util: 1, Op/B 367.2, GPU
			activation | 0.13042us  | 84378 - 84379 | tensor(209, 1664) -> tensor(209, 1664) | ACT: 0.00069811mJ  | RD: 0.019616mJ  | WR: 0.0098081mJ  | all_ACT: 0mJ  | all_RD: 0mJ  | all_WR: 0mJ  | MAC: 0mJ  | Total: 0.030122mJ | compute util: 0, memory util: 1, Op/B 0, GPU
			up_proj | 3.8794us  | 84379 - 84382 | tensor(209, 16384) -> tensor(209, 1664) | ACT: 0.027459mJ  | RD: 0.85468mJ  | WR: 0.0098081mJ  | all_ACT: 0mJ  | all_RD: 0mJ  | all_WR: 0mJ  | MAC: 2.6211mJ  | Total: 0.89194mJ | compute util: 0, memory util: 0, Op/B 367.2
				Linear | 3.8794us  | 84379 - 84382 | tensor(209, 16384) -> tensor(209, 1664) | ACT: 0.027459mJ  | RD: 0.85468mJ  | WR: 0.0098081mJ  | all_ACT: 0mJ  | all_RD: 0mJ  | all_WR: 0mJ  | MAC: 2.6211mJ  | Total: 0.89194mJ | compute util: 0.65279, memory util: 1, Op/B 367.2, GPU
			down_proj | 3.8794us  | 84382 - 84386 | tensor(209, 1664) -> tensor(209, 16384) | ACT: 0.027459mJ  | RD: 0.76903mJ  | WR: 0.095458mJ  | all_ACT: 0mJ  | all_RD: 0mJ  | all_WR: 0mJ  | MAC: 2.6211mJ  | Total: 0.89194mJ | compute util: 0, memory util: 0, Op/B 367.2
				Linear | 3.8794us  | 84382 - 84386 | tensor(209, 1664) -> tensor(209, 16384) | ACT: 0.027459mJ  | RD: 0.76903mJ  | WR: 0.095458mJ  | all_ACT: 0mJ  | all_RD: 0mJ  | all_WR: 0mJ  | MAC: 2.6211mJ  | Total: 0.89194mJ | compute util: 0.65279, memory util: 1, Op/B 367.2, GPU
		all_reduce | 74.405us  | 84386 - 84461 | tensor(209, 16384) -> tensor(209, 16384) | ACT: 0mJ  | RD: 0mJ  | WR: 0mJ  | all_ACT: 0mJ  | all_RD: 0mJ  | all_WR: 0mJ  | MAC: 0mJ  | Total: 0mJ | compute util: 0, memory util: 0, Op/B 0
		residual_1 | 1.2841us  | 84461 - 84462 | tensor(209, 16384) -> tensor(209, 16384) | ACT: 0mJ  | RD: 0mJ  | WR: 0mJ  | all_ACT: 0mJ  | all_RD: 0mJ  | all_WR: 0mJ  | MAC: 0mJ  | Total: 0mJ | compute util: 0, memory util: 0, Op/B 0
	decoder_74 | 1144.9us  | 84462 - 85607 | tensor(209, 16384) -> tensor(209, 16384) | ACT: 1.3378mJ  | RD: 41.766mJ  | WR: 0.22376mJ  | all_ACT: 0mJ  | all_RD: 0mJ  | all_WR: 0mJ  | MAC: 1007.7mJ  | Total: 43.327mJ | compute util: 0, memory util: 0, Op/B 2903.9
		input_layer_norm | 0.85811us  | 84462 - 84463 | tensor(209, 16384) -> tensor(209, 16384) | ACT: 0mJ  | RD: 0mJ  | WR: 0mJ  | all_ACT: 0mJ  | all_RD: 0mJ  | all_WR: 0mJ  | MAC: 0mJ  | Total: 0mJ | compute util: 0, memory util: 0, Op/B 0
		attention | 1054.4us  | 84463 - 85517 | tensor(209, 16384) -> tensor(209, 16384) | ACT: 1.2547mJ  | RD: 39.268mJ  | WR: 0.09888mJ  | all_ACT: 0mJ  | all_RD: 0mJ  | all_WR: 0mJ  | MAC: 999.85mJ  | Total: 40.621mJ | compute util: 0, memory util: 0, Op/B 3073
			attn_qkv_proj | 1.6227us  | 84463 - 84464 | tensor(209, 16384) -> tensor(209, 576) | ACT: 0.011519mJ  | RD: 0.35834mJ  | WR: 0.0034214mJ  | all_ACT: 0mJ  | all_RD: 0mJ  | all_WR: 0mJ  | MAC: 0.90729mJ  | Total: 0.37328mJ | compute util: 0, memory util: 0, Op/B 303.87
				Linear | 1.6227us  | 84463 - 84464 | tensor(209, 16384) -> tensor(209, 576) | ACT: 0.011519mJ  | RD: 0.35834mJ  | WR: 0.0034214mJ  | all_ACT: 0mJ  | all_RD: 0mJ  | all_WR: 0mJ  | MAC: 0.90729mJ  | Total: 0.37328mJ | compute util: 0.54021, memory util: 1, Op/B 303.87, GPU
			self_attention | 976.9us  | 84464 - 85441 | tensor(209, 576) -> tensor(209, 512) | ACT: 1.2326mJ  | RD: 38.672mJ  | WR: 0mJ  | all_ACT: 0mJ  | all_RD: 0mJ  | all_WR: 0mJ  | MAC: 998.14mJ  | Total: 39.905mJ | compute util: 0, memory util: 0, Op/B 3122.7
				AttentionSplit | 0us  | 84464 - 84464 | tensor(209, 576) -> tensor(0, 768) tensor(209, 768) | ACT: 0mJ  | RD: 0mJ  | WR: 0mJ  | all_ACT: 0mJ  | all_RD: 0mJ  | all_WR: 0mJ  | MAC: 0mJ  | Total: 0mJ | compute util: 0, memory util: 0, Op/B 0
				AttentionSum | 0us  | 84464 - 84464 | tensor(0, 768) -> tensor(0, 2048) | ACT: 0mJ  | RD: 0mJ  | WR: 0mJ  | all_ACT: 0mJ  | all_RD: 0mJ  | all_WR: 0mJ  | MAC: 0mJ  | Total: 0mJ | compute util: 0, memory util: 0, Op/B 0, GPU
				AttentionGen | 964.39us  | 84464 - 85429 | tensor(209, 768) -> tensor(209, 2048) | ACT: 1.2326mJ  | RD: 38.672mJ  | WR: 0mJ  | all_ACT: 0mJ  | all_RD: 0mJ  | all_WR: 0mJ  | MAC: 998.14mJ  | Total: 39.905mJ | compute util: 1, memory util: 0.18013, Op/B 3122.7, GPU
				context_merge | 12.517us  | 85429 - 85441 | tensor(209, 2048) -> tensor(209, 2048) | ACT: 0mJ  | RD: 0mJ  | WR: 0mJ  | all_ACT: 0mJ  | all_RD: 0mJ  | all_WR: 0mJ  | MAC: 0mJ  | Total: 0mJ | compute util: 0, memory util: 0, Op/B 0
				AttentionMerge | 0us  | 85441 - 85441 | tensor(0, 2048) tensor(209, 2048) -> tensor(209, 512) | ACT: 0mJ  | RD: 0mJ  | WR: 0mJ  | all_ACT: 0mJ  | all_RD: 0mJ  | all_WR: 0mJ  | MAC: 0mJ  | Total: 0mJ | compute util: 0, memory util: 0, Op/B 0
			attn_o_proj | 1.49us  | 85441 - 85443 | tensor(209, 512) -> tensor(209, 16384) | ACT: 0.010588mJ  | RD: 0.23688mJ  | WR: 0.095458mJ  | all_ACT: 0mJ  | all_RD: 0mJ  | all_WR: 0mJ  | MAC: 0.80648mJ  | Total: 0.34292mJ | compute util: 0, memory util: 0, Op/B 294.17
				Linear | 1.49us  | 85441 - 85443 | tensor(209, 512) -> tensor(209, 16384) | ACT: 0.010588mJ  | RD: 0.23688mJ  | WR: 0.095458mJ  | all_ACT: 0mJ  | all_RD: 0mJ  | all_WR: 0mJ  | MAC: 0.80648mJ  | Total: 0.34292mJ | compute util: 0.52296, memory util: 1, Op/B 294.17, GPU
			all_reduce | 74.405us  | 85443 - 85517 | tensor(209, 16384) -> tensor(209, 16384) | ACT: 0mJ  | RD: 0mJ  | WR: 0mJ  | all_ACT: 0mJ  | all_RD: 0mJ  | all_WR: 0mJ  | MAC: 0mJ  | Total: 0mJ | compute util: 0, memory util: 0, Op/B 0
		residual_1 | 1.2841us  | 85517 - 85519 | tensor(209, 16384) -> tensor(209, 16384) | ACT: 0mJ  | RD: 0mJ  | WR: 0mJ  | all_ACT: 0mJ  | all_RD: 0mJ  | all_WR: 0mJ  | MAC: 0mJ  | Total: 0mJ | compute util: 0, memory util: 0, Op/B 0
		post_attn_layer_norm | 0.85811us  | 85519 - 85519 | tensor(209, 16384) -> tensor(209, 16384) | ACT: 0mJ  | RD: 0mJ  | WR: 0mJ  | all_ACT: 0mJ  | all_RD: 0mJ  | all_WR: 0mJ  | MAC: 0mJ  | Total: 0mJ | compute util: 0, memory util: 0, Op/B 0
		feedforward | 11.769us  | 85519 - 85531 | tensor(209, 16384) -> tensor(209, 16384) | ACT: 0.083075mJ  | RD: 2.498mJ  | WR: 0.12488mJ  | all_ACT: 0mJ  | all_RD: 0mJ  | all_WR: 0mJ  | MAC: 7.8632mJ  | Total: 2.706mJ | compute util: 0, memory util: 0, Op/B 363.13
			gate_proj | 3.8794us  | 85519 - 85523 | tensor(209, 16384) -> tensor(209, 1664) | ACT: 0.027459mJ  | RD: 0.85468mJ  | WR: 0.0098081mJ  | all_ACT: 0mJ  | all_RD: 0mJ  | all_WR: 0mJ  | MAC: 2.6211mJ  | Total: 0.89194mJ | compute util: 0, memory util: 0, Op/B 367.2
				Linear | 3.8794us  | 85519 - 85523 | tensor(209, 16384) -> tensor(209, 1664) | ACT: 0.027459mJ  | RD: 0.85468mJ  | WR: 0.0098081mJ  | all_ACT: 0mJ  | all_RD: 0mJ  | all_WR: 0mJ  | MAC: 2.6211mJ  | Total: 0.89194mJ | compute util: 0.65279, memory util: 1, Op/B 367.2, GPU
			activation | 0.13042us  | 85523 - 85523 | tensor(209, 1664) -> tensor(209, 1664) | ACT: 0.00069811mJ  | RD: 0.019616mJ  | WR: 0.0098081mJ  | all_ACT: 0mJ  | all_RD: 0mJ  | all_WR: 0mJ  | MAC: 0mJ  | Total: 0.030122mJ | compute util: 0, memory util: 1, Op/B 0, GPU
			up_proj | 3.8794us  | 85523 - 85527 | tensor(209, 16384) -> tensor(209, 1664) | ACT: 0.027459mJ  | RD: 0.85468mJ  | WR: 0.0098081mJ  | all_ACT: 0mJ  | all_RD: 0mJ  | all_WR: 0mJ  | MAC: 2.6211mJ  | Total: 0.89194mJ | compute util: 0, memory util: 0, Op/B 367.2
				Linear | 3.8794us  | 85523 - 85527 | tensor(209, 16384) -> tensor(209, 1664) | ACT: 0.027459mJ  | RD: 0.85468mJ  | WR: 0.0098081mJ  | all_ACT: 0mJ  | all_RD: 0mJ  | all_WR: 0mJ  | MAC: 2.6211mJ  | Total: 0.89194mJ | compute util: 0.65279, memory util: 1, Op/B 367.2, GPU
			down_proj | 3.8794us  | 85527 - 85531 | tensor(209, 1664) -> tensor(209, 16384) | ACT: 0.027459mJ  | RD: 0.76903mJ  | WR: 0.095458mJ  | all_ACT: 0mJ  | all_RD: 0mJ  | all_WR: 0mJ  | MAC: 2.6211mJ  | Total: 0.89194mJ | compute util: 0, memory util: 0, Op/B 367.2
				Linear | 3.8794us  | 85527 - 85531 | tensor(209, 1664) -> tensor(209, 16384) | ACT: 0.027459mJ  | RD: 0.76903mJ  | WR: 0.095458mJ  | all_ACT: 0mJ  | all_RD: 0mJ  | all_WR: 0mJ  | MAC: 2.6211mJ  | Total: 0.89194mJ | compute util: 0.65279, memory util: 1, Op/B 367.2, GPU
		all_reduce | 74.405us  | 85531 - 85606 | tensor(209, 16384) -> tensor(209, 16384) | ACT: 0mJ  | RD: 0mJ  | WR: 0mJ  | all_ACT: 0mJ  | all_RD: 0mJ  | all_WR: 0mJ  | MAC: 0mJ  | Total: 0mJ | compute util: 0, memory util: 0, Op/B 0
		residual_1 | 1.2841us  | 85606 - 85607 | tensor(209, 16384) -> tensor(209, 16384) | ACT: 0mJ  | RD: 0mJ  | WR: 0mJ  | all_ACT: 0mJ  | all_RD: 0mJ  | all_WR: 0mJ  | MAC: 0mJ  | Total: 0mJ | compute util: 0, memory util: 0, Op/B 0
	decoder_75 | 1137.9us  | 85607 - 86745 | tensor(209, 16384) -> tensor(209, 16384) | ACT: 1.3378mJ  | RD: 41.766mJ  | WR: 0.22376mJ  | all_ACT: 0mJ  | all_RD: 0mJ  | all_WR: 0mJ  | MAC: 1007.7mJ  | Total: 43.327mJ | compute util: 0, memory util: 0, Op/B 2903.9
		input_layer_norm | 0.85811us  | 85607 - 85608 | tensor(209, 16384) -> tensor(209, 16384) | ACT: 0mJ  | RD: 0mJ  | WR: 0mJ  | all_ACT: 0mJ  | all_RD: 0mJ  | all_WR: 0mJ  | MAC: 0mJ  | Total: 0mJ | compute util: 0, memory util: 0, Op/B 0
		attention | 1047.4us  | 85608 - 86655 | tensor(209, 16384) -> tensor(209, 16384) | ACT: 1.2547mJ  | RD: 39.268mJ  | WR: 0.09888mJ  | all_ACT: 0mJ  | all_RD: 0mJ  | all_WR: 0mJ  | MAC: 999.85mJ  | Total: 40.621mJ | compute util: 0, memory util: 0, Op/B 3073
			attn_qkv_proj | 1.6227us  | 85608 - 85609 | tensor(209, 16384) -> tensor(209, 576) | ACT: 0.011519mJ  | RD: 0.35834mJ  | WR: 0.0034214mJ  | all_ACT: 0mJ  | all_RD: 0mJ  | all_WR: 0mJ  | MAC: 0.90729mJ  | Total: 0.37328mJ | compute util: 0, memory util: 0, Op/B 303.87
				Linear | 1.6227us  | 85608 - 85609 | tensor(209, 16384) -> tensor(209, 576) | ACT: 0.011519mJ  | RD: 0.35834mJ  | WR: 0.0034214mJ  | all_ACT: 0mJ  | all_RD: 0mJ  | all_WR: 0mJ  | MAC: 0.90729mJ  | Total: 0.37328mJ | compute util: 0.54021, memory util: 1, Op/B 303.87, GPU
			self_attention | 969.9us  | 85609 - 86579 | tensor(209, 576) -> tensor(209, 512) | ACT: 1.2326mJ  | RD: 38.672mJ  | WR: 0mJ  | all_ACT: 0mJ  | all_RD: 0mJ  | all_WR: 0mJ  | MAC: 998.14mJ  | Total: 39.905mJ | compute util: 0, memory util: 0, Op/B 3122.7
				AttentionSplit | 0us  | 85609 - 85609 | tensor(209, 576) -> tensor(0, 768) tensor(209, 768) | ACT: 0mJ  | RD: 0mJ  | WR: 0mJ  | all_ACT: 0mJ  | all_RD: 0mJ  | all_WR: 0mJ  | MAC: 0mJ  | Total: 0mJ | compute util: 0, memory util: 0, Op/B 0
				AttentionSum | 0us  | 85609 - 85609 | tensor(0, 768) -> tensor(0, 2048) | ACT: 0mJ  | RD: 0mJ  | WR: 0mJ  | all_ACT: 0mJ  | all_RD: 0mJ  | all_WR: 0mJ  | MAC: 0mJ  | Total: 0mJ | compute util: 0, memory util: 0, Op/B 0, GPU
				AttentionGen | 964.39us  | 85609 - 86574 | tensor(209, 768) -> tensor(209, 2048) | ACT: 1.2326mJ  | RD: 38.672mJ  | WR: 0mJ  | all_ACT: 0mJ  | all_RD: 0mJ  | all_WR: 0mJ  | MAC: 998.14mJ  | Total: 39.905mJ | compute util: 1, memory util: 0.18013, Op/B 3122.7, GPU
				context_merge | 5.5134us  | 86574 - 86579 | tensor(209, 2048) -> tensor(209, 2048) | ACT: 0mJ  | RD: 0mJ  | WR: 0mJ  | all_ACT: 0mJ  | all_RD: 0mJ  | all_WR: 0mJ  | MAC: 0mJ  | Total: 0mJ | compute util: 0, memory util: 0, Op/B 0
				AttentionMerge | 0us  | 86579 - 86579 | tensor(0, 2048) tensor(209, 2048) -> tensor(209, 512) | ACT: 0mJ  | RD: 0mJ  | WR: 0mJ  | all_ACT: 0mJ  | all_RD: 0mJ  | all_WR: 0mJ  | MAC: 0mJ  | Total: 0mJ | compute util: 0, memory util: 0, Op/B 0
			attn_o_proj | 1.49us  | 86579 - 86581 | tensor(209, 512) -> tensor(209, 16384) | ACT: 0.010588mJ  | RD: 0.23688mJ  | WR: 0.095458mJ  | all_ACT: 0mJ  | all_RD: 0mJ  | all_WR: 0mJ  | MAC: 0.80648mJ  | Total: 0.34292mJ | compute util: 0, memory util: 0, Op/B 294.17
				Linear | 1.49us  | 86579 - 86581 | tensor(209, 512) -> tensor(209, 16384) | ACT: 0.010588mJ  | RD: 0.23688mJ  | WR: 0.095458mJ  | all_ACT: 0mJ  | all_RD: 0mJ  | all_WR: 0mJ  | MAC: 0.80648mJ  | Total: 0.34292mJ | compute util: 0.52296, memory util: 1, Op/B 294.17, GPU
			all_reduce | 74.405us  | 86581 - 86655 | tensor(209, 16384) -> tensor(209, 16384) | ACT: 0mJ  | RD: 0mJ  | WR: 0mJ  | all_ACT: 0mJ  | all_RD: 0mJ  | all_WR: 0mJ  | MAC: 0mJ  | Total: 0mJ | compute util: 0, memory util: 0, Op/B 0
		residual_1 | 1.2841us  | 86655 - 86656 | tensor(209, 16384) -> tensor(209, 16384) | ACT: 0mJ  | RD: 0mJ  | WR: 0mJ  | all_ACT: 0mJ  | all_RD: 0mJ  | all_WR: 0mJ  | MAC: 0mJ  | Total: 0mJ | compute util: 0, memory util: 0, Op/B 0
		post_attn_layer_norm | 0.85811us  | 86656 - 86657 | tensor(209, 16384) -> tensor(209, 16384) | ACT: 0mJ  | RD: 0mJ  | WR: 0mJ  | all_ACT: 0mJ  | all_RD: 0mJ  | all_WR: 0mJ  | MAC: 0mJ  | Total: 0mJ | compute util: 0, memory util: 0, Op/B 0
		feedforward | 11.769us  | 86657 - 86669 | tensor(209, 16384) -> tensor(209, 16384) | ACT: 0.083075mJ  | RD: 2.498mJ  | WR: 0.12488mJ  | all_ACT: 0mJ  | all_RD: 0mJ  | all_WR: 0mJ  | MAC: 7.8632mJ  | Total: 2.706mJ | compute util: 0, memory util: 0, Op/B 363.13
			gate_proj | 3.8794us  | 86657 - 86661 | tensor(209, 16384) -> tensor(209, 1664) | ACT: 0.027459mJ  | RD: 0.85468mJ  | WR: 0.0098081mJ  | all_ACT: 0mJ  | all_RD: 0mJ  | all_WR: 0mJ  | MAC: 2.6211mJ  | Total: 0.89194mJ | compute util: 0, memory util: 0, Op/B 367.2
				Linear | 3.8794us  | 86657 - 86661 | tensor(209, 16384) -> tensor(209, 1664) | ACT: 0.027459mJ  | RD: 0.85468mJ  | WR: 0.0098081mJ  | all_ACT: 0mJ  | all_RD: 0mJ  | all_WR: 0mJ  | MAC: 2.6211mJ  | Total: 0.89194mJ | compute util: 0.65279, memory util: 1, Op/B 367.2, GPU
			activation | 0.13042us  | 86661 - 86661 | tensor(209, 1664) -> tensor(209, 1664) | ACT: 0.00069811mJ  | RD: 0.019616mJ  | WR: 0.0098081mJ  | all_ACT: 0mJ  | all_RD: 0mJ  | all_WR: 0mJ  | MAC: 0mJ  | Total: 0.030122mJ | compute util: 0, memory util: 1, Op/B 0, GPU
			up_proj | 3.8794us  | 86661 - 86665 | tensor(209, 16384) -> tensor(209, 1664) | ACT: 0.027459mJ  | RD: 0.85468mJ  | WR: 0.0098081mJ  | all_ACT: 0mJ  | all_RD: 0mJ  | all_WR: 0mJ  | MAC: 2.6211mJ  | Total: 0.89194mJ | compute util: 0, memory util: 0, Op/B 367.2
				Linear | 3.8794us  | 86661 - 86665 | tensor(209, 16384) -> tensor(209, 1664) | ACT: 0.027459mJ  | RD: 0.85468mJ  | WR: 0.0098081mJ  | all_ACT: 0mJ  | all_RD: 0mJ  | all_WR: 0mJ  | MAC: 2.6211mJ  | Total: 0.89194mJ | compute util: 0.65279, memory util: 1, Op/B 367.2, GPU
			down_proj | 3.8794us  | 86665 - 86669 | tensor(209, 1664) -> tensor(209, 16384) | ACT: 0.027459mJ  | RD: 0.76903mJ  | WR: 0.095458mJ  | all_ACT: 0mJ  | all_RD: 0mJ  | all_WR: 0mJ  | MAC: 2.6211mJ  | Total: 0.89194mJ | compute util: 0, memory util: 0, Op/B 367.2
				Linear | 3.8794us  | 86665 - 86669 | tensor(209, 1664) -> tensor(209, 16384) | ACT: 0.027459mJ  | RD: 0.76903mJ  | WR: 0.095458mJ  | all_ACT: 0mJ  | all_RD: 0mJ  | all_WR: 0mJ  | MAC: 2.6211mJ  | Total: 0.89194mJ | compute util: 0.65279, memory util: 1, Op/B 367.2, GPU
		all_reduce | 74.405us  | 86669 - 86743 | tensor(209, 16384) -> tensor(209, 16384) | ACT: 0mJ  | RD: 0mJ  | WR: 0mJ  | all_ACT: 0mJ  | all_RD: 0mJ  | all_WR: 0mJ  | MAC: 0mJ  | Total: 0mJ | compute util: 0, memory util: 0, Op/B 0
		residual_1 | 1.2841us  | 86743 - 86745 | tensor(209, 16384) -> tensor(209, 16384) | ACT: 0mJ  | RD: 0mJ  | WR: 0mJ  | all_ACT: 0mJ  | all_RD: 0mJ  | all_WR: 0mJ  | MAC: 0mJ  | Total: 0mJ | compute util: 0, memory util: 0, Op/B 0
	decoder_76 | 1144.9us  | 86745 - 87890 | tensor(209, 16384) -> tensor(209, 16384) | ACT: 1.3378mJ  | RD: 41.766mJ  | WR: 0.22376mJ  | all_ACT: 0mJ  | all_RD: 0mJ  | all_WR: 0mJ  | MAC: 1007.7mJ  | Total: 43.327mJ | compute util: 0, memory util: 0, Op/B 2903.9
		input_layer_norm | 0.85811us  | 86745 - 86746 | tensor(209, 16384) -> tensor(209, 16384) | ACT: 0mJ  | RD: 0mJ  | WR: 0mJ  | all_ACT: 0mJ  | all_RD: 0mJ  | all_WR: 0mJ  | MAC: 0mJ  | Total: 0mJ | compute util: 0, memory util: 0, Op/B 0
		attention | 1054.4us  | 86746 - 87800 | tensor(209, 16384) -> tensor(209, 16384) | ACT: 1.2547mJ  | RD: 39.268mJ  | WR: 0.09888mJ  | all_ACT: 0mJ  | all_RD: 0mJ  | all_WR: 0mJ  | MAC: 999.85mJ  | Total: 40.621mJ | compute util: 0, memory util: 0, Op/B 3073
			attn_qkv_proj | 1.6227us  | 86746 - 86747 | tensor(209, 16384) -> tensor(209, 576) | ACT: 0.011519mJ  | RD: 0.35834mJ  | WR: 0.0034214mJ  | all_ACT: 0mJ  | all_RD: 0mJ  | all_WR: 0mJ  | MAC: 0.90729mJ  | Total: 0.37328mJ | compute util: 0, memory util: 0, Op/B 303.87
				Linear | 1.6227us  | 86746 - 86747 | tensor(209, 16384) -> tensor(209, 576) | ACT: 0.011519mJ  | RD: 0.35834mJ  | WR: 0.0034214mJ  | all_ACT: 0mJ  | all_RD: 0mJ  | all_WR: 0mJ  | MAC: 0.90729mJ  | Total: 0.37328mJ | compute util: 0.54021, memory util: 1, Op/B 303.87, GPU
			self_attention | 976.9us  | 86747 - 87724 | tensor(209, 576) -> tensor(209, 512) | ACT: 1.2326mJ  | RD: 38.672mJ  | WR: 0mJ  | all_ACT: 0mJ  | all_RD: 0mJ  | all_WR: 0mJ  | MAC: 998.14mJ  | Total: 39.905mJ | compute util: 0, memory util: 0, Op/B 3122.7
				AttentionSplit | 0us  | 86747 - 86747 | tensor(209, 576) -> tensor(0, 768) tensor(209, 768) | ACT: 0mJ  | RD: 0mJ  | WR: 0mJ  | all_ACT: 0mJ  | all_RD: 0mJ  | all_WR: 0mJ  | MAC: 0mJ  | Total: 0mJ | compute util: 0, memory util: 0, Op/B 0
				AttentionSum | 0us  | 86747 - 86747 | tensor(0, 768) -> tensor(0, 2048) | ACT: 0mJ  | RD: 0mJ  | WR: 0mJ  | all_ACT: 0mJ  | all_RD: 0mJ  | all_WR: 0mJ  | MAC: 0mJ  | Total: 0mJ | compute util: 0, memory util: 0, Op/B 0, GPU
				AttentionGen | 964.39us  | 86747 - 87712 | tensor(209, 768) -> tensor(209, 2048) | ACT: 1.2326mJ  | RD: 38.672mJ  | WR: 0mJ  | all_ACT: 0mJ  | all_RD: 0mJ  | all_WR: 0mJ  | MAC: 998.14mJ  | Total: 39.905mJ | compute util: 1, memory util: 0.18013, Op/B 3122.7, GPU
				context_merge | 12.517us  | 87712 - 87724 | tensor(209, 2048) -> tensor(209, 2048) | ACT: 0mJ  | RD: 0mJ  | WR: 0mJ  | all_ACT: 0mJ  | all_RD: 0mJ  | all_WR: 0mJ  | MAC: 0mJ  | Total: 0mJ | compute util: 0, memory util: 0, Op/B 0
				AttentionMerge | 0us  | 87724 - 87724 | tensor(0, 2048) tensor(209, 2048) -> tensor(209, 512) | ACT: 0mJ  | RD: 0mJ  | WR: 0mJ  | all_ACT: 0mJ  | all_RD: 0mJ  | all_WR: 0mJ  | MAC: 0mJ  | Total: 0mJ | compute util: 0, memory util: 0, Op/B 0
			attn_o_proj | 1.49us  | 87724 - 87726 | tensor(209, 512) -> tensor(209, 16384) | ACT: 0.010588mJ  | RD: 0.23688mJ  | WR: 0.095458mJ  | all_ACT: 0mJ  | all_RD: 0mJ  | all_WR: 0mJ  | MAC: 0.80648mJ  | Total: 0.34292mJ | compute util: 0, memory util: 0, Op/B 294.17
				Linear | 1.49us  | 87724 - 87726 | tensor(209, 512) -> tensor(209, 16384) | ACT: 0.010588mJ  | RD: 0.23688mJ  | WR: 0.095458mJ  | all_ACT: 0mJ  | all_RD: 0mJ  | all_WR: 0mJ  | MAC: 0.80648mJ  | Total: 0.34292mJ | compute util: 0.52296, memory util: 1, Op/B 294.17, GPU
			all_reduce | 74.405us  | 87726 - 87800 | tensor(209, 16384) -> tensor(209, 16384) | ACT: 0mJ  | RD: 0mJ  | WR: 0mJ  | all_ACT: 0mJ  | all_RD: 0mJ  | all_WR: 0mJ  | MAC: 0mJ  | Total: 0mJ | compute util: 0, memory util: 0, Op/B 0
		residual_1 | 1.2841us  | 87800 - 87801 | tensor(209, 16384) -> tensor(209, 16384) | ACT: 0mJ  | RD: 0mJ  | WR: 0mJ  | all_ACT: 0mJ  | all_RD: 0mJ  | all_WR: 0mJ  | MAC: 0mJ  | Total: 0mJ | compute util: 0, memory util: 0, Op/B 0
		post_attn_layer_norm | 0.85811us  | 87801 - 87802 | tensor(209, 16384) -> tensor(209, 16384) | ACT: 0mJ  | RD: 0mJ  | WR: 0mJ  | all_ACT: 0mJ  | all_RD: 0mJ  | all_WR: 0mJ  | MAC: 0mJ  | Total: 0mJ | compute util: 0, memory util: 0, Op/B 0
		feedforward | 11.769us  | 87802 - 87814 | tensor(209, 16384) -> tensor(209, 16384) | ACT: 0.083075mJ  | RD: 2.498mJ  | WR: 0.12488mJ  | all_ACT: 0mJ  | all_RD: 0mJ  | all_WR: 0mJ  | MAC: 7.8632mJ  | Total: 2.706mJ | compute util: 0, memory util: 0, Op/B 363.13
			gate_proj | 3.8794us  | 87802 - 87806 | tensor(209, 16384) -> tensor(209, 1664) | ACT: 0.027459mJ  | RD: 0.85468mJ  | WR: 0.0098081mJ  | all_ACT: 0mJ  | all_RD: 0mJ  | all_WR: 0mJ  | MAC: 2.6211mJ  | Total: 0.89194mJ | compute util: 0, memory util: 0, Op/B 367.2
				Linear | 3.8794us  | 87802 - 87806 | tensor(209, 16384) -> tensor(209, 1664) | ACT: 0.027459mJ  | RD: 0.85468mJ  | WR: 0.0098081mJ  | all_ACT: 0mJ  | all_RD: 0mJ  | all_WR: 0mJ  | MAC: 2.6211mJ  | Total: 0.89194mJ | compute util: 0.65279, memory util: 1, Op/B 367.2, GPU
			activation | 0.13042us  | 87806 - 87806 | tensor(209, 1664) -> tensor(209, 1664) | ACT: 0.00069811mJ  | RD: 0.019616mJ  | WR: 0.0098081mJ  | all_ACT: 0mJ  | all_RD: 0mJ  | all_WR: 0mJ  | MAC: 0mJ  | Total: 0.030122mJ | compute util: 0, memory util: 1, Op/B 0, GPU
			up_proj | 3.8794us  | 87806 - 87810 | tensor(209, 16384) -> tensor(209, 1664) | ACT: 0.027459mJ  | RD: 0.85468mJ  | WR: 0.0098081mJ  | all_ACT: 0mJ  | all_RD: 0mJ  | all_WR: 0mJ  | MAC: 2.6211mJ  | Total: 0.89194mJ | compute util: 0, memory util: 0, Op/B 367.2
				Linear | 3.8794us  | 87806 - 87810 | tensor(209, 16384) -> tensor(209, 1664) | ACT: 0.027459mJ  | RD: 0.85468mJ  | WR: 0.0098081mJ  | all_ACT: 0mJ  | all_RD: 0mJ  | all_WR: 0mJ  | MAC: 2.6211mJ  | Total: 0.89194mJ | compute util: 0.65279, memory util: 1, Op/B 367.2, GPU
			down_proj | 3.8794us  | 87810 - 87814 | tensor(209, 1664) -> tensor(209, 16384) | ACT: 0.027459mJ  | RD: 0.76903mJ  | WR: 0.095458mJ  | all_ACT: 0mJ  | all_RD: 0mJ  | all_WR: 0mJ  | MAC: 2.6211mJ  | Total: 0.89194mJ | compute util: 0, memory util: 0, Op/B 367.2
				Linear | 3.8794us  | 87810 - 87814 | tensor(209, 1664) -> tensor(209, 16384) | ACT: 0.027459mJ  | RD: 0.76903mJ  | WR: 0.095458mJ  | all_ACT: 0mJ  | all_RD: 0mJ  | all_WR: 0mJ  | MAC: 2.6211mJ  | Total: 0.89194mJ | compute util: 0.65279, memory util: 1, Op/B 367.2, GPU
		all_reduce | 74.405us  | 87814 - 87888 | tensor(209, 16384) -> tensor(209, 16384) | ACT: 0mJ  | RD: 0mJ  | WR: 0mJ  | all_ACT: 0mJ  | all_RD: 0mJ  | all_WR: 0mJ  | MAC: 0mJ  | Total: 0mJ | compute util: 0, memory util: 0, Op/B 0
		residual_1 | 1.2841us  | 87888 - 87890 | tensor(209, 16384) -> tensor(209, 16384) | ACT: 0mJ  | RD: 0mJ  | WR: 0mJ  | all_ACT: 0mJ  | all_RD: 0mJ  | all_WR: 0mJ  | MAC: 0mJ  | Total: 0mJ | compute util: 0, memory util: 0, Op/B 0
	decoder_77 | 1137.9us  | 87890 - 89027 | tensor(209, 16384) -> tensor(209, 16384) | ACT: 1.3378mJ  | RD: 41.766mJ  | WR: 0.22376mJ  | all_ACT: 0mJ  | all_RD: 0mJ  | all_WR: 0mJ  | MAC: 1007.7mJ  | Total: 43.327mJ | compute util: 0, memory util: 0, Op/B 2903.9
		input_layer_norm | 0.85811us  | 87890 - 87890 | tensor(209, 16384) -> tensor(209, 16384) | ACT: 0mJ  | RD: 0mJ  | WR: 0mJ  | all_ACT: 0mJ  | all_RD: 0mJ  | all_WR: 0mJ  | MAC: 0mJ  | Total: 0mJ | compute util: 0, memory util: 0, Op/B 0
		attention | 1047.4us  | 87890 - 88938 | tensor(209, 16384) -> tensor(209, 16384) | ACT: 1.2547mJ  | RD: 39.268mJ  | WR: 0.09888mJ  | all_ACT: 0mJ  | all_RD: 0mJ  | all_WR: 0mJ  | MAC: 999.85mJ  | Total: 40.621mJ | compute util: 0, memory util: 0, Op/B 3073
			attn_qkv_proj | 1.6227us  | 87890 - 87892 | tensor(209, 16384) -> tensor(209, 576) | ACT: 0.011519mJ  | RD: 0.35834mJ  | WR: 0.0034214mJ  | all_ACT: 0mJ  | all_RD: 0mJ  | all_WR: 0mJ  | MAC: 0.90729mJ  | Total: 0.37328mJ | compute util: 0, memory util: 0, Op/B 303.87
				Linear | 1.6227us  | 87890 - 87892 | tensor(209, 16384) -> tensor(209, 576) | ACT: 0.011519mJ  | RD: 0.35834mJ  | WR: 0.0034214mJ  | all_ACT: 0mJ  | all_RD: 0mJ  | all_WR: 0mJ  | MAC: 0.90729mJ  | Total: 0.37328mJ | compute util: 0.54021, memory util: 1, Op/B 303.87, GPU
			self_attention | 969.9us  | 87892 - 88862 | tensor(209, 576) -> tensor(209, 512) | ACT: 1.2326mJ  | RD: 38.672mJ  | WR: 0mJ  | all_ACT: 0mJ  | all_RD: 0mJ  | all_WR: 0mJ  | MAC: 998.14mJ  | Total: 39.905mJ | compute util: 0, memory util: 0, Op/B 3122.7
				AttentionSplit | 0us  | 87892 - 87892 | tensor(209, 576) -> tensor(0, 768) tensor(209, 768) | ACT: 0mJ  | RD: 0mJ  | WR: 0mJ  | all_ACT: 0mJ  | all_RD: 0mJ  | all_WR: 0mJ  | MAC: 0mJ  | Total: 0mJ | compute util: 0, memory util: 0, Op/B 0
				AttentionSum | 0us  | 87892 - 87892 | tensor(0, 768) -> tensor(0, 2048) | ACT: 0mJ  | RD: 0mJ  | WR: 0mJ  | all_ACT: 0mJ  | all_RD: 0mJ  | all_WR: 0mJ  | MAC: 0mJ  | Total: 0mJ | compute util: 0, memory util: 0, Op/B 0, GPU
				AttentionGen | 964.39us  | 87892 - 88856 | tensor(209, 768) -> tensor(209, 2048) | ACT: 1.2326mJ  | RD: 38.672mJ  | WR: 0mJ  | all_ACT: 0mJ  | all_RD: 0mJ  | all_WR: 0mJ  | MAC: 998.14mJ  | Total: 39.905mJ | compute util: 1, memory util: 0.18013, Op/B 3122.7, GPU
				context_merge | 5.5134us  | 88856 - 88862 | tensor(209, 2048) -> tensor(209, 2048) | ACT: 0mJ  | RD: 0mJ  | WR: 0mJ  | all_ACT: 0mJ  | all_RD: 0mJ  | all_WR: 0mJ  | MAC: 0mJ  | Total: 0mJ | compute util: 0, memory util: 0, Op/B 0
				AttentionMerge | 0us  | 88862 - 88862 | tensor(0, 2048) tensor(209, 2048) -> tensor(209, 512) | ACT: 0mJ  | RD: 0mJ  | WR: 0mJ  | all_ACT: 0mJ  | all_RD: 0mJ  | all_WR: 0mJ  | MAC: 0mJ  | Total: 0mJ | compute util: 0, memory util: 0, Op/B 0
			attn_o_proj | 1.49us  | 88862 - 88863 | tensor(209, 512) -> tensor(209, 16384) | ACT: 0.010588mJ  | RD: 0.23688mJ  | WR: 0.095458mJ  | all_ACT: 0mJ  | all_RD: 0mJ  | all_WR: 0mJ  | MAC: 0.80648mJ  | Total: 0.34292mJ | compute util: 0, memory util: 0, Op/B 294.17
				Linear | 1.49us  | 88862 - 88863 | tensor(209, 512) -> tensor(209, 16384) | ACT: 0.010588mJ  | RD: 0.23688mJ  | WR: 0.095458mJ  | all_ACT: 0mJ  | all_RD: 0mJ  | all_WR: 0mJ  | MAC: 0.80648mJ  | Total: 0.34292mJ | compute util: 0.52296, memory util: 1, Op/B 294.17, GPU
			all_reduce | 74.405us  | 88863 - 88938 | tensor(209, 16384) -> tensor(209, 16384) | ACT: 0mJ  | RD: 0mJ  | WR: 0mJ  | all_ACT: 0mJ  | all_RD: 0mJ  | all_WR: 0mJ  | MAC: 0mJ  | Total: 0mJ | compute util: 0, memory util: 0, Op/B 0
		residual_1 | 1.2841us  | 88938 - 88939 | tensor(209, 16384) -> tensor(209, 16384) | ACT: 0mJ  | RD: 0mJ  | WR: 0mJ  | all_ACT: 0mJ  | all_RD: 0mJ  | all_WR: 0mJ  | MAC: 0mJ  | Total: 0mJ | compute util: 0, memory util: 0, Op/B 0
		post_attn_layer_norm | 0.85811us  | 88939 - 88940 | tensor(209, 16384) -> tensor(209, 16384) | ACT: 0mJ  | RD: 0mJ  | WR: 0mJ  | all_ACT: 0mJ  | all_RD: 0mJ  | all_WR: 0mJ  | MAC: 0mJ  | Total: 0mJ | compute util: 0, memory util: 0, Op/B 0
		feedforward | 11.769us  | 88940 - 88952 | tensor(209, 16384) -> tensor(209, 16384) | ACT: 0.083075mJ  | RD: 2.498mJ  | WR: 0.12488mJ  | all_ACT: 0mJ  | all_RD: 0mJ  | all_WR: 0mJ  | MAC: 7.8632mJ  | Total: 2.706mJ | compute util: 0, memory util: 0, Op/B 363.13
			gate_proj | 3.8794us  | 88940 - 88944 | tensor(209, 16384) -> tensor(209, 1664) | ACT: 0.027459mJ  | RD: 0.85468mJ  | WR: 0.0098081mJ  | all_ACT: 0mJ  | all_RD: 0mJ  | all_WR: 0mJ  | MAC: 2.6211mJ  | Total: 0.89194mJ | compute util: 0, memory util: 0, Op/B 367.2
				Linear | 3.8794us  | 88940 - 88944 | tensor(209, 16384) -> tensor(209, 1664) | ACT: 0.027459mJ  | RD: 0.85468mJ  | WR: 0.0098081mJ  | all_ACT: 0mJ  | all_RD: 0mJ  | all_WR: 0mJ  | MAC: 2.6211mJ  | Total: 0.89194mJ | compute util: 0.65279, memory util: 1, Op/B 367.2, GPU
			activation | 0.13042us  | 88944 - 88944 | tensor(209, 1664) -> tensor(209, 1664) | ACT: 0.00069811mJ  | RD: 0.019616mJ  | WR: 0.0098081mJ  | all_ACT: 0mJ  | all_RD: 0mJ  | all_WR: 0mJ  | MAC: 0mJ  | Total: 0.030122mJ | compute util: 0, memory util: 1, Op/B 0, GPU
			up_proj | 3.8794us  | 88944 - 88948 | tensor(209, 16384) -> tensor(209, 1664) | ACT: 0.027459mJ  | RD: 0.85468mJ  | WR: 0.0098081mJ  | all_ACT: 0mJ  | all_RD: 0mJ  | all_WR: 0mJ  | MAC: 2.6211mJ  | Total: 0.89194mJ | compute util: 0, memory util: 0, Op/B 367.2
				Linear | 3.8794us  | 88944 - 88948 | tensor(209, 16384) -> tensor(209, 1664) | ACT: 0.027459mJ  | RD: 0.85468mJ  | WR: 0.0098081mJ  | all_ACT: 0mJ  | all_RD: 0mJ  | all_WR: 0mJ  | MAC: 2.6211mJ  | Total: 0.89194mJ | compute util: 0.65279, memory util: 1, Op/B 367.2, GPU
			down_proj | 3.8794us  | 88948 - 88952 | tensor(209, 1664) -> tensor(209, 16384) | ACT: 0.027459mJ  | RD: 0.76903mJ  | WR: 0.095458mJ  | all_ACT: 0mJ  | all_RD: 0mJ  | all_WR: 0mJ  | MAC: 2.6211mJ  | Total: 0.89194mJ | compute util: 0, memory util: 0, Op/B 367.2
				Linear | 3.8794us  | 88948 - 88952 | tensor(209, 1664) -> tensor(209, 16384) | ACT: 0.027459mJ  | RD: 0.76903mJ  | WR: 0.095458mJ  | all_ACT: 0mJ  | all_RD: 0mJ  | all_WR: 0mJ  | MAC: 2.6211mJ  | Total: 0.89194mJ | compute util: 0.65279, memory util: 1, Op/B 367.2, GPU
		all_reduce | 74.405us  | 88952 - 89026 | tensor(209, 16384) -> tensor(209, 16384) | ACT: 0mJ  | RD: 0mJ  | WR: 0mJ  | all_ACT: 0mJ  | all_RD: 0mJ  | all_WR: 0mJ  | MAC: 0mJ  | Total: 0mJ | compute util: 0, memory util: 0, Op/B 0
		residual_1 | 1.2841us  | 89026 - 89027 | tensor(209, 16384) -> tensor(209, 16384) | ACT: 0mJ  | RD: 0mJ  | WR: 0mJ  | all_ACT: 0mJ  | all_RD: 0mJ  | all_WR: 0mJ  | MAC: 0mJ  | Total: 0mJ | compute util: 0, memory util: 0, Op/B 0
	decoder_78 | 1144.9us  | 89027 - 90172 | tensor(209, 16384) -> tensor(209, 16384) | ACT: 1.3378mJ  | RD: 41.766mJ  | WR: 0.22376mJ  | all_ACT: 0mJ  | all_RD: 0mJ  | all_WR: 0mJ  | MAC: 1007.7mJ  | Total: 43.327mJ | compute util: 0, memory util: 0, Op/B 2903.9
		input_layer_norm | 0.85811us  | 89027 - 89028 | tensor(209, 16384) -> tensor(209, 16384) | ACT: 0mJ  | RD: 0mJ  | WR: 0mJ  | all_ACT: 0mJ  | all_RD: 0mJ  | all_WR: 0mJ  | MAC: 0mJ  | Total: 0mJ | compute util: 0, memory util: 0, Op/B 0
		attention | 1054.4us  | 89028 - 90083 | tensor(209, 16384) -> tensor(209, 16384) | ACT: 1.2547mJ  | RD: 39.268mJ  | WR: 0.09888mJ  | all_ACT: 0mJ  | all_RD: 0mJ  | all_WR: 0mJ  | MAC: 999.85mJ  | Total: 40.621mJ | compute util: 0, memory util: 0, Op/B 3073
			attn_qkv_proj | 1.6227us  | 89028 - 89030 | tensor(209, 16384) -> tensor(209, 576) | ACT: 0.011519mJ  | RD: 0.35834mJ  | WR: 0.0034214mJ  | all_ACT: 0mJ  | all_RD: 0mJ  | all_WR: 0mJ  | MAC: 0.90729mJ  | Total: 0.37328mJ | compute util: 0, memory util: 0, Op/B 303.87
				Linear | 1.6227us  | 89028 - 89030 | tensor(209, 16384) -> tensor(209, 576) | ACT: 0.011519mJ  | RD: 0.35834mJ  | WR: 0.0034214mJ  | all_ACT: 0mJ  | all_RD: 0mJ  | all_WR: 0mJ  | MAC: 0.90729mJ  | Total: 0.37328mJ | compute util: 0.54021, memory util: 1, Op/B 303.87, GPU
			self_attention | 976.9us  | 89030 - 90007 | tensor(209, 576) -> tensor(209, 512) | ACT: 1.2326mJ  | RD: 38.672mJ  | WR: 0mJ  | all_ACT: 0mJ  | all_RD: 0mJ  | all_WR: 0mJ  | MAC: 998.14mJ  | Total: 39.905mJ | compute util: 0, memory util: 0, Op/B 3122.7
				AttentionSplit | 0us  | 89030 - 89030 | tensor(209, 576) -> tensor(0, 768) tensor(209, 768) | ACT: 0mJ  | RD: 0mJ  | WR: 0mJ  | all_ACT: 0mJ  | all_RD: 0mJ  | all_WR: 0mJ  | MAC: 0mJ  | Total: 0mJ | compute util: 0, memory util: 0, Op/B 0
				AttentionSum | 0us  | 89030 - 89030 | tensor(0, 768) -> tensor(0, 2048) | ACT: 0mJ  | RD: 0mJ  | WR: 0mJ  | all_ACT: 0mJ  | all_RD: 0mJ  | all_WR: 0mJ  | MAC: 0mJ  | Total: 0mJ | compute util: 0, memory util: 0, Op/B 0, GPU
				AttentionGen | 964.39us  | 89030 - 89994 | tensor(209, 768) -> tensor(209, 2048) | ACT: 1.2326mJ  | RD: 38.672mJ  | WR: 0mJ  | all_ACT: 0mJ  | all_RD: 0mJ  | all_WR: 0mJ  | MAC: 998.14mJ  | Total: 39.905mJ | compute util: 1, memory util: 0.18013, Op/B 3122.7, GPU
				context_merge | 12.517us  | 89994 - 90007 | tensor(209, 2048) -> tensor(209, 2048) | ACT: 0mJ  | RD: 0mJ  | WR: 0mJ  | all_ACT: 0mJ  | all_RD: 0mJ  | all_WR: 0mJ  | MAC: 0mJ  | Total: 0mJ | compute util: 0, memory util: 0, Op/B 0
				AttentionMerge | 0us  | 90007 - 90007 | tensor(0, 2048) tensor(209, 2048) -> tensor(209, 512) | ACT: 0mJ  | RD: 0mJ  | WR: 0mJ  | all_ACT: 0mJ  | all_RD: 0mJ  | all_WR: 0mJ  | MAC: 0mJ  | Total: 0mJ | compute util: 0, memory util: 0, Op/B 0
			attn_o_proj | 1.49us  | 90007 - 90008 | tensor(209, 512) -> tensor(209, 16384) | ACT: 0.010588mJ  | RD: 0.23688mJ  | WR: 0.095458mJ  | all_ACT: 0mJ  | all_RD: 0mJ  | all_WR: 0mJ  | MAC: 0.80648mJ  | Total: 0.34292mJ | compute util: 0, memory util: 0, Op/B 294.17
				Linear | 1.49us  | 90007 - 90008 | tensor(209, 512) -> tensor(209, 16384) | ACT: 0.010588mJ  | RD: 0.23688mJ  | WR: 0.095458mJ  | all_ACT: 0mJ  | all_RD: 0mJ  | all_WR: 0mJ  | MAC: 0.80648mJ  | Total: 0.34292mJ | compute util: 0.52296, memory util: 1, Op/B 294.17, GPU
			all_reduce | 74.405us  | 90008 - 90083 | tensor(209, 16384) -> tensor(209, 16384) | ACT: 0mJ  | RD: 0mJ  | WR: 0mJ  | all_ACT: 0mJ  | all_RD: 0mJ  | all_WR: 0mJ  | MAC: 0mJ  | Total: 0mJ | compute util: 0, memory util: 0, Op/B 0
		residual_1 | 1.2841us  | 90083 - 90084 | tensor(209, 16384) -> tensor(209, 16384) | ACT: 0mJ  | RD: 0mJ  | WR: 0mJ  | all_ACT: 0mJ  | all_RD: 0mJ  | all_WR: 0mJ  | MAC: 0mJ  | Total: 0mJ | compute util: 0, memory util: 0, Op/B 0
		post_attn_layer_norm | 0.85811us  | 90084 - 90085 | tensor(209, 16384) -> tensor(209, 16384) | ACT: 0mJ  | RD: 0mJ  | WR: 0mJ  | all_ACT: 0mJ  | all_RD: 0mJ  | all_WR: 0mJ  | MAC: 0mJ  | Total: 0mJ | compute util: 0, memory util: 0, Op/B 0
		feedforward | 11.769us  | 90085 - 90097 | tensor(209, 16384) -> tensor(209, 16384) | ACT: 0.083075mJ  | RD: 2.498mJ  | WR: 0.12488mJ  | all_ACT: 0mJ  | all_RD: 0mJ  | all_WR: 0mJ  | MAC: 7.8632mJ  | Total: 2.706mJ | compute util: 0, memory util: 0, Op/B 363.13
			gate_proj | 3.8794us  | 90085 - 90089 | tensor(209, 16384) -> tensor(209, 1664) | ACT: 0.027459mJ  | RD: 0.85468mJ  | WR: 0.0098081mJ  | all_ACT: 0mJ  | all_RD: 0mJ  | all_WR: 0mJ  | MAC: 2.6211mJ  | Total: 0.89194mJ | compute util: 0, memory util: 0, Op/B 367.2
				Linear | 3.8794us  | 90085 - 90089 | tensor(209, 16384) -> tensor(209, 1664) | ACT: 0.027459mJ  | RD: 0.85468mJ  | WR: 0.0098081mJ  | all_ACT: 0mJ  | all_RD: 0mJ  | all_WR: 0mJ  | MAC: 2.6211mJ  | Total: 0.89194mJ | compute util: 0.65279, memory util: 1, Op/B 367.2, GPU
			activation | 0.13042us  | 90089 - 90089 | tensor(209, 1664) -> tensor(209, 1664) | ACT: 0.00069811mJ  | RD: 0.019616mJ  | WR: 0.0098081mJ  | all_ACT: 0mJ  | all_RD: 0mJ  | all_WR: 0mJ  | MAC: 0mJ  | Total: 0.030122mJ | compute util: 0, memory util: 1, Op/B 0, GPU
			up_proj | 3.8794us  | 90089 - 90093 | tensor(209, 16384) -> tensor(209, 1664) | ACT: 0.027459mJ  | RD: 0.85468mJ  | WR: 0.0098081mJ  | all_ACT: 0mJ  | all_RD: 0mJ  | all_WR: 0mJ  | MAC: 2.6211mJ  | Total: 0.89194mJ | compute util: 0, memory util: 0, Op/B 367.2
				Linear | 3.8794us  | 90089 - 90093 | tensor(209, 16384) -> tensor(209, 1664) | ACT: 0.027459mJ  | RD: 0.85468mJ  | WR: 0.0098081mJ  | all_ACT: 0mJ  | all_RD: 0mJ  | all_WR: 0mJ  | MAC: 2.6211mJ  | Total: 0.89194mJ | compute util: 0.65279, memory util: 1, Op/B 367.2, GPU
			down_proj | 3.8794us  | 90093 - 90097 | tensor(209, 1664) -> tensor(209, 16384) | ACT: 0.027459mJ  | RD: 0.76903mJ  | WR: 0.095458mJ  | all_ACT: 0mJ  | all_RD: 0mJ  | all_WR: 0mJ  | MAC: 2.6211mJ  | Total: 0.89194mJ | compute util: 0, memory util: 0, Op/B 367.2
				Linear | 3.8794us  | 90093 - 90097 | tensor(209, 1664) -> tensor(209, 16384) | ACT: 0.027459mJ  | RD: 0.76903mJ  | WR: 0.095458mJ  | all_ACT: 0mJ  | all_RD: 0mJ  | all_WR: 0mJ  | MAC: 2.6211mJ  | Total: 0.89194mJ | compute util: 0.65279, memory util: 1, Op/B 367.2, GPU
		all_reduce | 74.405us  | 90097 - 90171 | tensor(209, 16384) -> tensor(209, 16384) | ACT: 0mJ  | RD: 0mJ  | WR: 0mJ  | all_ACT: 0mJ  | all_RD: 0mJ  | all_WR: 0mJ  | MAC: 0mJ  | Total: 0mJ | compute util: 0, memory util: 0, Op/B 0
		residual_1 | 1.2841us  | 90171 - 90172 | tensor(209, 16384) -> tensor(209, 16384) | ACT: 0mJ  | RD: 0mJ  | WR: 0mJ  | all_ACT: 0mJ  | all_RD: 0mJ  | all_WR: 0mJ  | MAC: 0mJ  | Total: 0mJ | compute util: 0, memory util: 0, Op/B 0
	decoder_79 | 1137.9us  | 90172 - 91310 | tensor(209, 16384) -> tensor(209, 16384) | ACT: 1.3378mJ  | RD: 41.766mJ  | WR: 0.22376mJ  | all_ACT: 0mJ  | all_RD: 0mJ  | all_WR: 0mJ  | MAC: 1007.7mJ  | Total: 43.327mJ | compute util: 0, memory util: 0, Op/B 2903.9
		input_layer_norm | 0.85811us  | 90172 - 90173 | tensor(209, 16384) -> tensor(209, 16384) | ACT: 0mJ  | RD: 0mJ  | WR: 0mJ  | all_ACT: 0mJ  | all_RD: 0mJ  | all_WR: 0mJ  | MAC: 0mJ  | Total: 0mJ | compute util: 0, memory util: 0, Op/B 0
		attention | 1047.4us  | 90173 - 91221 | tensor(209, 16384) -> tensor(209, 16384) | ACT: 1.2547mJ  | RD: 39.268mJ  | WR: 0.09888mJ  | all_ACT: 0mJ  | all_RD: 0mJ  | all_WR: 0mJ  | MAC: 999.85mJ  | Total: 40.621mJ | compute util: 0, memory util: 0, Op/B 3073
			attn_qkv_proj | 1.6227us  | 90173 - 90175 | tensor(209, 16384) -> tensor(209, 576) | ACT: 0.011519mJ  | RD: 0.35834mJ  | WR: 0.0034214mJ  | all_ACT: 0mJ  | all_RD: 0mJ  | all_WR: 0mJ  | MAC: 0.90729mJ  | Total: 0.37328mJ | compute util: 0, memory util: 0, Op/B 303.87
				Linear | 1.6227us  | 90173 - 90175 | tensor(209, 16384) -> tensor(209, 576) | ACT: 0.011519mJ  | RD: 0.35834mJ  | WR: 0.0034214mJ  | all_ACT: 0mJ  | all_RD: 0mJ  | all_WR: 0mJ  | MAC: 0.90729mJ  | Total: 0.37328mJ | compute util: 0.54021, memory util: 1, Op/B 303.87, GPU
			self_attention | 969.9us  | 90175 - 91145 | tensor(209, 576) -> tensor(209, 512) | ACT: 1.2326mJ  | RD: 38.672mJ  | WR: 0mJ  | all_ACT: 0mJ  | all_RD: 0mJ  | all_WR: 0mJ  | MAC: 998.14mJ  | Total: 39.905mJ | compute util: 0, memory util: 0, Op/B 3122.7
				AttentionSplit | 0us  | 90175 - 90175 | tensor(209, 576) -> tensor(0, 768) tensor(209, 768) | ACT: 0mJ  | RD: 0mJ  | WR: 0mJ  | all_ACT: 0mJ  | all_RD: 0mJ  | all_WR: 0mJ  | MAC: 0mJ  | Total: 0mJ | compute util: 0, memory util: 0, Op/B 0
				AttentionSum | 0us  | 90175 - 90175 | tensor(0, 768) -> tensor(0, 2048) | ACT: 0mJ  | RD: 0mJ  | WR: 0mJ  | all_ACT: 0mJ  | all_RD: 0mJ  | all_WR: 0mJ  | MAC: 0mJ  | Total: 0mJ | compute util: 0, memory util: 0, Op/B 0, GPU
				AttentionGen | 964.39us  | 90175 - 91139 | tensor(209, 768) -> tensor(209, 2048) | ACT: 1.2326mJ  | RD: 38.672mJ  | WR: 0mJ  | all_ACT: 0mJ  | all_RD: 0mJ  | all_WR: 0mJ  | MAC: 998.14mJ  | Total: 39.905mJ | compute util: 1, memory util: 0.18013, Op/B 3122.7, GPU
				context_merge | 5.5134us  | 91139 - 91145 | tensor(209, 2048) -> tensor(209, 2048) | ACT: 0mJ  | RD: 0mJ  | WR: 0mJ  | all_ACT: 0mJ  | all_RD: 0mJ  | all_WR: 0mJ  | MAC: 0mJ  | Total: 0mJ | compute util: 0, memory util: 0, Op/B 0
				AttentionMerge | 0us  | 91145 - 91145 | tensor(0, 2048) tensor(209, 2048) -> tensor(209, 512) | ACT: 0mJ  | RD: 0mJ  | WR: 0mJ  | all_ACT: 0mJ  | all_RD: 0mJ  | all_WR: 0mJ  | MAC: 0mJ  | Total: 0mJ | compute util: 0, memory util: 0, Op/B 0
			attn_o_proj | 1.49us  | 91145 - 91146 | tensor(209, 512) -> tensor(209, 16384) | ACT: 0.010588mJ  | RD: 0.23688mJ  | WR: 0.095458mJ  | all_ACT: 0mJ  | all_RD: 0mJ  | all_WR: 0mJ  | MAC: 0.80648mJ  | Total: 0.34292mJ | compute util: 0, memory util: 0, Op/B 294.17
				Linear | 1.49us  | 91145 - 91146 | tensor(209, 512) -> tensor(209, 16384) | ACT: 0.010588mJ  | RD: 0.23688mJ  | WR: 0.095458mJ  | all_ACT: 0mJ  | all_RD: 0mJ  | all_WR: 0mJ  | MAC: 0.80648mJ  | Total: 0.34292mJ | compute util: 0.52296, memory util: 1, Op/B 294.17, GPU
			all_reduce | 74.405us  | 91146 - 91221 | tensor(209, 16384) -> tensor(209, 16384) | ACT: 0mJ  | RD: 0mJ  | WR: 0mJ  | all_ACT: 0mJ  | all_RD: 0mJ  | all_WR: 0mJ  | MAC: 0mJ  | Total: 0mJ | compute util: 0, memory util: 0, Op/B 0
		residual_1 | 1.2841us  | 91221 - 91222 | tensor(209, 16384) -> tensor(209, 16384) | ACT: 0mJ  | RD: 0mJ  | WR: 0mJ  | all_ACT: 0mJ  | all_RD: 0mJ  | all_WR: 0mJ  | MAC: 0mJ  | Total: 0mJ | compute util: 0, memory util: 0, Op/B 0
		post_attn_layer_norm | 0.85811us  | 91222 - 91223 | tensor(209, 16384) -> tensor(209, 16384) | ACT: 0mJ  | RD: 0mJ  | WR: 0mJ  | all_ACT: 0mJ  | all_RD: 0mJ  | all_WR: 0mJ  | MAC: 0mJ  | Total: 0mJ | compute util: 0, memory util: 0, Op/B 0
		feedforward | 11.769us  | 91223 - 91235 | tensor(209, 16384) -> tensor(209, 16384) | ACT: 0.083075mJ  | RD: 2.498mJ  | WR: 0.12488mJ  | all_ACT: 0mJ  | all_RD: 0mJ  | all_WR: 0mJ  | MAC: 7.8632mJ  | Total: 2.706mJ | compute util: 0, memory util: 0, Op/B 363.13
			gate_proj | 3.8794us  | 91223 - 91227 | tensor(209, 16384) -> tensor(209, 1664) | ACT: 0.027459mJ  | RD: 0.85468mJ  | WR: 0.0098081mJ  | all_ACT: 0mJ  | all_RD: 0mJ  | all_WR: 0mJ  | MAC: 2.6211mJ  | Total: 0.89194mJ | compute util: 0, memory util: 0, Op/B 367.2
				Linear | 3.8794us  | 91223 - 91227 | tensor(209, 16384) -> tensor(209, 1664) | ACT: 0.027459mJ  | RD: 0.85468mJ  | WR: 0.0098081mJ  | all_ACT: 0mJ  | all_RD: 0mJ  | all_WR: 0mJ  | MAC: 2.6211mJ  | Total: 0.89194mJ | compute util: 0.65279, memory util: 1, Op/B 367.2, GPU
			activation | 0.13042us  | 91227 - 91227 | tensor(209, 1664) -> tensor(209, 1664) | ACT: 0.00069811mJ  | RD: 0.019616mJ  | WR: 0.0098081mJ  | all_ACT: 0mJ  | all_RD: 0mJ  | all_WR: 0mJ  | MAC: 0mJ  | Total: 0.030122mJ | compute util: 0, memory util: 1, Op/B 0, GPU
			up_proj | 3.8794us  | 91227 - 91231 | tensor(209, 16384) -> tensor(209, 1664) | ACT: 0.027459mJ  | RD: 0.85468mJ  | WR: 0.0098081mJ  | all_ACT: 0mJ  | all_RD: 0mJ  | all_WR: 0mJ  | MAC: 2.6211mJ  | Total: 0.89194mJ | compute util: 0, memory util: 0, Op/B 367.2
				Linear | 3.8794us  | 91227 - 91231 | tensor(209, 16384) -> tensor(209, 1664) | ACT: 0.027459mJ  | RD: 0.85468mJ  | WR: 0.0098081mJ  | all_ACT: 0mJ  | all_RD: 0mJ  | all_WR: 0mJ  | MAC: 2.6211mJ  | Total: 0.89194mJ | compute util: 0.65279, memory util: 1, Op/B 367.2, GPU
			down_proj | 3.8794us  | 91231 - 91235 | tensor(209, 1664) -> tensor(209, 16384) | ACT: 0.027459mJ  | RD: 0.76903mJ  | WR: 0.095458mJ  | all_ACT: 0mJ  | all_RD: 0mJ  | all_WR: 0mJ  | MAC: 2.6211mJ  | Total: 0.89194mJ | compute util: 0, memory util: 0, Op/B 367.2
				Linear | 3.8794us  | 91231 - 91235 | tensor(209, 1664) -> tensor(209, 16384) | ACT: 0.027459mJ  | RD: 0.76903mJ  | WR: 0.095458mJ  | all_ACT: 0mJ  | all_RD: 0mJ  | all_WR: 0mJ  | MAC: 2.6211mJ  | Total: 0.89194mJ | compute util: 0.65279, memory util: 1, Op/B 367.2, GPU
		all_reduce | 74.405us  | 91235 - 91309 | tensor(209, 16384) -> tensor(209, 16384) | ACT: 0mJ  | RD: 0mJ  | WR: 0mJ  | all_ACT: 0mJ  | all_RD: 0mJ  | all_WR: 0mJ  | MAC: 0mJ  | Total: 0mJ | compute util: 0, memory util: 0, Op/B 0
		residual_1 | 1.2841us  | 91309 - 91310 | tensor(209, 16384) -> tensor(209, 16384) | ACT: 0mJ  | RD: 0mJ  | WR: 0mJ  | all_ACT: 0mJ  | all_RD: 0mJ  | all_WR: 0mJ  | MAC: 0mJ  | Total: 0mJ | compute util: 0, memory util: 0, Op/B 0
	decoder_80 | 1144.9us  | 91310 - 92455 | tensor(209, 16384) -> tensor(209, 16384) | ACT: 1.3378mJ  | RD: 41.766mJ  | WR: 0.22376mJ  | all_ACT: 0mJ  | all_RD: 0mJ  | all_WR: 0mJ  | MAC: 1007.7mJ  | Total: 43.327mJ | compute util: 0, memory util: 0, Op/B 2903.9
		input_layer_norm | 0.85811us  | 91310 - 91311 | tensor(209, 16384) -> tensor(209, 16384) | ACT: 0mJ  | RD: 0mJ  | WR: 0mJ  | all_ACT: 0mJ  | all_RD: 0mJ  | all_WR: 0mJ  | MAC: 0mJ  | Total: 0mJ | compute util: 0, memory util: 0, Op/B 0
		attention | 1054.4us  | 91311 - 92366 | tensor(209, 16384) -> tensor(209, 16384) | ACT: 1.2547mJ  | RD: 39.268mJ  | WR: 0.09888mJ  | all_ACT: 0mJ  | all_RD: 0mJ  | all_WR: 0mJ  | MAC: 999.85mJ  | Total: 40.621mJ | compute util: 0, memory util: 0, Op/B 3073
			attn_qkv_proj | 1.6227us  | 91311 - 91313 | tensor(209, 16384) -> tensor(209, 576) | ACT: 0.011519mJ  | RD: 0.35834mJ  | WR: 0.0034214mJ  | all_ACT: 0mJ  | all_RD: 0mJ  | all_WR: 0mJ  | MAC: 0.90729mJ  | Total: 0.37328mJ | compute util: 0, memory util: 0, Op/B 303.87
				Linear | 1.6227us  | 91311 - 91313 | tensor(209, 16384) -> tensor(209, 576) | ACT: 0.011519mJ  | RD: 0.35834mJ  | WR: 0.0034214mJ  | all_ACT: 0mJ  | all_RD: 0mJ  | all_WR: 0mJ  | MAC: 0.90729mJ  | Total: 0.37328mJ | compute util: 0.54021, memory util: 1, Op/B 303.87, GPU
			self_attention | 976.9us  | 91313 - 92290 | tensor(209, 576) -> tensor(209, 512) | ACT: 1.2326mJ  | RD: 38.672mJ  | WR: 0mJ  | all_ACT: 0mJ  | all_RD: 0mJ  | all_WR: 0mJ  | MAC: 998.14mJ  | Total: 39.905mJ | compute util: 0, memory util: 0, Op/B 3122.7
				AttentionSplit | 0us  | 91313 - 91313 | tensor(209, 576) -> tensor(0, 768) tensor(209, 768) | ACT: 0mJ  | RD: 0mJ  | WR: 0mJ  | all_ACT: 0mJ  | all_RD: 0mJ  | all_WR: 0mJ  | MAC: 0mJ  | Total: 0mJ | compute util: 0, memory util: 0, Op/B 0
				AttentionSum | 0us  | 91313 - 91313 | tensor(0, 768) -> tensor(0, 2048) | ACT: 0mJ  | RD: 0mJ  | WR: 0mJ  | all_ACT: 0mJ  | all_RD: 0mJ  | all_WR: 0mJ  | MAC: 0mJ  | Total: 0mJ | compute util: 0, memory util: 0, Op/B 0, GPU
				AttentionGen | 964.39us  | 91313 - 92277 | tensor(209, 768) -> tensor(209, 2048) | ACT: 1.2326mJ  | RD: 38.672mJ  | WR: 0mJ  | all_ACT: 0mJ  | all_RD: 0mJ  | all_WR: 0mJ  | MAC: 998.14mJ  | Total: 39.905mJ | compute util: 1, memory util: 0.18013, Op/B 3122.7, GPU
				context_merge | 12.517us  | 92277 - 92290 | tensor(209, 2048) -> tensor(209, 2048) | ACT: 0mJ  | RD: 0mJ  | WR: 0mJ  | all_ACT: 0mJ  | all_RD: 0mJ  | all_WR: 0mJ  | MAC: 0mJ  | Total: 0mJ | compute util: 0, memory util: 0, Op/B 0
				AttentionMerge | 0us  | 92290 - 92290 | tensor(0, 2048) tensor(209, 2048) -> tensor(209, 512) | ACT: 0mJ  | RD: 0mJ  | WR: 0mJ  | all_ACT: 0mJ  | all_RD: 0mJ  | all_WR: 0mJ  | MAC: 0mJ  | Total: 0mJ | compute util: 0, memory util: 0, Op/B 0
			attn_o_proj | 1.49us  | 92290 - 92291 | tensor(209, 512) -> tensor(209, 16384) | ACT: 0.010588mJ  | RD: 0.23688mJ  | WR: 0.095458mJ  | all_ACT: 0mJ  | all_RD: 0mJ  | all_WR: 0mJ  | MAC: 0.80648mJ  | Total: 0.34292mJ | compute util: 0, memory util: 0, Op/B 294.17
				Linear | 1.49us  | 92290 - 92291 | tensor(209, 512) -> tensor(209, 16384) | ACT: 0.010588mJ  | RD: 0.23688mJ  | WR: 0.095458mJ  | all_ACT: 0mJ  | all_RD: 0mJ  | all_WR: 0mJ  | MAC: 0.80648mJ  | Total: 0.34292mJ | compute util: 0.52296, memory util: 1, Op/B 294.17, GPU
			all_reduce | 74.405us  | 92291 - 92366 | tensor(209, 16384) -> tensor(209, 16384) | ACT: 0mJ  | RD: 0mJ  | WR: 0mJ  | all_ACT: 0mJ  | all_RD: 0mJ  | all_WR: 0mJ  | MAC: 0mJ  | Total: 0mJ | compute util: 0, memory util: 0, Op/B 0
		residual_1 | 1.2841us  | 92366 - 92367 | tensor(209, 16384) -> tensor(209, 16384) | ACT: 0mJ  | RD: 0mJ  | WR: 0mJ  | all_ACT: 0mJ  | all_RD: 0mJ  | all_WR: 0mJ  | MAC: 0mJ  | Total: 0mJ | compute util: 0, memory util: 0, Op/B 0
		post_attn_layer_norm | 0.85811us  | 92367 - 92368 | tensor(209, 16384) -> tensor(209, 16384) | ACT: 0mJ  | RD: 0mJ  | WR: 0mJ  | all_ACT: 0mJ  | all_RD: 0mJ  | all_WR: 0mJ  | MAC: 0mJ  | Total: 0mJ | compute util: 0, memory util: 0, Op/B 0
		feedforward | 11.769us  | 92368 - 92379 | tensor(209, 16384) -> tensor(209, 16384) | ACT: 0.083075mJ  | RD: 2.498mJ  | WR: 0.12488mJ  | all_ACT: 0mJ  | all_RD: 0mJ  | all_WR: 0mJ  | MAC: 7.8632mJ  | Total: 2.706mJ | compute util: 0, memory util: 0, Op/B 363.13
			gate_proj | 3.8794us  | 92368 - 92372 | tensor(209, 16384) -> tensor(209, 1664) | ACT: 0.027459mJ  | RD: 0.85468mJ  | WR: 0.0098081mJ  | all_ACT: 0mJ  | all_RD: 0mJ  | all_WR: 0mJ  | MAC: 2.6211mJ  | Total: 0.89194mJ | compute util: 0, memory util: 0, Op/B 367.2
				Linear | 3.8794us  | 92368 - 92372 | tensor(209, 16384) -> tensor(209, 1664) | ACT: 0.027459mJ  | RD: 0.85468mJ  | WR: 0.0098081mJ  | all_ACT: 0mJ  | all_RD: 0mJ  | all_WR: 0mJ  | MAC: 2.6211mJ  | Total: 0.89194mJ | compute util: 0.65279, memory util: 1, Op/B 367.2, GPU
			activation | 0.13042us  | 92372 - 92372 | tensor(209, 1664) -> tensor(209, 1664) | ACT: 0.00069811mJ  | RD: 0.019616mJ  | WR: 0.0098081mJ  | all_ACT: 0mJ  | all_RD: 0mJ  | all_WR: 0mJ  | MAC: 0mJ  | Total: 0.030122mJ | compute util: 0, memory util: 1, Op/B 0, GPU
			up_proj | 3.8794us  | 92372 - 92376 | tensor(209, 16384) -> tensor(209, 1664) | ACT: 0.027459mJ  | RD: 0.85468mJ  | WR: 0.0098081mJ  | all_ACT: 0mJ  | all_RD: 0mJ  | all_WR: 0mJ  | MAC: 2.6211mJ  | Total: 0.89194mJ | compute util: 0, memory util: 0, Op/B 367.2
				Linear | 3.8794us  | 92372 - 92376 | tensor(209, 16384) -> tensor(209, 1664) | ACT: 0.027459mJ  | RD: 0.85468mJ  | WR: 0.0098081mJ  | all_ACT: 0mJ  | all_RD: 0mJ  | all_WR: 0mJ  | MAC: 2.6211mJ  | Total: 0.89194mJ | compute util: 0.65279, memory util: 1, Op/B 367.2, GPU
			down_proj | 3.8794us  | 92376 - 92379 | tensor(209, 1664) -> tensor(209, 16384) | ACT: 0.027459mJ  | RD: 0.76903mJ  | WR: 0.095458mJ  | all_ACT: 0mJ  | all_RD: 0mJ  | all_WR: 0mJ  | MAC: 2.6211mJ  | Total: 0.89194mJ | compute util: 0, memory util: 0, Op/B 367.2
				Linear | 3.8794us  | 92376 - 92379 | tensor(209, 1664) -> tensor(209, 16384) | ACT: 0.027459mJ  | RD: 0.76903mJ  | WR: 0.095458mJ  | all_ACT: 0mJ  | all_RD: 0mJ  | all_WR: 0mJ  | MAC: 2.6211mJ  | Total: 0.89194mJ | compute util: 0.65279, memory util: 1, Op/B 367.2, GPU
		all_reduce | 74.405us  | 92379 - 92454 | tensor(209, 16384) -> tensor(209, 16384) | ACT: 0mJ  | RD: 0mJ  | WR: 0mJ  | all_ACT: 0mJ  | all_RD: 0mJ  | all_WR: 0mJ  | MAC: 0mJ  | Total: 0mJ | compute util: 0, memory util: 0, Op/B 0
		residual_1 | 1.2841us  | 92454 - 92455 | tensor(209, 16384) -> tensor(209, 16384) | ACT: 0mJ  | RD: 0mJ  | WR: 0mJ  | all_ACT: 0mJ  | all_RD: 0mJ  | all_WR: 0mJ  | MAC: 0mJ  | Total: 0mJ | compute util: 0, memory util: 0, Op/B 0
	decoder_81 | 1137.9us  | 92455 - 93593 | tensor(209, 16384) -> tensor(209, 16384) | ACT: 1.3378mJ  | RD: 41.766mJ  | WR: 0.22376mJ  | all_ACT: 0mJ  | all_RD: 0mJ  | all_WR: 0mJ  | MAC: 1007.7mJ  | Total: 43.327mJ | compute util: 0, memory util: 0, Op/B 2903.9
		input_layer_norm | 0.85811us  | 92455 - 92456 | tensor(209, 16384) -> tensor(209, 16384) | ACT: 0mJ  | RD: 0mJ  | WR: 0mJ  | all_ACT: 0mJ  | all_RD: 0mJ  | all_WR: 0mJ  | MAC: 0mJ  | Total: 0mJ | compute util: 0, memory util: 0, Op/B 0
		attention | 1047.4us  | 92456 - 93503 | tensor(209, 16384) -> tensor(209, 16384) | ACT: 1.2547mJ  | RD: 39.268mJ  | WR: 0.09888mJ  | all_ACT: 0mJ  | all_RD: 0mJ  | all_WR: 0mJ  | MAC: 999.85mJ  | Total: 40.621mJ | compute util: 0, memory util: 0, Op/B 3073
			attn_qkv_proj | 1.6227us  | 92456 - 92458 | tensor(209, 16384) -> tensor(209, 576) | ACT: 0.011519mJ  | RD: 0.35834mJ  | WR: 0.0034214mJ  | all_ACT: 0mJ  | all_RD: 0mJ  | all_WR: 0mJ  | MAC: 0.90729mJ  | Total: 0.37328mJ | compute util: 0, memory util: 0, Op/B 303.87
				Linear | 1.6227us  | 92456 - 92458 | tensor(209, 16384) -> tensor(209, 576) | ACT: 0.011519mJ  | RD: 0.35834mJ  | WR: 0.0034214mJ  | all_ACT: 0mJ  | all_RD: 0mJ  | all_WR: 0mJ  | MAC: 0.90729mJ  | Total: 0.37328mJ | compute util: 0.54021, memory util: 1, Op/B 303.87, GPU
			self_attention | 969.9us  | 92458 - 93427 | tensor(209, 576) -> tensor(209, 512) | ACT: 1.2326mJ  | RD: 38.672mJ  | WR: 0mJ  | all_ACT: 0mJ  | all_RD: 0mJ  | all_WR: 0mJ  | MAC: 998.14mJ  | Total: 39.905mJ | compute util: 0, memory util: 0, Op/B 3122.7
				AttentionSplit | 0us  | 92458 - 92458 | tensor(209, 576) -> tensor(0, 768) tensor(209, 768) | ACT: 0mJ  | RD: 0mJ  | WR: 0mJ  | all_ACT: 0mJ  | all_RD: 0mJ  | all_WR: 0mJ  | MAC: 0mJ  | Total: 0mJ | compute util: 0, memory util: 0, Op/B 0
				AttentionSum | 0us  | 92458 - 92458 | tensor(0, 768) -> tensor(0, 2048) | ACT: 0mJ  | RD: 0mJ  | WR: 0mJ  | all_ACT: 0mJ  | all_RD: 0mJ  | all_WR: 0mJ  | MAC: 0mJ  | Total: 0mJ | compute util: 0, memory util: 0, Op/B 0, GPU
				AttentionGen | 964.39us  | 92458 - 93422 | tensor(209, 768) -> tensor(209, 2048) | ACT: 1.2326mJ  | RD: 38.672mJ  | WR: 0mJ  | all_ACT: 0mJ  | all_RD: 0mJ  | all_WR: 0mJ  | MAC: 998.14mJ  | Total: 39.905mJ | compute util: 1, memory util: 0.18013, Op/B 3122.7, GPU
				context_merge | 5.5134us  | 93422 - 93427 | tensor(209, 2048) -> tensor(209, 2048) | ACT: 0mJ  | RD: 0mJ  | WR: 0mJ  | all_ACT: 0mJ  | all_RD: 0mJ  | all_WR: 0mJ  | MAC: 0mJ  | Total: 0mJ | compute util: 0, memory util: 0, Op/B 0
				AttentionMerge | 0us  | 93427 - 93427 | tensor(0, 2048) tensor(209, 2048) -> tensor(209, 512) | ACT: 0mJ  | RD: 0mJ  | WR: 0mJ  | all_ACT: 0mJ  | all_RD: 0mJ  | all_WR: 0mJ  | MAC: 0mJ  | Total: 0mJ | compute util: 0, memory util: 0, Op/B 0
			attn_o_proj | 1.49us  | 93427 - 93429 | tensor(209, 512) -> tensor(209, 16384) | ACT: 0.010588mJ  | RD: 0.23688mJ  | WR: 0.095458mJ  | all_ACT: 0mJ  | all_RD: 0mJ  | all_WR: 0mJ  | MAC: 0.80648mJ  | Total: 0.34292mJ | compute util: 0, memory util: 0, Op/B 294.17
				Linear | 1.49us  | 93427 - 93429 | tensor(209, 512) -> tensor(209, 16384) | ACT: 0.010588mJ  | RD: 0.23688mJ  | WR: 0.095458mJ  | all_ACT: 0mJ  | all_RD: 0mJ  | all_WR: 0mJ  | MAC: 0.80648mJ  | Total: 0.34292mJ | compute util: 0.52296, memory util: 1, Op/B 294.17, GPU
			all_reduce | 74.405us  | 93429 - 93503 | tensor(209, 16384) -> tensor(209, 16384) | ACT: 0mJ  | RD: 0mJ  | WR: 0mJ  | all_ACT: 0mJ  | all_RD: 0mJ  | all_WR: 0mJ  | MAC: 0mJ  | Total: 0mJ | compute util: 0, memory util: 0, Op/B 0
		residual_1 | 1.2841us  | 93503 - 93505 | tensor(209, 16384) -> tensor(209, 16384) | ACT: 0mJ  | RD: 0mJ  | WR: 0mJ  | all_ACT: 0mJ  | all_RD: 0mJ  | all_WR: 0mJ  | MAC: 0mJ  | Total: 0mJ | compute util: 0, memory util: 0, Op/B 0
		post_attn_layer_norm | 0.85811us  | 93505 - 93506 | tensor(209, 16384) -> tensor(209, 16384) | ACT: 0mJ  | RD: 0mJ  | WR: 0mJ  | all_ACT: 0mJ  | all_RD: 0mJ  | all_WR: 0mJ  | MAC: 0mJ  | Total: 0mJ | compute util: 0, memory util: 0, Op/B 0
		feedforward | 11.769us  | 93506 - 93517 | tensor(209, 16384) -> tensor(209, 16384) | ACT: 0.083075mJ  | RD: 2.498mJ  | WR: 0.12488mJ  | all_ACT: 0mJ  | all_RD: 0mJ  | all_WR: 0mJ  | MAC: 7.8632mJ  | Total: 2.706mJ | compute util: 0, memory util: 0, Op/B 363.13
			gate_proj | 3.8794us  | 93506 - 93509 | tensor(209, 16384) -> tensor(209, 1664) | ACT: 0.027459mJ  | RD: 0.85468mJ  | WR: 0.0098081mJ  | all_ACT: 0mJ  | all_RD: 0mJ  | all_WR: 0mJ  | MAC: 2.6211mJ  | Total: 0.89194mJ | compute util: 0, memory util: 0, Op/B 367.2
				Linear | 3.8794us  | 93506 - 93509 | tensor(209, 16384) -> tensor(209, 1664) | ACT: 0.027459mJ  | RD: 0.85468mJ  | WR: 0.0098081mJ  | all_ACT: 0mJ  | all_RD: 0mJ  | all_WR: 0mJ  | MAC: 2.6211mJ  | Total: 0.89194mJ | compute util: 0.65279, memory util: 1, Op/B 367.2, GPU
			activation | 0.13042us  | 93509 - 93510 | tensor(209, 1664) -> tensor(209, 1664) | ACT: 0.00069811mJ  | RD: 0.019616mJ  | WR: 0.0098081mJ  | all_ACT: 0mJ  | all_RD: 0mJ  | all_WR: 0mJ  | MAC: 0mJ  | Total: 0.030122mJ | compute util: 0, memory util: 1, Op/B 0, GPU
			up_proj | 3.8794us  | 93510 - 93513 | tensor(209, 16384) -> tensor(209, 1664) | ACT: 0.027459mJ  | RD: 0.85468mJ  | WR: 0.0098081mJ  | all_ACT: 0mJ  | all_RD: 0mJ  | all_WR: 0mJ  | MAC: 2.6211mJ  | Total: 0.89194mJ | compute util: 0, memory util: 0, Op/B 367.2
				Linear | 3.8794us  | 93510 - 93513 | tensor(209, 16384) -> tensor(209, 1664) | ACT: 0.027459mJ  | RD: 0.85468mJ  | WR: 0.0098081mJ  | all_ACT: 0mJ  | all_RD: 0mJ  | all_WR: 0mJ  | MAC: 2.6211mJ  | Total: 0.89194mJ | compute util: 0.65279, memory util: 1, Op/B 367.2, GPU
			down_proj | 3.8794us  | 93513 - 93517 | tensor(209, 1664) -> tensor(209, 16384) | ACT: 0.027459mJ  | RD: 0.76903mJ  | WR: 0.095458mJ  | all_ACT: 0mJ  | all_RD: 0mJ  | all_WR: 0mJ  | MAC: 2.6211mJ  | Total: 0.89194mJ | compute util: 0, memory util: 0, Op/B 367.2
				Linear | 3.8794us  | 93513 - 93517 | tensor(209, 1664) -> tensor(209, 16384) | ACT: 0.027459mJ  | RD: 0.76903mJ  | WR: 0.095458mJ  | all_ACT: 0mJ  | all_RD: 0mJ  | all_WR: 0mJ  | MAC: 2.6211mJ  | Total: 0.89194mJ | compute util: 0.65279, memory util: 1, Op/B 367.2, GPU
		all_reduce | 74.405us  | 93517 - 93592 | tensor(209, 16384) -> tensor(209, 16384) | ACT: 0mJ  | RD: 0mJ  | WR: 0mJ  | all_ACT: 0mJ  | all_RD: 0mJ  | all_WR: 0mJ  | MAC: 0mJ  | Total: 0mJ | compute util: 0, memory util: 0, Op/B 0
		residual_1 | 1.2841us  | 93592 - 93593 | tensor(209, 16384) -> tensor(209, 16384) | ACT: 0mJ  | RD: 0mJ  | WR: 0mJ  | all_ACT: 0mJ  | all_RD: 0mJ  | all_WR: 0mJ  | MAC: 0mJ  | Total: 0mJ | compute util: 0, memory util: 0, Op/B 0
	decoder_82 | 1144.9us  | 93593 - 94738 | tensor(209, 16384) -> tensor(209, 16384) | ACT: 1.3378mJ  | RD: 41.766mJ  | WR: 0.22376mJ  | all_ACT: 0mJ  | all_RD: 0mJ  | all_WR: 0mJ  | MAC: 1007.7mJ  | Total: 43.327mJ | compute util: 0, memory util: 0, Op/B 2903.9
		input_layer_norm | 0.85811us  | 93593 - 93594 | tensor(209, 16384) -> tensor(209, 16384) | ACT: 0mJ  | RD: 0mJ  | WR: 0mJ  | all_ACT: 0mJ  | all_RD: 0mJ  | all_WR: 0mJ  | MAC: 0mJ  | Total: 0mJ | compute util: 0, memory util: 0, Op/B 0
		attention | 1054.4us  | 93594 - 94648 | tensor(209, 16384) -> tensor(209, 16384) | ACT: 1.2547mJ  | RD: 39.268mJ  | WR: 0.09888mJ  | all_ACT: 0mJ  | all_RD: 0mJ  | all_WR: 0mJ  | MAC: 999.85mJ  | Total: 40.621mJ | compute util: 0, memory util: 0, Op/B 3073
			attn_qkv_proj | 1.6227us  | 93594 - 93595 | tensor(209, 16384) -> tensor(209, 576) | ACT: 0.011519mJ  | RD: 0.35834mJ  | WR: 0.0034214mJ  | all_ACT: 0mJ  | all_RD: 0mJ  | all_WR: 0mJ  | MAC: 0.90729mJ  | Total: 0.37328mJ | compute util: 0, memory util: 0, Op/B 303.87
				Linear | 1.6227us  | 93594 - 93595 | tensor(209, 16384) -> tensor(209, 576) | ACT: 0.011519mJ  | RD: 0.35834mJ  | WR: 0.0034214mJ  | all_ACT: 0mJ  | all_RD: 0mJ  | all_WR: 0mJ  | MAC: 0.90729mJ  | Total: 0.37328mJ | compute util: 0.54021, memory util: 1, Op/B 303.87, GPU
			self_attention | 976.9us  | 93595 - 94572 | tensor(209, 576) -> tensor(209, 512) | ACT: 1.2326mJ  | RD: 38.672mJ  | WR: 0mJ  | all_ACT: 0mJ  | all_RD: 0mJ  | all_WR: 0mJ  | MAC: 998.14mJ  | Total: 39.905mJ | compute util: 0, memory util: 0, Op/B 3122.7
				AttentionSplit | 0us  | 93595 - 93595 | tensor(209, 576) -> tensor(0, 768) tensor(209, 768) | ACT: 0mJ  | RD: 0mJ  | WR: 0mJ  | all_ACT: 0mJ  | all_RD: 0mJ  | all_WR: 0mJ  | MAC: 0mJ  | Total: 0mJ | compute util: 0, memory util: 0, Op/B 0
				AttentionSum | 0us  | 93595 - 93595 | tensor(0, 768) -> tensor(0, 2048) | ACT: 0mJ  | RD: 0mJ  | WR: 0mJ  | all_ACT: 0mJ  | all_RD: 0mJ  | all_WR: 0mJ  | MAC: 0mJ  | Total: 0mJ | compute util: 0, memory util: 0, Op/B 0, GPU
				AttentionGen | 964.39us  | 93595 - 94560 | tensor(209, 768) -> tensor(209, 2048) | ACT: 1.2326mJ  | RD: 38.672mJ  | WR: 0mJ  | all_ACT: 0mJ  | all_RD: 0mJ  | all_WR: 0mJ  | MAC: 998.14mJ  | Total: 39.905mJ | compute util: 1, memory util: 0.18013, Op/B 3122.7, GPU
				context_merge | 12.517us  | 94560 - 94572 | tensor(209, 2048) -> tensor(209, 2048) | ACT: 0mJ  | RD: 0mJ  | WR: 0mJ  | all_ACT: 0mJ  | all_RD: 0mJ  | all_WR: 0mJ  | MAC: 0mJ  | Total: 0mJ | compute util: 0, memory util: 0, Op/B 0
				AttentionMerge | 0us  | 94572 - 94572 | tensor(0, 2048) tensor(209, 2048) -> tensor(209, 512) | ACT: 0mJ  | RD: 0mJ  | WR: 0mJ  | all_ACT: 0mJ  | all_RD: 0mJ  | all_WR: 0mJ  | MAC: 0mJ  | Total: 0mJ | compute util: 0, memory util: 0, Op/B 0
			attn_o_proj | 1.49us  | 94572 - 94574 | tensor(209, 512) -> tensor(209, 16384) | ACT: 0.010588mJ  | RD: 0.23688mJ  | WR: 0.095458mJ  | all_ACT: 0mJ  | all_RD: 0mJ  | all_WR: 0mJ  | MAC: 0.80648mJ  | Total: 0.34292mJ | compute util: 0, memory util: 0, Op/B 294.17
				Linear | 1.49us  | 94572 - 94574 | tensor(209, 512) -> tensor(209, 16384) | ACT: 0.010588mJ  | RD: 0.23688mJ  | WR: 0.095458mJ  | all_ACT: 0mJ  | all_RD: 0mJ  | all_WR: 0mJ  | MAC: 0.80648mJ  | Total: 0.34292mJ | compute util: 0.52296, memory util: 1, Op/B 294.17, GPU
			all_reduce | 74.405us  | 94574 - 94648 | tensor(209, 16384) -> tensor(209, 16384) | ACT: 0mJ  | RD: 0mJ  | WR: 0mJ  | all_ACT: 0mJ  | all_RD: 0mJ  | all_WR: 0mJ  | MAC: 0mJ  | Total: 0mJ | compute util: 0, memory util: 0, Op/B 0
		residual_1 | 1.2841us  | 94648 - 94650 | tensor(209, 16384) -> tensor(209, 16384) | ACT: 0mJ  | RD: 0mJ  | WR: 0mJ  | all_ACT: 0mJ  | all_RD: 0mJ  | all_WR: 0mJ  | MAC: 0mJ  | Total: 0mJ | compute util: 0, memory util: 0, Op/B 0
		post_attn_layer_norm | 0.85811us  | 94650 - 94650 | tensor(209, 16384) -> tensor(209, 16384) | ACT: 0mJ  | RD: 0mJ  | WR: 0mJ  | all_ACT: 0mJ  | all_RD: 0mJ  | all_WR: 0mJ  | MAC: 0mJ  | Total: 0mJ | compute util: 0, memory util: 0, Op/B 0
		feedforward | 11.769us  | 94650 - 94662 | tensor(209, 16384) -> tensor(209, 16384) | ACT: 0.083075mJ  | RD: 2.498mJ  | WR: 0.12488mJ  | all_ACT: 0mJ  | all_RD: 0mJ  | all_WR: 0mJ  | MAC: 7.8632mJ  | Total: 2.706mJ | compute util: 0, memory util: 0, Op/B 363.13
			gate_proj | 3.8794us  | 94650 - 94654 | tensor(209, 16384) -> tensor(209, 1664) | ACT: 0.027459mJ  | RD: 0.85468mJ  | WR: 0.0098081mJ  | all_ACT: 0mJ  | all_RD: 0mJ  | all_WR: 0mJ  | MAC: 2.6211mJ  | Total: 0.89194mJ | compute util: 0, memory util: 0, Op/B 367.2
				Linear | 3.8794us  | 94650 - 94654 | tensor(209, 16384) -> tensor(209, 1664) | ACT: 0.027459mJ  | RD: 0.85468mJ  | WR: 0.0098081mJ  | all_ACT: 0mJ  | all_RD: 0mJ  | all_WR: 0mJ  | MAC: 2.6211mJ  | Total: 0.89194mJ | compute util: 0.65279, memory util: 1, Op/B 367.2, GPU
			activation | 0.13042us  | 94654 - 94654 | tensor(209, 1664) -> tensor(209, 1664) | ACT: 0.00069811mJ  | RD: 0.019616mJ  | WR: 0.0098081mJ  | all_ACT: 0mJ  | all_RD: 0mJ  | all_WR: 0mJ  | MAC: 0mJ  | Total: 0.030122mJ | compute util: 0, memory util: 1, Op/B 0, GPU
			up_proj | 3.8794us  | 94654 - 94658 | tensor(209, 16384) -> tensor(209, 1664) | ACT: 0.027459mJ  | RD: 0.85468mJ  | WR: 0.0098081mJ  | all_ACT: 0mJ  | all_RD: 0mJ  | all_WR: 0mJ  | MAC: 2.6211mJ  | Total: 0.89194mJ | compute util: 0, memory util: 0, Op/B 367.2
				Linear | 3.8794us  | 94654 - 94658 | tensor(209, 16384) -> tensor(209, 1664) | ACT: 0.027459mJ  | RD: 0.85468mJ  | WR: 0.0098081mJ  | all_ACT: 0mJ  | all_RD: 0mJ  | all_WR: 0mJ  | MAC: 2.6211mJ  | Total: 0.89194mJ | compute util: 0.65279, memory util: 1, Op/B 367.2, GPU
			down_proj | 3.8794us  | 94658 - 94662 | tensor(209, 1664) -> tensor(209, 16384) | ACT: 0.027459mJ  | RD: 0.76903mJ  | WR: 0.095458mJ  | all_ACT: 0mJ  | all_RD: 0mJ  | all_WR: 0mJ  | MAC: 2.6211mJ  | Total: 0.89194mJ | compute util: 0, memory util: 0, Op/B 367.2
				Linear | 3.8794us  | 94658 - 94662 | tensor(209, 1664) -> tensor(209, 16384) | ACT: 0.027459mJ  | RD: 0.76903mJ  | WR: 0.095458mJ  | all_ACT: 0mJ  | all_RD: 0mJ  | all_WR: 0mJ  | MAC: 2.6211mJ  | Total: 0.89194mJ | compute util: 0.65279, memory util: 1, Op/B 367.2, GPU
		all_reduce | 74.405us  | 94662 - 94737 | tensor(209, 16384) -> tensor(209, 16384) | ACT: 0mJ  | RD: 0mJ  | WR: 0mJ  | all_ACT: 0mJ  | all_RD: 0mJ  | all_WR: 0mJ  | MAC: 0mJ  | Total: 0mJ | compute util: 0, memory util: 0, Op/B 0
		residual_1 | 1.2841us  | 94737 - 94738 | tensor(209, 16384) -> tensor(209, 16384) | ACT: 0mJ  | RD: 0mJ  | WR: 0mJ  | all_ACT: 0mJ  | all_RD: 0mJ  | all_WR: 0mJ  | MAC: 0mJ  | Total: 0mJ | compute util: 0, memory util: 0, Op/B 0
	decoder_83 | 1137.9us  | 94738 - 95876 | tensor(209, 16384) -> tensor(209, 16384) | ACT: 1.3378mJ  | RD: 41.766mJ  | WR: 0.22376mJ  | all_ACT: 0mJ  | all_RD: 0mJ  | all_WR: 0mJ  | MAC: 1007.7mJ  | Total: 43.327mJ | compute util: 0, memory util: 0, Op/B 2903.9
		input_layer_norm | 0.85811us  | 94738 - 94739 | tensor(209, 16384) -> tensor(209, 16384) | ACT: 0mJ  | RD: 0mJ  | WR: 0mJ  | all_ACT: 0mJ  | all_RD: 0mJ  | all_WR: 0mJ  | MAC: 0mJ  | Total: 0mJ | compute util: 0, memory util: 0, Op/B 0
		attention | 1047.4us  | 94739 - 95786 | tensor(209, 16384) -> tensor(209, 16384) | ACT: 1.2547mJ  | RD: 39.268mJ  | WR: 0.09888mJ  | all_ACT: 0mJ  | all_RD: 0mJ  | all_WR: 0mJ  | MAC: 999.85mJ  | Total: 40.621mJ | compute util: 0, memory util: 0, Op/B 3073
			attn_qkv_proj | 1.6227us  | 94739 - 94740 | tensor(209, 16384) -> tensor(209, 576) | ACT: 0.011519mJ  | RD: 0.35834mJ  | WR: 0.0034214mJ  | all_ACT: 0mJ  | all_RD: 0mJ  | all_WR: 0mJ  | MAC: 0.90729mJ  | Total: 0.37328mJ | compute util: 0, memory util: 0, Op/B 303.87
				Linear | 1.6227us  | 94739 - 94740 | tensor(209, 16384) -> tensor(209, 576) | ACT: 0.011519mJ  | RD: 0.35834mJ  | WR: 0.0034214mJ  | all_ACT: 0mJ  | all_RD: 0mJ  | all_WR: 0mJ  | MAC: 0.90729mJ  | Total: 0.37328mJ | compute util: 0.54021, memory util: 1, Op/B 303.87, GPU
			self_attention | 969.9us  | 94740 - 95710 | tensor(209, 576) -> tensor(209, 512) | ACT: 1.2326mJ  | RD: 38.672mJ  | WR: 0mJ  | all_ACT: 0mJ  | all_RD: 0mJ  | all_WR: 0mJ  | MAC: 998.14mJ  | Total: 39.905mJ | compute util: 0, memory util: 0, Op/B 3122.7
				AttentionSplit | 0us  | 94740 - 94740 | tensor(209, 576) -> tensor(0, 768) tensor(209, 768) | ACT: 0mJ  | RD: 0mJ  | WR: 0mJ  | all_ACT: 0mJ  | all_RD: 0mJ  | all_WR: 0mJ  | MAC: 0mJ  | Total: 0mJ | compute util: 0, memory util: 0, Op/B 0
				AttentionSum | 0us  | 94740 - 94740 | tensor(0, 768) -> tensor(0, 2048) | ACT: 0mJ  | RD: 0mJ  | WR: 0mJ  | all_ACT: 0mJ  | all_RD: 0mJ  | all_WR: 0mJ  | MAC: 0mJ  | Total: 0mJ | compute util: 0, memory util: 0, Op/B 0, GPU
				AttentionGen | 964.39us  | 94740 - 95705 | tensor(209, 768) -> tensor(209, 2048) | ACT: 1.2326mJ  | RD: 38.672mJ  | WR: 0mJ  | all_ACT: 0mJ  | all_RD: 0mJ  | all_WR: 0mJ  | MAC: 998.14mJ  | Total: 39.905mJ | compute util: 1, memory util: 0.18013, Op/B 3122.7, GPU
				context_merge | 5.5134us  | 95705 - 95710 | tensor(209, 2048) -> tensor(209, 2048) | ACT: 0mJ  | RD: 0mJ  | WR: 0mJ  | all_ACT: 0mJ  | all_RD: 0mJ  | all_WR: 0mJ  | MAC: 0mJ  | Total: 0mJ | compute util: 0, memory util: 0, Op/B 0
				AttentionMerge | 0us  | 95710 - 95710 | tensor(0, 2048) tensor(209, 2048) -> tensor(209, 512) | ACT: 0mJ  | RD: 0mJ  | WR: 0mJ  | all_ACT: 0mJ  | all_RD: 0mJ  | all_WR: 0mJ  | MAC: 0mJ  | Total: 0mJ | compute util: 0, memory util: 0, Op/B 0
			attn_o_proj | 1.49us  | 95710 - 95712 | tensor(209, 512) -> tensor(209, 16384) | ACT: 0.010588mJ  | RD: 0.23688mJ  | WR: 0.095458mJ  | all_ACT: 0mJ  | all_RD: 0mJ  | all_WR: 0mJ  | MAC: 0.80648mJ  | Total: 0.34292mJ | compute util: 0, memory util: 0, Op/B 294.17
				Linear | 1.49us  | 95710 - 95712 | tensor(209, 512) -> tensor(209, 16384) | ACT: 0.010588mJ  | RD: 0.23688mJ  | WR: 0.095458mJ  | all_ACT: 0mJ  | all_RD: 0mJ  | all_WR: 0mJ  | MAC: 0.80648mJ  | Total: 0.34292mJ | compute util: 0.52296, memory util: 1, Op/B 294.17, GPU
			all_reduce | 74.405us  | 95712 - 95786 | tensor(209, 16384) -> tensor(209, 16384) | ACT: 0mJ  | RD: 0mJ  | WR: 0mJ  | all_ACT: 0mJ  | all_RD: 0mJ  | all_WR: 0mJ  | MAC: 0mJ  | Total: 0mJ | compute util: 0, memory util: 0, Op/B 0
		residual_1 | 1.2841us  | 95786 - 95787 | tensor(209, 16384) -> tensor(209, 16384) | ACT: 0mJ  | RD: 0mJ  | WR: 0mJ  | all_ACT: 0mJ  | all_RD: 0mJ  | all_WR: 0mJ  | MAC: 0mJ  | Total: 0mJ | compute util: 0, memory util: 0, Op/B 0
		post_attn_layer_norm | 0.85811us  | 95787 - 95788 | tensor(209, 16384) -> tensor(209, 16384) | ACT: 0mJ  | RD: 0mJ  | WR: 0mJ  | all_ACT: 0mJ  | all_RD: 0mJ  | all_WR: 0mJ  | MAC: 0mJ  | Total: 0mJ | compute util: 0, memory util: 0, Op/B 0
		feedforward | 11.769us  | 95788 - 95800 | tensor(209, 16384) -> tensor(209, 16384) | ACT: 0.083075mJ  | RD: 2.498mJ  | WR: 0.12488mJ  | all_ACT: 0mJ  | all_RD: 0mJ  | all_WR: 0mJ  | MAC: 7.8632mJ  | Total: 2.706mJ | compute util: 0, memory util: 0, Op/B 363.13
			gate_proj | 3.8794us  | 95788 - 95792 | tensor(209, 16384) -> tensor(209, 1664) | ACT: 0.027459mJ  | RD: 0.85468mJ  | WR: 0.0098081mJ  | all_ACT: 0mJ  | all_RD: 0mJ  | all_WR: 0mJ  | MAC: 2.6211mJ  | Total: 0.89194mJ | compute util: 0, memory util: 0, Op/B 367.2
				Linear | 3.8794us  | 95788 - 95792 | tensor(209, 16384) -> tensor(209, 1664) | ACT: 0.027459mJ  | RD: 0.85468mJ  | WR: 0.0098081mJ  | all_ACT: 0mJ  | all_RD: 0mJ  | all_WR: 0mJ  | MAC: 2.6211mJ  | Total: 0.89194mJ | compute util: 0.65279, memory util: 1, Op/B 367.2, GPU
			activation | 0.13042us  | 95792 - 95792 | tensor(209, 1664) -> tensor(209, 1664) | ACT: 0.00069811mJ  | RD: 0.019616mJ  | WR: 0.0098081mJ  | all_ACT: 0mJ  | all_RD: 0mJ  | all_WR: 0mJ  | MAC: 0mJ  | Total: 0.030122mJ | compute util: 0, memory util: 1, Op/B 0, GPU
			up_proj | 3.8794us  | 95792 - 95796 | tensor(209, 16384) -> tensor(209, 1664) | ACT: 0.027459mJ  | RD: 0.85468mJ  | WR: 0.0098081mJ  | all_ACT: 0mJ  | all_RD: 0mJ  | all_WR: 0mJ  | MAC: 2.6211mJ  | Total: 0.89194mJ | compute util: 0, memory util: 0, Op/B 367.2
				Linear | 3.8794us  | 95792 - 95796 | tensor(209, 16384) -> tensor(209, 1664) | ACT: 0.027459mJ  | RD: 0.85468mJ  | WR: 0.0098081mJ  | all_ACT: 0mJ  | all_RD: 0mJ  | all_WR: 0mJ  | MAC: 2.6211mJ  | Total: 0.89194mJ | compute util: 0.65279, memory util: 1, Op/B 367.2, GPU
			down_proj | 3.8794us  | 95796 - 95800 | tensor(209, 1664) -> tensor(209, 16384) | ACT: 0.027459mJ  | RD: 0.76903mJ  | WR: 0.095458mJ  | all_ACT: 0mJ  | all_RD: 0mJ  | all_WR: 0mJ  | MAC: 2.6211mJ  | Total: 0.89194mJ | compute util: 0, memory util: 0, Op/B 367.2
				Linear | 3.8794us  | 95796 - 95800 | tensor(209, 1664) -> tensor(209, 16384) | ACT: 0.027459mJ  | RD: 0.76903mJ  | WR: 0.095458mJ  | all_ACT: 0mJ  | all_RD: 0mJ  | all_WR: 0mJ  | MAC: 2.6211mJ  | Total: 0.89194mJ | compute util: 0.65279, memory util: 1, Op/B 367.2, GPU
		all_reduce | 74.405us  | 95800 - 95874 | tensor(209, 16384) -> tensor(209, 16384) | ACT: 0mJ  | RD: 0mJ  | WR: 0mJ  | all_ACT: 0mJ  | all_RD: 0mJ  | all_WR: 0mJ  | MAC: 0mJ  | Total: 0mJ | compute util: 0, memory util: 0, Op/B 0
		residual_1 | 1.2841us  | 95874 - 95876 | tensor(209, 16384) -> tensor(209, 16384) | ACT: 0mJ  | RD: 0mJ  | WR: 0mJ  | all_ACT: 0mJ  | all_RD: 0mJ  | all_WR: 0mJ  | MAC: 0mJ  | Total: 0mJ | compute util: 0, memory util: 0, Op/B 0
	decoder_84 | 1144.9us  | 95876 - 97021 | tensor(209, 16384) -> tensor(209, 16384) | ACT: 1.3378mJ  | RD: 41.766mJ  | WR: 0.22376mJ  | all_ACT: 0mJ  | all_RD: 0mJ  | all_WR: 0mJ  | MAC: 1007.7mJ  | Total: 43.327mJ | compute util: 0, memory util: 0, Op/B 2903.9
		input_layer_norm | 0.85811us  | 95876 - 95877 | tensor(209, 16384) -> tensor(209, 16384) | ACT: 0mJ  | RD: 0mJ  | WR: 0mJ  | all_ACT: 0mJ  | all_RD: 0mJ  | all_WR: 0mJ  | MAC: 0mJ  | Total: 0mJ | compute util: 0, memory util: 0, Op/B 0
		attention | 1054.4us  | 95877 - 96931 | tensor(209, 16384) -> tensor(209, 16384) | ACT: 1.2547mJ  | RD: 39.268mJ  | WR: 0.09888mJ  | all_ACT: 0mJ  | all_RD: 0mJ  | all_WR: 0mJ  | MAC: 999.85mJ  | Total: 40.621mJ | compute util: 0, memory util: 0, Op/B 3073
			attn_qkv_proj | 1.6227us  | 95877 - 95878 | tensor(209, 16384) -> tensor(209, 576) | ACT: 0.011519mJ  | RD: 0.35834mJ  | WR: 0.0034214mJ  | all_ACT: 0mJ  | all_RD: 0mJ  | all_WR: 0mJ  | MAC: 0.90729mJ  | Total: 0.37328mJ | compute util: 0, memory util: 0, Op/B 303.87
				Linear | 1.6227us  | 95877 - 95878 | tensor(209, 16384) -> tensor(209, 576) | ACT: 0.011519mJ  | RD: 0.35834mJ  | WR: 0.0034214mJ  | all_ACT: 0mJ  | all_RD: 0mJ  | all_WR: 0mJ  | MAC: 0.90729mJ  | Total: 0.37328mJ | compute util: 0.54021, memory util: 1, Op/B 303.87, GPU
			self_attention | 976.9us  | 95878 - 96855 | tensor(209, 576) -> tensor(209, 512) | ACT: 1.2326mJ  | RD: 38.672mJ  | WR: 0mJ  | all_ACT: 0mJ  | all_RD: 0mJ  | all_WR: 0mJ  | MAC: 998.14mJ  | Total: 39.905mJ | compute util: 0, memory util: 0, Op/B 3122.7
				AttentionSplit | 0us  | 95878 - 95878 | tensor(209, 576) -> tensor(0, 768) tensor(209, 768) | ACT: 0mJ  | RD: 0mJ  | WR: 0mJ  | all_ACT: 0mJ  | all_RD: 0mJ  | all_WR: 0mJ  | MAC: 0mJ  | Total: 0mJ | compute util: 0, memory util: 0, Op/B 0
				AttentionSum | 0us  | 95878 - 95878 | tensor(0, 768) -> tensor(0, 2048) | ACT: 0mJ  | RD: 0mJ  | WR: 0mJ  | all_ACT: 0mJ  | all_RD: 0mJ  | all_WR: 0mJ  | MAC: 0mJ  | Total: 0mJ | compute util: 0, memory util: 0, Op/B 0, GPU
				AttentionGen | 964.39us  | 95878 - 96843 | tensor(209, 768) -> tensor(209, 2048) | ACT: 1.2326mJ  | RD: 38.672mJ  | WR: 0mJ  | all_ACT: 0mJ  | all_RD: 0mJ  | all_WR: 0mJ  | MAC: 998.14mJ  | Total: 39.905mJ | compute util: 1, memory util: 0.18013, Op/B 3122.7, GPU
				context_merge | 12.517us  | 96843 - 96855 | tensor(209, 2048) -> tensor(209, 2048) | ACT: 0mJ  | RD: 0mJ  | WR: 0mJ  | all_ACT: 0mJ  | all_RD: 0mJ  | all_WR: 0mJ  | MAC: 0mJ  | Total: 0mJ | compute util: 0, memory util: 0, Op/B 0
				AttentionMerge | 0us  | 96855 - 96855 | tensor(0, 2048) tensor(209, 2048) -> tensor(209, 512) | ACT: 0mJ  | RD: 0mJ  | WR: 0mJ  | all_ACT: 0mJ  | all_RD: 0mJ  | all_WR: 0mJ  | MAC: 0mJ  | Total: 0mJ | compute util: 0, memory util: 0, Op/B 0
			attn_o_proj | 1.49us  | 96855 - 96857 | tensor(209, 512) -> tensor(209, 16384) | ACT: 0.010588mJ  | RD: 0.23688mJ  | WR: 0.095458mJ  | all_ACT: 0mJ  | all_RD: 0mJ  | all_WR: 0mJ  | MAC: 0.80648mJ  | Total: 0.34292mJ | compute util: 0, memory util: 0, Op/B 294.17
				Linear | 1.49us  | 96855 - 96857 | tensor(209, 512) -> tensor(209, 16384) | ACT: 0.010588mJ  | RD: 0.23688mJ  | WR: 0.095458mJ  | all_ACT: 0mJ  | all_RD: 0mJ  | all_WR: 0mJ  | MAC: 0.80648mJ  | Total: 0.34292mJ | compute util: 0.52296, memory util: 1, Op/B 294.17, GPU
			all_reduce | 74.405us  | 96857 - 96931 | tensor(209, 16384) -> tensor(209, 16384) | ACT: 0mJ  | RD: 0mJ  | WR: 0mJ  | all_ACT: 0mJ  | all_RD: 0mJ  | all_WR: 0mJ  | MAC: 0mJ  | Total: 0mJ | compute util: 0, memory util: 0, Op/B 0
		residual_1 | 1.2841us  | 96931 - 96932 | tensor(209, 16384) -> tensor(209, 16384) | ACT: 0mJ  | RD: 0mJ  | WR: 0mJ  | all_ACT: 0mJ  | all_RD: 0mJ  | all_WR: 0mJ  | MAC: 0mJ  | Total: 0mJ | compute util: 0, memory util: 0, Op/B 0
		post_attn_layer_norm | 0.85811us  | 96932 - 96933 | tensor(209, 16384) -> tensor(209, 16384) | ACT: 0mJ  | RD: 0mJ  | WR: 0mJ  | all_ACT: 0mJ  | all_RD: 0mJ  | all_WR: 0mJ  | MAC: 0mJ  | Total: 0mJ | compute util: 0, memory util: 0, Op/B 0
		feedforward | 11.769us  | 96933 - 96945 | tensor(209, 16384) -> tensor(209, 16384) | ACT: 0.083075mJ  | RD: 2.498mJ  | WR: 0.12488mJ  | all_ACT: 0mJ  | all_RD: 0mJ  | all_WR: 0mJ  | MAC: 7.8632mJ  | Total: 2.706mJ | compute util: 0, memory util: 0, Op/B 363.13
			gate_proj | 3.8794us  | 96933 - 96937 | tensor(209, 16384) -> tensor(209, 1664) | ACT: 0.027459mJ  | RD: 0.85468mJ  | WR: 0.0098081mJ  | all_ACT: 0mJ  | all_RD: 0mJ  | all_WR: 0mJ  | MAC: 2.6211mJ  | Total: 0.89194mJ | compute util: 0, memory util: 0, Op/B 367.2
				Linear | 3.8794us  | 96933 - 96937 | tensor(209, 16384) -> tensor(209, 1664) | ACT: 0.027459mJ  | RD: 0.85468mJ  | WR: 0.0098081mJ  | all_ACT: 0mJ  | all_RD: 0mJ  | all_WR: 0mJ  | MAC: 2.6211mJ  | Total: 0.89194mJ | compute util: 0.65279, memory util: 1, Op/B 367.2, GPU
			activation | 0.13042us  | 96937 - 96937 | tensor(209, 1664) -> tensor(209, 1664) | ACT: 0.00069811mJ  | RD: 0.019616mJ  | WR: 0.0098081mJ  | all_ACT: 0mJ  | all_RD: 0mJ  | all_WR: 0mJ  | MAC: 0mJ  | Total: 0.030122mJ | compute util: 0, memory util: 1, Op/B 0, GPU
			up_proj | 3.8794us  | 96937 - 96941 | tensor(209, 16384) -> tensor(209, 1664) | ACT: 0.027459mJ  | RD: 0.85468mJ  | WR: 0.0098081mJ  | all_ACT: 0mJ  | all_RD: 0mJ  | all_WR: 0mJ  | MAC: 2.6211mJ  | Total: 0.89194mJ | compute util: 0, memory util: 0, Op/B 367.2
				Linear | 3.8794us  | 96937 - 96941 | tensor(209, 16384) -> tensor(209, 1664) | ACT: 0.027459mJ  | RD: 0.85468mJ  | WR: 0.0098081mJ  | all_ACT: 0mJ  | all_RD: 0mJ  | all_WR: 0mJ  | MAC: 2.6211mJ  | Total: 0.89194mJ | compute util: 0.65279, memory util: 1, Op/B 367.2, GPU
			down_proj | 3.8794us  | 96941 - 96945 | tensor(209, 1664) -> tensor(209, 16384) | ACT: 0.027459mJ  | RD: 0.76903mJ  | WR: 0.095458mJ  | all_ACT: 0mJ  | all_RD: 0mJ  | all_WR: 0mJ  | MAC: 2.6211mJ  | Total: 0.89194mJ | compute util: 0, memory util: 0, Op/B 367.2
				Linear | 3.8794us  | 96941 - 96945 | tensor(209, 1664) -> tensor(209, 16384) | ACT: 0.027459mJ  | RD: 0.76903mJ  | WR: 0.095458mJ  | all_ACT: 0mJ  | all_RD: 0mJ  | all_WR: 0mJ  | MAC: 2.6211mJ  | Total: 0.89194mJ | compute util: 0.65279, memory util: 1, Op/B 367.2, GPU
		all_reduce | 74.405us  | 96945 - 97019 | tensor(209, 16384) -> tensor(209, 16384) | ACT: 0mJ  | RD: 0mJ  | WR: 0mJ  | all_ACT: 0mJ  | all_RD: 0mJ  | all_WR: 0mJ  | MAC: 0mJ  | Total: 0mJ | compute util: 0, memory util: 0, Op/B 0
		residual_1 | 1.2841us  | 97019 - 97021 | tensor(209, 16384) -> tensor(209, 16384) | ACT: 0mJ  | RD: 0mJ  | WR: 0mJ  | all_ACT: 0mJ  | all_RD: 0mJ  | all_WR: 0mJ  | MAC: 0mJ  | Total: 0mJ | compute util: 0, memory util: 0, Op/B 0
	decoder_85 | 1137.9us  | 97021 - 98158 | tensor(209, 16384) -> tensor(209, 16384) | ACT: 1.3378mJ  | RD: 41.766mJ  | WR: 0.22376mJ  | all_ACT: 0mJ  | all_RD: 0mJ  | all_WR: 0mJ  | MAC: 1007.7mJ  | Total: 43.327mJ | compute util: 0, memory util: 0, Op/B 2903.9
		input_layer_norm | 0.85811us  | 97021 - 97021 | tensor(209, 16384) -> tensor(209, 16384) | ACT: 0mJ  | RD: 0mJ  | WR: 0mJ  | all_ACT: 0mJ  | all_RD: 0mJ  | all_WR: 0mJ  | MAC: 0mJ  | Total: 0mJ | compute util: 0, memory util: 0, Op/B 0
		attention | 1047.4us  | 97021 - 98069 | tensor(209, 16384) -> tensor(209, 16384) | ACT: 1.2547mJ  | RD: 39.268mJ  | WR: 0.09888mJ  | all_ACT: 0mJ  | all_RD: 0mJ  | all_WR: 0mJ  | MAC: 999.85mJ  | Total: 40.621mJ | compute util: 0, memory util: 0, Op/B 3073
			attn_qkv_proj | 1.6227us  | 97021 - 97023 | tensor(209, 16384) -> tensor(209, 576) | ACT: 0.011519mJ  | RD: 0.35834mJ  | WR: 0.0034214mJ  | all_ACT: 0mJ  | all_RD: 0mJ  | all_WR: 0mJ  | MAC: 0.90729mJ  | Total: 0.37328mJ | compute util: 0, memory util: 0, Op/B 303.87
				Linear | 1.6227us  | 97021 - 97023 | tensor(209, 16384) -> tensor(209, 576) | ACT: 0.011519mJ  | RD: 0.35834mJ  | WR: 0.0034214mJ  | all_ACT: 0mJ  | all_RD: 0mJ  | all_WR: 0mJ  | MAC: 0.90729mJ  | Total: 0.37328mJ | compute util: 0.54021, memory util: 1, Op/B 303.87, GPU
			self_attention | 969.9us  | 97023 - 97993 | tensor(209, 576) -> tensor(209, 512) | ACT: 1.2326mJ  | RD: 38.672mJ  | WR: 0mJ  | all_ACT: 0mJ  | all_RD: 0mJ  | all_WR: 0mJ  | MAC: 998.14mJ  | Total: 39.905mJ | compute util: 0, memory util: 0, Op/B 3122.7
				AttentionSplit | 0us  | 97023 - 97023 | tensor(209, 576) -> tensor(0, 768) tensor(209, 768) | ACT: 0mJ  | RD: 0mJ  | WR: 0mJ  | all_ACT: 0mJ  | all_RD: 0mJ  | all_WR: 0mJ  | MAC: 0mJ  | Total: 0mJ | compute util: 0, memory util: 0, Op/B 0
				AttentionSum | 0us  | 97023 - 97023 | tensor(0, 768) -> tensor(0, 2048) | ACT: 0mJ  | RD: 0mJ  | WR: 0mJ  | all_ACT: 0mJ  | all_RD: 0mJ  | all_WR: 0mJ  | MAC: 0mJ  | Total: 0mJ | compute util: 0, memory util: 0, Op/B 0, GPU
				AttentionGen | 964.39us  | 97023 - 97987 | tensor(209, 768) -> tensor(209, 2048) | ACT: 1.2326mJ  | RD: 38.672mJ  | WR: 0mJ  | all_ACT: 0mJ  | all_RD: 0mJ  | all_WR: 0mJ  | MAC: 998.14mJ  | Total: 39.905mJ | compute util: 1, memory util: 0.18013, Op/B 3122.7, GPU
				context_merge | 5.5134us  | 97987 - 97993 | tensor(209, 2048) -> tensor(209, 2048) | ACT: 0mJ  | RD: 0mJ  | WR: 0mJ  | all_ACT: 0mJ  | all_RD: 0mJ  | all_WR: 0mJ  | MAC: 0mJ  | Total: 0mJ | compute util: 0, memory util: 0, Op/B 0
				AttentionMerge | 0us  | 97993 - 97993 | tensor(0, 2048) tensor(209, 2048) -> tensor(209, 512) | ACT: 0mJ  | RD: 0mJ  | WR: 0mJ  | all_ACT: 0mJ  | all_RD: 0mJ  | all_WR: 0mJ  | MAC: 0mJ  | Total: 0mJ | compute util: 0, memory util: 0, Op/B 0
			attn_o_proj | 1.49us  | 97993 - 97994 | tensor(209, 512) -> tensor(209, 16384) | ACT: 0.010588mJ  | RD: 0.23688mJ  | WR: 0.095458mJ  | all_ACT: 0mJ  | all_RD: 0mJ  | all_WR: 0mJ  | MAC: 0.80648mJ  | Total: 0.34292mJ | compute util: 0, memory util: 0, Op/B 294.17
				Linear | 1.49us  | 97993 - 97994 | tensor(209, 512) -> tensor(209, 16384) | ACT: 0.010588mJ  | RD: 0.23688mJ  | WR: 0.095458mJ  | all_ACT: 0mJ  | all_RD: 0mJ  | all_WR: 0mJ  | MAC: 0.80648mJ  | Total: 0.34292mJ | compute util: 0.52296, memory util: 1, Op/B 294.17, GPU
			all_reduce | 74.405us  | 97994 - 98069 | tensor(209, 16384) -> tensor(209, 16384) | ACT: 0mJ  | RD: 0mJ  | WR: 0mJ  | all_ACT: 0mJ  | all_RD: 0mJ  | all_WR: 0mJ  | MAC: 0mJ  | Total: 0mJ | compute util: 0, memory util: 0, Op/B 0
		residual_1 | 1.2841us  | 98069 - 98070 | tensor(209, 16384) -> tensor(209, 16384) | ACT: 0mJ  | RD: 0mJ  | WR: 0mJ  | all_ACT: 0mJ  | all_RD: 0mJ  | all_WR: 0mJ  | MAC: 0mJ  | Total: 0mJ | compute util: 0, memory util: 0, Op/B 0
		post_attn_layer_norm | 0.85811us  | 98070 - 98071 | tensor(209, 16384) -> tensor(209, 16384) | ACT: 0mJ  | RD: 0mJ  | WR: 0mJ  | all_ACT: 0mJ  | all_RD: 0mJ  | all_WR: 0mJ  | MAC: 0mJ  | Total: 0mJ | compute util: 0, memory util: 0, Op/B 0
		feedforward | 11.769us  | 98071 - 98083 | tensor(209, 16384) -> tensor(209, 16384) | ACT: 0.083075mJ  | RD: 2.498mJ  | WR: 0.12488mJ  | all_ACT: 0mJ  | all_RD: 0mJ  | all_WR: 0mJ  | MAC: 7.8632mJ  | Total: 2.706mJ | compute util: 0, memory util: 0, Op/B 363.13
			gate_proj | 3.8794us  | 98071 - 98075 | tensor(209, 16384) -> tensor(209, 1664) | ACT: 0.027459mJ  | RD: 0.85468mJ  | WR: 0.0098081mJ  | all_ACT: 0mJ  | all_RD: 0mJ  | all_WR: 0mJ  | MAC: 2.6211mJ  | Total: 0.89194mJ | compute util: 0, memory util: 0, Op/B 367.2
				Linear | 3.8794us  | 98071 - 98075 | tensor(209, 16384) -> tensor(209, 1664) | ACT: 0.027459mJ  | RD: 0.85468mJ  | WR: 0.0098081mJ  | all_ACT: 0mJ  | all_RD: 0mJ  | all_WR: 0mJ  | MAC: 2.6211mJ  | Total: 0.89194mJ | compute util: 0.65279, memory util: 1, Op/B 367.2, GPU
			activation | 0.13042us  | 98075 - 98075 | tensor(209, 1664) -> tensor(209, 1664) | ACT: 0.00069811mJ  | RD: 0.019616mJ  | WR: 0.0098081mJ  | all_ACT: 0mJ  | all_RD: 0mJ  | all_WR: 0mJ  | MAC: 0mJ  | Total: 0.030122mJ | compute util: 0, memory util: 1, Op/B 0, GPU
			up_proj | 3.8794us  | 98075 - 98079 | tensor(209, 16384) -> tensor(209, 1664) | ACT: 0.027459mJ  | RD: 0.85468mJ  | WR: 0.0098081mJ  | all_ACT: 0mJ  | all_RD: 0mJ  | all_WR: 0mJ  | MAC: 2.6211mJ  | Total: 0.89194mJ | compute util: 0, memory util: 0, Op/B 367.2
				Linear | 3.8794us  | 98075 - 98079 | tensor(209, 16384) -> tensor(209, 1664) | ACT: 0.027459mJ  | RD: 0.85468mJ  | WR: 0.0098081mJ  | all_ACT: 0mJ  | all_RD: 0mJ  | all_WR: 0mJ  | MAC: 2.6211mJ  | Total: 0.89194mJ | compute util: 0.65279, memory util: 1, Op/B 367.2, GPU
			down_proj | 3.8794us  | 98079 - 98083 | tensor(209, 1664) -> tensor(209, 16384) | ACT: 0.027459mJ  | RD: 0.76903mJ  | WR: 0.095458mJ  | all_ACT: 0mJ  | all_RD: 0mJ  | all_WR: 0mJ  | MAC: 2.6211mJ  | Total: 0.89194mJ | compute util: 0, memory util: 0, Op/B 367.2
				Linear | 3.8794us  | 98079 - 98083 | tensor(209, 1664) -> tensor(209, 16384) | ACT: 0.027459mJ  | RD: 0.76903mJ  | WR: 0.095458mJ  | all_ACT: 0mJ  | all_RD: 0mJ  | all_WR: 0mJ  | MAC: 2.6211mJ  | Total: 0.89194mJ | compute util: 0.65279, memory util: 1, Op/B 367.2, GPU
		all_reduce | 74.405us  | 98083 - 98157 | tensor(209, 16384) -> tensor(209, 16384) | ACT: 0mJ  | RD: 0mJ  | WR: 0mJ  | all_ACT: 0mJ  | all_RD: 0mJ  | all_WR: 0mJ  | MAC: 0mJ  | Total: 0mJ | compute util: 0, memory util: 0, Op/B 0
		residual_1 | 1.2841us  | 98157 - 98158 | tensor(209, 16384) -> tensor(209, 16384) | ACT: 0mJ  | RD: 0mJ  | WR: 0mJ  | all_ACT: 0mJ  | all_RD: 0mJ  | all_WR: 0mJ  | MAC: 0mJ  | Total: 0mJ | compute util: 0, memory util: 0, Op/B 0
	decoder_86 | 1144.9us  | 98158 - 99303 | tensor(209, 16384) -> tensor(209, 16384) | ACT: 1.3378mJ  | RD: 41.766mJ  | WR: 0.22376mJ  | all_ACT: 0mJ  | all_RD: 0mJ  | all_WR: 0mJ  | MAC: 1007.7mJ  | Total: 43.327mJ | compute util: 0, memory util: 0, Op/B 2903.9
		input_layer_norm | 0.85811us  | 98158 - 98159 | tensor(209, 16384) -> tensor(209, 16384) | ACT: 0mJ  | RD: 0mJ  | WR: 0mJ  | all_ACT: 0mJ  | all_RD: 0mJ  | all_WR: 0mJ  | MAC: 0mJ  | Total: 0mJ | compute util: 0, memory util: 0, Op/B 0
		attention | 1054.4us  | 98159 - 99214 | tensor(209, 16384) -> tensor(209, 16384) | ACT: 1.2547mJ  | RD: 39.268mJ  | WR: 0.09888mJ  | all_ACT: 0mJ  | all_RD: 0mJ  | all_WR: 0mJ  | MAC: 999.85mJ  | Total: 40.621mJ | compute util: 0, memory util: 0, Op/B 3073
			attn_qkv_proj | 1.6227us  | 98159 - 98161 | tensor(209, 16384) -> tensor(209, 576) | ACT: 0.011519mJ  | RD: 0.35834mJ  | WR: 0.0034214mJ  | all_ACT: 0mJ  | all_RD: 0mJ  | all_WR: 0mJ  | MAC: 0.90729mJ  | Total: 0.37328mJ | compute util: 0, memory util: 0, Op/B 303.87
				Linear | 1.6227us  | 98159 - 98161 | tensor(209, 16384) -> tensor(209, 576) | ACT: 0.011519mJ  | RD: 0.35834mJ  | WR: 0.0034214mJ  | all_ACT: 0mJ  | all_RD: 0mJ  | all_WR: 0mJ  | MAC: 0.90729mJ  | Total: 0.37328mJ | compute util: 0.54021, memory util: 1, Op/B 303.87, GPU
			self_attention | 976.9us  | 98161 - 99138 | tensor(209, 576) -> tensor(209, 512) | ACT: 1.2326mJ  | RD: 38.672mJ  | WR: 0mJ  | all_ACT: 0mJ  | all_RD: 0mJ  | all_WR: 0mJ  | MAC: 998.14mJ  | Total: 39.905mJ | compute util: 0, memory util: 0, Op/B 3122.7
				AttentionSplit | 0us  | 98161 - 98161 | tensor(209, 576) -> tensor(0, 768) tensor(209, 768) | ACT: 0mJ  | RD: 0mJ  | WR: 0mJ  | all_ACT: 0mJ  | all_RD: 0mJ  | all_WR: 0mJ  | MAC: 0mJ  | Total: 0mJ | compute util: 0, memory util: 0, Op/B 0
				AttentionSum | 0us  | 98161 - 98161 | tensor(0, 768) -> tensor(0, 2048) | ACT: 0mJ  | RD: 0mJ  | WR: 0mJ  | all_ACT: 0mJ  | all_RD: 0mJ  | all_WR: 0mJ  | MAC: 0mJ  | Total: 0mJ | compute util: 0, memory util: 0, Op/B 0, GPU
				AttentionGen | 964.39us  | 98161 - 99125 | tensor(209, 768) -> tensor(209, 2048) | ACT: 1.2326mJ  | RD: 38.672mJ  | WR: 0mJ  | all_ACT: 0mJ  | all_RD: 0mJ  | all_WR: 0mJ  | MAC: 998.14mJ  | Total: 39.905mJ | compute util: 1, memory util: 0.18013, Op/B 3122.7, GPU
				context_merge | 12.517us  | 99125 - 99138 | tensor(209, 2048) -> tensor(209, 2048) | ACT: 0mJ  | RD: 0mJ  | WR: 0mJ  | all_ACT: 0mJ  | all_RD: 0mJ  | all_WR: 0mJ  | MAC: 0mJ  | Total: 0mJ | compute util: 0, memory util: 0, Op/B 0
				AttentionMerge | 0us  | 99138 - 99138 | tensor(0, 2048) tensor(209, 2048) -> tensor(209, 512) | ACT: 0mJ  | RD: 0mJ  | WR: 0mJ  | all_ACT: 0mJ  | all_RD: 0mJ  | all_WR: 0mJ  | MAC: 0mJ  | Total: 0mJ | compute util: 0, memory util: 0, Op/B 0
			attn_o_proj | 1.49us  | 99138 - 99139 | tensor(209, 512) -> tensor(209, 16384) | ACT: 0.010588mJ  | RD: 0.23688mJ  | WR: 0.095458mJ  | all_ACT: 0mJ  | all_RD: 0mJ  | all_WR: 0mJ  | MAC: 0.80648mJ  | Total: 0.34292mJ | compute util: 0, memory util: 0, Op/B 294.17
				Linear | 1.49us  | 99138 - 99139 | tensor(209, 512) -> tensor(209, 16384) | ACT: 0.010588mJ  | RD: 0.23688mJ  | WR: 0.095458mJ  | all_ACT: 0mJ  | all_RD: 0mJ  | all_WR: 0mJ  | MAC: 0.80648mJ  | Total: 0.34292mJ | compute util: 0.52296, memory util: 1, Op/B 294.17, GPU
			all_reduce | 74.405us  | 99139 - 99214 | tensor(209, 16384) -> tensor(209, 16384) | ACT: 0mJ  | RD: 0mJ  | WR: 0mJ  | all_ACT: 0mJ  | all_RD: 0mJ  | all_WR: 0mJ  | MAC: 0mJ  | Total: 0mJ | compute util: 0, memory util: 0, Op/B 0
		residual_1 | 1.2841us  | 99214 - 99215 | tensor(209, 16384) -> tensor(209, 16384) | ACT: 0mJ  | RD: 0mJ  | WR: 0mJ  | all_ACT: 0mJ  | all_RD: 0mJ  | all_WR: 0mJ  | MAC: 0mJ  | Total: 0mJ | compute util: 0, memory util: 0, Op/B 0
		post_attn_layer_norm | 0.85811us  | 99215 - 99216 | tensor(209, 16384) -> tensor(209, 16384) | ACT: 0mJ  | RD: 0mJ  | WR: 0mJ  | all_ACT: 0mJ  | all_RD: 0mJ  | all_WR: 0mJ  | MAC: 0mJ  | Total: 0mJ | compute util: 0, memory util: 0, Op/B 0
		feedforward | 11.769us  | 99216 - 99228 | tensor(209, 16384) -> tensor(209, 16384) | ACT: 0.083075mJ  | RD: 2.498mJ  | WR: 0.12488mJ  | all_ACT: 0mJ  | all_RD: 0mJ  | all_WR: 0mJ  | MAC: 7.8632mJ  | Total: 2.706mJ | compute util: 0, memory util: 0, Op/B 363.13
			gate_proj | 3.8794us  | 99216 - 99220 | tensor(209, 16384) -> tensor(209, 1664) | ACT: 0.027459mJ  | RD: 0.85468mJ  | WR: 0.0098081mJ  | all_ACT: 0mJ  | all_RD: 0mJ  | all_WR: 0mJ  | MAC: 2.6211mJ  | Total: 0.89194mJ | compute util: 0, memory util: 0, Op/B 367.2
				Linear | 3.8794us  | 99216 - 99220 | tensor(209, 16384) -> tensor(209, 1664) | ACT: 0.027459mJ  | RD: 0.85468mJ  | WR: 0.0098081mJ  | all_ACT: 0mJ  | all_RD: 0mJ  | all_WR: 0mJ  | MAC: 2.6211mJ  | Total: 0.89194mJ | compute util: 0.65279, memory util: 1, Op/B 367.2, GPU
			activation | 0.13042us  | 99220 - 99220 | tensor(209, 1664) -> tensor(209, 1664) | ACT: 0.00069811mJ  | RD: 0.019616mJ  | WR: 0.0098081mJ  | all_ACT: 0mJ  | all_RD: 0mJ  | all_WR: 0mJ  | MAC: 0mJ  | Total: 0.030122mJ | compute util: 0, memory util: 1, Op/B 0, GPU
			up_proj | 3.8794us  | 99220 - 99224 | tensor(209, 16384) -> tensor(209, 1664) | ACT: 0.027459mJ  | RD: 0.85468mJ  | WR: 0.0098081mJ  | all_ACT: 0mJ  | all_RD: 0mJ  | all_WR: 0mJ  | MAC: 2.6211mJ  | Total: 0.89194mJ | compute util: 0, memory util: 0, Op/B 367.2
				Linear | 3.8794us  | 99220 - 99224 | tensor(209, 16384) -> tensor(209, 1664) | ACT: 0.027459mJ  | RD: 0.85468mJ  | WR: 0.0098081mJ  | all_ACT: 0mJ  | all_RD: 0mJ  | all_WR: 0mJ  | MAC: 2.6211mJ  | Total: 0.89194mJ | compute util: 0.65279, memory util: 1, Op/B 367.2, GPU
			down_proj | 3.8794us  | 99224 - 99228 | tensor(209, 1664) -> tensor(209, 16384) | ACT: 0.027459mJ  | RD: 0.76903mJ  | WR: 0.095458mJ  | all_ACT: 0mJ  | all_RD: 0mJ  | all_WR: 0mJ  | MAC: 2.6211mJ  | Total: 0.89194mJ | compute util: 0, memory util: 0, Op/B 367.2
				Linear | 3.8794us  | 99224 - 99228 | tensor(209, 1664) -> tensor(209, 16384) | ACT: 0.027459mJ  | RD: 0.76903mJ  | WR: 0.095458mJ  | all_ACT: 0mJ  | all_RD: 0mJ  | all_WR: 0mJ  | MAC: 2.6211mJ  | Total: 0.89194mJ | compute util: 0.65279, memory util: 1, Op/B 367.2, GPU
		all_reduce | 74.405us  | 99228 - 99302 | tensor(209, 16384) -> tensor(209, 16384) | ACT: 0mJ  | RD: 0mJ  | WR: 0mJ  | all_ACT: 0mJ  | all_RD: 0mJ  | all_WR: 0mJ  | MAC: 0mJ  | Total: 0mJ | compute util: 0, memory util: 0, Op/B 0
		residual_1 | 1.2841us  | 99302 - 99303 | tensor(209, 16384) -> tensor(209, 16384) | ACT: 0mJ  | RD: 0mJ  | WR: 0mJ  | all_ACT: 0mJ  | all_RD: 0mJ  | all_WR: 0mJ  | MAC: 0mJ  | Total: 0mJ | compute util: 0, memory util: 0, Op/B 0
	decoder_87 | 1137.9us  | 99303 - 1.0044e+05 | tensor(209, 16384) -> tensor(209, 16384) | ACT: 1.3378mJ  | RD: 41.766mJ  | WR: 0.22376mJ  | all_ACT: 0mJ  | all_RD: 0mJ  | all_WR: 0mJ  | MAC: 1007.7mJ  | Total: 43.327mJ | compute util: 0, memory util: 0, Op/B 2903.9
		input_layer_norm | 0.85811us  | 99303 - 99304 | tensor(209, 16384) -> tensor(209, 16384) | ACT: 0mJ  | RD: 0mJ  | WR: 0mJ  | all_ACT: 0mJ  | all_RD: 0mJ  | all_WR: 0mJ  | MAC: 0mJ  | Total: 0mJ | compute util: 0, memory util: 0, Op/B 0
		attention | 1047.4us  | 99304 - 1.0035e+05 | tensor(209, 16384) -> tensor(209, 16384) | ACT: 1.2547mJ  | RD: 39.268mJ  | WR: 0.09888mJ  | all_ACT: 0mJ  | all_RD: 0mJ  | all_WR: 0mJ  | MAC: 999.85mJ  | Total: 40.621mJ | compute util: 0, memory util: 0, Op/B 3073
			attn_qkv_proj | 1.6227us  | 99304 - 99306 | tensor(209, 16384) -> tensor(209, 576) | ACT: 0.011519mJ  | RD: 0.35834mJ  | WR: 0.0034214mJ  | all_ACT: 0mJ  | all_RD: 0mJ  | all_WR: 0mJ  | MAC: 0.90729mJ  | Total: 0.37328mJ | compute util: 0, memory util: 0, Op/B 303.87
				Linear | 1.6227us  | 99304 - 99306 | tensor(209, 16384) -> tensor(209, 576) | ACT: 0.011519mJ  | RD: 0.35834mJ  | WR: 0.0034214mJ  | all_ACT: 0mJ  | all_RD: 0mJ  | all_WR: 0mJ  | MAC: 0.90729mJ  | Total: 0.37328mJ | compute util: 0.54021, memory util: 1, Op/B 303.87, GPU
			self_attention | 969.9us  | 99306 - 1.0028e+05 | tensor(209, 576) -> tensor(209, 512) | ACT: 1.2326mJ  | RD: 38.672mJ  | WR: 0mJ  | all_ACT: 0mJ  | all_RD: 0mJ  | all_WR: 0mJ  | MAC: 998.14mJ  | Total: 39.905mJ | compute util: 0, memory util: 0, Op/B 3122.7
				AttentionSplit | 0us  | 99306 - 99306 | tensor(209, 576) -> tensor(0, 768) tensor(209, 768) | ACT: 0mJ  | RD: 0mJ  | WR: 0mJ  | all_ACT: 0mJ  | all_RD: 0mJ  | all_WR: 0mJ  | MAC: 0mJ  | Total: 0mJ | compute util: 0, memory util: 0, Op/B 0
				AttentionSum | 0us  | 99306 - 99306 | tensor(0, 768) -> tensor(0, 2048) | ACT: 0mJ  | RD: 0mJ  | WR: 0mJ  | all_ACT: 0mJ  | all_RD: 0mJ  | all_WR: 0mJ  | MAC: 0mJ  | Total: 0mJ | compute util: 0, memory util: 0, Op/B 0, GPU
				AttentionGen | 964.39us  | 99306 - 1.0027e+05 | tensor(209, 768) -> tensor(209, 2048) | ACT: 1.2326mJ  | RD: 38.672mJ  | WR: 0mJ  | all_ACT: 0mJ  | all_RD: 0mJ  | all_WR: 0mJ  | MAC: 998.14mJ  | Total: 39.905mJ | compute util: 1, memory util: 0.18013, Op/B 3122.7, GPU
				context_merge | 5.5134us  | 1.0027e+05 - 1.0028e+05 | tensor(209, 2048) -> tensor(209, 2048) | ACT: 0mJ  | RD: 0mJ  | WR: 0mJ  | all_ACT: 0mJ  | all_RD: 0mJ  | all_WR: 0mJ  | MAC: 0mJ  | Total: 0mJ | compute util: 0, memory util: 0, Op/B 0
				AttentionMerge | 0us  | 1.0028e+05 - 1.0028e+05 | tensor(0, 2048) tensor(209, 2048) -> tensor(209, 512) | ACT: 0mJ  | RD: 0mJ  | WR: 0mJ  | all_ACT: 0mJ  | all_RD: 0mJ  | all_WR: 0mJ  | MAC: 0mJ  | Total: 0mJ | compute util: 0, memory util: 0, Op/B 0
			attn_o_proj | 1.49us  | 1.0028e+05 - 1.0028e+05 | tensor(209, 512) -> tensor(209, 16384) | ACT: 0.010588mJ  | RD: 0.23688mJ  | WR: 0.095458mJ  | all_ACT: 0mJ  | all_RD: 0mJ  | all_WR: 0mJ  | MAC: 0.80648mJ  | Total: 0.34292mJ | compute util: 0, memory util: 0, Op/B 294.17
				Linear | 1.49us  | 1.0028e+05 - 1.0028e+05 | tensor(209, 512) -> tensor(209, 16384) | ACT: 0.010588mJ  | RD: 0.23688mJ  | WR: 0.095458mJ  | all_ACT: 0mJ  | all_RD: 0mJ  | all_WR: 0mJ  | MAC: 0.80648mJ  | Total: 0.34292mJ | compute util: 0.52296, memory util: 1, Op/B 294.17, GPU
			all_reduce | 74.405us  | 1.0028e+05 - 1.0035e+05 | tensor(209, 16384) -> tensor(209, 16384) | ACT: 0mJ  | RD: 0mJ  | WR: 0mJ  | all_ACT: 0mJ  | all_RD: 0mJ  | all_WR: 0mJ  | MAC: 0mJ  | Total: 0mJ | compute util: 0, memory util: 0, Op/B 0
		residual_1 | 1.2841us  | 1.0035e+05 - 1.0035e+05 | tensor(209, 16384) -> tensor(209, 16384) | ACT: 0mJ  | RD: 0mJ  | WR: 0mJ  | all_ACT: 0mJ  | all_RD: 0mJ  | all_WR: 0mJ  | MAC: 0mJ  | Total: 0mJ | compute util: 0, memory util: 0, Op/B 0
		post_attn_layer_norm | 0.85811us  | 1.0035e+05 - 1.0035e+05 | tensor(209, 16384) -> tensor(209, 16384) | ACT: 0mJ  | RD: 0mJ  | WR: 0mJ  | all_ACT: 0mJ  | all_RD: 0mJ  | all_WR: 0mJ  | MAC: 0mJ  | Total: 0mJ | compute util: 0, memory util: 0, Op/B 0
		feedforward | 11.769us  | 1.0035e+05 - 1.0037e+05 | tensor(209, 16384) -> tensor(209, 16384) | ACT: 0.083075mJ  | RD: 2.498mJ  | WR: 0.12488mJ  | all_ACT: 0mJ  | all_RD: 0mJ  | all_WR: 0mJ  | MAC: 7.8632mJ  | Total: 2.706mJ | compute util: 0, memory util: 0, Op/B 363.13
			gate_proj | 3.8794us  | 1.0035e+05 - 1.0036e+05 | tensor(209, 16384) -> tensor(209, 1664) | ACT: 0.027459mJ  | RD: 0.85468mJ  | WR: 0.0098081mJ  | all_ACT: 0mJ  | all_RD: 0mJ  | all_WR: 0mJ  | MAC: 2.6211mJ  | Total: 0.89194mJ | compute util: 0, memory util: 0, Op/B 367.2
				Linear | 3.8794us  | 1.0035e+05 - 1.0036e+05 | tensor(209, 16384) -> tensor(209, 1664) | ACT: 0.027459mJ  | RD: 0.85468mJ  | WR: 0.0098081mJ  | all_ACT: 0mJ  | all_RD: 0mJ  | all_WR: 0mJ  | MAC: 2.6211mJ  | Total: 0.89194mJ | compute util: 0.65279, memory util: 1, Op/B 367.2, GPU
			activation | 0.13042us  | 1.0036e+05 - 1.0036e+05 | tensor(209, 1664) -> tensor(209, 1664) | ACT: 0.00069811mJ  | RD: 0.019616mJ  | WR: 0.0098081mJ  | all_ACT: 0mJ  | all_RD: 0mJ  | all_WR: 0mJ  | MAC: 0mJ  | Total: 0.030122mJ | compute util: 0, memory util: 1, Op/B 0, GPU
			up_proj | 3.8794us  | 1.0036e+05 - 1.0036e+05 | tensor(209, 16384) -> tensor(209, 1664) | ACT: 0.027459mJ  | RD: 0.85468mJ  | WR: 0.0098081mJ  | all_ACT: 0mJ  | all_RD: 0mJ  | all_WR: 0mJ  | MAC: 2.6211mJ  | Total: 0.89194mJ | compute util: 0, memory util: 0, Op/B 367.2
				Linear | 3.8794us  | 1.0036e+05 - 1.0036e+05 | tensor(209, 16384) -> tensor(209, 1664) | ACT: 0.027459mJ  | RD: 0.85468mJ  | WR: 0.0098081mJ  | all_ACT: 0mJ  | all_RD: 0mJ  | all_WR: 0mJ  | MAC: 2.6211mJ  | Total: 0.89194mJ | compute util: 0.65279, memory util: 1, Op/B 367.2, GPU
			down_proj | 3.8794us  | 1.0036e+05 - 1.0037e+05 | tensor(209, 1664) -> tensor(209, 16384) | ACT: 0.027459mJ  | RD: 0.76903mJ  | WR: 0.095458mJ  | all_ACT: 0mJ  | all_RD: 0mJ  | all_WR: 0mJ  | MAC: 2.6211mJ  | Total: 0.89194mJ | compute util: 0, memory util: 0, Op/B 367.2
				Linear | 3.8794us  | 1.0036e+05 - 1.0037e+05 | tensor(209, 1664) -> tensor(209, 16384) | ACT: 0.027459mJ  | RD: 0.76903mJ  | WR: 0.095458mJ  | all_ACT: 0mJ  | all_RD: 0mJ  | all_WR: 0mJ  | MAC: 2.6211mJ  | Total: 0.89194mJ | compute util: 0.65279, memory util: 1, Op/B 367.2, GPU
		all_reduce | 74.405us  | 1.0037e+05 - 1.0044e+05 | tensor(209, 16384) -> tensor(209, 16384) | ACT: 0mJ  | RD: 0mJ  | WR: 0mJ  | all_ACT: 0mJ  | all_RD: 0mJ  | all_WR: 0mJ  | MAC: 0mJ  | Total: 0mJ | compute util: 0, memory util: 0, Op/B 0
		residual_1 | 1.2841us  | 1.0044e+05 - 1.0044e+05 | tensor(209, 16384) -> tensor(209, 16384) | ACT: 0mJ  | RD: 0mJ  | WR: 0mJ  | all_ACT: 0mJ  | all_RD: 0mJ  | all_WR: 0mJ  | MAC: 0mJ  | Total: 0mJ | compute util: 0, memory util: 0, Op/B 0
	decoder_88 | 1144.9us  | 1.0044e+05 - 1.0159e+05 | tensor(209, 16384) -> tensor(209, 16384) | ACT: 1.3378mJ  | RD: 41.766mJ  | WR: 0.22376mJ  | all_ACT: 0mJ  | all_RD: 0mJ  | all_WR: 0mJ  | MAC: 1007.7mJ  | Total: 43.327mJ | compute util: 0, memory util: 0, Op/B 2903.9
		input_layer_norm | 0.85811us  | 1.0044e+05 - 1.0044e+05 | tensor(209, 16384) -> tensor(209, 16384) | ACT: 0mJ  | RD: 0mJ  | WR: 0mJ  | all_ACT: 0mJ  | all_RD: 0mJ  | all_WR: 0mJ  | MAC: 0mJ  | Total: 0mJ | compute util: 0, memory util: 0, Op/B 0
		attention | 1054.4us  | 1.0044e+05 - 1.015e+05 | tensor(209, 16384) -> tensor(209, 16384) | ACT: 1.2547mJ  | RD: 39.268mJ  | WR: 0.09888mJ  | all_ACT: 0mJ  | all_RD: 0mJ  | all_WR: 0mJ  | MAC: 999.85mJ  | Total: 40.621mJ | compute util: 0, memory util: 0, Op/B 3073
			attn_qkv_proj | 1.6227us  | 1.0044e+05 - 1.0044e+05 | tensor(209, 16384) -> tensor(209, 576) | ACT: 0.011519mJ  | RD: 0.35834mJ  | WR: 0.0034214mJ  | all_ACT: 0mJ  | all_RD: 0mJ  | all_WR: 0mJ  | MAC: 0.90729mJ  | Total: 0.37328mJ | compute util: 0, memory util: 0, Op/B 303.87
				Linear | 1.6227us  | 1.0044e+05 - 1.0044e+05 | tensor(209, 16384) -> tensor(209, 576) | ACT: 0.011519mJ  | RD: 0.35834mJ  | WR: 0.0034214mJ  | all_ACT: 0mJ  | all_RD: 0mJ  | all_WR: 0mJ  | MAC: 0.90729mJ  | Total: 0.37328mJ | compute util: 0.54021, memory util: 1, Op/B 303.87, GPU
			self_attention | 976.9us  | 1.0044e+05 - 1.0142e+05 | tensor(209, 576) -> tensor(209, 512) | ACT: 1.2326mJ  | RD: 38.672mJ  | WR: 0mJ  | all_ACT: 0mJ  | all_RD: 0mJ  | all_WR: 0mJ  | MAC: 998.14mJ  | Total: 39.905mJ | compute util: 0, memory util: 0, Op/B 3122.7
				AttentionSplit | 0us  | 1.0044e+05 - 1.0044e+05 | tensor(209, 576) -> tensor(0, 768) tensor(209, 768) | ACT: 0mJ  | RD: 0mJ  | WR: 0mJ  | all_ACT: 0mJ  | all_RD: 0mJ  | all_WR: 0mJ  | MAC: 0mJ  | Total: 0mJ | compute util: 0, memory util: 0, Op/B 0
				AttentionSum | 0us  | 1.0044e+05 - 1.0044e+05 | tensor(0, 768) -> tensor(0, 2048) | ACT: 0mJ  | RD: 0mJ  | WR: 0mJ  | all_ACT: 0mJ  | all_RD: 0mJ  | all_WR: 0mJ  | MAC: 0mJ  | Total: 0mJ | compute util: 0, memory util: 0, Op/B 0, GPU
				AttentionGen | 964.39us  | 1.0044e+05 - 1.0141e+05 | tensor(209, 768) -> tensor(209, 2048) | ACT: 1.2326mJ  | RD: 38.672mJ  | WR: 0mJ  | all_ACT: 0mJ  | all_RD: 0mJ  | all_WR: 0mJ  | MAC: 998.14mJ  | Total: 39.905mJ | compute util: 1, memory util: 0.18013, Op/B 3122.7, GPU
				context_merge | 12.517us  | 1.0141e+05 - 1.0142e+05 | tensor(209, 2048) -> tensor(209, 2048) | ACT: 0mJ  | RD: 0mJ  | WR: 0mJ  | all_ACT: 0mJ  | all_RD: 0mJ  | all_WR: 0mJ  | MAC: 0mJ  | Total: 0mJ | compute util: 0, memory util: 0, Op/B 0
				AttentionMerge | 0us  | 1.0142e+05 - 1.0142e+05 | tensor(0, 2048) tensor(209, 2048) -> tensor(209, 512) | ACT: 0mJ  | RD: 0mJ  | WR: 0mJ  | all_ACT: 0mJ  | all_RD: 0mJ  | all_WR: 0mJ  | MAC: 0mJ  | Total: 0mJ | compute util: 0, memory util: 0, Op/B 0
			attn_o_proj | 1.49us  | 1.0142e+05 - 1.0142e+05 | tensor(209, 512) -> tensor(209, 16384) | ACT: 0.010588mJ  | RD: 0.23688mJ  | WR: 0.095458mJ  | all_ACT: 0mJ  | all_RD: 0mJ  | all_WR: 0mJ  | MAC: 0.80648mJ  | Total: 0.34292mJ | compute util: 0, memory util: 0, Op/B 294.17
				Linear | 1.49us  | 1.0142e+05 - 1.0142e+05 | tensor(209, 512) -> tensor(209, 16384) | ACT: 0.010588mJ  | RD: 0.23688mJ  | WR: 0.095458mJ  | all_ACT: 0mJ  | all_RD: 0mJ  | all_WR: 0mJ  | MAC: 0.80648mJ  | Total: 0.34292mJ | compute util: 0.52296, memory util: 1, Op/B 294.17, GPU
			all_reduce | 74.405us  | 1.0142e+05 - 1.015e+05 | tensor(209, 16384) -> tensor(209, 16384) | ACT: 0mJ  | RD: 0mJ  | WR: 0mJ  | all_ACT: 0mJ  | all_RD: 0mJ  | all_WR: 0mJ  | MAC: 0mJ  | Total: 0mJ | compute util: 0, memory util: 0, Op/B 0
		residual_1 | 1.2841us  | 1.015e+05 - 1.015e+05 | tensor(209, 16384) -> tensor(209, 16384) | ACT: 0mJ  | RD: 0mJ  | WR: 0mJ  | all_ACT: 0mJ  | all_RD: 0mJ  | all_WR: 0mJ  | MAC: 0mJ  | Total: 0mJ | compute util: 0, memory util: 0, Op/B 0
		post_attn_layer_norm | 0.85811us  | 1.015e+05 - 1.015e+05 | tensor(209, 16384) -> tensor(209, 16384) | ACT: 0mJ  | RD: 0mJ  | WR: 0mJ  | all_ACT: 0mJ  | all_RD: 0mJ  | all_WR: 0mJ  | MAC: 0mJ  | Total: 0mJ | compute util: 0, memory util: 0, Op/B 0
		feedforward | 11.769us  | 1.015e+05 - 1.0151e+05 | tensor(209, 16384) -> tensor(209, 16384) | ACT: 0.083075mJ  | RD: 2.498mJ  | WR: 0.12488mJ  | all_ACT: 0mJ  | all_RD: 0mJ  | all_WR: 0mJ  | MAC: 7.8632mJ  | Total: 2.706mJ | compute util: 0, memory util: 0, Op/B 363.13
			gate_proj | 3.8794us  | 1.015e+05 - 1.015e+05 | tensor(209, 16384) -> tensor(209, 1664) | ACT: 0.027459mJ  | RD: 0.85468mJ  | WR: 0.0098081mJ  | all_ACT: 0mJ  | all_RD: 0mJ  | all_WR: 0mJ  | MAC: 2.6211mJ  | Total: 0.89194mJ | compute util: 0, memory util: 0, Op/B 367.2
				Linear | 3.8794us  | 1.015e+05 - 1.015e+05 | tensor(209, 16384) -> tensor(209, 1664) | ACT: 0.027459mJ  | RD: 0.85468mJ  | WR: 0.0098081mJ  | all_ACT: 0mJ  | all_RD: 0mJ  | all_WR: 0mJ  | MAC: 2.6211mJ  | Total: 0.89194mJ | compute util: 0.65279, memory util: 1, Op/B 367.2, GPU
			activation | 0.13042us  | 1.015e+05 - 1.015e+05 | tensor(209, 1664) -> tensor(209, 1664) | ACT: 0.00069811mJ  | RD: 0.019616mJ  | WR: 0.0098081mJ  | all_ACT: 0mJ  | all_RD: 0mJ  | all_WR: 0mJ  | MAC: 0mJ  | Total: 0.030122mJ | compute util: 0, memory util: 1, Op/B 0, GPU
			up_proj | 3.8794us  | 1.015e+05 - 1.0151e+05 | tensor(209, 16384) -> tensor(209, 1664) | ACT: 0.027459mJ  | RD: 0.85468mJ  | WR: 0.0098081mJ  | all_ACT: 0mJ  | all_RD: 0mJ  | all_WR: 0mJ  | MAC: 2.6211mJ  | Total: 0.89194mJ | compute util: 0, memory util: 0, Op/B 367.2
				Linear | 3.8794us  | 1.015e+05 - 1.0151e+05 | tensor(209, 16384) -> tensor(209, 1664) | ACT: 0.027459mJ  | RD: 0.85468mJ  | WR: 0.0098081mJ  | all_ACT: 0mJ  | all_RD: 0mJ  | all_WR: 0mJ  | MAC: 2.6211mJ  | Total: 0.89194mJ | compute util: 0.65279, memory util: 1, Op/B 367.2, GPU
			down_proj | 3.8794us  | 1.0151e+05 - 1.0151e+05 | tensor(209, 1664) -> tensor(209, 16384) | ACT: 0.027459mJ  | RD: 0.76903mJ  | WR: 0.095458mJ  | all_ACT: 0mJ  | all_RD: 0mJ  | all_WR: 0mJ  | MAC: 2.6211mJ  | Total: 0.89194mJ | compute util: 0, memory util: 0, Op/B 367.2
				Linear | 3.8794us  | 1.0151e+05 - 1.0151e+05 | tensor(209, 1664) -> tensor(209, 16384) | ACT: 0.027459mJ  | RD: 0.76903mJ  | WR: 0.095458mJ  | all_ACT: 0mJ  | all_RD: 0mJ  | all_WR: 0mJ  | MAC: 2.6211mJ  | Total: 0.89194mJ | compute util: 0.65279, memory util: 1, Op/B 367.2, GPU
		all_reduce | 74.405us  | 1.0151e+05 - 1.0158e+05 | tensor(209, 16384) -> tensor(209, 16384) | ACT: 0mJ  | RD: 0mJ  | WR: 0mJ  | all_ACT: 0mJ  | all_RD: 0mJ  | all_WR: 0mJ  | MAC: 0mJ  | Total: 0mJ | compute util: 0, memory util: 0, Op/B 0
		residual_1 | 1.2841us  | 1.0158e+05 - 1.0159e+05 | tensor(209, 16384) -> tensor(209, 16384) | ACT: 0mJ  | RD: 0mJ  | WR: 0mJ  | all_ACT: 0mJ  | all_RD: 0mJ  | all_WR: 0mJ  | MAC: 0mJ  | Total: 0mJ | compute util: 0, memory util: 0, Op/B 0
	decoder_89 | 1137.9us  | 1.0159e+05 - 1.0272e+05 | tensor(209, 16384) -> tensor(209, 16384) | ACT: 1.3378mJ  | RD: 41.766mJ  | WR: 0.22376mJ  | all_ACT: 0mJ  | all_RD: 0mJ  | all_WR: 0mJ  | MAC: 1007.7mJ  | Total: 43.327mJ | compute util: 0, memory util: 0, Op/B 2903.9
		input_layer_norm | 0.85811us  | 1.0159e+05 - 1.0159e+05 | tensor(209, 16384) -> tensor(209, 16384) | ACT: 0mJ  | RD: 0mJ  | WR: 0mJ  | all_ACT: 0mJ  | all_RD: 0mJ  | all_WR: 0mJ  | MAC: 0mJ  | Total: 0mJ | compute util: 0, memory util: 0, Op/B 0
		attention | 1047.4us  | 1.0159e+05 - 1.0263e+05 | tensor(209, 16384) -> tensor(209, 16384) | ACT: 1.2547mJ  | RD: 39.268mJ  | WR: 0.09888mJ  | all_ACT: 0mJ  | all_RD: 0mJ  | all_WR: 0mJ  | MAC: 999.85mJ  | Total: 40.621mJ | compute util: 0, memory util: 0, Op/B 3073
			attn_qkv_proj | 1.6227us  | 1.0159e+05 - 1.0159e+05 | tensor(209, 16384) -> tensor(209, 576) | ACT: 0.011519mJ  | RD: 0.35834mJ  | WR: 0.0034214mJ  | all_ACT: 0mJ  | all_RD: 0mJ  | all_WR: 0mJ  | MAC: 0.90729mJ  | Total: 0.37328mJ | compute util: 0, memory util: 0, Op/B 303.87
				Linear | 1.6227us  | 1.0159e+05 - 1.0159e+05 | tensor(209, 16384) -> tensor(209, 576) | ACT: 0.011519mJ  | RD: 0.35834mJ  | WR: 0.0034214mJ  | all_ACT: 0mJ  | all_RD: 0mJ  | all_WR: 0mJ  | MAC: 0.90729mJ  | Total: 0.37328mJ | compute util: 0.54021, memory util: 1, Op/B 303.87, GPU
			self_attention | 969.9us  | 1.0159e+05 - 1.0256e+05 | tensor(209, 576) -> tensor(209, 512) | ACT: 1.2326mJ  | RD: 38.672mJ  | WR: 0mJ  | all_ACT: 0mJ  | all_RD: 0mJ  | all_WR: 0mJ  | MAC: 998.14mJ  | Total: 39.905mJ | compute util: 0, memory util: 0, Op/B 3122.7
				AttentionSplit | 0us  | 1.0159e+05 - 1.0159e+05 | tensor(209, 576) -> tensor(0, 768) tensor(209, 768) | ACT: 0mJ  | RD: 0mJ  | WR: 0mJ  | all_ACT: 0mJ  | all_RD: 0mJ  | all_WR: 0mJ  | MAC: 0mJ  | Total: 0mJ | compute util: 0, memory util: 0, Op/B 0
				AttentionSum | 0us  | 1.0159e+05 - 1.0159e+05 | tensor(0, 768) -> tensor(0, 2048) | ACT: 0mJ  | RD: 0mJ  | WR: 0mJ  | all_ACT: 0mJ  | all_RD: 0mJ  | all_WR: 0mJ  | MAC: 0mJ  | Total: 0mJ | compute util: 0, memory util: 0, Op/B 0, GPU
				AttentionGen | 964.39us  | 1.0159e+05 - 1.0255e+05 | tensor(209, 768) -> tensor(209, 2048) | ACT: 1.2326mJ  | RD: 38.672mJ  | WR: 0mJ  | all_ACT: 0mJ  | all_RD: 0mJ  | all_WR: 0mJ  | MAC: 998.14mJ  | Total: 39.905mJ | compute util: 1, memory util: 0.18013, Op/B 3122.7, GPU
				context_merge | 5.5134us  | 1.0255e+05 - 1.0256e+05 | tensor(209, 2048) -> tensor(209, 2048) | ACT: 0mJ  | RD: 0mJ  | WR: 0mJ  | all_ACT: 0mJ  | all_RD: 0mJ  | all_WR: 0mJ  | MAC: 0mJ  | Total: 0mJ | compute util: 0, memory util: 0, Op/B 0
				AttentionMerge | 0us  | 1.0256e+05 - 1.0256e+05 | tensor(0, 2048) tensor(209, 2048) -> tensor(209, 512) | ACT: 0mJ  | RD: 0mJ  | WR: 0mJ  | all_ACT: 0mJ  | all_RD: 0mJ  | all_WR: 0mJ  | MAC: 0mJ  | Total: 0mJ | compute util: 0, memory util: 0, Op/B 0
			attn_o_proj | 1.49us  | 1.0256e+05 - 1.0256e+05 | tensor(209, 512) -> tensor(209, 16384) | ACT: 0.010588mJ  | RD: 0.23688mJ  | WR: 0.095458mJ  | all_ACT: 0mJ  | all_RD: 0mJ  | all_WR: 0mJ  | MAC: 0.80648mJ  | Total: 0.34292mJ | compute util: 0, memory util: 0, Op/B 294.17
				Linear | 1.49us  | 1.0256e+05 - 1.0256e+05 | tensor(209, 512) -> tensor(209, 16384) | ACT: 0.010588mJ  | RD: 0.23688mJ  | WR: 0.095458mJ  | all_ACT: 0mJ  | all_RD: 0mJ  | all_WR: 0mJ  | MAC: 0.80648mJ  | Total: 0.34292mJ | compute util: 0.52296, memory util: 1, Op/B 294.17, GPU
			all_reduce | 74.405us  | 1.0256e+05 - 1.0263e+05 | tensor(209, 16384) -> tensor(209, 16384) | ACT: 0mJ  | RD: 0mJ  | WR: 0mJ  | all_ACT: 0mJ  | all_RD: 0mJ  | all_WR: 0mJ  | MAC: 0mJ  | Total: 0mJ | compute util: 0, memory util: 0, Op/B 0
		residual_1 | 1.2841us  | 1.0263e+05 - 1.0264e+05 | tensor(209, 16384) -> tensor(209, 16384) | ACT: 0mJ  | RD: 0mJ  | WR: 0mJ  | all_ACT: 0mJ  | all_RD: 0mJ  | all_WR: 0mJ  | MAC: 0mJ  | Total: 0mJ | compute util: 0, memory util: 0, Op/B 0
		post_attn_layer_norm | 0.85811us  | 1.0264e+05 - 1.0264e+05 | tensor(209, 16384) -> tensor(209, 16384) | ACT: 0mJ  | RD: 0mJ  | WR: 0mJ  | all_ACT: 0mJ  | all_RD: 0mJ  | all_WR: 0mJ  | MAC: 0mJ  | Total: 0mJ | compute util: 0, memory util: 0, Op/B 0
		feedforward | 11.769us  | 1.0264e+05 - 1.0265e+05 | tensor(209, 16384) -> tensor(209, 16384) | ACT: 0.083075mJ  | RD: 2.498mJ  | WR: 0.12488mJ  | all_ACT: 0mJ  | all_RD: 0mJ  | all_WR: 0mJ  | MAC: 7.8632mJ  | Total: 2.706mJ | compute util: 0, memory util: 0, Op/B 363.13
			gate_proj | 3.8794us  | 1.0264e+05 - 1.0264e+05 | tensor(209, 16384) -> tensor(209, 1664) | ACT: 0.027459mJ  | RD: 0.85468mJ  | WR: 0.0098081mJ  | all_ACT: 0mJ  | all_RD: 0mJ  | all_WR: 0mJ  | MAC: 2.6211mJ  | Total: 0.89194mJ | compute util: 0, memory util: 0, Op/B 367.2
				Linear | 3.8794us  | 1.0264e+05 - 1.0264e+05 | tensor(209, 16384) -> tensor(209, 1664) | ACT: 0.027459mJ  | RD: 0.85468mJ  | WR: 0.0098081mJ  | all_ACT: 0mJ  | all_RD: 0mJ  | all_WR: 0mJ  | MAC: 2.6211mJ  | Total: 0.89194mJ | compute util: 0.65279, memory util: 1, Op/B 367.2, GPU
			activation | 0.13042us  | 1.0264e+05 - 1.0264e+05 | tensor(209, 1664) -> tensor(209, 1664) | ACT: 0.00069811mJ  | RD: 0.019616mJ  | WR: 0.0098081mJ  | all_ACT: 0mJ  | all_RD: 0mJ  | all_WR: 0mJ  | MAC: 0mJ  | Total: 0.030122mJ | compute util: 0, memory util: 1, Op/B 0, GPU
			up_proj | 3.8794us  | 1.0264e+05 - 1.0264e+05 | tensor(209, 16384) -> tensor(209, 1664) | ACT: 0.027459mJ  | RD: 0.85468mJ  | WR: 0.0098081mJ  | all_ACT: 0mJ  | all_RD: 0mJ  | all_WR: 0mJ  | MAC: 2.6211mJ  | Total: 0.89194mJ | compute util: 0, memory util: 0, Op/B 367.2
				Linear | 3.8794us  | 1.0264e+05 - 1.0264e+05 | tensor(209, 16384) -> tensor(209, 1664) | ACT: 0.027459mJ  | RD: 0.85468mJ  | WR: 0.0098081mJ  | all_ACT: 0mJ  | all_RD: 0mJ  | all_WR: 0mJ  | MAC: 2.6211mJ  | Total: 0.89194mJ | compute util: 0.65279, memory util: 1, Op/B 367.2, GPU
			down_proj | 3.8794us  | 1.0264e+05 - 1.0265e+05 | tensor(209, 1664) -> tensor(209, 16384) | ACT: 0.027459mJ  | RD: 0.76903mJ  | WR: 0.095458mJ  | all_ACT: 0mJ  | all_RD: 0mJ  | all_WR: 0mJ  | MAC: 2.6211mJ  | Total: 0.89194mJ | compute util: 0, memory util: 0, Op/B 367.2
				Linear | 3.8794us  | 1.0264e+05 - 1.0265e+05 | tensor(209, 1664) -> tensor(209, 16384) | ACT: 0.027459mJ  | RD: 0.76903mJ  | WR: 0.095458mJ  | all_ACT: 0mJ  | all_RD: 0mJ  | all_WR: 0mJ  | MAC: 2.6211mJ  | Total: 0.89194mJ | compute util: 0.65279, memory util: 1, Op/B 367.2, GPU
		all_reduce | 74.405us  | 1.0265e+05 - 1.0272e+05 | tensor(209, 16384) -> tensor(209, 16384) | ACT: 0mJ  | RD: 0mJ  | WR: 0mJ  | all_ACT: 0mJ  | all_RD: 0mJ  | all_WR: 0mJ  | MAC: 0mJ  | Total: 0mJ | compute util: 0, memory util: 0, Op/B 0
		residual_1 | 1.2841us  | 1.0272e+05 - 1.0272e+05 | tensor(209, 16384) -> tensor(209, 16384) | ACT: 0mJ  | RD: 0mJ  | WR: 0mJ  | all_ACT: 0mJ  | all_RD: 0mJ  | all_WR: 0mJ  | MAC: 0mJ  | Total: 0mJ | compute util: 0, memory util: 0, Op/B 0
	decoder_90 | 1144.9us  | 1.0272e+05 - 1.0387e+05 | tensor(209, 16384) -> tensor(209, 16384) | ACT: 1.3378mJ  | RD: 41.766mJ  | WR: 0.22376mJ  | all_ACT: 0mJ  | all_RD: 0mJ  | all_WR: 0mJ  | MAC: 1007.7mJ  | Total: 43.327mJ | compute util: 0, memory util: 0, Op/B 2903.9
		input_layer_norm | 0.85811us  | 1.0272e+05 - 1.0272e+05 | tensor(209, 16384) -> tensor(209, 16384) | ACT: 0mJ  | RD: 0mJ  | WR: 0mJ  | all_ACT: 0mJ  | all_RD: 0mJ  | all_WR: 0mJ  | MAC: 0mJ  | Total: 0mJ | compute util: 0, memory util: 0, Op/B 0
		attention | 1054.4us  | 1.0272e+05 - 1.0378e+05 | tensor(209, 16384) -> tensor(209, 16384) | ACT: 1.2547mJ  | RD: 39.268mJ  | WR: 0.09888mJ  | all_ACT: 0mJ  | all_RD: 0mJ  | all_WR: 0mJ  | MAC: 999.85mJ  | Total: 40.621mJ | compute util: 0, memory util: 0, Op/B 3073
			attn_qkv_proj | 1.6227us  | 1.0272e+05 - 1.0273e+05 | tensor(209, 16384) -> tensor(209, 576) | ACT: 0.011519mJ  | RD: 0.35834mJ  | WR: 0.0034214mJ  | all_ACT: 0mJ  | all_RD: 0mJ  | all_WR: 0mJ  | MAC: 0.90729mJ  | Total: 0.37328mJ | compute util: 0, memory util: 0, Op/B 303.87
				Linear | 1.6227us  | 1.0272e+05 - 1.0273e+05 | tensor(209, 16384) -> tensor(209, 576) | ACT: 0.011519mJ  | RD: 0.35834mJ  | WR: 0.0034214mJ  | all_ACT: 0mJ  | all_RD: 0mJ  | all_WR: 0mJ  | MAC: 0.90729mJ  | Total: 0.37328mJ | compute util: 0.54021, memory util: 1, Op/B 303.87, GPU
			self_attention | 976.9us  | 1.0273e+05 - 1.037e+05 | tensor(209, 576) -> tensor(209, 512) | ACT: 1.2326mJ  | RD: 38.672mJ  | WR: 0mJ  | all_ACT: 0mJ  | all_RD: 0mJ  | all_WR: 0mJ  | MAC: 998.14mJ  | Total: 39.905mJ | compute util: 0, memory util: 0, Op/B 3122.7
				AttentionSplit | 0us  | 1.0273e+05 - 1.0273e+05 | tensor(209, 576) -> tensor(0, 768) tensor(209, 768) | ACT: 0mJ  | RD: 0mJ  | WR: 0mJ  | all_ACT: 0mJ  | all_RD: 0mJ  | all_WR: 0mJ  | MAC: 0mJ  | Total: 0mJ | compute util: 0, memory util: 0, Op/B 0
				AttentionSum | 0us  | 1.0273e+05 - 1.0273e+05 | tensor(0, 768) -> tensor(0, 2048) | ACT: 0mJ  | RD: 0mJ  | WR: 0mJ  | all_ACT: 0mJ  | all_RD: 0mJ  | all_WR: 0mJ  | MAC: 0mJ  | Total: 0mJ | compute util: 0, memory util: 0, Op/B 0, GPU
				AttentionGen | 964.39us  | 1.0273e+05 - 1.0369e+05 | tensor(209, 768) -> tensor(209, 2048) | ACT: 1.2326mJ  | RD: 38.672mJ  | WR: 0mJ  | all_ACT: 0mJ  | all_RD: 0mJ  | all_WR: 0mJ  | MAC: 998.14mJ  | Total: 39.905mJ | compute util: 1, memory util: 0.18013, Op/B 3122.7, GPU
				context_merge | 12.517us  | 1.0369e+05 - 1.037e+05 | tensor(209, 2048) -> tensor(209, 2048) | ACT: 0mJ  | RD: 0mJ  | WR: 0mJ  | all_ACT: 0mJ  | all_RD: 0mJ  | all_WR: 0mJ  | MAC: 0mJ  | Total: 0mJ | compute util: 0, memory util: 0, Op/B 0
				AttentionMerge | 0us  | 1.037e+05 - 1.037e+05 | tensor(0, 2048) tensor(209, 2048) -> tensor(209, 512) | ACT: 0mJ  | RD: 0mJ  | WR: 0mJ  | all_ACT: 0mJ  | all_RD: 0mJ  | all_WR: 0mJ  | MAC: 0mJ  | Total: 0mJ | compute util: 0, memory util: 0, Op/B 0
			attn_o_proj | 1.49us  | 1.037e+05 - 1.037e+05 | tensor(209, 512) -> tensor(209, 16384) | ACT: 0.010588mJ  | RD: 0.23688mJ  | WR: 0.095458mJ  | all_ACT: 0mJ  | all_RD: 0mJ  | all_WR: 0mJ  | MAC: 0.80648mJ  | Total: 0.34292mJ | compute util: 0, memory util: 0, Op/B 294.17
				Linear | 1.49us  | 1.037e+05 - 1.037e+05 | tensor(209, 512) -> tensor(209, 16384) | ACT: 0.010588mJ  | RD: 0.23688mJ  | WR: 0.095458mJ  | all_ACT: 0mJ  | all_RD: 0mJ  | all_WR: 0mJ  | MAC: 0.80648mJ  | Total: 0.34292mJ | compute util: 0.52296, memory util: 1, Op/B 294.17, GPU
			all_reduce | 74.405us  | 1.037e+05 - 1.0378e+05 | tensor(209, 16384) -> tensor(209, 16384) | ACT: 0mJ  | RD: 0mJ  | WR: 0mJ  | all_ACT: 0mJ  | all_RD: 0mJ  | all_WR: 0mJ  | MAC: 0mJ  | Total: 0mJ | compute util: 0, memory util: 0, Op/B 0
		residual_1 | 1.2841us  | 1.0378e+05 - 1.0378e+05 | tensor(209, 16384) -> tensor(209, 16384) | ACT: 0mJ  | RD: 0mJ  | WR: 0mJ  | all_ACT: 0mJ  | all_RD: 0mJ  | all_WR: 0mJ  | MAC: 0mJ  | Total: 0mJ | compute util: 0, memory util: 0, Op/B 0
		post_attn_layer_norm | 0.85811us  | 1.0378e+05 - 1.0378e+05 | tensor(209, 16384) -> tensor(209, 16384) | ACT: 0mJ  | RD: 0mJ  | WR: 0mJ  | all_ACT: 0mJ  | all_RD: 0mJ  | all_WR: 0mJ  | MAC: 0mJ  | Total: 0mJ | compute util: 0, memory util: 0, Op/B 0
		feedforward | 11.769us  | 1.0378e+05 - 1.0379e+05 | tensor(209, 16384) -> tensor(209, 16384) | ACT: 0.083075mJ  | RD: 2.498mJ  | WR: 0.12488mJ  | all_ACT: 0mJ  | all_RD: 0mJ  | all_WR: 0mJ  | MAC: 7.8632mJ  | Total: 2.706mJ | compute util: 0, memory util: 0, Op/B 363.13
			gate_proj | 3.8794us  | 1.0378e+05 - 1.0379e+05 | tensor(209, 16384) -> tensor(209, 1664) | ACT: 0.027459mJ  | RD: 0.85468mJ  | WR: 0.0098081mJ  | all_ACT: 0mJ  | all_RD: 0mJ  | all_WR: 0mJ  | MAC: 2.6211mJ  | Total: 0.89194mJ | compute util: 0, memory util: 0, Op/B 367.2
				Linear | 3.8794us  | 1.0378e+05 - 1.0379e+05 | tensor(209, 16384) -> tensor(209, 1664) | ACT: 0.027459mJ  | RD: 0.85468mJ  | WR: 0.0098081mJ  | all_ACT: 0mJ  | all_RD: 0mJ  | all_WR: 0mJ  | MAC: 2.6211mJ  | Total: 0.89194mJ | compute util: 0.65279, memory util: 1, Op/B 367.2, GPU
			activation | 0.13042us  | 1.0379e+05 - 1.0379e+05 | tensor(209, 1664) -> tensor(209, 1664) | ACT: 0.00069811mJ  | RD: 0.019616mJ  | WR: 0.0098081mJ  | all_ACT: 0mJ  | all_RD: 0mJ  | all_WR: 0mJ  | MAC: 0mJ  | Total: 0.030122mJ | compute util: 0, memory util: 1, Op/B 0, GPU
			up_proj | 3.8794us  | 1.0379e+05 - 1.0379e+05 | tensor(209, 16384) -> tensor(209, 1664) | ACT: 0.027459mJ  | RD: 0.85468mJ  | WR: 0.0098081mJ  | all_ACT: 0mJ  | all_RD: 0mJ  | all_WR: 0mJ  | MAC: 2.6211mJ  | Total: 0.89194mJ | compute util: 0, memory util: 0, Op/B 367.2
				Linear | 3.8794us  | 1.0379e+05 - 1.0379e+05 | tensor(209, 16384) -> tensor(209, 1664) | ACT: 0.027459mJ  | RD: 0.85468mJ  | WR: 0.0098081mJ  | all_ACT: 0mJ  | all_RD: 0mJ  | all_WR: 0mJ  | MAC: 2.6211mJ  | Total: 0.89194mJ | compute util: 0.65279, memory util: 1, Op/B 367.2, GPU
			down_proj | 3.8794us  | 1.0379e+05 - 1.0379e+05 | tensor(209, 1664) -> tensor(209, 16384) | ACT: 0.027459mJ  | RD: 0.76903mJ  | WR: 0.095458mJ  | all_ACT: 0mJ  | all_RD: 0mJ  | all_WR: 0mJ  | MAC: 2.6211mJ  | Total: 0.89194mJ | compute util: 0, memory util: 0, Op/B 367.2
				Linear | 3.8794us  | 1.0379e+05 - 1.0379e+05 | tensor(209, 1664) -> tensor(209, 16384) | ACT: 0.027459mJ  | RD: 0.76903mJ  | WR: 0.095458mJ  | all_ACT: 0mJ  | all_RD: 0mJ  | all_WR: 0mJ  | MAC: 2.6211mJ  | Total: 0.89194mJ | compute util: 0.65279, memory util: 1, Op/B 367.2, GPU
		all_reduce | 74.405us  | 1.0379e+05 - 1.0387e+05 | tensor(209, 16384) -> tensor(209, 16384) | ACT: 0mJ  | RD: 0mJ  | WR: 0mJ  | all_ACT: 0mJ  | all_RD: 0mJ  | all_WR: 0mJ  | MAC: 0mJ  | Total: 0mJ | compute util: 0, memory util: 0, Op/B 0
		residual_1 | 1.2841us  | 1.0387e+05 - 1.0387e+05 | tensor(209, 16384) -> tensor(209, 16384) | ACT: 0mJ  | RD: 0mJ  | WR: 0mJ  | all_ACT: 0mJ  | all_RD: 0mJ  | all_WR: 0mJ  | MAC: 0mJ  | Total: 0mJ | compute util: 0, memory util: 0, Op/B 0
	decoder_91 | 1137.9us  | 1.0387e+05 - 1.0501e+05 | tensor(209, 16384) -> tensor(209, 16384) | ACT: 1.3378mJ  | RD: 41.766mJ  | WR: 0.22376mJ  | all_ACT: 0mJ  | all_RD: 0mJ  | all_WR: 0mJ  | MAC: 1007.7mJ  | Total: 43.327mJ | compute util: 0, memory util: 0, Op/B 2903.9
		input_layer_norm | 0.85811us  | 1.0387e+05 - 1.0387e+05 | tensor(209, 16384) -> tensor(209, 16384) | ACT: 0mJ  | RD: 0mJ  | WR: 0mJ  | all_ACT: 0mJ  | all_RD: 0mJ  | all_WR: 0mJ  | MAC: 0mJ  | Total: 0mJ | compute util: 0, memory util: 0, Op/B 0
		attention | 1047.4us  | 1.0387e+05 - 1.0492e+05 | tensor(209, 16384) -> tensor(209, 16384) | ACT: 1.2547mJ  | RD: 39.268mJ  | WR: 0.09888mJ  | all_ACT: 0mJ  | all_RD: 0mJ  | all_WR: 0mJ  | MAC: 999.85mJ  | Total: 40.621mJ | compute util: 0, memory util: 0, Op/B 3073
			attn_qkv_proj | 1.6227us  | 1.0387e+05 - 1.0387e+05 | tensor(209, 16384) -> tensor(209, 576) | ACT: 0.011519mJ  | RD: 0.35834mJ  | WR: 0.0034214mJ  | all_ACT: 0mJ  | all_RD: 0mJ  | all_WR: 0mJ  | MAC: 0.90729mJ  | Total: 0.37328mJ | compute util: 0, memory util: 0, Op/B 303.87
				Linear | 1.6227us  | 1.0387e+05 - 1.0387e+05 | tensor(209, 16384) -> tensor(209, 576) | ACT: 0.011519mJ  | RD: 0.35834mJ  | WR: 0.0034214mJ  | all_ACT: 0mJ  | all_RD: 0mJ  | all_WR: 0mJ  | MAC: 0.90729mJ  | Total: 0.37328mJ | compute util: 0.54021, memory util: 1, Op/B 303.87, GPU
			self_attention | 969.9us  | 1.0387e+05 - 1.0484e+05 | tensor(209, 576) -> tensor(209, 512) | ACT: 1.2326mJ  | RD: 38.672mJ  | WR: 0mJ  | all_ACT: 0mJ  | all_RD: 0mJ  | all_WR: 0mJ  | MAC: 998.14mJ  | Total: 39.905mJ | compute util: 0, memory util: 0, Op/B 3122.7
				AttentionSplit | 0us  | 1.0387e+05 - 1.0387e+05 | tensor(209, 576) -> tensor(0, 768) tensor(209, 768) | ACT: 0mJ  | RD: 0mJ  | WR: 0mJ  | all_ACT: 0mJ  | all_RD: 0mJ  | all_WR: 0mJ  | MAC: 0mJ  | Total: 0mJ | compute util: 0, memory util: 0, Op/B 0
				AttentionSum | 0us  | 1.0387e+05 - 1.0387e+05 | tensor(0, 768) -> tensor(0, 2048) | ACT: 0mJ  | RD: 0mJ  | WR: 0mJ  | all_ACT: 0mJ  | all_RD: 0mJ  | all_WR: 0mJ  | MAC: 0mJ  | Total: 0mJ | compute util: 0, memory util: 0, Op/B 0, GPU
				AttentionGen | 964.39us  | 1.0387e+05 - 1.0484e+05 | tensor(209, 768) -> tensor(209, 2048) | ACT: 1.2326mJ  | RD: 38.672mJ  | WR: 0mJ  | all_ACT: 0mJ  | all_RD: 0mJ  | all_WR: 0mJ  | MAC: 998.14mJ  | Total: 39.905mJ | compute util: 1, memory util: 0.18013, Op/B 3122.7, GPU
				context_merge | 5.5134us  | 1.0484e+05 - 1.0484e+05 | tensor(209, 2048) -> tensor(209, 2048) | ACT: 0mJ  | RD: 0mJ  | WR: 0mJ  | all_ACT: 0mJ  | all_RD: 0mJ  | all_WR: 0mJ  | MAC: 0mJ  | Total: 0mJ | compute util: 0, memory util: 0, Op/B 0
				AttentionMerge | 0us  | 1.0484e+05 - 1.0484e+05 | tensor(0, 2048) tensor(209, 2048) -> tensor(209, 512) | ACT: 0mJ  | RD: 0mJ  | WR: 0mJ  | all_ACT: 0mJ  | all_RD: 0mJ  | all_WR: 0mJ  | MAC: 0mJ  | Total: 0mJ | compute util: 0, memory util: 0, Op/B 0
			attn_o_proj | 1.49us  | 1.0484e+05 - 1.0484e+05 | tensor(209, 512) -> tensor(209, 16384) | ACT: 0.010588mJ  | RD: 0.23688mJ  | WR: 0.095458mJ  | all_ACT: 0mJ  | all_RD: 0mJ  | all_WR: 0mJ  | MAC: 0.80648mJ  | Total: 0.34292mJ | compute util: 0, memory util: 0, Op/B 294.17
				Linear | 1.49us  | 1.0484e+05 - 1.0484e+05 | tensor(209, 512) -> tensor(209, 16384) | ACT: 0.010588mJ  | RD: 0.23688mJ  | WR: 0.095458mJ  | all_ACT: 0mJ  | all_RD: 0mJ  | all_WR: 0mJ  | MAC: 0.80648mJ  | Total: 0.34292mJ | compute util: 0.52296, memory util: 1, Op/B 294.17, GPU
			all_reduce | 74.405us  | 1.0484e+05 - 1.0492e+05 | tensor(209, 16384) -> tensor(209, 16384) | ACT: 0mJ  | RD: 0mJ  | WR: 0mJ  | all_ACT: 0mJ  | all_RD: 0mJ  | all_WR: 0mJ  | MAC: 0mJ  | Total: 0mJ | compute util: 0, memory util: 0, Op/B 0
		residual_1 | 1.2841us  | 1.0492e+05 - 1.0492e+05 | tensor(209, 16384) -> tensor(209, 16384) | ACT: 0mJ  | RD: 0mJ  | WR: 0mJ  | all_ACT: 0mJ  | all_RD: 0mJ  | all_WR: 0mJ  | MAC: 0mJ  | Total: 0mJ | compute util: 0, memory util: 0, Op/B 0
		post_attn_layer_norm | 0.85811us  | 1.0492e+05 - 1.0492e+05 | tensor(209, 16384) -> tensor(209, 16384) | ACT: 0mJ  | RD: 0mJ  | WR: 0mJ  | all_ACT: 0mJ  | all_RD: 0mJ  | all_WR: 0mJ  | MAC: 0mJ  | Total: 0mJ | compute util: 0, memory util: 0, Op/B 0
		feedforward | 11.769us  | 1.0492e+05 - 1.0493e+05 | tensor(209, 16384) -> tensor(209, 16384) | ACT: 0.083075mJ  | RD: 2.498mJ  | WR: 0.12488mJ  | all_ACT: 0mJ  | all_RD: 0mJ  | all_WR: 0mJ  | MAC: 7.8632mJ  | Total: 2.706mJ | compute util: 0, memory util: 0, Op/B 363.13
			gate_proj | 3.8794us  | 1.0492e+05 - 1.0492e+05 | tensor(209, 16384) -> tensor(209, 1664) | ACT: 0.027459mJ  | RD: 0.85468mJ  | WR: 0.0098081mJ  | all_ACT: 0mJ  | all_RD: 0mJ  | all_WR: 0mJ  | MAC: 2.6211mJ  | Total: 0.89194mJ | compute util: 0, memory util: 0, Op/B 367.2
				Linear | 3.8794us  | 1.0492e+05 - 1.0492e+05 | tensor(209, 16384) -> tensor(209, 1664) | ACT: 0.027459mJ  | RD: 0.85468mJ  | WR: 0.0098081mJ  | all_ACT: 0mJ  | all_RD: 0mJ  | all_WR: 0mJ  | MAC: 2.6211mJ  | Total: 0.89194mJ | compute util: 0.65279, memory util: 1, Op/B 367.2, GPU
			activation | 0.13042us  | 1.0492e+05 - 1.0492e+05 | tensor(209, 1664) -> tensor(209, 1664) | ACT: 0.00069811mJ  | RD: 0.019616mJ  | WR: 0.0098081mJ  | all_ACT: 0mJ  | all_RD: 0mJ  | all_WR: 0mJ  | MAC: 0mJ  | Total: 0.030122mJ | compute util: 0, memory util: 1, Op/B 0, GPU
			up_proj | 3.8794us  | 1.0492e+05 - 1.0493e+05 | tensor(209, 16384) -> tensor(209, 1664) | ACT: 0.027459mJ  | RD: 0.85468mJ  | WR: 0.0098081mJ  | all_ACT: 0mJ  | all_RD: 0mJ  | all_WR: 0mJ  | MAC: 2.6211mJ  | Total: 0.89194mJ | compute util: 0, memory util: 0, Op/B 367.2
				Linear | 3.8794us  | 1.0492e+05 - 1.0493e+05 | tensor(209, 16384) -> tensor(209, 1664) | ACT: 0.027459mJ  | RD: 0.85468mJ  | WR: 0.0098081mJ  | all_ACT: 0mJ  | all_RD: 0mJ  | all_WR: 0mJ  | MAC: 2.6211mJ  | Total: 0.89194mJ | compute util: 0.65279, memory util: 1, Op/B 367.2, GPU
			down_proj | 3.8794us  | 1.0493e+05 - 1.0493e+05 | tensor(209, 1664) -> tensor(209, 16384) | ACT: 0.027459mJ  | RD: 0.76903mJ  | WR: 0.095458mJ  | all_ACT: 0mJ  | all_RD: 0mJ  | all_WR: 0mJ  | MAC: 2.6211mJ  | Total: 0.89194mJ | compute util: 0, memory util: 0, Op/B 367.2
				Linear | 3.8794us  | 1.0493e+05 - 1.0493e+05 | tensor(209, 1664) -> tensor(209, 16384) | ACT: 0.027459mJ  | RD: 0.76903mJ  | WR: 0.095458mJ  | all_ACT: 0mJ  | all_RD: 0mJ  | all_WR: 0mJ  | MAC: 2.6211mJ  | Total: 0.89194mJ | compute util: 0.65279, memory util: 1, Op/B 367.2, GPU
		all_reduce | 74.405us  | 1.0493e+05 - 1.0501e+05 | tensor(209, 16384) -> tensor(209, 16384) | ACT: 0mJ  | RD: 0mJ  | WR: 0mJ  | all_ACT: 0mJ  | all_RD: 0mJ  | all_WR: 0mJ  | MAC: 0mJ  | Total: 0mJ | compute util: 0, memory util: 0, Op/B 0
		residual_1 | 1.2841us  | 1.0501e+05 - 1.0501e+05 | tensor(209, 16384) -> tensor(209, 16384) | ACT: 0mJ  | RD: 0mJ  | WR: 0mJ  | all_ACT: 0mJ  | all_RD: 0mJ  | all_WR: 0mJ  | MAC: 0mJ  | Total: 0mJ | compute util: 0, memory util: 0, Op/B 0
	decoder_92 | 1144.9us  | 1.0501e+05 - 1.0615e+05 | tensor(209, 16384) -> tensor(209, 16384) | ACT: 1.3378mJ  | RD: 41.766mJ  | WR: 0.22376mJ  | all_ACT: 0mJ  | all_RD: 0mJ  | all_WR: 0mJ  | MAC: 1007.7mJ  | Total: 43.327mJ | compute util: 0, memory util: 0, Op/B 2903.9
		input_layer_norm | 0.85811us  | 1.0501e+05 - 1.0501e+05 | tensor(209, 16384) -> tensor(209, 16384) | ACT: 0mJ  | RD: 0mJ  | WR: 0mJ  | all_ACT: 0mJ  | all_RD: 0mJ  | all_WR: 0mJ  | MAC: 0mJ  | Total: 0mJ | compute util: 0, memory util: 0, Op/B 0
		attention | 1054.4us  | 1.0501e+05 - 1.0606e+05 | tensor(209, 16384) -> tensor(209, 16384) | ACT: 1.2547mJ  | RD: 39.268mJ  | WR: 0.09888mJ  | all_ACT: 0mJ  | all_RD: 0mJ  | all_WR: 0mJ  | MAC: 999.85mJ  | Total: 40.621mJ | compute util: 0, memory util: 0, Op/B 3073
			attn_qkv_proj | 1.6227us  | 1.0501e+05 - 1.0501e+05 | tensor(209, 16384) -> tensor(209, 576) | ACT: 0.011519mJ  | RD: 0.35834mJ  | WR: 0.0034214mJ  | all_ACT: 0mJ  | all_RD: 0mJ  | all_WR: 0mJ  | MAC: 0.90729mJ  | Total: 0.37328mJ | compute util: 0, memory util: 0, Op/B 303.87
				Linear | 1.6227us  | 1.0501e+05 - 1.0501e+05 | tensor(209, 16384) -> tensor(209, 576) | ACT: 0.011519mJ  | RD: 0.35834mJ  | WR: 0.0034214mJ  | all_ACT: 0mJ  | all_RD: 0mJ  | all_WR: 0mJ  | MAC: 0.90729mJ  | Total: 0.37328mJ | compute util: 0.54021, memory util: 1, Op/B 303.87, GPU
			self_attention | 976.9us  | 1.0501e+05 - 1.0599e+05 | tensor(209, 576) -> tensor(209, 512) | ACT: 1.2326mJ  | RD: 38.672mJ  | WR: 0mJ  | all_ACT: 0mJ  | all_RD: 0mJ  | all_WR: 0mJ  | MAC: 998.14mJ  | Total: 39.905mJ | compute util: 0, memory util: 0, Op/B 3122.7
				AttentionSplit | 0us  | 1.0501e+05 - 1.0501e+05 | tensor(209, 576) -> tensor(0, 768) tensor(209, 768) | ACT: 0mJ  | RD: 0mJ  | WR: 0mJ  | all_ACT: 0mJ  | all_RD: 0mJ  | all_WR: 0mJ  | MAC: 0mJ  | Total: 0mJ | compute util: 0, memory util: 0, Op/B 0
				AttentionSum | 0us  | 1.0501e+05 - 1.0501e+05 | tensor(0, 768) -> tensor(0, 2048) | ACT: 0mJ  | RD: 0mJ  | WR: 0mJ  | all_ACT: 0mJ  | all_RD: 0mJ  | all_WR: 0mJ  | MAC: 0mJ  | Total: 0mJ | compute util: 0, memory util: 0, Op/B 0, GPU
				AttentionGen | 964.39us  | 1.0501e+05 - 1.0597e+05 | tensor(209, 768) -> tensor(209, 2048) | ACT: 1.2326mJ  | RD: 38.672mJ  | WR: 0mJ  | all_ACT: 0mJ  | all_RD: 0mJ  | all_WR: 0mJ  | MAC: 998.14mJ  | Total: 39.905mJ | compute util: 1, memory util: 0.18013, Op/B 3122.7, GPU
				context_merge | 12.517us  | 1.0597e+05 - 1.0599e+05 | tensor(209, 2048) -> tensor(209, 2048) | ACT: 0mJ  | RD: 0mJ  | WR: 0mJ  | all_ACT: 0mJ  | all_RD: 0mJ  | all_WR: 0mJ  | MAC: 0mJ  | Total: 0mJ | compute util: 0, memory util: 0, Op/B 0
				AttentionMerge | 0us  | 1.0599e+05 - 1.0599e+05 | tensor(0, 2048) tensor(209, 2048) -> tensor(209, 512) | ACT: 0mJ  | RD: 0mJ  | WR: 0mJ  | all_ACT: 0mJ  | all_RD: 0mJ  | all_WR: 0mJ  | MAC: 0mJ  | Total: 0mJ | compute util: 0, memory util: 0, Op/B 0
			attn_o_proj | 1.49us  | 1.0599e+05 - 1.0599e+05 | tensor(209, 512) -> tensor(209, 16384) | ACT: 0.010588mJ  | RD: 0.23688mJ  | WR: 0.095458mJ  | all_ACT: 0mJ  | all_RD: 0mJ  | all_WR: 0mJ  | MAC: 0.80648mJ  | Total: 0.34292mJ | compute util: 0, memory util: 0, Op/B 294.17
				Linear | 1.49us  | 1.0599e+05 - 1.0599e+05 | tensor(209, 512) -> tensor(209, 16384) | ACT: 0.010588mJ  | RD: 0.23688mJ  | WR: 0.095458mJ  | all_ACT: 0mJ  | all_RD: 0mJ  | all_WR: 0mJ  | MAC: 0.80648mJ  | Total: 0.34292mJ | compute util: 0.52296, memory util: 1, Op/B 294.17, GPU
			all_reduce | 74.405us  | 1.0599e+05 - 1.0606e+05 | tensor(209, 16384) -> tensor(209, 16384) | ACT: 0mJ  | RD: 0mJ  | WR: 0mJ  | all_ACT: 0mJ  | all_RD: 0mJ  | all_WR: 0mJ  | MAC: 0mJ  | Total: 0mJ | compute util: 0, memory util: 0, Op/B 0
		residual_1 | 1.2841us  | 1.0606e+05 - 1.0606e+05 | tensor(209, 16384) -> tensor(209, 16384) | ACT: 0mJ  | RD: 0mJ  | WR: 0mJ  | all_ACT: 0mJ  | all_RD: 0mJ  | all_WR: 0mJ  | MAC: 0mJ  | Total: 0mJ | compute util: 0, memory util: 0, Op/B 0
		post_attn_layer_norm | 0.85811us  | 1.0606e+05 - 1.0606e+05 | tensor(209, 16384) -> tensor(209, 16384) | ACT: 0mJ  | RD: 0mJ  | WR: 0mJ  | all_ACT: 0mJ  | all_RD: 0mJ  | all_WR: 0mJ  | MAC: 0mJ  | Total: 0mJ | compute util: 0, memory util: 0, Op/B 0
		feedforward | 11.769us  | 1.0606e+05 - 1.0608e+05 | tensor(209, 16384) -> tensor(209, 16384) | ACT: 0.083075mJ  | RD: 2.498mJ  | WR: 0.12488mJ  | all_ACT: 0mJ  | all_RD: 0mJ  | all_WR: 0mJ  | MAC: 7.8632mJ  | Total: 2.706mJ | compute util: 0, memory util: 0, Op/B 363.13
			gate_proj | 3.8794us  | 1.0606e+05 - 1.0607e+05 | tensor(209, 16384) -> tensor(209, 1664) | ACT: 0.027459mJ  | RD: 0.85468mJ  | WR: 0.0098081mJ  | all_ACT: 0mJ  | all_RD: 0mJ  | all_WR: 0mJ  | MAC: 2.6211mJ  | Total: 0.89194mJ | compute util: 0, memory util: 0, Op/B 367.2
				Linear | 3.8794us  | 1.0606e+05 - 1.0607e+05 | tensor(209, 16384) -> tensor(209, 1664) | ACT: 0.027459mJ  | RD: 0.85468mJ  | WR: 0.0098081mJ  | all_ACT: 0mJ  | all_RD: 0mJ  | all_WR: 0mJ  | MAC: 2.6211mJ  | Total: 0.89194mJ | compute util: 0.65279, memory util: 1, Op/B 367.2, GPU
			activation | 0.13042us  | 1.0607e+05 - 1.0607e+05 | tensor(209, 1664) -> tensor(209, 1664) | ACT: 0.00069811mJ  | RD: 0.019616mJ  | WR: 0.0098081mJ  | all_ACT: 0mJ  | all_RD: 0mJ  | all_WR: 0mJ  | MAC: 0mJ  | Total: 0.030122mJ | compute util: 0, memory util: 1, Op/B 0, GPU
			up_proj | 3.8794us  | 1.0607e+05 - 1.0607e+05 | tensor(209, 16384) -> tensor(209, 1664) | ACT: 0.027459mJ  | RD: 0.85468mJ  | WR: 0.0098081mJ  | all_ACT: 0mJ  | all_RD: 0mJ  | all_WR: 0mJ  | MAC: 2.6211mJ  | Total: 0.89194mJ | compute util: 0, memory util: 0, Op/B 367.2
				Linear | 3.8794us  | 1.0607e+05 - 1.0607e+05 | tensor(209, 16384) -> tensor(209, 1664) | ACT: 0.027459mJ  | RD: 0.85468mJ  | WR: 0.0098081mJ  | all_ACT: 0mJ  | all_RD: 0mJ  | all_WR: 0mJ  | MAC: 2.6211mJ  | Total: 0.89194mJ | compute util: 0.65279, memory util: 1, Op/B 367.2, GPU
			down_proj | 3.8794us  | 1.0607e+05 - 1.0608e+05 | tensor(209, 1664) -> tensor(209, 16384) | ACT: 0.027459mJ  | RD: 0.76903mJ  | WR: 0.095458mJ  | all_ACT: 0mJ  | all_RD: 0mJ  | all_WR: 0mJ  | MAC: 2.6211mJ  | Total: 0.89194mJ | compute util: 0, memory util: 0, Op/B 367.2
				Linear | 3.8794us  | 1.0607e+05 - 1.0608e+05 | tensor(209, 1664) -> tensor(209, 16384) | ACT: 0.027459mJ  | RD: 0.76903mJ  | WR: 0.095458mJ  | all_ACT: 0mJ  | all_RD: 0mJ  | all_WR: 0mJ  | MAC: 2.6211mJ  | Total: 0.89194mJ | compute util: 0.65279, memory util: 1, Op/B 367.2, GPU
		all_reduce | 74.405us  | 1.0608e+05 - 1.0615e+05 | tensor(209, 16384) -> tensor(209, 16384) | ACT: 0mJ  | RD: 0mJ  | WR: 0mJ  | all_ACT: 0mJ  | all_RD: 0mJ  | all_WR: 0mJ  | MAC: 0mJ  | Total: 0mJ | compute util: 0, memory util: 0, Op/B 0
		residual_1 | 1.2841us  | 1.0615e+05 - 1.0615e+05 | tensor(209, 16384) -> tensor(209, 16384) | ACT: 0mJ  | RD: 0mJ  | WR: 0mJ  | all_ACT: 0mJ  | all_RD: 0mJ  | all_WR: 0mJ  | MAC: 0mJ  | Total: 0mJ | compute util: 0, memory util: 0, Op/B 0
	decoder_93 | 1137.9us  | 1.0615e+05 - 1.0729e+05 | tensor(209, 16384) -> tensor(209, 16384) | ACT: 1.3378mJ  | RD: 41.766mJ  | WR: 0.22376mJ  | all_ACT: 0mJ  | all_RD: 0mJ  | all_WR: 0mJ  | MAC: 1007.7mJ  | Total: 43.327mJ | compute util: 0, memory util: 0, Op/B 2903.9
		input_layer_norm | 0.85811us  | 1.0615e+05 - 1.0615e+05 | tensor(209, 16384) -> tensor(209, 16384) | ACT: 0mJ  | RD: 0mJ  | WR: 0mJ  | all_ACT: 0mJ  | all_RD: 0mJ  | all_WR: 0mJ  | MAC: 0mJ  | Total: 0mJ | compute util: 0, memory util: 0, Op/B 0
		attention | 1047.4us  | 1.0615e+05 - 1.072e+05 | tensor(209, 16384) -> tensor(209, 16384) | ACT: 1.2547mJ  | RD: 39.268mJ  | WR: 0.09888mJ  | all_ACT: 0mJ  | all_RD: 0mJ  | all_WR: 0mJ  | MAC: 999.85mJ  | Total: 40.621mJ | compute util: 0, memory util: 0, Op/B 3073
			attn_qkv_proj | 1.6227us  | 1.0615e+05 - 1.0615e+05 | tensor(209, 16384) -> tensor(209, 576) | ACT: 0.011519mJ  | RD: 0.35834mJ  | WR: 0.0034214mJ  | all_ACT: 0mJ  | all_RD: 0mJ  | all_WR: 0mJ  | MAC: 0.90729mJ  | Total: 0.37328mJ | compute util: 0, memory util: 0, Op/B 303.87
				Linear | 1.6227us  | 1.0615e+05 - 1.0615e+05 | tensor(209, 16384) -> tensor(209, 576) | ACT: 0.011519mJ  | RD: 0.35834mJ  | WR: 0.0034214mJ  | all_ACT: 0mJ  | all_RD: 0mJ  | all_WR: 0mJ  | MAC: 0.90729mJ  | Total: 0.37328mJ | compute util: 0.54021, memory util: 1, Op/B 303.87, GPU
			self_attention | 969.9us  | 1.0615e+05 - 1.0712e+05 | tensor(209, 576) -> tensor(209, 512) | ACT: 1.2326mJ  | RD: 38.672mJ  | WR: 0mJ  | all_ACT: 0mJ  | all_RD: 0mJ  | all_WR: 0mJ  | MAC: 998.14mJ  | Total: 39.905mJ | compute util: 0, memory util: 0, Op/B 3122.7
				AttentionSplit | 0us  | 1.0615e+05 - 1.0615e+05 | tensor(209, 576) -> tensor(0, 768) tensor(209, 768) | ACT: 0mJ  | RD: 0mJ  | WR: 0mJ  | all_ACT: 0mJ  | all_RD: 0mJ  | all_WR: 0mJ  | MAC: 0mJ  | Total: 0mJ | compute util: 0, memory util: 0, Op/B 0
				AttentionSum | 0us  | 1.0615e+05 - 1.0615e+05 | tensor(0, 768) -> tensor(0, 2048) | ACT: 0mJ  | RD: 0mJ  | WR: 0mJ  | all_ACT: 0mJ  | all_RD: 0mJ  | all_WR: 0mJ  | MAC: 0mJ  | Total: 0mJ | compute util: 0, memory util: 0, Op/B 0, GPU
				AttentionGen | 964.39us  | 1.0615e+05 - 1.0712e+05 | tensor(209, 768) -> tensor(209, 2048) | ACT: 1.2326mJ  | RD: 38.672mJ  | WR: 0mJ  | all_ACT: 0mJ  | all_RD: 0mJ  | all_WR: 0mJ  | MAC: 998.14mJ  | Total: 39.905mJ | compute util: 1, memory util: 0.18013, Op/B 3122.7, GPU
				context_merge | 5.5134us  | 1.0712e+05 - 1.0712e+05 | tensor(209, 2048) -> tensor(209, 2048) | ACT: 0mJ  | RD: 0mJ  | WR: 0mJ  | all_ACT: 0mJ  | all_RD: 0mJ  | all_WR: 0mJ  | MAC: 0mJ  | Total: 0mJ | compute util: 0, memory util: 0, Op/B 0
				AttentionMerge | 0us  | 1.0712e+05 - 1.0712e+05 | tensor(0, 2048) tensor(209, 2048) -> tensor(209, 512) | ACT: 0mJ  | RD: 0mJ  | WR: 0mJ  | all_ACT: 0mJ  | all_RD: 0mJ  | all_WR: 0mJ  | MAC: 0mJ  | Total: 0mJ | compute util: 0, memory util: 0, Op/B 0
			attn_o_proj | 1.49us  | 1.0712e+05 - 1.0713e+05 | tensor(209, 512) -> tensor(209, 16384) | ACT: 0.010588mJ  | RD: 0.23688mJ  | WR: 0.095458mJ  | all_ACT: 0mJ  | all_RD: 0mJ  | all_WR: 0mJ  | MAC: 0.80648mJ  | Total: 0.34292mJ | compute util: 0, memory util: 0, Op/B 294.17
				Linear | 1.49us  | 1.0712e+05 - 1.0713e+05 | tensor(209, 512) -> tensor(209, 16384) | ACT: 0.010588mJ  | RD: 0.23688mJ  | WR: 0.095458mJ  | all_ACT: 0mJ  | all_RD: 0mJ  | all_WR: 0mJ  | MAC: 0.80648mJ  | Total: 0.34292mJ | compute util: 0.52296, memory util: 1, Op/B 294.17, GPU
			all_reduce | 74.405us  | 1.0713e+05 - 1.072e+05 | tensor(209, 16384) -> tensor(209, 16384) | ACT: 0mJ  | RD: 0mJ  | WR: 0mJ  | all_ACT: 0mJ  | all_RD: 0mJ  | all_WR: 0mJ  | MAC: 0mJ  | Total: 0mJ | compute util: 0, memory util: 0, Op/B 0
		residual_1 | 1.2841us  | 1.072e+05 - 1.072e+05 | tensor(209, 16384) -> tensor(209, 16384) | ACT: 0mJ  | RD: 0mJ  | WR: 0mJ  | all_ACT: 0mJ  | all_RD: 0mJ  | all_WR: 0mJ  | MAC: 0mJ  | Total: 0mJ | compute util: 0, memory util: 0, Op/B 0
		post_attn_layer_norm | 0.85811us  | 1.072e+05 - 1.072e+05 | tensor(209, 16384) -> tensor(209, 16384) | ACT: 0mJ  | RD: 0mJ  | WR: 0mJ  | all_ACT: 0mJ  | all_RD: 0mJ  | all_WR: 0mJ  | MAC: 0mJ  | Total: 0mJ | compute util: 0, memory util: 0, Op/B 0
		feedforward | 11.769us  | 1.072e+05 - 1.0721e+05 | tensor(209, 16384) -> tensor(209, 16384) | ACT: 0.083075mJ  | RD: 2.498mJ  | WR: 0.12488mJ  | all_ACT: 0mJ  | all_RD: 0mJ  | all_WR: 0mJ  | MAC: 7.8632mJ  | Total: 2.706mJ | compute util: 0, memory util: 0, Op/B 363.13
			gate_proj | 3.8794us  | 1.072e+05 - 1.0721e+05 | tensor(209, 16384) -> tensor(209, 1664) | ACT: 0.027459mJ  | RD: 0.85468mJ  | WR: 0.0098081mJ  | all_ACT: 0mJ  | all_RD: 0mJ  | all_WR: 0mJ  | MAC: 2.6211mJ  | Total: 0.89194mJ | compute util: 0, memory util: 0, Op/B 367.2
				Linear | 3.8794us  | 1.072e+05 - 1.0721e+05 | tensor(209, 16384) -> tensor(209, 1664) | ACT: 0.027459mJ  | RD: 0.85468mJ  | WR: 0.0098081mJ  | all_ACT: 0mJ  | all_RD: 0mJ  | all_WR: 0mJ  | MAC: 2.6211mJ  | Total: 0.89194mJ | compute util: 0.65279, memory util: 1, Op/B 367.2, GPU
			activation | 0.13042us  | 1.0721e+05 - 1.0721e+05 | tensor(209, 1664) -> tensor(209, 1664) | ACT: 0.00069811mJ  | RD: 0.019616mJ  | WR: 0.0098081mJ  | all_ACT: 0mJ  | all_RD: 0mJ  | all_WR: 0mJ  | MAC: 0mJ  | Total: 0.030122mJ | compute util: 0, memory util: 1, Op/B 0, GPU
			up_proj | 3.8794us  | 1.0721e+05 - 1.0721e+05 | tensor(209, 16384) -> tensor(209, 1664) | ACT: 0.027459mJ  | RD: 0.85468mJ  | WR: 0.0098081mJ  | all_ACT: 0mJ  | all_RD: 0mJ  | all_WR: 0mJ  | MAC: 2.6211mJ  | Total: 0.89194mJ | compute util: 0, memory util: 0, Op/B 367.2
				Linear | 3.8794us  | 1.0721e+05 - 1.0721e+05 | tensor(209, 16384) -> tensor(209, 1664) | ACT: 0.027459mJ  | RD: 0.85468mJ  | WR: 0.0098081mJ  | all_ACT: 0mJ  | all_RD: 0mJ  | all_WR: 0mJ  | MAC: 2.6211mJ  | Total: 0.89194mJ | compute util: 0.65279, memory util: 1, Op/B 367.2, GPU
			down_proj | 3.8794us  | 1.0721e+05 - 1.0721e+05 | tensor(209, 1664) -> tensor(209, 16384) | ACT: 0.027459mJ  | RD: 0.76903mJ  | WR: 0.095458mJ  | all_ACT: 0mJ  | all_RD: 0mJ  | all_WR: 0mJ  | MAC: 2.6211mJ  | Total: 0.89194mJ | compute util: 0, memory util: 0, Op/B 367.2
				Linear | 3.8794us  | 1.0721e+05 - 1.0721e+05 | tensor(209, 1664) -> tensor(209, 16384) | ACT: 0.027459mJ  | RD: 0.76903mJ  | WR: 0.095458mJ  | all_ACT: 0mJ  | all_RD: 0mJ  | all_WR: 0mJ  | MAC: 2.6211mJ  | Total: 0.89194mJ | compute util: 0.65279, memory util: 1, Op/B 367.2, GPU
		all_reduce | 74.405us  | 1.0721e+05 - 1.0729e+05 | tensor(209, 16384) -> tensor(209, 16384) | ACT: 0mJ  | RD: 0mJ  | WR: 0mJ  | all_ACT: 0mJ  | all_RD: 0mJ  | all_WR: 0mJ  | MAC: 0mJ  | Total: 0mJ | compute util: 0, memory util: 0, Op/B 0
		residual_1 | 1.2841us  | 1.0729e+05 - 1.0729e+05 | tensor(209, 16384) -> tensor(209, 16384) | ACT: 0mJ  | RD: 0mJ  | WR: 0mJ  | all_ACT: 0mJ  | all_RD: 0mJ  | all_WR: 0mJ  | MAC: 0mJ  | Total: 0mJ | compute util: 0, memory util: 0, Op/B 0
	decoder_94 | 1144.9us  | 1.0729e+05 - 1.0843e+05 | tensor(209, 16384) -> tensor(209, 16384) | ACT: 1.3378mJ  | RD: 41.766mJ  | WR: 0.22376mJ  | all_ACT: 0mJ  | all_RD: 0mJ  | all_WR: 0mJ  | MAC: 1007.7mJ  | Total: 43.327mJ | compute util: 0, memory util: 0, Op/B 2903.9
		input_layer_norm | 0.85811us  | 1.0729e+05 - 1.0729e+05 | tensor(209, 16384) -> tensor(209, 16384) | ACT: 0mJ  | RD: 0mJ  | WR: 0mJ  | all_ACT: 0mJ  | all_RD: 0mJ  | all_WR: 0mJ  | MAC: 0mJ  | Total: 0mJ | compute util: 0, memory util: 0, Op/B 0
		attention | 1054.4us  | 1.0729e+05 - 1.0834e+05 | tensor(209, 16384) -> tensor(209, 16384) | ACT: 1.2547mJ  | RD: 39.268mJ  | WR: 0.09888mJ  | all_ACT: 0mJ  | all_RD: 0mJ  | all_WR: 0mJ  | MAC: 999.85mJ  | Total: 40.621mJ | compute util: 0, memory util: 0, Op/B 3073
			attn_qkv_proj | 1.6227us  | 1.0729e+05 - 1.0729e+05 | tensor(209, 16384) -> tensor(209, 576) | ACT: 0.011519mJ  | RD: 0.35834mJ  | WR: 0.0034214mJ  | all_ACT: 0mJ  | all_RD: 0mJ  | all_WR: 0mJ  | MAC: 0.90729mJ  | Total: 0.37328mJ | compute util: 0, memory util: 0, Op/B 303.87
				Linear | 1.6227us  | 1.0729e+05 - 1.0729e+05 | tensor(209, 16384) -> tensor(209, 576) | ACT: 0.011519mJ  | RD: 0.35834mJ  | WR: 0.0034214mJ  | all_ACT: 0mJ  | all_RD: 0mJ  | all_WR: 0mJ  | MAC: 0.90729mJ  | Total: 0.37328mJ | compute util: 0.54021, memory util: 1, Op/B 303.87, GPU
			self_attention | 976.9us  | 1.0729e+05 - 1.0827e+05 | tensor(209, 576) -> tensor(209, 512) | ACT: 1.2326mJ  | RD: 38.672mJ  | WR: 0mJ  | all_ACT: 0mJ  | all_RD: 0mJ  | all_WR: 0mJ  | MAC: 998.14mJ  | Total: 39.905mJ | compute util: 0, memory util: 0, Op/B 3122.7
				AttentionSplit | 0us  | 1.0729e+05 - 1.0729e+05 | tensor(209, 576) -> tensor(0, 768) tensor(209, 768) | ACT: 0mJ  | RD: 0mJ  | WR: 0mJ  | all_ACT: 0mJ  | all_RD: 0mJ  | all_WR: 0mJ  | MAC: 0mJ  | Total: 0mJ | compute util: 0, memory util: 0, Op/B 0
				AttentionSum | 0us  | 1.0729e+05 - 1.0729e+05 | tensor(0, 768) -> tensor(0, 2048) | ACT: 0mJ  | RD: 0mJ  | WR: 0mJ  | all_ACT: 0mJ  | all_RD: 0mJ  | all_WR: 0mJ  | MAC: 0mJ  | Total: 0mJ | compute util: 0, memory util: 0, Op/B 0, GPU
				AttentionGen | 964.39us  | 1.0729e+05 - 1.0826e+05 | tensor(209, 768) -> tensor(209, 2048) | ACT: 1.2326mJ  | RD: 38.672mJ  | WR: 0mJ  | all_ACT: 0mJ  | all_RD: 0mJ  | all_WR: 0mJ  | MAC: 998.14mJ  | Total: 39.905mJ | compute util: 1, memory util: 0.18013, Op/B 3122.7, GPU
				context_merge | 12.517us  | 1.0826e+05 - 1.0827e+05 | tensor(209, 2048) -> tensor(209, 2048) | ACT: 0mJ  | RD: 0mJ  | WR: 0mJ  | all_ACT: 0mJ  | all_RD: 0mJ  | all_WR: 0mJ  | MAC: 0mJ  | Total: 0mJ | compute util: 0, memory util: 0, Op/B 0
				AttentionMerge | 0us  | 1.0827e+05 - 1.0827e+05 | tensor(0, 2048) tensor(209, 2048) -> tensor(209, 512) | ACT: 0mJ  | RD: 0mJ  | WR: 0mJ  | all_ACT: 0mJ  | all_RD: 0mJ  | all_WR: 0mJ  | MAC: 0mJ  | Total: 0mJ | compute util: 0, memory util: 0, Op/B 0
			attn_o_proj | 1.49us  | 1.0827e+05 - 1.0827e+05 | tensor(209, 512) -> tensor(209, 16384) | ACT: 0.010588mJ  | RD: 0.23688mJ  | WR: 0.095458mJ  | all_ACT: 0mJ  | all_RD: 0mJ  | all_WR: 0mJ  | MAC: 0.80648mJ  | Total: 0.34292mJ | compute util: 0, memory util: 0, Op/B 294.17
				Linear | 1.49us  | 1.0827e+05 - 1.0827e+05 | tensor(209, 512) -> tensor(209, 16384) | ACT: 0.010588mJ  | RD: 0.23688mJ  | WR: 0.095458mJ  | all_ACT: 0mJ  | all_RD: 0mJ  | all_WR: 0mJ  | MAC: 0.80648mJ  | Total: 0.34292mJ | compute util: 0.52296, memory util: 1, Op/B 294.17, GPU
			all_reduce | 74.405us  | 1.0827e+05 - 1.0834e+05 | tensor(209, 16384) -> tensor(209, 16384) | ACT: 0mJ  | RD: 0mJ  | WR: 0mJ  | all_ACT: 0mJ  | all_RD: 0mJ  | all_WR: 0mJ  | MAC: 0mJ  | Total: 0mJ | compute util: 0, memory util: 0, Op/B 0
		residual_1 | 1.2841us  | 1.0834e+05 - 1.0835e+05 | tensor(209, 16384) -> tensor(209, 16384) | ACT: 0mJ  | RD: 0mJ  | WR: 0mJ  | all_ACT: 0mJ  | all_RD: 0mJ  | all_WR: 0mJ  | MAC: 0mJ  | Total: 0mJ | compute util: 0, memory util: 0, Op/B 0
		post_attn_layer_norm | 0.85811us  | 1.0835e+05 - 1.0835e+05 | tensor(209, 16384) -> tensor(209, 16384) | ACT: 0mJ  | RD: 0mJ  | WR: 0mJ  | all_ACT: 0mJ  | all_RD: 0mJ  | all_WR: 0mJ  | MAC: 0mJ  | Total: 0mJ | compute util: 0, memory util: 0, Op/B 0
		feedforward | 11.769us  | 1.0835e+05 - 1.0836e+05 | tensor(209, 16384) -> tensor(209, 16384) | ACT: 0.083075mJ  | RD: 2.498mJ  | WR: 0.12488mJ  | all_ACT: 0mJ  | all_RD: 0mJ  | all_WR: 0mJ  | MAC: 7.8632mJ  | Total: 2.706mJ | compute util: 0, memory util: 0, Op/B 363.13
			gate_proj | 3.8794us  | 1.0835e+05 - 1.0835e+05 | tensor(209, 16384) -> tensor(209, 1664) | ACT: 0.027459mJ  | RD: 0.85468mJ  | WR: 0.0098081mJ  | all_ACT: 0mJ  | all_RD: 0mJ  | all_WR: 0mJ  | MAC: 2.6211mJ  | Total: 0.89194mJ | compute util: 0, memory util: 0, Op/B 367.2
				Linear | 3.8794us  | 1.0835e+05 - 1.0835e+05 | tensor(209, 16384) -> tensor(209, 1664) | ACT: 0.027459mJ  | RD: 0.85468mJ  | WR: 0.0098081mJ  | all_ACT: 0mJ  | all_RD: 0mJ  | all_WR: 0mJ  | MAC: 2.6211mJ  | Total: 0.89194mJ | compute util: 0.65279, memory util: 1, Op/B 367.2, GPU
			activation | 0.13042us  | 1.0835e+05 - 1.0835e+05 | tensor(209, 1664) -> tensor(209, 1664) | ACT: 0.00069811mJ  | RD: 0.019616mJ  | WR: 0.0098081mJ  | all_ACT: 0mJ  | all_RD: 0mJ  | all_WR: 0mJ  | MAC: 0mJ  | Total: 0.030122mJ | compute util: 0, memory util: 1, Op/B 0, GPU
			up_proj | 3.8794us  | 1.0835e+05 - 1.0835e+05 | tensor(209, 16384) -> tensor(209, 1664) | ACT: 0.027459mJ  | RD: 0.85468mJ  | WR: 0.0098081mJ  | all_ACT: 0mJ  | all_RD: 0mJ  | all_WR: 0mJ  | MAC: 2.6211mJ  | Total: 0.89194mJ | compute util: 0, memory util: 0, Op/B 367.2
				Linear | 3.8794us  | 1.0835e+05 - 1.0835e+05 | tensor(209, 16384) -> tensor(209, 1664) | ACT: 0.027459mJ  | RD: 0.85468mJ  | WR: 0.0098081mJ  | all_ACT: 0mJ  | all_RD: 0mJ  | all_WR: 0mJ  | MAC: 2.6211mJ  | Total: 0.89194mJ | compute util: 0.65279, memory util: 1, Op/B 367.2, GPU
			down_proj | 3.8794us  | 1.0835e+05 - 1.0836e+05 | tensor(209, 1664) -> tensor(209, 16384) | ACT: 0.027459mJ  | RD: 0.76903mJ  | WR: 0.095458mJ  | all_ACT: 0mJ  | all_RD: 0mJ  | all_WR: 0mJ  | MAC: 2.6211mJ  | Total: 0.89194mJ | compute util: 0, memory util: 0, Op/B 367.2
				Linear | 3.8794us  | 1.0835e+05 - 1.0836e+05 | tensor(209, 1664) -> tensor(209, 16384) | ACT: 0.027459mJ  | RD: 0.76903mJ  | WR: 0.095458mJ  | all_ACT: 0mJ  | all_RD: 0mJ  | all_WR: 0mJ  | MAC: 2.6211mJ  | Total: 0.89194mJ | compute util: 0.65279, memory util: 1, Op/B 367.2, GPU
		all_reduce | 74.405us  | 1.0836e+05 - 1.0843e+05 | tensor(209, 16384) -> tensor(209, 16384) | ACT: 0mJ  | RD: 0mJ  | WR: 0mJ  | all_ACT: 0mJ  | all_RD: 0mJ  | all_WR: 0mJ  | MAC: 0mJ  | Total: 0mJ | compute util: 0, memory util: 0, Op/B 0
		residual_1 | 1.2841us  | 1.0843e+05 - 1.0843e+05 | tensor(209, 16384) -> tensor(209, 16384) | ACT: 0mJ  | RD: 0mJ  | WR: 0mJ  | all_ACT: 0mJ  | all_RD: 0mJ  | all_WR: 0mJ  | MAC: 0mJ  | Total: 0mJ | compute util: 0, memory util: 0, Op/B 0
	decoder_95 | 1137.9us  | 1.0843e+05 - 1.0957e+05 | tensor(209, 16384) -> tensor(209, 16384) | ACT: 1.3378mJ  | RD: 41.766mJ  | WR: 0.22376mJ  | all_ACT: 0mJ  | all_RD: 0mJ  | all_WR: 0mJ  | MAC: 1007.7mJ  | Total: 43.327mJ | compute util: 0, memory util: 0, Op/B 2903.9
		input_layer_norm | 0.85811us  | 1.0843e+05 - 1.0844e+05 | tensor(209, 16384) -> tensor(209, 16384) | ACT: 0mJ  | RD: 0mJ  | WR: 0mJ  | all_ACT: 0mJ  | all_RD: 0mJ  | all_WR: 0mJ  | MAC: 0mJ  | Total: 0mJ | compute util: 0, memory util: 0, Op/B 0
		attention | 1047.4us  | 1.0844e+05 - 1.0948e+05 | tensor(209, 16384) -> tensor(209, 16384) | ACT: 1.2547mJ  | RD: 39.268mJ  | WR: 0.09888mJ  | all_ACT: 0mJ  | all_RD: 0mJ  | all_WR: 0mJ  | MAC: 999.85mJ  | Total: 40.621mJ | compute util: 0, memory util: 0, Op/B 3073
			attn_qkv_proj | 1.6227us  | 1.0844e+05 - 1.0844e+05 | tensor(209, 16384) -> tensor(209, 576) | ACT: 0.011519mJ  | RD: 0.35834mJ  | WR: 0.0034214mJ  | all_ACT: 0mJ  | all_RD: 0mJ  | all_WR: 0mJ  | MAC: 0.90729mJ  | Total: 0.37328mJ | compute util: 0, memory util: 0, Op/B 303.87
				Linear | 1.6227us  | 1.0844e+05 - 1.0844e+05 | tensor(209, 16384) -> tensor(209, 576) | ACT: 0.011519mJ  | RD: 0.35834mJ  | WR: 0.0034214mJ  | all_ACT: 0mJ  | all_RD: 0mJ  | all_WR: 0mJ  | MAC: 0.90729mJ  | Total: 0.37328mJ | compute util: 0.54021, memory util: 1, Op/B 303.87, GPU
			self_attention | 969.9us  | 1.0844e+05 - 1.0941e+05 | tensor(209, 576) -> tensor(209, 512) | ACT: 1.2326mJ  | RD: 38.672mJ  | WR: 0mJ  | all_ACT: 0mJ  | all_RD: 0mJ  | all_WR: 0mJ  | MAC: 998.14mJ  | Total: 39.905mJ | compute util: 0, memory util: 0, Op/B 3122.7
				AttentionSplit | 0us  | 1.0844e+05 - 1.0844e+05 | tensor(209, 576) -> tensor(0, 768) tensor(209, 768) | ACT: 0mJ  | RD: 0mJ  | WR: 0mJ  | all_ACT: 0mJ  | all_RD: 0mJ  | all_WR: 0mJ  | MAC: 0mJ  | Total: 0mJ | compute util: 0, memory util: 0, Op/B 0
				AttentionSum | 0us  | 1.0844e+05 - 1.0844e+05 | tensor(0, 768) -> tensor(0, 2048) | ACT: 0mJ  | RD: 0mJ  | WR: 0mJ  | all_ACT: 0mJ  | all_RD: 0mJ  | all_WR: 0mJ  | MAC: 0mJ  | Total: 0mJ | compute util: 0, memory util: 0, Op/B 0, GPU
				AttentionGen | 964.39us  | 1.0844e+05 - 1.094e+05 | tensor(209, 768) -> tensor(209, 2048) | ACT: 1.2326mJ  | RD: 38.672mJ  | WR: 0mJ  | all_ACT: 0mJ  | all_RD: 0mJ  | all_WR: 0mJ  | MAC: 998.14mJ  | Total: 39.905mJ | compute util: 1, memory util: 0.18013, Op/B 3122.7, GPU
				context_merge | 5.5134us  | 1.094e+05 - 1.0941e+05 | tensor(209, 2048) -> tensor(209, 2048) | ACT: 0mJ  | RD: 0mJ  | WR: 0mJ  | all_ACT: 0mJ  | all_RD: 0mJ  | all_WR: 0mJ  | MAC: 0mJ  | Total: 0mJ | compute util: 0, memory util: 0, Op/B 0
				AttentionMerge | 0us  | 1.0941e+05 - 1.0941e+05 | tensor(0, 2048) tensor(209, 2048) -> tensor(209, 512) | ACT: 0mJ  | RD: 0mJ  | WR: 0mJ  | all_ACT: 0mJ  | all_RD: 0mJ  | all_WR: 0mJ  | MAC: 0mJ  | Total: 0mJ | compute util: 0, memory util: 0, Op/B 0
			attn_o_proj | 1.49us  | 1.0941e+05 - 1.0941e+05 | tensor(209, 512) -> tensor(209, 16384) | ACT: 0.010588mJ  | RD: 0.23688mJ  | WR: 0.095458mJ  | all_ACT: 0mJ  | all_RD: 0mJ  | all_WR: 0mJ  | MAC: 0.80648mJ  | Total: 0.34292mJ | compute util: 0, memory util: 0, Op/B 294.17
				Linear | 1.49us  | 1.0941e+05 - 1.0941e+05 | tensor(209, 512) -> tensor(209, 16384) | ACT: 0.010588mJ  | RD: 0.23688mJ  | WR: 0.095458mJ  | all_ACT: 0mJ  | all_RD: 0mJ  | all_WR: 0mJ  | MAC: 0.80648mJ  | Total: 0.34292mJ | compute util: 0.52296, memory util: 1, Op/B 294.17, GPU
			all_reduce | 74.405us  | 1.0941e+05 - 1.0948e+05 | tensor(209, 16384) -> tensor(209, 16384) | ACT: 0mJ  | RD: 0mJ  | WR: 0mJ  | all_ACT: 0mJ  | all_RD: 0mJ  | all_WR: 0mJ  | MAC: 0mJ  | Total: 0mJ | compute util: 0, memory util: 0, Op/B 0
		residual_1 | 1.2841us  | 1.0948e+05 - 1.0948e+05 | tensor(209, 16384) -> tensor(209, 16384) | ACT: 0mJ  | RD: 0mJ  | WR: 0mJ  | all_ACT: 0mJ  | all_RD: 0mJ  | all_WR: 0mJ  | MAC: 0mJ  | Total: 0mJ | compute util: 0, memory util: 0, Op/B 0
		post_attn_layer_norm | 0.85811us  | 1.0948e+05 - 1.0948e+05 | tensor(209, 16384) -> tensor(209, 16384) | ACT: 0mJ  | RD: 0mJ  | WR: 0mJ  | all_ACT: 0mJ  | all_RD: 0mJ  | all_WR: 0mJ  | MAC: 0mJ  | Total: 0mJ | compute util: 0, memory util: 0, Op/B 0
		feedforward | 11.769us  | 1.0948e+05 - 1.095e+05 | tensor(209, 16384) -> tensor(209, 16384) | ACT: 0.083075mJ  | RD: 2.498mJ  | WR: 0.12488mJ  | all_ACT: 0mJ  | all_RD: 0mJ  | all_WR: 0mJ  | MAC: 7.8632mJ  | Total: 2.706mJ | compute util: 0, memory util: 0, Op/B 363.13
			gate_proj | 3.8794us  | 1.0948e+05 - 1.0949e+05 | tensor(209, 16384) -> tensor(209, 1664) | ACT: 0.027459mJ  | RD: 0.85468mJ  | WR: 0.0098081mJ  | all_ACT: 0mJ  | all_RD: 0mJ  | all_WR: 0mJ  | MAC: 2.6211mJ  | Total: 0.89194mJ | compute util: 0, memory util: 0, Op/B 367.2
				Linear | 3.8794us  | 1.0948e+05 - 1.0949e+05 | tensor(209, 16384) -> tensor(209, 1664) | ACT: 0.027459mJ  | RD: 0.85468mJ  | WR: 0.0098081mJ  | all_ACT: 0mJ  | all_RD: 0mJ  | all_WR: 0mJ  | MAC: 2.6211mJ  | Total: 0.89194mJ | compute util: 0.65279, memory util: 1, Op/B 367.2, GPU
			activation | 0.13042us  | 1.0949e+05 - 1.0949e+05 | tensor(209, 1664) -> tensor(209, 1664) | ACT: 0.00069811mJ  | RD: 0.019616mJ  | WR: 0.0098081mJ  | all_ACT: 0mJ  | all_RD: 0mJ  | all_WR: 0mJ  | MAC: 0mJ  | Total: 0.030122mJ | compute util: 0, memory util: 1, Op/B 0, GPU
			up_proj | 3.8794us  | 1.0949e+05 - 1.0949e+05 | tensor(209, 16384) -> tensor(209, 1664) | ACT: 0.027459mJ  | RD: 0.85468mJ  | WR: 0.0098081mJ  | all_ACT: 0mJ  | all_RD: 0mJ  | all_WR: 0mJ  | MAC: 2.6211mJ  | Total: 0.89194mJ | compute util: 0, memory util: 0, Op/B 367.2
				Linear | 3.8794us  | 1.0949e+05 - 1.0949e+05 | tensor(209, 16384) -> tensor(209, 1664) | ACT: 0.027459mJ  | RD: 0.85468mJ  | WR: 0.0098081mJ  | all_ACT: 0mJ  | all_RD: 0mJ  | all_WR: 0mJ  | MAC: 2.6211mJ  | Total: 0.89194mJ | compute util: 0.65279, memory util: 1, Op/B 367.2, GPU
			down_proj | 3.8794us  | 1.0949e+05 - 1.095e+05 | tensor(209, 1664) -> tensor(209, 16384) | ACT: 0.027459mJ  | RD: 0.76903mJ  | WR: 0.095458mJ  | all_ACT: 0mJ  | all_RD: 0mJ  | all_WR: 0mJ  | MAC: 2.6211mJ  | Total: 0.89194mJ | compute util: 0, memory util: 0, Op/B 367.2
				Linear | 3.8794us  | 1.0949e+05 - 1.095e+05 | tensor(209, 1664) -> tensor(209, 16384) | ACT: 0.027459mJ  | RD: 0.76903mJ  | WR: 0.095458mJ  | all_ACT: 0mJ  | all_RD: 0mJ  | all_WR: 0mJ  | MAC: 2.6211mJ  | Total: 0.89194mJ | compute util: 0.65279, memory util: 1, Op/B 367.2, GPU
		all_reduce | 74.405us  | 1.095e+05 - 1.0957e+05 | tensor(209, 16384) -> tensor(209, 16384) | ACT: 0mJ  | RD: 0mJ  | WR: 0mJ  | all_ACT: 0mJ  | all_RD: 0mJ  | all_WR: 0mJ  | MAC: 0mJ  | Total: 0mJ | compute util: 0, memory util: 0, Op/B 0
		residual_1 | 1.2841us  | 1.0957e+05 - 1.0957e+05 | tensor(209, 16384) -> tensor(209, 16384) | ACT: 0mJ  | RD: 0mJ  | WR: 0mJ  | all_ACT: 0mJ  | all_RD: 0mJ  | all_WR: 0mJ  | MAC: 0mJ  | Total: 0mJ | compute util: 0, memory util: 0, Op/B 0
	decoder_96 | 1144.9us  | 1.0957e+05 - 1.1072e+05 | tensor(209, 16384) -> tensor(209, 16384) | ACT: 1.3378mJ  | RD: 41.766mJ  | WR: 0.22376mJ  | all_ACT: 0mJ  | all_RD: 0mJ  | all_WR: 0mJ  | MAC: 1007.7mJ  | Total: 43.327mJ | compute util: 0, memory util: 0, Op/B 2903.9
		input_layer_norm | 0.85811us  | 1.0957e+05 - 1.0957e+05 | tensor(209, 16384) -> tensor(209, 16384) | ACT: 0mJ  | RD: 0mJ  | WR: 0mJ  | all_ACT: 0mJ  | all_RD: 0mJ  | all_WR: 0mJ  | MAC: 0mJ  | Total: 0mJ | compute util: 0, memory util: 0, Op/B 0
		attention | 1054.4us  | 1.0957e+05 - 1.1063e+05 | tensor(209, 16384) -> tensor(209, 16384) | ACT: 1.2547mJ  | RD: 39.268mJ  | WR: 0.09888mJ  | all_ACT: 0mJ  | all_RD: 0mJ  | all_WR: 0mJ  | MAC: 999.85mJ  | Total: 40.621mJ | compute util: 0, memory util: 0, Op/B 3073
			attn_qkv_proj | 1.6227us  | 1.0957e+05 - 1.0957e+05 | tensor(209, 16384) -> tensor(209, 576) | ACT: 0.011519mJ  | RD: 0.35834mJ  | WR: 0.0034214mJ  | all_ACT: 0mJ  | all_RD: 0mJ  | all_WR: 0mJ  | MAC: 0.90729mJ  | Total: 0.37328mJ | compute util: 0, memory util: 0, Op/B 303.87
				Linear | 1.6227us  | 1.0957e+05 - 1.0957e+05 | tensor(209, 16384) -> tensor(209, 576) | ACT: 0.011519mJ  | RD: 0.35834mJ  | WR: 0.0034214mJ  | all_ACT: 0mJ  | all_RD: 0mJ  | all_WR: 0mJ  | MAC: 0.90729mJ  | Total: 0.37328mJ | compute util: 0.54021, memory util: 1, Op/B 303.87, GPU
			self_attention | 976.9us  | 1.0957e+05 - 1.1055e+05 | tensor(209, 576) -> tensor(209, 512) | ACT: 1.2326mJ  | RD: 38.672mJ  | WR: 0mJ  | all_ACT: 0mJ  | all_RD: 0mJ  | all_WR: 0mJ  | MAC: 998.14mJ  | Total: 39.905mJ | compute util: 0, memory util: 0, Op/B 3122.7
				AttentionSplit | 0us  | 1.0957e+05 - 1.0957e+05 | tensor(209, 576) -> tensor(0, 768) tensor(209, 768) | ACT: 0mJ  | RD: 0mJ  | WR: 0mJ  | all_ACT: 0mJ  | all_RD: 0mJ  | all_WR: 0mJ  | MAC: 0mJ  | Total: 0mJ | compute util: 0, memory util: 0, Op/B 0
				AttentionSum | 0us  | 1.0957e+05 - 1.0957e+05 | tensor(0, 768) -> tensor(0, 2048) | ACT: 0mJ  | RD: 0mJ  | WR: 0mJ  | all_ACT: 0mJ  | all_RD: 0mJ  | all_WR: 0mJ  | MAC: 0mJ  | Total: 0mJ | compute util: 0, memory util: 0, Op/B 0, GPU
				AttentionGen | 964.39us  | 1.0957e+05 - 1.1054e+05 | tensor(209, 768) -> tensor(209, 2048) | ACT: 1.2326mJ  | RD: 38.672mJ  | WR: 0mJ  | all_ACT: 0mJ  | all_RD: 0mJ  | all_WR: 0mJ  | MAC: 998.14mJ  | Total: 39.905mJ | compute util: 1, memory util: 0.18013, Op/B 3122.7, GPU
				context_merge | 12.517us  | 1.1054e+05 - 1.1055e+05 | tensor(209, 2048) -> tensor(209, 2048) | ACT: 0mJ  | RD: 0mJ  | WR: 0mJ  | all_ACT: 0mJ  | all_RD: 0mJ  | all_WR: 0mJ  | MAC: 0mJ  | Total: 0mJ | compute util: 0, memory util: 0, Op/B 0
				AttentionMerge | 0us  | 1.1055e+05 - 1.1055e+05 | tensor(0, 2048) tensor(209, 2048) -> tensor(209, 512) | ACT: 0mJ  | RD: 0mJ  | WR: 0mJ  | all_ACT: 0mJ  | all_RD: 0mJ  | all_WR: 0mJ  | MAC: 0mJ  | Total: 0mJ | compute util: 0, memory util: 0, Op/B 0
			attn_o_proj | 1.49us  | 1.1055e+05 - 1.1055e+05 | tensor(209, 512) -> tensor(209, 16384) | ACT: 0.010588mJ  | RD: 0.23688mJ  | WR: 0.095458mJ  | all_ACT: 0mJ  | all_RD: 0mJ  | all_WR: 0mJ  | MAC: 0.80648mJ  | Total: 0.34292mJ | compute util: 0, memory util: 0, Op/B 294.17
				Linear | 1.49us  | 1.1055e+05 - 1.1055e+05 | tensor(209, 512) -> tensor(209, 16384) | ACT: 0.010588mJ  | RD: 0.23688mJ  | WR: 0.095458mJ  | all_ACT: 0mJ  | all_RD: 0mJ  | all_WR: 0mJ  | MAC: 0.80648mJ  | Total: 0.34292mJ | compute util: 0.52296, memory util: 1, Op/B 294.17, GPU
			all_reduce | 74.405us  | 1.1055e+05 - 1.1063e+05 | tensor(209, 16384) -> tensor(209, 16384) | ACT: 0mJ  | RD: 0mJ  | WR: 0mJ  | all_ACT: 0mJ  | all_RD: 0mJ  | all_WR: 0mJ  | MAC: 0mJ  | Total: 0mJ | compute util: 0, memory util: 0, Op/B 0
		residual_1 | 1.2841us  | 1.1063e+05 - 1.1063e+05 | tensor(209, 16384) -> tensor(209, 16384) | ACT: 0mJ  | RD: 0mJ  | WR: 0mJ  | all_ACT: 0mJ  | all_RD: 0mJ  | all_WR: 0mJ  | MAC: 0mJ  | Total: 0mJ | compute util: 0, memory util: 0, Op/B 0
		post_attn_layer_norm | 0.85811us  | 1.1063e+05 - 1.1063e+05 | tensor(209, 16384) -> tensor(209, 16384) | ACT: 0mJ  | RD: 0mJ  | WR: 0mJ  | all_ACT: 0mJ  | all_RD: 0mJ  | all_WR: 0mJ  | MAC: 0mJ  | Total: 0mJ | compute util: 0, memory util: 0, Op/B 0
		feedforward | 11.769us  | 1.1063e+05 - 1.1064e+05 | tensor(209, 16384) -> tensor(209, 16384) | ACT: 0.083075mJ  | RD: 2.498mJ  | WR: 0.12488mJ  | all_ACT: 0mJ  | all_RD: 0mJ  | all_WR: 0mJ  | MAC: 7.8632mJ  | Total: 2.706mJ | compute util: 0, memory util: 0, Op/B 363.13
			gate_proj | 3.8794us  | 1.1063e+05 - 1.1063e+05 | tensor(209, 16384) -> tensor(209, 1664) | ACT: 0.027459mJ  | RD: 0.85468mJ  | WR: 0.0098081mJ  | all_ACT: 0mJ  | all_RD: 0mJ  | all_WR: 0mJ  | MAC: 2.6211mJ  | Total: 0.89194mJ | compute util: 0, memory util: 0, Op/B 367.2
				Linear | 3.8794us  | 1.1063e+05 - 1.1063e+05 | tensor(209, 16384) -> tensor(209, 1664) | ACT: 0.027459mJ  | RD: 0.85468mJ  | WR: 0.0098081mJ  | all_ACT: 0mJ  | all_RD: 0mJ  | all_WR: 0mJ  | MAC: 2.6211mJ  | Total: 0.89194mJ | compute util: 0.65279, memory util: 1, Op/B 367.2, GPU
			activation | 0.13042us  | 1.1063e+05 - 1.1063e+05 | tensor(209, 1664) -> tensor(209, 1664) | ACT: 0.00069811mJ  | RD: 0.019616mJ  | WR: 0.0098081mJ  | all_ACT: 0mJ  | all_RD: 0mJ  | all_WR: 0mJ  | MAC: 0mJ  | Total: 0.030122mJ | compute util: 0, memory util: 1, Op/B 0, GPU
			up_proj | 3.8794us  | 1.1063e+05 - 1.1064e+05 | tensor(209, 16384) -> tensor(209, 1664) | ACT: 0.027459mJ  | RD: 0.85468mJ  | WR: 0.0098081mJ  | all_ACT: 0mJ  | all_RD: 0mJ  | all_WR: 0mJ  | MAC: 2.6211mJ  | Total: 0.89194mJ | compute util: 0, memory util: 0, Op/B 367.2
				Linear | 3.8794us  | 1.1063e+05 - 1.1064e+05 | tensor(209, 16384) -> tensor(209, 1664) | ACT: 0.027459mJ  | RD: 0.85468mJ  | WR: 0.0098081mJ  | all_ACT: 0mJ  | all_RD: 0mJ  | all_WR: 0mJ  | MAC: 2.6211mJ  | Total: 0.89194mJ | compute util: 0.65279, memory util: 1, Op/B 367.2, GPU
			down_proj | 3.8794us  | 1.1064e+05 - 1.1064e+05 | tensor(209, 1664) -> tensor(209, 16384) | ACT: 0.027459mJ  | RD: 0.76903mJ  | WR: 0.095458mJ  | all_ACT: 0mJ  | all_RD: 0mJ  | all_WR: 0mJ  | MAC: 2.6211mJ  | Total: 0.89194mJ | compute util: 0, memory util: 0, Op/B 367.2
				Linear | 3.8794us  | 1.1064e+05 - 1.1064e+05 | tensor(209, 1664) -> tensor(209, 16384) | ACT: 0.027459mJ  | RD: 0.76903mJ  | WR: 0.095458mJ  | all_ACT: 0mJ  | all_RD: 0mJ  | all_WR: 0mJ  | MAC: 2.6211mJ  | Total: 0.89194mJ | compute util: 0.65279, memory util: 1, Op/B 367.2, GPU
		all_reduce | 74.405us  | 1.1064e+05 - 1.1072e+05 | tensor(209, 16384) -> tensor(209, 16384) | ACT: 0mJ  | RD: 0mJ  | WR: 0mJ  | all_ACT: 0mJ  | all_RD: 0mJ  | all_WR: 0mJ  | MAC: 0mJ  | Total: 0mJ | compute util: 0, memory util: 0, Op/B 0
		residual_1 | 1.2841us  | 1.1072e+05 - 1.1072e+05 | tensor(209, 16384) -> tensor(209, 16384) | ACT: 0mJ  | RD: 0mJ  | WR: 0mJ  | all_ACT: 0mJ  | all_RD: 0mJ  | all_WR: 0mJ  | MAC: 0mJ  | Total: 0mJ | compute util: 0, memory util: 0, Op/B 0
	decoder_97 | 1137.9us  | 1.1072e+05 - 1.1186e+05 | tensor(209, 16384) -> tensor(209, 16384) | ACT: 1.3378mJ  | RD: 41.766mJ  | WR: 0.22376mJ  | all_ACT: 0mJ  | all_RD: 0mJ  | all_WR: 0mJ  | MAC: 1007.7mJ  | Total: 43.327mJ | compute util: 0, memory util: 0, Op/B 2903.9
		input_layer_norm | 0.85811us  | 1.1072e+05 - 1.1072e+05 | tensor(209, 16384) -> tensor(209, 16384) | ACT: 0mJ  | RD: 0mJ  | WR: 0mJ  | all_ACT: 0mJ  | all_RD: 0mJ  | all_WR: 0mJ  | MAC: 0mJ  | Total: 0mJ | compute util: 0, memory util: 0, Op/B 0
		attention | 1047.4us  | 1.1072e+05 - 1.1177e+05 | tensor(209, 16384) -> tensor(209, 16384) | ACT: 1.2547mJ  | RD: 39.268mJ  | WR: 0.09888mJ  | all_ACT: 0mJ  | all_RD: 0mJ  | all_WR: 0mJ  | MAC: 999.85mJ  | Total: 40.621mJ | compute util: 0, memory util: 0, Op/B 3073
			attn_qkv_proj | 1.6227us  | 1.1072e+05 - 1.1072e+05 | tensor(209, 16384) -> tensor(209, 576) | ACT: 0.011519mJ  | RD: 0.35834mJ  | WR: 0.0034214mJ  | all_ACT: 0mJ  | all_RD: 0mJ  | all_WR: 0mJ  | MAC: 0.90729mJ  | Total: 0.37328mJ | compute util: 0, memory util: 0, Op/B 303.87
				Linear | 1.6227us  | 1.1072e+05 - 1.1072e+05 | tensor(209, 16384) -> tensor(209, 576) | ACT: 0.011519mJ  | RD: 0.35834mJ  | WR: 0.0034214mJ  | all_ACT: 0mJ  | all_RD: 0mJ  | all_WR: 0mJ  | MAC: 0.90729mJ  | Total: 0.37328mJ | compute util: 0.54021, memory util: 1, Op/B 303.87, GPU
			self_attention | 969.9us  | 1.1072e+05 - 1.1169e+05 | tensor(209, 576) -> tensor(209, 512) | ACT: 1.2326mJ  | RD: 38.672mJ  | WR: 0mJ  | all_ACT: 0mJ  | all_RD: 0mJ  | all_WR: 0mJ  | MAC: 998.14mJ  | Total: 39.905mJ | compute util: 0, memory util: 0, Op/B 3122.7
				AttentionSplit | 0us  | 1.1072e+05 - 1.1072e+05 | tensor(209, 576) -> tensor(0, 768) tensor(209, 768) | ACT: 0mJ  | RD: 0mJ  | WR: 0mJ  | all_ACT: 0mJ  | all_RD: 0mJ  | all_WR: 0mJ  | MAC: 0mJ  | Total: 0mJ | compute util: 0, memory util: 0, Op/B 0
				AttentionSum | 0us  | 1.1072e+05 - 1.1072e+05 | tensor(0, 768) -> tensor(0, 2048) | ACT: 0mJ  | RD: 0mJ  | WR: 0mJ  | all_ACT: 0mJ  | all_RD: 0mJ  | all_WR: 0mJ  | MAC: 0mJ  | Total: 0mJ | compute util: 0, memory util: 0, Op/B 0, GPU
				AttentionGen | 964.39us  | 1.1072e+05 - 1.1168e+05 | tensor(209, 768) -> tensor(209, 2048) | ACT: 1.2326mJ  | RD: 38.672mJ  | WR: 0mJ  | all_ACT: 0mJ  | all_RD: 0mJ  | all_WR: 0mJ  | MAC: 998.14mJ  | Total: 39.905mJ | compute util: 1, memory util: 0.18013, Op/B 3122.7, GPU
				context_merge | 5.5134us  | 1.1168e+05 - 1.1169e+05 | tensor(209, 2048) -> tensor(209, 2048) | ACT: 0mJ  | RD: 0mJ  | WR: 0mJ  | all_ACT: 0mJ  | all_RD: 0mJ  | all_WR: 0mJ  | MAC: 0mJ  | Total: 0mJ | compute util: 0, memory util: 0, Op/B 0
				AttentionMerge | 0us  | 1.1169e+05 - 1.1169e+05 | tensor(0, 2048) tensor(209, 2048) -> tensor(209, 512) | ACT: 0mJ  | RD: 0mJ  | WR: 0mJ  | all_ACT: 0mJ  | all_RD: 0mJ  | all_WR: 0mJ  | MAC: 0mJ  | Total: 0mJ | compute util: 0, memory util: 0, Op/B 0
			attn_o_proj | 1.49us  | 1.1169e+05 - 1.1169e+05 | tensor(209, 512) -> tensor(209, 16384) | ACT: 0.010588mJ  | RD: 0.23688mJ  | WR: 0.095458mJ  | all_ACT: 0mJ  | all_RD: 0mJ  | all_WR: 0mJ  | MAC: 0.80648mJ  | Total: 0.34292mJ | compute util: 0, memory util: 0, Op/B 294.17
				Linear | 1.49us  | 1.1169e+05 - 1.1169e+05 | tensor(209, 512) -> tensor(209, 16384) | ACT: 0.010588mJ  | RD: 0.23688mJ  | WR: 0.095458mJ  | all_ACT: 0mJ  | all_RD: 0mJ  | all_WR: 0mJ  | MAC: 0.80648mJ  | Total: 0.34292mJ | compute util: 0.52296, memory util: 1, Op/B 294.17, GPU
			all_reduce | 74.405us  | 1.1169e+05 - 1.1177e+05 | tensor(209, 16384) -> tensor(209, 16384) | ACT: 0mJ  | RD: 0mJ  | WR: 0mJ  | all_ACT: 0mJ  | all_RD: 0mJ  | all_WR: 0mJ  | MAC: 0mJ  | Total: 0mJ | compute util: 0, memory util: 0, Op/B 0
		residual_1 | 1.2841us  | 1.1177e+05 - 1.1177e+05 | tensor(209, 16384) -> tensor(209, 16384) | ACT: 0mJ  | RD: 0mJ  | WR: 0mJ  | all_ACT: 0mJ  | all_RD: 0mJ  | all_WR: 0mJ  | MAC: 0mJ  | Total: 0mJ | compute util: 0, memory util: 0, Op/B 0
		post_attn_layer_norm | 0.85811us  | 1.1177e+05 - 1.1177e+05 | tensor(209, 16384) -> tensor(209, 16384) | ACT: 0mJ  | RD: 0mJ  | WR: 0mJ  | all_ACT: 0mJ  | all_RD: 0mJ  | all_WR: 0mJ  | MAC: 0mJ  | Total: 0mJ | compute util: 0, memory util: 0, Op/B 0
		feedforward | 11.769us  | 1.1177e+05 - 1.1178e+05 | tensor(209, 16384) -> tensor(209, 16384) | ACT: 0.083075mJ  | RD: 2.498mJ  | WR: 0.12488mJ  | all_ACT: 0mJ  | all_RD: 0mJ  | all_WR: 0mJ  | MAC: 7.8632mJ  | Total: 2.706mJ | compute util: 0, memory util: 0, Op/B 363.13
			gate_proj | 3.8794us  | 1.1177e+05 - 1.1177e+05 | tensor(209, 16384) -> tensor(209, 1664) | ACT: 0.027459mJ  | RD: 0.85468mJ  | WR: 0.0098081mJ  | all_ACT: 0mJ  | all_RD: 0mJ  | all_WR: 0mJ  | MAC: 2.6211mJ  | Total: 0.89194mJ | compute util: 0, memory util: 0, Op/B 367.2
				Linear | 3.8794us  | 1.1177e+05 - 1.1177e+05 | tensor(209, 16384) -> tensor(209, 1664) | ACT: 0.027459mJ  | RD: 0.85468mJ  | WR: 0.0098081mJ  | all_ACT: 0mJ  | all_RD: 0mJ  | all_WR: 0mJ  | MAC: 2.6211mJ  | Total: 0.89194mJ | compute util: 0.65279, memory util: 1, Op/B 367.2, GPU
			activation | 0.13042us  | 1.1177e+05 - 1.1177e+05 | tensor(209, 1664) -> tensor(209, 1664) | ACT: 0.00069811mJ  | RD: 0.019616mJ  | WR: 0.0098081mJ  | all_ACT: 0mJ  | all_RD: 0mJ  | all_WR: 0mJ  | MAC: 0mJ  | Total: 0.030122mJ | compute util: 0, memory util: 1, Op/B 0, GPU
			up_proj | 3.8794us  | 1.1177e+05 - 1.1178e+05 | tensor(209, 16384) -> tensor(209, 1664) | ACT: 0.027459mJ  | RD: 0.85468mJ  | WR: 0.0098081mJ  | all_ACT: 0mJ  | all_RD: 0mJ  | all_WR: 0mJ  | MAC: 2.6211mJ  | Total: 0.89194mJ | compute util: 0, memory util: 0, Op/B 367.2
				Linear | 3.8794us  | 1.1177e+05 - 1.1178e+05 | tensor(209, 16384) -> tensor(209, 1664) | ACT: 0.027459mJ  | RD: 0.85468mJ  | WR: 0.0098081mJ  | all_ACT: 0mJ  | all_RD: 0mJ  | all_WR: 0mJ  | MAC: 2.6211mJ  | Total: 0.89194mJ | compute util: 0.65279, memory util: 1, Op/B 367.2, GPU
			down_proj | 3.8794us  | 1.1178e+05 - 1.1178e+05 | tensor(209, 1664) -> tensor(209, 16384) | ACT: 0.027459mJ  | RD: 0.76903mJ  | WR: 0.095458mJ  | all_ACT: 0mJ  | all_RD: 0mJ  | all_WR: 0mJ  | MAC: 2.6211mJ  | Total: 0.89194mJ | compute util: 0, memory util: 0, Op/B 367.2
				Linear | 3.8794us  | 1.1178e+05 - 1.1178e+05 | tensor(209, 1664) -> tensor(209, 16384) | ACT: 0.027459mJ  | RD: 0.76903mJ  | WR: 0.095458mJ  | all_ACT: 0mJ  | all_RD: 0mJ  | all_WR: 0mJ  | MAC: 2.6211mJ  | Total: 0.89194mJ | compute util: 0.65279, memory util: 1, Op/B 367.2, GPU
		all_reduce | 74.405us  | 1.1178e+05 - 1.1185e+05 | tensor(209, 16384) -> tensor(209, 16384) | ACT: 0mJ  | RD: 0mJ  | WR: 0mJ  | all_ACT: 0mJ  | all_RD: 0mJ  | all_WR: 0mJ  | MAC: 0mJ  | Total: 0mJ | compute util: 0, memory util: 0, Op/B 0
		residual_1 | 1.2841us  | 1.1185e+05 - 1.1186e+05 | tensor(209, 16384) -> tensor(209, 16384) | ACT: 0mJ  | RD: 0mJ  | WR: 0mJ  | all_ACT: 0mJ  | all_RD: 0mJ  | all_WR: 0mJ  | MAC: 0mJ  | Total: 0mJ | compute util: 0, memory util: 0, Op/B 0
	decoder_98 | 1144.9us  | 1.1186e+05 - 1.13e+05 | tensor(209, 16384) -> tensor(209, 16384) | ACT: 1.3378mJ  | RD: 41.766mJ  | WR: 0.22376mJ  | all_ACT: 0mJ  | all_RD: 0mJ  | all_WR: 0mJ  | MAC: 1007.7mJ  | Total: 43.327mJ | compute util: 0, memory util: 0, Op/B 2903.9
		input_layer_norm | 0.85811us  | 1.1186e+05 - 1.1186e+05 | tensor(209, 16384) -> tensor(209, 16384) | ACT: 0mJ  | RD: 0mJ  | WR: 0mJ  | all_ACT: 0mJ  | all_RD: 0mJ  | all_WR: 0mJ  | MAC: 0mJ  | Total: 0mJ | compute util: 0, memory util: 0, Op/B 0
		attention | 1054.4us  | 1.1186e+05 - 1.1291e+05 | tensor(209, 16384) -> tensor(209, 16384) | ACT: 1.2547mJ  | RD: 39.268mJ  | WR: 0.09888mJ  | all_ACT: 0mJ  | all_RD: 0mJ  | all_WR: 0mJ  | MAC: 999.85mJ  | Total: 40.621mJ | compute util: 0, memory util: 0, Op/B 3073
			attn_qkv_proj | 1.6227us  | 1.1186e+05 - 1.1186e+05 | tensor(209, 16384) -> tensor(209, 576) | ACT: 0.011519mJ  | RD: 0.35834mJ  | WR: 0.0034214mJ  | all_ACT: 0mJ  | all_RD: 0mJ  | all_WR: 0mJ  | MAC: 0.90729mJ  | Total: 0.37328mJ | compute util: 0, memory util: 0, Op/B 303.87
				Linear | 1.6227us  | 1.1186e+05 - 1.1186e+05 | tensor(209, 16384) -> tensor(209, 576) | ACT: 0.011519mJ  | RD: 0.35834mJ  | WR: 0.0034214mJ  | all_ACT: 0mJ  | all_RD: 0mJ  | all_WR: 0mJ  | MAC: 0.90729mJ  | Total: 0.37328mJ | compute util: 0.54021, memory util: 1, Op/B 303.87, GPU
			self_attention | 976.9us  | 1.1186e+05 - 1.1283e+05 | tensor(209, 576) -> tensor(209, 512) | ACT: 1.2326mJ  | RD: 38.672mJ  | WR: 0mJ  | all_ACT: 0mJ  | all_RD: 0mJ  | all_WR: 0mJ  | MAC: 998.14mJ  | Total: 39.905mJ | compute util: 0, memory util: 0, Op/B 3122.7
				AttentionSplit | 0us  | 1.1186e+05 - 1.1186e+05 | tensor(209, 576) -> tensor(0, 768) tensor(209, 768) | ACT: 0mJ  | RD: 0mJ  | WR: 0mJ  | all_ACT: 0mJ  | all_RD: 0mJ  | all_WR: 0mJ  | MAC: 0mJ  | Total: 0mJ | compute util: 0, memory util: 0, Op/B 0
				AttentionSum | 0us  | 1.1186e+05 - 1.1186e+05 | tensor(0, 768) -> tensor(0, 2048) | ACT: 0mJ  | RD: 0mJ  | WR: 0mJ  | all_ACT: 0mJ  | all_RD: 0mJ  | all_WR: 0mJ  | MAC: 0mJ  | Total: 0mJ | compute util: 0, memory util: 0, Op/B 0, GPU
				AttentionGen | 964.39us  | 1.1186e+05 - 1.1282e+05 | tensor(209, 768) -> tensor(209, 2048) | ACT: 1.2326mJ  | RD: 38.672mJ  | WR: 0mJ  | all_ACT: 0mJ  | all_RD: 0mJ  | all_WR: 0mJ  | MAC: 998.14mJ  | Total: 39.905mJ | compute util: 1, memory util: 0.18013, Op/B 3122.7, GPU
				context_merge | 12.517us  | 1.1282e+05 - 1.1283e+05 | tensor(209, 2048) -> tensor(209, 2048) | ACT: 0mJ  | RD: 0mJ  | WR: 0mJ  | all_ACT: 0mJ  | all_RD: 0mJ  | all_WR: 0mJ  | MAC: 0mJ  | Total: 0mJ | compute util: 0, memory util: 0, Op/B 0
				AttentionMerge | 0us  | 1.1283e+05 - 1.1283e+05 | tensor(0, 2048) tensor(209, 2048) -> tensor(209, 512) | ACT: 0mJ  | RD: 0mJ  | WR: 0mJ  | all_ACT: 0mJ  | all_RD: 0mJ  | all_WR: 0mJ  | MAC: 0mJ  | Total: 0mJ | compute util: 0, memory util: 0, Op/B 0
			attn_o_proj | 1.49us  | 1.1283e+05 - 1.1284e+05 | tensor(209, 512) -> tensor(209, 16384) | ACT: 0.010588mJ  | RD: 0.23688mJ  | WR: 0.095458mJ  | all_ACT: 0mJ  | all_RD: 0mJ  | all_WR: 0mJ  | MAC: 0.80648mJ  | Total: 0.34292mJ | compute util: 0, memory util: 0, Op/B 294.17
				Linear | 1.49us  | 1.1283e+05 - 1.1284e+05 | tensor(209, 512) -> tensor(209, 16384) | ACT: 0.010588mJ  | RD: 0.23688mJ  | WR: 0.095458mJ  | all_ACT: 0mJ  | all_RD: 0mJ  | all_WR: 0mJ  | MAC: 0.80648mJ  | Total: 0.34292mJ | compute util: 0.52296, memory util: 1, Op/B 294.17, GPU
			all_reduce | 74.405us  | 1.1284e+05 - 1.1291e+05 | tensor(209, 16384) -> tensor(209, 16384) | ACT: 0mJ  | RD: 0mJ  | WR: 0mJ  | all_ACT: 0mJ  | all_RD: 0mJ  | all_WR: 0mJ  | MAC: 0mJ  | Total: 0mJ | compute util: 0, memory util: 0, Op/B 0
		residual_1 | 1.2841us  | 1.1291e+05 - 1.1291e+05 | tensor(209, 16384) -> tensor(209, 16384) | ACT: 0mJ  | RD: 0mJ  | WR: 0mJ  | all_ACT: 0mJ  | all_RD: 0mJ  | all_WR: 0mJ  | MAC: 0mJ  | Total: 0mJ | compute util: 0, memory util: 0, Op/B 0
		post_attn_layer_norm | 0.85811us  | 1.1291e+05 - 1.1291e+05 | tensor(209, 16384) -> tensor(209, 16384) | ACT: 0mJ  | RD: 0mJ  | WR: 0mJ  | all_ACT: 0mJ  | all_RD: 0mJ  | all_WR: 0mJ  | MAC: 0mJ  | Total: 0mJ | compute util: 0, memory util: 0, Op/B 0
		feedforward | 11.769us  | 1.1291e+05 - 1.1292e+05 | tensor(209, 16384) -> tensor(209, 16384) | ACT: 0.083075mJ  | RD: 2.498mJ  | WR: 0.12488mJ  | all_ACT: 0mJ  | all_RD: 0mJ  | all_WR: 0mJ  | MAC: 7.8632mJ  | Total: 2.706mJ | compute util: 0, memory util: 0, Op/B 363.13
			gate_proj | 3.8794us  | 1.1291e+05 - 1.1292e+05 | tensor(209, 16384) -> tensor(209, 1664) | ACT: 0.027459mJ  | RD: 0.85468mJ  | WR: 0.0098081mJ  | all_ACT: 0mJ  | all_RD: 0mJ  | all_WR: 0mJ  | MAC: 2.6211mJ  | Total: 0.89194mJ | compute util: 0, memory util: 0, Op/B 367.2
				Linear | 3.8794us  | 1.1291e+05 - 1.1292e+05 | tensor(209, 16384) -> tensor(209, 1664) | ACT: 0.027459mJ  | RD: 0.85468mJ  | WR: 0.0098081mJ  | all_ACT: 0mJ  | all_RD: 0mJ  | all_WR: 0mJ  | MAC: 2.6211mJ  | Total: 0.89194mJ | compute util: 0.65279, memory util: 1, Op/B 367.2, GPU
			activation | 0.13042us  | 1.1292e+05 - 1.1292e+05 | tensor(209, 1664) -> tensor(209, 1664) | ACT: 0.00069811mJ  | RD: 0.019616mJ  | WR: 0.0098081mJ  | all_ACT: 0mJ  | all_RD: 0mJ  | all_WR: 0mJ  | MAC: 0mJ  | Total: 0.030122mJ | compute util: 0, memory util: 1, Op/B 0, GPU
			up_proj | 3.8794us  | 1.1292e+05 - 1.1292e+05 | tensor(209, 16384) -> tensor(209, 1664) | ACT: 0.027459mJ  | RD: 0.85468mJ  | WR: 0.0098081mJ  | all_ACT: 0mJ  | all_RD: 0mJ  | all_WR: 0mJ  | MAC: 2.6211mJ  | Total: 0.89194mJ | compute util: 0, memory util: 0, Op/B 367.2
				Linear | 3.8794us  | 1.1292e+05 - 1.1292e+05 | tensor(209, 16384) -> tensor(209, 1664) | ACT: 0.027459mJ  | RD: 0.85468mJ  | WR: 0.0098081mJ  | all_ACT: 0mJ  | all_RD: 0mJ  | all_WR: 0mJ  | MAC: 2.6211mJ  | Total: 0.89194mJ | compute util: 0.65279, memory util: 1, Op/B 367.2, GPU
			down_proj | 3.8794us  | 1.1292e+05 - 1.1292e+05 | tensor(209, 1664) -> tensor(209, 16384) | ACT: 0.027459mJ  | RD: 0.76903mJ  | WR: 0.095458mJ  | all_ACT: 0mJ  | all_RD: 0mJ  | all_WR: 0mJ  | MAC: 2.6211mJ  | Total: 0.89194mJ | compute util: 0, memory util: 0, Op/B 367.2
				Linear | 3.8794us  | 1.1292e+05 - 1.1292e+05 | tensor(209, 1664) -> tensor(209, 16384) | ACT: 0.027459mJ  | RD: 0.76903mJ  | WR: 0.095458mJ  | all_ACT: 0mJ  | all_RD: 0mJ  | all_WR: 0mJ  | MAC: 2.6211mJ  | Total: 0.89194mJ | compute util: 0.65279, memory util: 1, Op/B 367.2, GPU
		all_reduce | 74.405us  | 1.1292e+05 - 1.13e+05 | tensor(209, 16384) -> tensor(209, 16384) | ACT: 0mJ  | RD: 0mJ  | WR: 0mJ  | all_ACT: 0mJ  | all_RD: 0mJ  | all_WR: 0mJ  | MAC: 0mJ  | Total: 0mJ | compute util: 0, memory util: 0, Op/B 0
		residual_1 | 1.2841us  | 1.13e+05 - 1.13e+05 | tensor(209, 16384) -> tensor(209, 16384) | ACT: 0mJ  | RD: 0mJ  | WR: 0mJ  | all_ACT: 0mJ  | all_RD: 0mJ  | all_WR: 0mJ  | MAC: 0mJ  | Total: 0mJ | compute util: 0, memory util: 0, Op/B 0
	decoder_99 | 1137.9us  | 1.13e+05 - 1.1414e+05 | tensor(209, 16384) -> tensor(209, 16384) | ACT: 1.3378mJ  | RD: 41.766mJ  | WR: 0.22376mJ  | all_ACT: 0mJ  | all_RD: 0mJ  | all_WR: 0mJ  | MAC: 1007.7mJ  | Total: 43.327mJ | compute util: 0, memory util: 0, Op/B 2903.9
		input_layer_norm | 0.85811us  | 1.13e+05 - 1.13e+05 | tensor(209, 16384) -> tensor(209, 16384) | ACT: 0mJ  | RD: 0mJ  | WR: 0mJ  | all_ACT: 0mJ  | all_RD: 0mJ  | all_WR: 0mJ  | MAC: 0mJ  | Total: 0mJ | compute util: 0, memory util: 0, Op/B 0
		attention | 1047.4us  | 1.13e+05 - 1.1405e+05 | tensor(209, 16384) -> tensor(209, 16384) | ACT: 1.2547mJ  | RD: 39.268mJ  | WR: 0.09888mJ  | all_ACT: 0mJ  | all_RD: 0mJ  | all_WR: 0mJ  | MAC: 999.85mJ  | Total: 40.621mJ | compute util: 0, memory util: 0, Op/B 3073
			attn_qkv_proj | 1.6227us  | 1.13e+05 - 1.13e+05 | tensor(209, 16384) -> tensor(209, 576) | ACT: 0.011519mJ  | RD: 0.35834mJ  | WR: 0.0034214mJ  | all_ACT: 0mJ  | all_RD: 0mJ  | all_WR: 0mJ  | MAC: 0.90729mJ  | Total: 0.37328mJ | compute util: 0, memory util: 0, Op/B 303.87
				Linear | 1.6227us  | 1.13e+05 - 1.13e+05 | tensor(209, 16384) -> tensor(209, 576) | ACT: 0.011519mJ  | RD: 0.35834mJ  | WR: 0.0034214mJ  | all_ACT: 0mJ  | all_RD: 0mJ  | all_WR: 0mJ  | MAC: 0.90729mJ  | Total: 0.37328mJ | compute util: 0.54021, memory util: 1, Op/B 303.87, GPU
			self_attention | 969.9us  | 1.13e+05 - 1.1397e+05 | tensor(209, 576) -> tensor(209, 512) | ACT: 1.2326mJ  | RD: 38.672mJ  | WR: 0mJ  | all_ACT: 0mJ  | all_RD: 0mJ  | all_WR: 0mJ  | MAC: 998.14mJ  | Total: 39.905mJ | compute util: 0, memory util: 0, Op/B 3122.7
				AttentionSplit | 0us  | 1.13e+05 - 1.13e+05 | tensor(209, 576) -> tensor(0, 768) tensor(209, 768) | ACT: 0mJ  | RD: 0mJ  | WR: 0mJ  | all_ACT: 0mJ  | all_RD: 0mJ  | all_WR: 0mJ  | MAC: 0mJ  | Total: 0mJ | compute util: 0, memory util: 0, Op/B 0
				AttentionSum | 0us  | 1.13e+05 - 1.13e+05 | tensor(0, 768) -> tensor(0, 2048) | ACT: 0mJ  | RD: 0mJ  | WR: 0mJ  | all_ACT: 0mJ  | all_RD: 0mJ  | all_WR: 0mJ  | MAC: 0mJ  | Total: 0mJ | compute util: 0, memory util: 0, Op/B 0, GPU
				AttentionGen | 964.39us  | 1.13e+05 - 1.1397e+05 | tensor(209, 768) -> tensor(209, 2048) | ACT: 1.2326mJ  | RD: 38.672mJ  | WR: 0mJ  | all_ACT: 0mJ  | all_RD: 0mJ  | all_WR: 0mJ  | MAC: 998.14mJ  | Total: 39.905mJ | compute util: 1, memory util: 0.18013, Op/B 3122.7, GPU
				context_merge | 5.5134us  | 1.1397e+05 - 1.1397e+05 | tensor(209, 2048) -> tensor(209, 2048) | ACT: 0mJ  | RD: 0mJ  | WR: 0mJ  | all_ACT: 0mJ  | all_RD: 0mJ  | all_WR: 0mJ  | MAC: 0mJ  | Total: 0mJ | compute util: 0, memory util: 0, Op/B 0
				AttentionMerge | 0us  | 1.1397e+05 - 1.1397e+05 | tensor(0, 2048) tensor(209, 2048) -> tensor(209, 512) | ACT: 0mJ  | RD: 0mJ  | WR: 0mJ  | all_ACT: 0mJ  | all_RD: 0mJ  | all_WR: 0mJ  | MAC: 0mJ  | Total: 0mJ | compute util: 0, memory util: 0, Op/B 0
			attn_o_proj | 1.49us  | 1.1397e+05 - 1.1397e+05 | tensor(209, 512) -> tensor(209, 16384) | ACT: 0.010588mJ  | RD: 0.23688mJ  | WR: 0.095458mJ  | all_ACT: 0mJ  | all_RD: 0mJ  | all_WR: 0mJ  | MAC: 0.80648mJ  | Total: 0.34292mJ | compute util: 0, memory util: 0, Op/B 294.17
				Linear | 1.49us  | 1.1397e+05 - 1.1397e+05 | tensor(209, 512) -> tensor(209, 16384) | ACT: 0.010588mJ  | RD: 0.23688mJ  | WR: 0.095458mJ  | all_ACT: 0mJ  | all_RD: 0mJ  | all_WR: 0mJ  | MAC: 0.80648mJ  | Total: 0.34292mJ | compute util: 0.52296, memory util: 1, Op/B 294.17, GPU
			all_reduce | 74.405us  | 1.1397e+05 - 1.1405e+05 | tensor(209, 16384) -> tensor(209, 16384) | ACT: 0mJ  | RD: 0mJ  | WR: 0mJ  | all_ACT: 0mJ  | all_RD: 0mJ  | all_WR: 0mJ  | MAC: 0mJ  | Total: 0mJ | compute util: 0, memory util: 0, Op/B 0
		residual_1 | 1.2841us  | 1.1405e+05 - 1.1405e+05 | tensor(209, 16384) -> tensor(209, 16384) | ACT: 0mJ  | RD: 0mJ  | WR: 0mJ  | all_ACT: 0mJ  | all_RD: 0mJ  | all_WR: 0mJ  | MAC: 0mJ  | Total: 0mJ | compute util: 0, memory util: 0, Op/B 0
		post_attn_layer_norm | 0.85811us  | 1.1405e+05 - 1.1405e+05 | tensor(209, 16384) -> tensor(209, 16384) | ACT: 0mJ  | RD: 0mJ  | WR: 0mJ  | all_ACT: 0mJ  | all_RD: 0mJ  | all_WR: 0mJ  | MAC: 0mJ  | Total: 0mJ | compute util: 0, memory util: 0, Op/B 0
		feedforward | 11.769us  | 1.1405e+05 - 1.1406e+05 | tensor(209, 16384) -> tensor(209, 16384) | ACT: 0.083075mJ  | RD: 2.498mJ  | WR: 0.12488mJ  | all_ACT: 0mJ  | all_RD: 0mJ  | all_WR: 0mJ  | MAC: 7.8632mJ  | Total: 2.706mJ | compute util: 0, memory util: 0, Op/B 363.13
			gate_proj | 3.8794us  | 1.1405e+05 - 1.1405e+05 | tensor(209, 16384) -> tensor(209, 1664) | ACT: 0.027459mJ  | RD: 0.85468mJ  | WR: 0.0098081mJ  | all_ACT: 0mJ  | all_RD: 0mJ  | all_WR: 0mJ  | MAC: 2.6211mJ  | Total: 0.89194mJ | compute util: 0, memory util: 0, Op/B 367.2
				Linear | 3.8794us  | 1.1405e+05 - 1.1405e+05 | tensor(209, 16384) -> tensor(209, 1664) | ACT: 0.027459mJ  | RD: 0.85468mJ  | WR: 0.0098081mJ  | all_ACT: 0mJ  | all_RD: 0mJ  | all_WR: 0mJ  | MAC: 2.6211mJ  | Total: 0.89194mJ | compute util: 0.65279, memory util: 1, Op/B 367.2, GPU
			activation | 0.13042us  | 1.1405e+05 - 1.1405e+05 | tensor(209, 1664) -> tensor(209, 1664) | ACT: 0.00069811mJ  | RD: 0.019616mJ  | WR: 0.0098081mJ  | all_ACT: 0mJ  | all_RD: 0mJ  | all_WR: 0mJ  | MAC: 0mJ  | Total: 0.030122mJ | compute util: 0, memory util: 1, Op/B 0, GPU
			up_proj | 3.8794us  | 1.1405e+05 - 1.1406e+05 | tensor(209, 16384) -> tensor(209, 1664) | ACT: 0.027459mJ  | RD: 0.85468mJ  | WR: 0.0098081mJ  | all_ACT: 0mJ  | all_RD: 0mJ  | all_WR: 0mJ  | MAC: 2.6211mJ  | Total: 0.89194mJ | compute util: 0, memory util: 0, Op/B 367.2
				Linear | 3.8794us  | 1.1405e+05 - 1.1406e+05 | tensor(209, 16384) -> tensor(209, 1664) | ACT: 0.027459mJ  | RD: 0.85468mJ  | WR: 0.0098081mJ  | all_ACT: 0mJ  | all_RD: 0mJ  | all_WR: 0mJ  | MAC: 2.6211mJ  | Total: 0.89194mJ | compute util: 0.65279, memory util: 1, Op/B 367.2, GPU
			down_proj | 3.8794us  | 1.1406e+05 - 1.1406e+05 | tensor(209, 1664) -> tensor(209, 16384) | ACT: 0.027459mJ  | RD: 0.76903mJ  | WR: 0.095458mJ  | all_ACT: 0mJ  | all_RD: 0mJ  | all_WR: 0mJ  | MAC: 2.6211mJ  | Total: 0.89194mJ | compute util: 0, memory util: 0, Op/B 367.2
				Linear | 3.8794us  | 1.1406e+05 - 1.1406e+05 | tensor(209, 1664) -> tensor(209, 16384) | ACT: 0.027459mJ  | RD: 0.76903mJ  | WR: 0.095458mJ  | all_ACT: 0mJ  | all_RD: 0mJ  | all_WR: 0mJ  | MAC: 2.6211mJ  | Total: 0.89194mJ | compute util: 0.65279, memory util: 1, Op/B 367.2, GPU
		all_reduce | 74.405us  | 1.1406e+05 - 1.1414e+05 | tensor(209, 16384) -> tensor(209, 16384) | ACT: 0mJ  | RD: 0mJ  | WR: 0mJ  | all_ACT: 0mJ  | all_RD: 0mJ  | all_WR: 0mJ  | MAC: 0mJ  | Total: 0mJ | compute util: 0, memory util: 0, Op/B 0
		residual_1 | 1.2841us  | 1.1414e+05 - 1.1414e+05 | tensor(209, 16384) -> tensor(209, 16384) | ACT: 0mJ  | RD: 0mJ  | WR: 0mJ  | all_ACT: 0mJ  | all_RD: 0mJ  | all_WR: 0mJ  | MAC: 0mJ  | Total: 0mJ | compute util: 0, memory util: 0, Op/B 0
	decoder_100 | 1144.9us  | 1.1414e+05 - 1.1528e+05 | tensor(209, 16384) -> tensor(209, 16384) | ACT: 1.3378mJ  | RD: 41.766mJ  | WR: 0.22376mJ  | all_ACT: 0mJ  | all_RD: 0mJ  | all_WR: 0mJ  | MAC: 1007.7mJ  | Total: 43.327mJ | compute util: 0, memory util: 0, Op/B 2903.9
		input_layer_norm | 0.85811us  | 1.1414e+05 - 1.1414e+05 | tensor(209, 16384) -> tensor(209, 16384) | ACT: 0mJ  | RD: 0mJ  | WR: 0mJ  | all_ACT: 0mJ  | all_RD: 0mJ  | all_WR: 0mJ  | MAC: 0mJ  | Total: 0mJ | compute util: 0, memory util: 0, Op/B 0
		attention | 1054.4us  | 1.1414e+05 - 1.1519e+05 | tensor(209, 16384) -> tensor(209, 16384) | ACT: 1.2547mJ  | RD: 39.268mJ  | WR: 0.09888mJ  | all_ACT: 0mJ  | all_RD: 0mJ  | all_WR: 0mJ  | MAC: 999.85mJ  | Total: 40.621mJ | compute util: 0, memory util: 0, Op/B 3073
			attn_qkv_proj | 1.6227us  | 1.1414e+05 - 1.1414e+05 | tensor(209, 16384) -> tensor(209, 576) | ACT: 0.011519mJ  | RD: 0.35834mJ  | WR: 0.0034214mJ  | all_ACT: 0mJ  | all_RD: 0mJ  | all_WR: 0mJ  | MAC: 0.90729mJ  | Total: 0.37328mJ | compute util: 0, memory util: 0, Op/B 303.87
				Linear | 1.6227us  | 1.1414e+05 - 1.1414e+05 | tensor(209, 16384) -> tensor(209, 576) | ACT: 0.011519mJ  | RD: 0.35834mJ  | WR: 0.0034214mJ  | all_ACT: 0mJ  | all_RD: 0mJ  | all_WR: 0mJ  | MAC: 0.90729mJ  | Total: 0.37328mJ | compute util: 0.54021, memory util: 1, Op/B 303.87, GPU
			self_attention | 976.9us  | 1.1414e+05 - 1.1512e+05 | tensor(209, 576) -> tensor(209, 512) | ACT: 1.2326mJ  | RD: 38.672mJ  | WR: 0mJ  | all_ACT: 0mJ  | all_RD: 0mJ  | all_WR: 0mJ  | MAC: 998.14mJ  | Total: 39.905mJ | compute util: 0, memory util: 0, Op/B 3122.7
				AttentionSplit | 0us  | 1.1414e+05 - 1.1414e+05 | tensor(209, 576) -> tensor(0, 768) tensor(209, 768) | ACT: 0mJ  | RD: 0mJ  | WR: 0mJ  | all_ACT: 0mJ  | all_RD: 0mJ  | all_WR: 0mJ  | MAC: 0mJ  | Total: 0mJ | compute util: 0, memory util: 0, Op/B 0
				AttentionSum | 0us  | 1.1414e+05 - 1.1414e+05 | tensor(0, 768) -> tensor(0, 2048) | ACT: 0mJ  | RD: 0mJ  | WR: 0mJ  | all_ACT: 0mJ  | all_RD: 0mJ  | all_WR: 0mJ  | MAC: 0mJ  | Total: 0mJ | compute util: 0, memory util: 0, Op/B 0, GPU
				AttentionGen | 964.39us  | 1.1414e+05 - 1.151e+05 | tensor(209, 768) -> tensor(209, 2048) | ACT: 1.2326mJ  | RD: 38.672mJ  | WR: 0mJ  | all_ACT: 0mJ  | all_RD: 0mJ  | all_WR: 0mJ  | MAC: 998.14mJ  | Total: 39.905mJ | compute util: 1, memory util: 0.18013, Op/B 3122.7, GPU
				context_merge | 12.517us  | 1.151e+05 - 1.1512e+05 | tensor(209, 2048) -> tensor(209, 2048) | ACT: 0mJ  | RD: 0mJ  | WR: 0mJ  | all_ACT: 0mJ  | all_RD: 0mJ  | all_WR: 0mJ  | MAC: 0mJ  | Total: 0mJ | compute util: 0, memory util: 0, Op/B 0
				AttentionMerge | 0us  | 1.1512e+05 - 1.1512e+05 | tensor(0, 2048) tensor(209, 2048) -> tensor(209, 512) | ACT: 0mJ  | RD: 0mJ  | WR: 0mJ  | all_ACT: 0mJ  | all_RD: 0mJ  | all_WR: 0mJ  | MAC: 0mJ  | Total: 0mJ | compute util: 0, memory util: 0, Op/B 0
			attn_o_proj | 1.49us  | 1.1512e+05 - 1.1512e+05 | tensor(209, 512) -> tensor(209, 16384) | ACT: 0.010588mJ  | RD: 0.23688mJ  | WR: 0.095458mJ  | all_ACT: 0mJ  | all_RD: 0mJ  | all_WR: 0mJ  | MAC: 0.80648mJ  | Total: 0.34292mJ | compute util: 0, memory util: 0, Op/B 294.17
				Linear | 1.49us  | 1.1512e+05 - 1.1512e+05 | tensor(209, 512) -> tensor(209, 16384) | ACT: 0.010588mJ  | RD: 0.23688mJ  | WR: 0.095458mJ  | all_ACT: 0mJ  | all_RD: 0mJ  | all_WR: 0mJ  | MAC: 0.80648mJ  | Total: 0.34292mJ | compute util: 0.52296, memory util: 1, Op/B 294.17, GPU
			all_reduce | 74.405us  | 1.1512e+05 - 1.1519e+05 | tensor(209, 16384) -> tensor(209, 16384) | ACT: 0mJ  | RD: 0mJ  | WR: 0mJ  | all_ACT: 0mJ  | all_RD: 0mJ  | all_WR: 0mJ  | MAC: 0mJ  | Total: 0mJ | compute util: 0, memory util: 0, Op/B 0
		residual_1 | 1.2841us  | 1.1519e+05 - 1.1519e+05 | tensor(209, 16384) -> tensor(209, 16384) | ACT: 0mJ  | RD: 0mJ  | WR: 0mJ  | all_ACT: 0mJ  | all_RD: 0mJ  | all_WR: 0mJ  | MAC: 0mJ  | Total: 0mJ | compute util: 0, memory util: 0, Op/B 0
		post_attn_layer_norm | 0.85811us  | 1.1519e+05 - 1.152e+05 | tensor(209, 16384) -> tensor(209, 16384) | ACT: 0mJ  | RD: 0mJ  | WR: 0mJ  | all_ACT: 0mJ  | all_RD: 0mJ  | all_WR: 0mJ  | MAC: 0mJ  | Total: 0mJ | compute util: 0, memory util: 0, Op/B 0
		feedforward | 11.769us  | 1.152e+05 - 1.1521e+05 | tensor(209, 16384) -> tensor(209, 16384) | ACT: 0.083075mJ  | RD: 2.498mJ  | WR: 0.12488mJ  | all_ACT: 0mJ  | all_RD: 0mJ  | all_WR: 0mJ  | MAC: 7.8632mJ  | Total: 2.706mJ | compute util: 0, memory util: 0, Op/B 363.13
			gate_proj | 3.8794us  | 1.152e+05 - 1.152e+05 | tensor(209, 16384) -> tensor(209, 1664) | ACT: 0.027459mJ  | RD: 0.85468mJ  | WR: 0.0098081mJ  | all_ACT: 0mJ  | all_RD: 0mJ  | all_WR: 0mJ  | MAC: 2.6211mJ  | Total: 0.89194mJ | compute util: 0, memory util: 0, Op/B 367.2
				Linear | 3.8794us  | 1.152e+05 - 1.152e+05 | tensor(209, 16384) -> tensor(209, 1664) | ACT: 0.027459mJ  | RD: 0.85468mJ  | WR: 0.0098081mJ  | all_ACT: 0mJ  | all_RD: 0mJ  | all_WR: 0mJ  | MAC: 2.6211mJ  | Total: 0.89194mJ | compute util: 0.65279, memory util: 1, Op/B 367.2, GPU
			activation | 0.13042us  | 1.152e+05 - 1.152e+05 | tensor(209, 1664) -> tensor(209, 1664) | ACT: 0.00069811mJ  | RD: 0.019616mJ  | WR: 0.0098081mJ  | all_ACT: 0mJ  | all_RD: 0mJ  | all_WR: 0mJ  | MAC: 0mJ  | Total: 0.030122mJ | compute util: 0, memory util: 1, Op/B 0, GPU
			up_proj | 3.8794us  | 1.152e+05 - 1.152e+05 | tensor(209, 16384) -> tensor(209, 1664) | ACT: 0.027459mJ  | RD: 0.85468mJ  | WR: 0.0098081mJ  | all_ACT: 0mJ  | all_RD: 0mJ  | all_WR: 0mJ  | MAC: 2.6211mJ  | Total: 0.89194mJ | compute util: 0, memory util: 0, Op/B 367.2
				Linear | 3.8794us  | 1.152e+05 - 1.152e+05 | tensor(209, 16384) -> tensor(209, 1664) | ACT: 0.027459mJ  | RD: 0.85468mJ  | WR: 0.0098081mJ  | all_ACT: 0mJ  | all_RD: 0mJ  | all_WR: 0mJ  | MAC: 2.6211mJ  | Total: 0.89194mJ | compute util: 0.65279, memory util: 1, Op/B 367.2, GPU
			down_proj | 3.8794us  | 1.152e+05 - 1.1521e+05 | tensor(209, 1664) -> tensor(209, 16384) | ACT: 0.027459mJ  | RD: 0.76903mJ  | WR: 0.095458mJ  | all_ACT: 0mJ  | all_RD: 0mJ  | all_WR: 0mJ  | MAC: 2.6211mJ  | Total: 0.89194mJ | compute util: 0, memory util: 0, Op/B 367.2
				Linear | 3.8794us  | 1.152e+05 - 1.1521e+05 | tensor(209, 1664) -> tensor(209, 16384) | ACT: 0.027459mJ  | RD: 0.76903mJ  | WR: 0.095458mJ  | all_ACT: 0mJ  | all_RD: 0mJ  | all_WR: 0mJ  | MAC: 2.6211mJ  | Total: 0.89194mJ | compute util: 0.65279, memory util: 1, Op/B 367.2, GPU
		all_reduce | 74.405us  | 1.1521e+05 - 1.1528e+05 | tensor(209, 16384) -> tensor(209, 16384) | ACT: 0mJ  | RD: 0mJ  | WR: 0mJ  | all_ACT: 0mJ  | all_RD: 0mJ  | all_WR: 0mJ  | MAC: 0mJ  | Total: 0mJ | compute util: 0, memory util: 0, Op/B 0
		residual_1 | 1.2841us  | 1.1528e+05 - 1.1528e+05 | tensor(209, 16384) -> tensor(209, 16384) | ACT: 0mJ  | RD: 0mJ  | WR: 0mJ  | all_ACT: 0mJ  | all_RD: 0mJ  | all_WR: 0mJ  | MAC: 0mJ  | Total: 0mJ | compute util: 0, memory util: 0, Op/B 0
	decoder_101 | 1137.9us  | 1.1528e+05 - 1.1642e+05 | tensor(209, 16384) -> tensor(209, 16384) | ACT: 1.3378mJ  | RD: 41.766mJ  | WR: 0.22376mJ  | all_ACT: 0mJ  | all_RD: 0mJ  | all_WR: 0mJ  | MAC: 1007.7mJ  | Total: 43.327mJ | compute util: 0, memory util: 0, Op/B 2903.9
		input_layer_norm | 0.85811us  | 1.1528e+05 - 1.1528e+05 | tensor(209, 16384) -> tensor(209, 16384) | ACT: 0mJ  | RD: 0mJ  | WR: 0mJ  | all_ACT: 0mJ  | all_RD: 0mJ  | all_WR: 0mJ  | MAC: 0mJ  | Total: 0mJ | compute util: 0, memory util: 0, Op/B 0
		attention | 1047.4us  | 1.1528e+05 - 1.1633e+05 | tensor(209, 16384) -> tensor(209, 16384) | ACT: 1.2547mJ  | RD: 39.268mJ  | WR: 0.09888mJ  | all_ACT: 0mJ  | all_RD: 0mJ  | all_WR: 0mJ  | MAC: 999.85mJ  | Total: 40.621mJ | compute util: 0, memory util: 0, Op/B 3073
			attn_qkv_proj | 1.6227us  | 1.1528e+05 - 1.1529e+05 | tensor(209, 16384) -> tensor(209, 576) | ACT: 0.011519mJ  | RD: 0.35834mJ  | WR: 0.0034214mJ  | all_ACT: 0mJ  | all_RD: 0mJ  | all_WR: 0mJ  | MAC: 0.90729mJ  | Total: 0.37328mJ | compute util: 0, memory util: 0, Op/B 303.87
				Linear | 1.6227us  | 1.1528e+05 - 1.1529e+05 | tensor(209, 16384) -> tensor(209, 576) | ACT: 0.011519mJ  | RD: 0.35834mJ  | WR: 0.0034214mJ  | all_ACT: 0mJ  | all_RD: 0mJ  | all_WR: 0mJ  | MAC: 0.90729mJ  | Total: 0.37328mJ | compute util: 0.54021, memory util: 1, Op/B 303.87, GPU
			self_attention | 969.9us  | 1.1529e+05 - 1.1626e+05 | tensor(209, 576) -> tensor(209, 512) | ACT: 1.2326mJ  | RD: 38.672mJ  | WR: 0mJ  | all_ACT: 0mJ  | all_RD: 0mJ  | all_WR: 0mJ  | MAC: 998.14mJ  | Total: 39.905mJ | compute util: 0, memory util: 0, Op/B 3122.7
				AttentionSplit | 0us  | 1.1529e+05 - 1.1529e+05 | tensor(209, 576) -> tensor(0, 768) tensor(209, 768) | ACT: 0mJ  | RD: 0mJ  | WR: 0mJ  | all_ACT: 0mJ  | all_RD: 0mJ  | all_WR: 0mJ  | MAC: 0mJ  | Total: 0mJ | compute util: 0, memory util: 0, Op/B 0
				AttentionSum | 0us  | 1.1529e+05 - 1.1529e+05 | tensor(0, 768) -> tensor(0, 2048) | ACT: 0mJ  | RD: 0mJ  | WR: 0mJ  | all_ACT: 0mJ  | all_RD: 0mJ  | all_WR: 0mJ  | MAC: 0mJ  | Total: 0mJ | compute util: 0, memory util: 0, Op/B 0, GPU
				AttentionGen | 964.39us  | 1.1529e+05 - 1.1625e+05 | tensor(209, 768) -> tensor(209, 2048) | ACT: 1.2326mJ  | RD: 38.672mJ  | WR: 0mJ  | all_ACT: 0mJ  | all_RD: 0mJ  | all_WR: 0mJ  | MAC: 998.14mJ  | Total: 39.905mJ | compute util: 1, memory util: 0.18013, Op/B 3122.7, GPU
				context_merge | 5.5134us  | 1.1625e+05 - 1.1626e+05 | tensor(209, 2048) -> tensor(209, 2048) | ACT: 0mJ  | RD: 0mJ  | WR: 0mJ  | all_ACT: 0mJ  | all_RD: 0mJ  | all_WR: 0mJ  | MAC: 0mJ  | Total: 0mJ | compute util: 0, memory util: 0, Op/B 0
				AttentionMerge | 0us  | 1.1626e+05 - 1.1626e+05 | tensor(0, 2048) tensor(209, 2048) -> tensor(209, 512) | ACT: 0mJ  | RD: 0mJ  | WR: 0mJ  | all_ACT: 0mJ  | all_RD: 0mJ  | all_WR: 0mJ  | MAC: 0mJ  | Total: 0mJ | compute util: 0, memory util: 0, Op/B 0
			attn_o_proj | 1.49us  | 1.1626e+05 - 1.1626e+05 | tensor(209, 512) -> tensor(209, 16384) | ACT: 0.010588mJ  | RD: 0.23688mJ  | WR: 0.095458mJ  | all_ACT: 0mJ  | all_RD: 0mJ  | all_WR: 0mJ  | MAC: 0.80648mJ  | Total: 0.34292mJ | compute util: 0, memory util: 0, Op/B 294.17
				Linear | 1.49us  | 1.1626e+05 - 1.1626e+05 | tensor(209, 512) -> tensor(209, 16384) | ACT: 0.010588mJ  | RD: 0.23688mJ  | WR: 0.095458mJ  | all_ACT: 0mJ  | all_RD: 0mJ  | all_WR: 0mJ  | MAC: 0.80648mJ  | Total: 0.34292mJ | compute util: 0.52296, memory util: 1, Op/B 294.17, GPU
			all_reduce | 74.405us  | 1.1626e+05 - 1.1633e+05 | tensor(209, 16384) -> tensor(209, 16384) | ACT: 0mJ  | RD: 0mJ  | WR: 0mJ  | all_ACT: 0mJ  | all_RD: 0mJ  | all_WR: 0mJ  | MAC: 0mJ  | Total: 0mJ | compute util: 0, memory util: 0, Op/B 0
		residual_1 | 1.2841us  | 1.1633e+05 - 1.1633e+05 | tensor(209, 16384) -> tensor(209, 16384) | ACT: 0mJ  | RD: 0mJ  | WR: 0mJ  | all_ACT: 0mJ  | all_RD: 0mJ  | all_WR: 0mJ  | MAC: 0mJ  | Total: 0mJ | compute util: 0, memory util: 0, Op/B 0
		post_attn_layer_norm | 0.85811us  | 1.1633e+05 - 1.1633e+05 | tensor(209, 16384) -> tensor(209, 16384) | ACT: 0mJ  | RD: 0mJ  | WR: 0mJ  | all_ACT: 0mJ  | all_RD: 0mJ  | all_WR: 0mJ  | MAC: 0mJ  | Total: 0mJ | compute util: 0, memory util: 0, Op/B 0
		feedforward | 11.769us  | 1.1633e+05 - 1.1634e+05 | tensor(209, 16384) -> tensor(209, 16384) | ACT: 0.083075mJ  | RD: 2.498mJ  | WR: 0.12488mJ  | all_ACT: 0mJ  | all_RD: 0mJ  | all_WR: 0mJ  | MAC: 7.8632mJ  | Total: 2.706mJ | compute util: 0, memory util: 0, Op/B 363.13
			gate_proj | 3.8794us  | 1.1633e+05 - 1.1634e+05 | tensor(209, 16384) -> tensor(209, 1664) | ACT: 0.027459mJ  | RD: 0.85468mJ  | WR: 0.0098081mJ  | all_ACT: 0mJ  | all_RD: 0mJ  | all_WR: 0mJ  | MAC: 2.6211mJ  | Total: 0.89194mJ | compute util: 0, memory util: 0, Op/B 367.2
				Linear | 3.8794us  | 1.1633e+05 - 1.1634e+05 | tensor(209, 16384) -> tensor(209, 1664) | ACT: 0.027459mJ  | RD: 0.85468mJ  | WR: 0.0098081mJ  | all_ACT: 0mJ  | all_RD: 0mJ  | all_WR: 0mJ  | MAC: 2.6211mJ  | Total: 0.89194mJ | compute util: 0.65279, memory util: 1, Op/B 367.2, GPU
			activation | 0.13042us  | 1.1634e+05 - 1.1634e+05 | tensor(209, 1664) -> tensor(209, 1664) | ACT: 0.00069811mJ  | RD: 0.019616mJ  | WR: 0.0098081mJ  | all_ACT: 0mJ  | all_RD: 0mJ  | all_WR: 0mJ  | MAC: 0mJ  | Total: 0.030122mJ | compute util: 0, memory util: 1, Op/B 0, GPU
			up_proj | 3.8794us  | 1.1634e+05 - 1.1634e+05 | tensor(209, 16384) -> tensor(209, 1664) | ACT: 0.027459mJ  | RD: 0.85468mJ  | WR: 0.0098081mJ  | all_ACT: 0mJ  | all_RD: 0mJ  | all_WR: 0mJ  | MAC: 2.6211mJ  | Total: 0.89194mJ | compute util: 0, memory util: 0, Op/B 367.2
				Linear | 3.8794us  | 1.1634e+05 - 1.1634e+05 | tensor(209, 16384) -> tensor(209, 1664) | ACT: 0.027459mJ  | RD: 0.85468mJ  | WR: 0.0098081mJ  | all_ACT: 0mJ  | all_RD: 0mJ  | all_WR: 0mJ  | MAC: 2.6211mJ  | Total: 0.89194mJ | compute util: 0.65279, memory util: 1, Op/B 367.2, GPU
			down_proj | 3.8794us  | 1.1634e+05 - 1.1634e+05 | tensor(209, 1664) -> tensor(209, 16384) | ACT: 0.027459mJ  | RD: 0.76903mJ  | WR: 0.095458mJ  | all_ACT: 0mJ  | all_RD: 0mJ  | all_WR: 0mJ  | MAC: 2.6211mJ  | Total: 0.89194mJ | compute util: 0, memory util: 0, Op/B 367.2
				Linear | 3.8794us  | 1.1634e+05 - 1.1634e+05 | tensor(209, 1664) -> tensor(209, 16384) | ACT: 0.027459mJ  | RD: 0.76903mJ  | WR: 0.095458mJ  | all_ACT: 0mJ  | all_RD: 0mJ  | all_WR: 0mJ  | MAC: 2.6211mJ  | Total: 0.89194mJ | compute util: 0.65279, memory util: 1, Op/B 367.2, GPU
		all_reduce | 74.405us  | 1.1634e+05 - 1.1642e+05 | tensor(209, 16384) -> tensor(209, 16384) | ACT: 0mJ  | RD: 0mJ  | WR: 0mJ  | all_ACT: 0mJ  | all_RD: 0mJ  | all_WR: 0mJ  | MAC: 0mJ  | Total: 0mJ | compute util: 0, memory util: 0, Op/B 0
		residual_1 | 1.2841us  | 1.1642e+05 - 1.1642e+05 | tensor(209, 16384) -> tensor(209, 16384) | ACT: 0mJ  | RD: 0mJ  | WR: 0mJ  | all_ACT: 0mJ  | all_RD: 0mJ  | all_WR: 0mJ  | MAC: 0mJ  | Total: 0mJ | compute util: 0, memory util: 0, Op/B 0
	decoder_102 | 1144.9us  | 1.1642e+05 - 1.1757e+05 | tensor(209, 16384) -> tensor(209, 16384) | ACT: 1.3378mJ  | RD: 41.766mJ  | WR: 0.22376mJ  | all_ACT: 0mJ  | all_RD: 0mJ  | all_WR: 0mJ  | MAC: 1007.7mJ  | Total: 43.327mJ | compute util: 0, memory util: 0, Op/B 2903.9
		input_layer_norm | 0.85811us  | 1.1642e+05 - 1.1642e+05 | tensor(209, 16384) -> tensor(209, 16384) | ACT: 0mJ  | RD: 0mJ  | WR: 0mJ  | all_ACT: 0mJ  | all_RD: 0mJ  | all_WR: 0mJ  | MAC: 0mJ  | Total: 0mJ | compute util: 0, memory util: 0, Op/B 0
		attention | 1054.4us  | 1.1642e+05 - 1.1748e+05 | tensor(209, 16384) -> tensor(209, 16384) | ACT: 1.2547mJ  | RD: 39.268mJ  | WR: 0.09888mJ  | all_ACT: 0mJ  | all_RD: 0mJ  | all_WR: 0mJ  | MAC: 999.85mJ  | Total: 40.621mJ | compute util: 0, memory util: 0, Op/B 3073
			attn_qkv_proj | 1.6227us  | 1.1642e+05 - 1.1642e+05 | tensor(209, 16384) -> tensor(209, 576) | ACT: 0.011519mJ  | RD: 0.35834mJ  | WR: 0.0034214mJ  | all_ACT: 0mJ  | all_RD: 0mJ  | all_WR: 0mJ  | MAC: 0.90729mJ  | Total: 0.37328mJ | compute util: 0, memory util: 0, Op/B 303.87
				Linear | 1.6227us  | 1.1642e+05 - 1.1642e+05 | tensor(209, 16384) -> tensor(209, 576) | ACT: 0.011519mJ  | RD: 0.35834mJ  | WR: 0.0034214mJ  | all_ACT: 0mJ  | all_RD: 0mJ  | all_WR: 0mJ  | MAC: 0.90729mJ  | Total: 0.37328mJ | compute util: 0.54021, memory util: 1, Op/B 303.87, GPU
			self_attention | 976.9us  | 1.1642e+05 - 1.174e+05 | tensor(209, 576) -> tensor(209, 512) | ACT: 1.2326mJ  | RD: 38.672mJ  | WR: 0mJ  | all_ACT: 0mJ  | all_RD: 0mJ  | all_WR: 0mJ  | MAC: 998.14mJ  | Total: 39.905mJ | compute util: 0, memory util: 0, Op/B 3122.7
				AttentionSplit | 0us  | 1.1642e+05 - 1.1642e+05 | tensor(209, 576) -> tensor(0, 768) tensor(209, 768) | ACT: 0mJ  | RD: 0mJ  | WR: 0mJ  | all_ACT: 0mJ  | all_RD: 0mJ  | all_WR: 0mJ  | MAC: 0mJ  | Total: 0mJ | compute util: 0, memory util: 0, Op/B 0
				AttentionSum | 0us  | 1.1642e+05 - 1.1642e+05 | tensor(0, 768) -> tensor(0, 2048) | ACT: 0mJ  | RD: 0mJ  | WR: 0mJ  | all_ACT: 0mJ  | all_RD: 0mJ  | all_WR: 0mJ  | MAC: 0mJ  | Total: 0mJ | compute util: 0, memory util: 0, Op/B 0, GPU
				AttentionGen | 964.39us  | 1.1642e+05 - 1.1739e+05 | tensor(209, 768) -> tensor(209, 2048) | ACT: 1.2326mJ  | RD: 38.672mJ  | WR: 0mJ  | all_ACT: 0mJ  | all_RD: 0mJ  | all_WR: 0mJ  | MAC: 998.14mJ  | Total: 39.905mJ | compute util: 1, memory util: 0.18013, Op/B 3122.7, GPU
				context_merge | 12.517us  | 1.1739e+05 - 1.174e+05 | tensor(209, 2048) -> tensor(209, 2048) | ACT: 0mJ  | RD: 0mJ  | WR: 0mJ  | all_ACT: 0mJ  | all_RD: 0mJ  | all_WR: 0mJ  | MAC: 0mJ  | Total: 0mJ | compute util: 0, memory util: 0, Op/B 0
				AttentionMerge | 0us  | 1.174e+05 - 1.174e+05 | tensor(0, 2048) tensor(209, 2048) -> tensor(209, 512) | ACT: 0mJ  | RD: 0mJ  | WR: 0mJ  | all_ACT: 0mJ  | all_RD: 0mJ  | all_WR: 0mJ  | MAC: 0mJ  | Total: 0mJ | compute util: 0, memory util: 0, Op/B 0
			attn_o_proj | 1.49us  | 1.174e+05 - 1.174e+05 | tensor(209, 512) -> tensor(209, 16384) | ACT: 0.010588mJ  | RD: 0.23688mJ  | WR: 0.095458mJ  | all_ACT: 0mJ  | all_RD: 0mJ  | all_WR: 0mJ  | MAC: 0.80648mJ  | Total: 0.34292mJ | compute util: 0, memory util: 0, Op/B 294.17
				Linear | 1.49us  | 1.174e+05 - 1.174e+05 | tensor(209, 512) -> tensor(209, 16384) | ACT: 0.010588mJ  | RD: 0.23688mJ  | WR: 0.095458mJ  | all_ACT: 0mJ  | all_RD: 0mJ  | all_WR: 0mJ  | MAC: 0.80648mJ  | Total: 0.34292mJ | compute util: 0.52296, memory util: 1, Op/B 294.17, GPU
			all_reduce | 74.405us  | 1.174e+05 - 1.1748e+05 | tensor(209, 16384) -> tensor(209, 16384) | ACT: 0mJ  | RD: 0mJ  | WR: 0mJ  | all_ACT: 0mJ  | all_RD: 0mJ  | all_WR: 0mJ  | MAC: 0mJ  | Total: 0mJ | compute util: 0, memory util: 0, Op/B 0
		residual_1 | 1.2841us  | 1.1748e+05 - 1.1748e+05 | tensor(209, 16384) -> tensor(209, 16384) | ACT: 0mJ  | RD: 0mJ  | WR: 0mJ  | all_ACT: 0mJ  | all_RD: 0mJ  | all_WR: 0mJ  | MAC: 0mJ  | Total: 0mJ | compute util: 0, memory util: 0, Op/B 0
		post_attn_layer_norm | 0.85811us  | 1.1748e+05 - 1.1748e+05 | tensor(209, 16384) -> tensor(209, 16384) | ACT: 0mJ  | RD: 0mJ  | WR: 0mJ  | all_ACT: 0mJ  | all_RD: 0mJ  | all_WR: 0mJ  | MAC: 0mJ  | Total: 0mJ | compute util: 0, memory util: 0, Op/B 0
		feedforward | 11.769us  | 1.1748e+05 - 1.1749e+05 | tensor(209, 16384) -> tensor(209, 16384) | ACT: 0.083075mJ  | RD: 2.498mJ  | WR: 0.12488mJ  | all_ACT: 0mJ  | all_RD: 0mJ  | all_WR: 0mJ  | MAC: 7.8632mJ  | Total: 2.706mJ | compute util: 0, memory util: 0, Op/B 363.13
			gate_proj | 3.8794us  | 1.1748e+05 - 1.1748e+05 | tensor(209, 16384) -> tensor(209, 1664) | ACT: 0.027459mJ  | RD: 0.85468mJ  | WR: 0.0098081mJ  | all_ACT: 0mJ  | all_RD: 0mJ  | all_WR: 0mJ  | MAC: 2.6211mJ  | Total: 0.89194mJ | compute util: 0, memory util: 0, Op/B 367.2
				Linear | 3.8794us  | 1.1748e+05 - 1.1748e+05 | tensor(209, 16384) -> tensor(209, 1664) | ACT: 0.027459mJ  | RD: 0.85468mJ  | WR: 0.0098081mJ  | all_ACT: 0mJ  | all_RD: 0mJ  | all_WR: 0mJ  | MAC: 2.6211mJ  | Total: 0.89194mJ | compute util: 0.65279, memory util: 1, Op/B 367.2, GPU
			activation | 0.13042us  | 1.1748e+05 - 1.1748e+05 | tensor(209, 1664) -> tensor(209, 1664) | ACT: 0.00069811mJ  | RD: 0.019616mJ  | WR: 0.0098081mJ  | all_ACT: 0mJ  | all_RD: 0mJ  | all_WR: 0mJ  | MAC: 0mJ  | Total: 0.030122mJ | compute util: 0, memory util: 1, Op/B 0, GPU
			up_proj | 3.8794us  | 1.1748e+05 - 1.1749e+05 | tensor(209, 16384) -> tensor(209, 1664) | ACT: 0.027459mJ  | RD: 0.85468mJ  | WR: 0.0098081mJ  | all_ACT: 0mJ  | all_RD: 0mJ  | all_WR: 0mJ  | MAC: 2.6211mJ  | Total: 0.89194mJ | compute util: 0, memory util: 0, Op/B 367.2
				Linear | 3.8794us  | 1.1748e+05 - 1.1749e+05 | tensor(209, 16384) -> tensor(209, 1664) | ACT: 0.027459mJ  | RD: 0.85468mJ  | WR: 0.0098081mJ  | all_ACT: 0mJ  | all_RD: 0mJ  | all_WR: 0mJ  | MAC: 2.6211mJ  | Total: 0.89194mJ | compute util: 0.65279, memory util: 1, Op/B 367.2, GPU
			down_proj | 3.8794us  | 1.1749e+05 - 1.1749e+05 | tensor(209, 1664) -> tensor(209, 16384) | ACT: 0.027459mJ  | RD: 0.76903mJ  | WR: 0.095458mJ  | all_ACT: 0mJ  | all_RD: 0mJ  | all_WR: 0mJ  | MAC: 2.6211mJ  | Total: 0.89194mJ | compute util: 0, memory util: 0, Op/B 367.2
				Linear | 3.8794us  | 1.1749e+05 - 1.1749e+05 | tensor(209, 1664) -> tensor(209, 16384) | ACT: 0.027459mJ  | RD: 0.76903mJ  | WR: 0.095458mJ  | all_ACT: 0mJ  | all_RD: 0mJ  | all_WR: 0mJ  | MAC: 2.6211mJ  | Total: 0.89194mJ | compute util: 0.65279, memory util: 1, Op/B 367.2, GPU
		all_reduce | 74.405us  | 1.1749e+05 - 1.1756e+05 | tensor(209, 16384) -> tensor(209, 16384) | ACT: 0mJ  | RD: 0mJ  | WR: 0mJ  | all_ACT: 0mJ  | all_RD: 0mJ  | all_WR: 0mJ  | MAC: 0mJ  | Total: 0mJ | compute util: 0, memory util: 0, Op/B 0
		residual_1 | 1.2841us  | 1.1756e+05 - 1.1757e+05 | tensor(209, 16384) -> tensor(209, 16384) | ACT: 0mJ  | RD: 0mJ  | WR: 0mJ  | all_ACT: 0mJ  | all_RD: 0mJ  | all_WR: 0mJ  | MAC: 0mJ  | Total: 0mJ | compute util: 0, memory util: 0, Op/B 0
	decoder_103 | 1137.9us  | 1.1757e+05 - 1.187e+05 | tensor(209, 16384) -> tensor(209, 16384) | ACT: 1.3378mJ  | RD: 41.766mJ  | WR: 0.22376mJ  | all_ACT: 0mJ  | all_RD: 0mJ  | all_WR: 0mJ  | MAC: 1007.7mJ  | Total: 43.327mJ | compute util: 0, memory util: 0, Op/B 2903.9
		input_layer_norm | 0.85811us  | 1.1757e+05 - 1.1757e+05 | tensor(209, 16384) -> tensor(209, 16384) | ACT: 0mJ  | RD: 0mJ  | WR: 0mJ  | all_ACT: 0mJ  | all_RD: 0mJ  | all_WR: 0mJ  | MAC: 0mJ  | Total: 0mJ | compute util: 0, memory util: 0, Op/B 0
		attention | 1047.4us  | 1.1757e+05 - 1.1861e+05 | tensor(209, 16384) -> tensor(209, 16384) | ACT: 1.2547mJ  | RD: 39.268mJ  | WR: 0.09888mJ  | all_ACT: 0mJ  | all_RD: 0mJ  | all_WR: 0mJ  | MAC: 999.85mJ  | Total: 40.621mJ | compute util: 0, memory util: 0, Op/B 3073
			attn_qkv_proj | 1.6227us  | 1.1757e+05 - 1.1757e+05 | tensor(209, 16384) -> tensor(209, 576) | ACT: 0.011519mJ  | RD: 0.35834mJ  | WR: 0.0034214mJ  | all_ACT: 0mJ  | all_RD: 0mJ  | all_WR: 0mJ  | MAC: 0.90729mJ  | Total: 0.37328mJ | compute util: 0, memory util: 0, Op/B 303.87
				Linear | 1.6227us  | 1.1757e+05 - 1.1757e+05 | tensor(209, 16384) -> tensor(209, 576) | ACT: 0.011519mJ  | RD: 0.35834mJ  | WR: 0.0034214mJ  | all_ACT: 0mJ  | all_RD: 0mJ  | all_WR: 0mJ  | MAC: 0.90729mJ  | Total: 0.37328mJ | compute util: 0.54021, memory util: 1, Op/B 303.87, GPU
			self_attention | 969.9us  | 1.1757e+05 - 1.1854e+05 | tensor(209, 576) -> tensor(209, 512) | ACT: 1.2326mJ  | RD: 38.672mJ  | WR: 0mJ  | all_ACT: 0mJ  | all_RD: 0mJ  | all_WR: 0mJ  | MAC: 998.14mJ  | Total: 39.905mJ | compute util: 0, memory util: 0, Op/B 3122.7
				AttentionSplit | 0us  | 1.1757e+05 - 1.1757e+05 | tensor(209, 576) -> tensor(0, 768) tensor(209, 768) | ACT: 0mJ  | RD: 0mJ  | WR: 0mJ  | all_ACT: 0mJ  | all_RD: 0mJ  | all_WR: 0mJ  | MAC: 0mJ  | Total: 0mJ | compute util: 0, memory util: 0, Op/B 0
				AttentionSum | 0us  | 1.1757e+05 - 1.1757e+05 | tensor(0, 768) -> tensor(0, 2048) | ACT: 0mJ  | RD: 0mJ  | WR: 0mJ  | all_ACT: 0mJ  | all_RD: 0mJ  | all_WR: 0mJ  | MAC: 0mJ  | Total: 0mJ | compute util: 0, memory util: 0, Op/B 0, GPU
				AttentionGen | 964.39us  | 1.1757e+05 - 1.1853e+05 | tensor(209, 768) -> tensor(209, 2048) | ACT: 1.2326mJ  | RD: 38.672mJ  | WR: 0mJ  | all_ACT: 0mJ  | all_RD: 0mJ  | all_WR: 0mJ  | MAC: 998.14mJ  | Total: 39.905mJ | compute util: 1, memory util: 0.18013, Op/B 3122.7, GPU
				context_merge | 5.5134us  | 1.1853e+05 - 1.1854e+05 | tensor(209, 2048) -> tensor(209, 2048) | ACT: 0mJ  | RD: 0mJ  | WR: 0mJ  | all_ACT: 0mJ  | all_RD: 0mJ  | all_WR: 0mJ  | MAC: 0mJ  | Total: 0mJ | compute util: 0, memory util: 0, Op/B 0
				AttentionMerge | 0us  | 1.1854e+05 - 1.1854e+05 | tensor(0, 2048) tensor(209, 2048) -> tensor(209, 512) | ACT: 0mJ  | RD: 0mJ  | WR: 0mJ  | all_ACT: 0mJ  | all_RD: 0mJ  | all_WR: 0mJ  | MAC: 0mJ  | Total: 0mJ | compute util: 0, memory util: 0, Op/B 0
			attn_o_proj | 1.49us  | 1.1854e+05 - 1.1854e+05 | tensor(209, 512) -> tensor(209, 16384) | ACT: 0.010588mJ  | RD: 0.23688mJ  | WR: 0.095458mJ  | all_ACT: 0mJ  | all_RD: 0mJ  | all_WR: 0mJ  | MAC: 0.80648mJ  | Total: 0.34292mJ | compute util: 0, memory util: 0, Op/B 294.17
				Linear | 1.49us  | 1.1854e+05 - 1.1854e+05 | tensor(209, 512) -> tensor(209, 16384) | ACT: 0.010588mJ  | RD: 0.23688mJ  | WR: 0.095458mJ  | all_ACT: 0mJ  | all_RD: 0mJ  | all_WR: 0mJ  | MAC: 0.80648mJ  | Total: 0.34292mJ | compute util: 0.52296, memory util: 1, Op/B 294.17, GPU
			all_reduce | 74.405us  | 1.1854e+05 - 1.1861e+05 | tensor(209, 16384) -> tensor(209, 16384) | ACT: 0mJ  | RD: 0mJ  | WR: 0mJ  | all_ACT: 0mJ  | all_RD: 0mJ  | all_WR: 0mJ  | MAC: 0mJ  | Total: 0mJ | compute util: 0, memory util: 0, Op/B 0
		residual_1 | 1.2841us  | 1.1861e+05 - 1.1861e+05 | tensor(209, 16384) -> tensor(209, 16384) | ACT: 0mJ  | RD: 0mJ  | WR: 0mJ  | all_ACT: 0mJ  | all_RD: 0mJ  | all_WR: 0mJ  | MAC: 0mJ  | Total: 0mJ | compute util: 0, memory util: 0, Op/B 0
		post_attn_layer_norm | 0.85811us  | 1.1861e+05 - 1.1862e+05 | tensor(209, 16384) -> tensor(209, 16384) | ACT: 0mJ  | RD: 0mJ  | WR: 0mJ  | all_ACT: 0mJ  | all_RD: 0mJ  | all_WR: 0mJ  | MAC: 0mJ  | Total: 0mJ | compute util: 0, memory util: 0, Op/B 0
		feedforward | 11.769us  | 1.1862e+05 - 1.1863e+05 | tensor(209, 16384) -> tensor(209, 16384) | ACT: 0.083075mJ  | RD: 2.498mJ  | WR: 0.12488mJ  | all_ACT: 0mJ  | all_RD: 0mJ  | all_WR: 0mJ  | MAC: 7.8632mJ  | Total: 2.706mJ | compute util: 0, memory util: 0, Op/B 363.13
			gate_proj | 3.8794us  | 1.1862e+05 - 1.1862e+05 | tensor(209, 16384) -> tensor(209, 1664) | ACT: 0.027459mJ  | RD: 0.85468mJ  | WR: 0.0098081mJ  | all_ACT: 0mJ  | all_RD: 0mJ  | all_WR: 0mJ  | MAC: 2.6211mJ  | Total: 0.89194mJ | compute util: 0, memory util: 0, Op/B 367.2
				Linear | 3.8794us  | 1.1862e+05 - 1.1862e+05 | tensor(209, 16384) -> tensor(209, 1664) | ACT: 0.027459mJ  | RD: 0.85468mJ  | WR: 0.0098081mJ  | all_ACT: 0mJ  | all_RD: 0mJ  | all_WR: 0mJ  | MAC: 2.6211mJ  | Total: 0.89194mJ | compute util: 0.65279, memory util: 1, Op/B 367.2, GPU
			activation | 0.13042us  | 1.1862e+05 - 1.1862e+05 | tensor(209, 1664) -> tensor(209, 1664) | ACT: 0.00069811mJ  | RD: 0.019616mJ  | WR: 0.0098081mJ  | all_ACT: 0mJ  | all_RD: 0mJ  | all_WR: 0mJ  | MAC: 0mJ  | Total: 0.030122mJ | compute util: 0, memory util: 1, Op/B 0, GPU
			up_proj | 3.8794us  | 1.1862e+05 - 1.1862e+05 | tensor(209, 16384) -> tensor(209, 1664) | ACT: 0.027459mJ  | RD: 0.85468mJ  | WR: 0.0098081mJ  | all_ACT: 0mJ  | all_RD: 0mJ  | all_WR: 0mJ  | MAC: 2.6211mJ  | Total: 0.89194mJ | compute util: 0, memory util: 0, Op/B 367.2
				Linear | 3.8794us  | 1.1862e+05 - 1.1862e+05 | tensor(209, 16384) -> tensor(209, 1664) | ACT: 0.027459mJ  | RD: 0.85468mJ  | WR: 0.0098081mJ  | all_ACT: 0mJ  | all_RD: 0mJ  | all_WR: 0mJ  | MAC: 2.6211mJ  | Total: 0.89194mJ | compute util: 0.65279, memory util: 1, Op/B 367.2, GPU
			down_proj | 3.8794us  | 1.1862e+05 - 1.1863e+05 | tensor(209, 1664) -> tensor(209, 16384) | ACT: 0.027459mJ  | RD: 0.76903mJ  | WR: 0.095458mJ  | all_ACT: 0mJ  | all_RD: 0mJ  | all_WR: 0mJ  | MAC: 2.6211mJ  | Total: 0.89194mJ | compute util: 0, memory util: 0, Op/B 367.2
				Linear | 3.8794us  | 1.1862e+05 - 1.1863e+05 | tensor(209, 1664) -> tensor(209, 16384) | ACT: 0.027459mJ  | RD: 0.76903mJ  | WR: 0.095458mJ  | all_ACT: 0mJ  | all_RD: 0mJ  | all_WR: 0mJ  | MAC: 2.6211mJ  | Total: 0.89194mJ | compute util: 0.65279, memory util: 1, Op/B 367.2, GPU
		all_reduce | 74.405us  | 1.1863e+05 - 1.187e+05 | tensor(209, 16384) -> tensor(209, 16384) | ACT: 0mJ  | RD: 0mJ  | WR: 0mJ  | all_ACT: 0mJ  | all_RD: 0mJ  | all_WR: 0mJ  | MAC: 0mJ  | Total: 0mJ | compute util: 0, memory util: 0, Op/B 0
		residual_1 | 1.2841us  | 1.187e+05 - 1.187e+05 | tensor(209, 16384) -> tensor(209, 16384) | ACT: 0mJ  | RD: 0mJ  | WR: 0mJ  | all_ACT: 0mJ  | all_RD: 0mJ  | all_WR: 0mJ  | MAC: 0mJ  | Total: 0mJ | compute util: 0, memory util: 0, Op/B 0
	decoder_104 | 1144.9us  | 1.187e+05 - 1.1985e+05 | tensor(209, 16384) -> tensor(209, 16384) | ACT: 1.3378mJ  | RD: 41.766mJ  | WR: 0.22376mJ  | all_ACT: 0mJ  | all_RD: 0mJ  | all_WR: 0mJ  | MAC: 1007.7mJ  | Total: 43.327mJ | compute util: 0, memory util: 0, Op/B 2903.9
		input_layer_norm | 0.85811us  | 1.187e+05 - 1.187e+05 | tensor(209, 16384) -> tensor(209, 16384) | ACT: 0mJ  | RD: 0mJ  | WR: 0mJ  | all_ACT: 0mJ  | all_RD: 0mJ  | all_WR: 0mJ  | MAC: 0mJ  | Total: 0mJ | compute util: 0, memory util: 0, Op/B 0
		attention | 1054.4us  | 1.187e+05 - 1.1976e+05 | tensor(209, 16384) -> tensor(209, 16384) | ACT: 1.2547mJ  | RD: 39.268mJ  | WR: 0.09888mJ  | all_ACT: 0mJ  | all_RD: 0mJ  | all_WR: 0mJ  | MAC: 999.85mJ  | Total: 40.621mJ | compute util: 0, memory util: 0, Op/B 3073
			attn_qkv_proj | 1.6227us  | 1.187e+05 - 1.1871e+05 | tensor(209, 16384) -> tensor(209, 576) | ACT: 0.011519mJ  | RD: 0.35834mJ  | WR: 0.0034214mJ  | all_ACT: 0mJ  | all_RD: 0mJ  | all_WR: 0mJ  | MAC: 0.90729mJ  | Total: 0.37328mJ | compute util: 0, memory util: 0, Op/B 303.87
				Linear | 1.6227us  | 1.187e+05 - 1.1871e+05 | tensor(209, 16384) -> tensor(209, 576) | ACT: 0.011519mJ  | RD: 0.35834mJ  | WR: 0.0034214mJ  | all_ACT: 0mJ  | all_RD: 0mJ  | all_WR: 0mJ  | MAC: 0.90729mJ  | Total: 0.37328mJ | compute util: 0.54021, memory util: 1, Op/B 303.87, GPU
			self_attention | 976.9us  | 1.1871e+05 - 1.1968e+05 | tensor(209, 576) -> tensor(209, 512) | ACT: 1.2326mJ  | RD: 38.672mJ  | WR: 0mJ  | all_ACT: 0mJ  | all_RD: 0mJ  | all_WR: 0mJ  | MAC: 998.14mJ  | Total: 39.905mJ | compute util: 0, memory util: 0, Op/B 3122.7
				AttentionSplit | 0us  | 1.1871e+05 - 1.1871e+05 | tensor(209, 576) -> tensor(0, 768) tensor(209, 768) | ACT: 0mJ  | RD: 0mJ  | WR: 0mJ  | all_ACT: 0mJ  | all_RD: 0mJ  | all_WR: 0mJ  | MAC: 0mJ  | Total: 0mJ | compute util: 0, memory util: 0, Op/B 0
				AttentionSum | 0us  | 1.1871e+05 - 1.1871e+05 | tensor(0, 768) -> tensor(0, 2048) | ACT: 0mJ  | RD: 0mJ  | WR: 0mJ  | all_ACT: 0mJ  | all_RD: 0mJ  | all_WR: 0mJ  | MAC: 0mJ  | Total: 0mJ | compute util: 0, memory util: 0, Op/B 0, GPU
				AttentionGen | 964.39us  | 1.1871e+05 - 1.1967e+05 | tensor(209, 768) -> tensor(209, 2048) | ACT: 1.2326mJ  | RD: 38.672mJ  | WR: 0mJ  | all_ACT: 0mJ  | all_RD: 0mJ  | all_WR: 0mJ  | MAC: 998.14mJ  | Total: 39.905mJ | compute util: 1, memory util: 0.18013, Op/B 3122.7, GPU
				context_merge | 12.517us  | 1.1967e+05 - 1.1968e+05 | tensor(209, 2048) -> tensor(209, 2048) | ACT: 0mJ  | RD: 0mJ  | WR: 0mJ  | all_ACT: 0mJ  | all_RD: 0mJ  | all_WR: 0mJ  | MAC: 0mJ  | Total: 0mJ | compute util: 0, memory util: 0, Op/B 0
				AttentionMerge | 0us  | 1.1968e+05 - 1.1968e+05 | tensor(0, 2048) tensor(209, 2048) -> tensor(209, 512) | ACT: 0mJ  | RD: 0mJ  | WR: 0mJ  | all_ACT: 0mJ  | all_RD: 0mJ  | all_WR: 0mJ  | MAC: 0mJ  | Total: 0mJ | compute util: 0, memory util: 0, Op/B 0
			attn_o_proj | 1.49us  | 1.1968e+05 - 1.1968e+05 | tensor(209, 512) -> tensor(209, 16384) | ACT: 0.010588mJ  | RD: 0.23688mJ  | WR: 0.095458mJ  | all_ACT: 0mJ  | all_RD: 0mJ  | all_WR: 0mJ  | MAC: 0.80648mJ  | Total: 0.34292mJ | compute util: 0, memory util: 0, Op/B 294.17
				Linear | 1.49us  | 1.1968e+05 - 1.1968e+05 | tensor(209, 512) -> tensor(209, 16384) | ACT: 0.010588mJ  | RD: 0.23688mJ  | WR: 0.095458mJ  | all_ACT: 0mJ  | all_RD: 0mJ  | all_WR: 0mJ  | MAC: 0.80648mJ  | Total: 0.34292mJ | compute util: 0.52296, memory util: 1, Op/B 294.17, GPU
			all_reduce | 74.405us  | 1.1968e+05 - 1.1976e+05 | tensor(209, 16384) -> tensor(209, 16384) | ACT: 0mJ  | RD: 0mJ  | WR: 0mJ  | all_ACT: 0mJ  | all_RD: 0mJ  | all_WR: 0mJ  | MAC: 0mJ  | Total: 0mJ | compute util: 0, memory util: 0, Op/B 0
		residual_1 | 1.2841us  | 1.1976e+05 - 1.1976e+05 | tensor(209, 16384) -> tensor(209, 16384) | ACT: 0mJ  | RD: 0mJ  | WR: 0mJ  | all_ACT: 0mJ  | all_RD: 0mJ  | all_WR: 0mJ  | MAC: 0mJ  | Total: 0mJ | compute util: 0, memory util: 0, Op/B 0
		post_attn_layer_norm | 0.85811us  | 1.1976e+05 - 1.1976e+05 | tensor(209, 16384) -> tensor(209, 16384) | ACT: 0mJ  | RD: 0mJ  | WR: 0mJ  | all_ACT: 0mJ  | all_RD: 0mJ  | all_WR: 0mJ  | MAC: 0mJ  | Total: 0mJ | compute util: 0, memory util: 0, Op/B 0
		feedforward | 11.769us  | 1.1976e+05 - 1.1977e+05 | tensor(209, 16384) -> tensor(209, 16384) | ACT: 0.083075mJ  | RD: 2.498mJ  | WR: 0.12488mJ  | all_ACT: 0mJ  | all_RD: 0mJ  | all_WR: 0mJ  | MAC: 7.8632mJ  | Total: 2.706mJ | compute util: 0, memory util: 0, Op/B 363.13
			gate_proj | 3.8794us  | 1.1976e+05 - 1.1976e+05 | tensor(209, 16384) -> tensor(209, 1664) | ACT: 0.027459mJ  | RD: 0.85468mJ  | WR: 0.0098081mJ  | all_ACT: 0mJ  | all_RD: 0mJ  | all_WR: 0mJ  | MAC: 2.6211mJ  | Total: 0.89194mJ | compute util: 0, memory util: 0, Op/B 367.2
				Linear | 3.8794us  | 1.1976e+05 - 1.1976e+05 | tensor(209, 16384) -> tensor(209, 1664) | ACT: 0.027459mJ  | RD: 0.85468mJ  | WR: 0.0098081mJ  | all_ACT: 0mJ  | all_RD: 0mJ  | all_WR: 0mJ  | MAC: 2.6211mJ  | Total: 0.89194mJ | compute util: 0.65279, memory util: 1, Op/B 367.2, GPU
			activation | 0.13042us  | 1.1976e+05 - 1.1976e+05 | tensor(209, 1664) -> tensor(209, 1664) | ACT: 0.00069811mJ  | RD: 0.019616mJ  | WR: 0.0098081mJ  | all_ACT: 0mJ  | all_RD: 0mJ  | all_WR: 0mJ  | MAC: 0mJ  | Total: 0.030122mJ | compute util: 0, memory util: 1, Op/B 0, GPU
			up_proj | 3.8794us  | 1.1976e+05 - 1.1977e+05 | tensor(209, 16384) -> tensor(209, 1664) | ACT: 0.027459mJ  | RD: 0.85468mJ  | WR: 0.0098081mJ  | all_ACT: 0mJ  | all_RD: 0mJ  | all_WR: 0mJ  | MAC: 2.6211mJ  | Total: 0.89194mJ | compute util: 0, memory util: 0, Op/B 367.2
				Linear | 3.8794us  | 1.1976e+05 - 1.1977e+05 | tensor(209, 16384) -> tensor(209, 1664) | ACT: 0.027459mJ  | RD: 0.85468mJ  | WR: 0.0098081mJ  | all_ACT: 0mJ  | all_RD: 0mJ  | all_WR: 0mJ  | MAC: 2.6211mJ  | Total: 0.89194mJ | compute util: 0.65279, memory util: 1, Op/B 367.2, GPU
			down_proj | 3.8794us  | 1.1977e+05 - 1.1977e+05 | tensor(209, 1664) -> tensor(209, 16384) | ACT: 0.027459mJ  | RD: 0.76903mJ  | WR: 0.095458mJ  | all_ACT: 0mJ  | all_RD: 0mJ  | all_WR: 0mJ  | MAC: 2.6211mJ  | Total: 0.89194mJ | compute util: 0, memory util: 0, Op/B 367.2
				Linear | 3.8794us  | 1.1977e+05 - 1.1977e+05 | tensor(209, 1664) -> tensor(209, 16384) | ACT: 0.027459mJ  | RD: 0.76903mJ  | WR: 0.095458mJ  | all_ACT: 0mJ  | all_RD: 0mJ  | all_WR: 0mJ  | MAC: 2.6211mJ  | Total: 0.89194mJ | compute util: 0.65279, memory util: 1, Op/B 367.2, GPU
		all_reduce | 74.405us  | 1.1977e+05 - 1.1985e+05 | tensor(209, 16384) -> tensor(209, 16384) | ACT: 0mJ  | RD: 0mJ  | WR: 0mJ  | all_ACT: 0mJ  | all_RD: 0mJ  | all_WR: 0mJ  | MAC: 0mJ  | Total: 0mJ | compute util: 0, memory util: 0, Op/B 0
		residual_1 | 1.2841us  | 1.1985e+05 - 1.1985e+05 | tensor(209, 16384) -> tensor(209, 16384) | ACT: 0mJ  | RD: 0mJ  | WR: 0mJ  | all_ACT: 0mJ  | all_RD: 0mJ  | all_WR: 0mJ  | MAC: 0mJ  | Total: 0mJ | compute util: 0, memory util: 0, Op/B 0
	decoder_105 | 1137.9us  | 1.1985e+05 - 1.2099e+05 | tensor(209, 16384) -> tensor(209, 16384) | ACT: 1.3378mJ  | RD: 41.766mJ  | WR: 0.22376mJ  | all_ACT: 0mJ  | all_RD: 0mJ  | all_WR: 0mJ  | MAC: 1007.7mJ  | Total: 43.327mJ | compute util: 0, memory util: 0, Op/B 2903.9
		input_layer_norm | 0.85811us  | 1.1985e+05 - 1.1985e+05 | tensor(209, 16384) -> tensor(209, 16384) | ACT: 0mJ  | RD: 0mJ  | WR: 0mJ  | all_ACT: 0mJ  | all_RD: 0mJ  | all_WR: 0mJ  | MAC: 0mJ  | Total: 0mJ | compute util: 0, memory util: 0, Op/B 0
		attention | 1047.4us  | 1.1985e+05 - 1.209e+05 | tensor(209, 16384) -> tensor(209, 16384) | ACT: 1.2547mJ  | RD: 39.268mJ  | WR: 0.09888mJ  | all_ACT: 0mJ  | all_RD: 0mJ  | all_WR: 0mJ  | MAC: 999.85mJ  | Total: 40.621mJ | compute util: 0, memory util: 0, Op/B 3073
			attn_qkv_proj | 1.6227us  | 1.1985e+05 - 1.1985e+05 | tensor(209, 16384) -> tensor(209, 576) | ACT: 0.011519mJ  | RD: 0.35834mJ  | WR: 0.0034214mJ  | all_ACT: 0mJ  | all_RD: 0mJ  | all_WR: 0mJ  | MAC: 0.90729mJ  | Total: 0.37328mJ | compute util: 0, memory util: 0, Op/B 303.87
				Linear | 1.6227us  | 1.1985e+05 - 1.1985e+05 | tensor(209, 16384) -> tensor(209, 576) | ACT: 0.011519mJ  | RD: 0.35834mJ  | WR: 0.0034214mJ  | all_ACT: 0mJ  | all_RD: 0mJ  | all_WR: 0mJ  | MAC: 0.90729mJ  | Total: 0.37328mJ | compute util: 0.54021, memory util: 1, Op/B 303.87, GPU
			self_attention | 969.9us  | 1.1985e+05 - 1.2082e+05 | tensor(209, 576) -> tensor(209, 512) | ACT: 1.2326mJ  | RD: 38.672mJ  | WR: 0mJ  | all_ACT: 0mJ  | all_RD: 0mJ  | all_WR: 0mJ  | MAC: 998.14mJ  | Total: 39.905mJ | compute util: 0, memory util: 0, Op/B 3122.7
				AttentionSplit | 0us  | 1.1985e+05 - 1.1985e+05 | tensor(209, 576) -> tensor(0, 768) tensor(209, 768) | ACT: 0mJ  | RD: 0mJ  | WR: 0mJ  | all_ACT: 0mJ  | all_RD: 0mJ  | all_WR: 0mJ  | MAC: 0mJ  | Total: 0mJ | compute util: 0, memory util: 0, Op/B 0
				AttentionSum | 0us  | 1.1985e+05 - 1.1985e+05 | tensor(0, 768) -> tensor(0, 2048) | ACT: 0mJ  | RD: 0mJ  | WR: 0mJ  | all_ACT: 0mJ  | all_RD: 0mJ  | all_WR: 0mJ  | MAC: 0mJ  | Total: 0mJ | compute util: 0, memory util: 0, Op/B 0, GPU
				AttentionGen | 964.39us  | 1.1985e+05 - 1.2082e+05 | tensor(209, 768) -> tensor(209, 2048) | ACT: 1.2326mJ  | RD: 38.672mJ  | WR: 0mJ  | all_ACT: 0mJ  | all_RD: 0mJ  | all_WR: 0mJ  | MAC: 998.14mJ  | Total: 39.905mJ | compute util: 1, memory util: 0.18013, Op/B 3122.7, GPU
				context_merge | 5.5134us  | 1.2082e+05 - 1.2082e+05 | tensor(209, 2048) -> tensor(209, 2048) | ACT: 0mJ  | RD: 0mJ  | WR: 0mJ  | all_ACT: 0mJ  | all_RD: 0mJ  | all_WR: 0mJ  | MAC: 0mJ  | Total: 0mJ | compute util: 0, memory util: 0, Op/B 0
				AttentionMerge | 0us  | 1.2082e+05 - 1.2082e+05 | tensor(0, 2048) tensor(209, 2048) -> tensor(209, 512) | ACT: 0mJ  | RD: 0mJ  | WR: 0mJ  | all_ACT: 0mJ  | all_RD: 0mJ  | all_WR: 0mJ  | MAC: 0mJ  | Total: 0mJ | compute util: 0, memory util: 0, Op/B 0
			attn_o_proj | 1.49us  | 1.2082e+05 - 1.2082e+05 | tensor(209, 512) -> tensor(209, 16384) | ACT: 0.010588mJ  | RD: 0.23688mJ  | WR: 0.095458mJ  | all_ACT: 0mJ  | all_RD: 0mJ  | all_WR: 0mJ  | MAC: 0.80648mJ  | Total: 0.34292mJ | compute util: 0, memory util: 0, Op/B 294.17
				Linear | 1.49us  | 1.2082e+05 - 1.2082e+05 | tensor(209, 512) -> tensor(209, 16384) | ACT: 0.010588mJ  | RD: 0.23688mJ  | WR: 0.095458mJ  | all_ACT: 0mJ  | all_RD: 0mJ  | all_WR: 0mJ  | MAC: 0.80648mJ  | Total: 0.34292mJ | compute util: 0.52296, memory util: 1, Op/B 294.17, GPU
			all_reduce | 74.405us  | 1.2082e+05 - 1.209e+05 | tensor(209, 16384) -> tensor(209, 16384) | ACT: 0mJ  | RD: 0mJ  | WR: 0mJ  | all_ACT: 0mJ  | all_RD: 0mJ  | all_WR: 0mJ  | MAC: 0mJ  | Total: 0mJ | compute util: 0, memory util: 0, Op/B 0
		residual_1 | 1.2841us  | 1.209e+05 - 1.209e+05 | tensor(209, 16384) -> tensor(209, 16384) | ACT: 0mJ  | RD: 0mJ  | WR: 0mJ  | all_ACT: 0mJ  | all_RD: 0mJ  | all_WR: 0mJ  | MAC: 0mJ  | Total: 0mJ | compute util: 0, memory util: 0, Op/B 0
		post_attn_layer_norm | 0.85811us  | 1.209e+05 - 1.209e+05 | tensor(209, 16384) -> tensor(209, 16384) | ACT: 0mJ  | RD: 0mJ  | WR: 0mJ  | all_ACT: 0mJ  | all_RD: 0mJ  | all_WR: 0mJ  | MAC: 0mJ  | Total: 0mJ | compute util: 0, memory util: 0, Op/B 0
		feedforward | 11.769us  | 1.209e+05 - 1.2091e+05 | tensor(209, 16384) -> tensor(209, 16384) | ACT: 0.083075mJ  | RD: 2.498mJ  | WR: 0.12488mJ  | all_ACT: 0mJ  | all_RD: 0mJ  | all_WR: 0mJ  | MAC: 7.8632mJ  | Total: 2.706mJ | compute util: 0, memory util: 0, Op/B 363.13
			gate_proj | 3.8794us  | 1.209e+05 - 1.209e+05 | tensor(209, 16384) -> tensor(209, 1664) | ACT: 0.027459mJ  | RD: 0.85468mJ  | WR: 0.0098081mJ  | all_ACT: 0mJ  | all_RD: 0mJ  | all_WR: 0mJ  | MAC: 2.6211mJ  | Total: 0.89194mJ | compute util: 0, memory util: 0, Op/B 367.2
				Linear | 3.8794us  | 1.209e+05 - 1.209e+05 | tensor(209, 16384) -> tensor(209, 1664) | ACT: 0.027459mJ  | RD: 0.85468mJ  | WR: 0.0098081mJ  | all_ACT: 0mJ  | all_RD: 0mJ  | all_WR: 0mJ  | MAC: 2.6211mJ  | Total: 0.89194mJ | compute util: 0.65279, memory util: 1, Op/B 367.2, GPU
			activation | 0.13042us  | 1.209e+05 - 1.209e+05 | tensor(209, 1664) -> tensor(209, 1664) | ACT: 0.00069811mJ  | RD: 0.019616mJ  | WR: 0.0098081mJ  | all_ACT: 0mJ  | all_RD: 0mJ  | all_WR: 0mJ  | MAC: 0mJ  | Total: 0.030122mJ | compute util: 0, memory util: 1, Op/B 0, GPU
			up_proj | 3.8794us  | 1.209e+05 - 1.2091e+05 | tensor(209, 16384) -> tensor(209, 1664) | ACT: 0.027459mJ  | RD: 0.85468mJ  | WR: 0.0098081mJ  | all_ACT: 0mJ  | all_RD: 0mJ  | all_WR: 0mJ  | MAC: 2.6211mJ  | Total: 0.89194mJ | compute util: 0, memory util: 0, Op/B 367.2
				Linear | 3.8794us  | 1.209e+05 - 1.2091e+05 | tensor(209, 16384) -> tensor(209, 1664) | ACT: 0.027459mJ  | RD: 0.85468mJ  | WR: 0.0098081mJ  | all_ACT: 0mJ  | all_RD: 0mJ  | all_WR: 0mJ  | MAC: 2.6211mJ  | Total: 0.89194mJ | compute util: 0.65279, memory util: 1, Op/B 367.2, GPU
			down_proj | 3.8794us  | 1.2091e+05 - 1.2091e+05 | tensor(209, 1664) -> tensor(209, 16384) | ACT: 0.027459mJ  | RD: 0.76903mJ  | WR: 0.095458mJ  | all_ACT: 0mJ  | all_RD: 0mJ  | all_WR: 0mJ  | MAC: 2.6211mJ  | Total: 0.89194mJ | compute util: 0, memory util: 0, Op/B 367.2
				Linear | 3.8794us  | 1.2091e+05 - 1.2091e+05 | tensor(209, 1664) -> tensor(209, 16384) | ACT: 0.027459mJ  | RD: 0.76903mJ  | WR: 0.095458mJ  | all_ACT: 0mJ  | all_RD: 0mJ  | all_WR: 0mJ  | MAC: 2.6211mJ  | Total: 0.89194mJ | compute util: 0.65279, memory util: 1, Op/B 367.2, GPU
		all_reduce | 74.405us  | 1.2091e+05 - 1.2098e+05 | tensor(209, 16384) -> tensor(209, 16384) | ACT: 0mJ  | RD: 0mJ  | WR: 0mJ  | all_ACT: 0mJ  | all_RD: 0mJ  | all_WR: 0mJ  | MAC: 0mJ  | Total: 0mJ | compute util: 0, memory util: 0, Op/B 0
		residual_1 | 1.2841us  | 1.2098e+05 - 1.2099e+05 | tensor(209, 16384) -> tensor(209, 16384) | ACT: 0mJ  | RD: 0mJ  | WR: 0mJ  | all_ACT: 0mJ  | all_RD: 0mJ  | all_WR: 0mJ  | MAC: 0mJ  | Total: 0mJ | compute util: 0, memory util: 0, Op/B 0
	decoder_106 | 1144.9us  | 1.2099e+05 - 1.2213e+05 | tensor(209, 16384) -> tensor(209, 16384) | ACT: 1.3378mJ  | RD: 41.766mJ  | WR: 0.22376mJ  | all_ACT: 0mJ  | all_RD: 0mJ  | all_WR: 0mJ  | MAC: 1007.7mJ  | Total: 43.327mJ | compute util: 0, memory util: 0, Op/B 2903.9
		input_layer_norm | 0.85811us  | 1.2099e+05 - 1.2099e+05 | tensor(209, 16384) -> tensor(209, 16384) | ACT: 0mJ  | RD: 0mJ  | WR: 0mJ  | all_ACT: 0mJ  | all_RD: 0mJ  | all_WR: 0mJ  | MAC: 0mJ  | Total: 0mJ | compute util: 0, memory util: 0, Op/B 0
		attention | 1054.4us  | 1.2099e+05 - 1.2204e+05 | tensor(209, 16384) -> tensor(209, 16384) | ACT: 1.2547mJ  | RD: 39.268mJ  | WR: 0.09888mJ  | all_ACT: 0mJ  | all_RD: 0mJ  | all_WR: 0mJ  | MAC: 999.85mJ  | Total: 40.621mJ | compute util: 0, memory util: 0, Op/B 3073
			attn_qkv_proj | 1.6227us  | 1.2099e+05 - 1.2099e+05 | tensor(209, 16384) -> tensor(209, 576) | ACT: 0.011519mJ  | RD: 0.35834mJ  | WR: 0.0034214mJ  | all_ACT: 0mJ  | all_RD: 0mJ  | all_WR: 0mJ  | MAC: 0.90729mJ  | Total: 0.37328mJ | compute util: 0, memory util: 0, Op/B 303.87
				Linear | 1.6227us  | 1.2099e+05 - 1.2099e+05 | tensor(209, 16384) -> tensor(209, 576) | ACT: 0.011519mJ  | RD: 0.35834mJ  | WR: 0.0034214mJ  | all_ACT: 0mJ  | all_RD: 0mJ  | all_WR: 0mJ  | MAC: 0.90729mJ  | Total: 0.37328mJ | compute util: 0.54021, memory util: 1, Op/B 303.87, GPU
			self_attention | 976.9us  | 1.2099e+05 - 1.2197e+05 | tensor(209, 576) -> tensor(209, 512) | ACT: 1.2326mJ  | RD: 38.672mJ  | WR: 0mJ  | all_ACT: 0mJ  | all_RD: 0mJ  | all_WR: 0mJ  | MAC: 998.14mJ  | Total: 39.905mJ | compute util: 0, memory util: 0, Op/B 3122.7
				AttentionSplit | 0us  | 1.2099e+05 - 1.2099e+05 | tensor(209, 576) -> tensor(0, 768) tensor(209, 768) | ACT: 0mJ  | RD: 0mJ  | WR: 0mJ  | all_ACT: 0mJ  | all_RD: 0mJ  | all_WR: 0mJ  | MAC: 0mJ  | Total: 0mJ | compute util: 0, memory util: 0, Op/B 0
				AttentionSum | 0us  | 1.2099e+05 - 1.2099e+05 | tensor(0, 768) -> tensor(0, 2048) | ACT: 0mJ  | RD: 0mJ  | WR: 0mJ  | all_ACT: 0mJ  | all_RD: 0mJ  | all_WR: 0mJ  | MAC: 0mJ  | Total: 0mJ | compute util: 0, memory util: 0, Op/B 0, GPU
				AttentionGen | 964.39us  | 1.2099e+05 - 1.2195e+05 | tensor(209, 768) -> tensor(209, 2048) | ACT: 1.2326mJ  | RD: 38.672mJ  | WR: 0mJ  | all_ACT: 0mJ  | all_RD: 0mJ  | all_WR: 0mJ  | MAC: 998.14mJ  | Total: 39.905mJ | compute util: 1, memory util: 0.18013, Op/B 3122.7, GPU
				context_merge | 12.517us  | 1.2195e+05 - 1.2197e+05 | tensor(209, 2048) -> tensor(209, 2048) | ACT: 0mJ  | RD: 0mJ  | WR: 0mJ  | all_ACT: 0mJ  | all_RD: 0mJ  | all_WR: 0mJ  | MAC: 0mJ  | Total: 0mJ | compute util: 0, memory util: 0, Op/B 0
				AttentionMerge | 0us  | 1.2197e+05 - 1.2197e+05 | tensor(0, 2048) tensor(209, 2048) -> tensor(209, 512) | ACT: 0mJ  | RD: 0mJ  | WR: 0mJ  | all_ACT: 0mJ  | all_RD: 0mJ  | all_WR: 0mJ  | MAC: 0mJ  | Total: 0mJ | compute util: 0, memory util: 0, Op/B 0
			attn_o_proj | 1.49us  | 1.2197e+05 - 1.2197e+05 | tensor(209, 512) -> tensor(209, 16384) | ACT: 0.010588mJ  | RD: 0.23688mJ  | WR: 0.095458mJ  | all_ACT: 0mJ  | all_RD: 0mJ  | all_WR: 0mJ  | MAC: 0.80648mJ  | Total: 0.34292mJ | compute util: 0, memory util: 0, Op/B 294.17
				Linear | 1.49us  | 1.2197e+05 - 1.2197e+05 | tensor(209, 512) -> tensor(209, 16384) | ACT: 0.010588mJ  | RD: 0.23688mJ  | WR: 0.095458mJ  | all_ACT: 0mJ  | all_RD: 0mJ  | all_WR: 0mJ  | MAC: 0.80648mJ  | Total: 0.34292mJ | compute util: 0.52296, memory util: 1, Op/B 294.17, GPU
			all_reduce | 74.405us  | 1.2197e+05 - 1.2204e+05 | tensor(209, 16384) -> tensor(209, 16384) | ACT: 0mJ  | RD: 0mJ  | WR: 0mJ  | all_ACT: 0mJ  | all_RD: 0mJ  | all_WR: 0mJ  | MAC: 0mJ  | Total: 0mJ | compute util: 0, memory util: 0, Op/B 0
		residual_1 | 1.2841us  | 1.2204e+05 - 1.2204e+05 | tensor(209, 16384) -> tensor(209, 16384) | ACT: 0mJ  | RD: 0mJ  | WR: 0mJ  | all_ACT: 0mJ  | all_RD: 0mJ  | all_WR: 0mJ  | MAC: 0mJ  | Total: 0mJ | compute util: 0, memory util: 0, Op/B 0
		post_attn_layer_norm | 0.85811us  | 1.2204e+05 - 1.2204e+05 | tensor(209, 16384) -> tensor(209, 16384) | ACT: 0mJ  | RD: 0mJ  | WR: 0mJ  | all_ACT: 0mJ  | all_RD: 0mJ  | all_WR: 0mJ  | MAC: 0mJ  | Total: 0mJ | compute util: 0, memory util: 0, Op/B 0
		feedforward | 11.769us  | 1.2204e+05 - 1.2206e+05 | tensor(209, 16384) -> tensor(209, 16384) | ACT: 0.083075mJ  | RD: 2.498mJ  | WR: 0.12488mJ  | all_ACT: 0mJ  | all_RD: 0mJ  | all_WR: 0mJ  | MAC: 7.8632mJ  | Total: 2.706mJ | compute util: 0, memory util: 0, Op/B 363.13
			gate_proj | 3.8794us  | 1.2204e+05 - 1.2205e+05 | tensor(209, 16384) -> tensor(209, 1664) | ACT: 0.027459mJ  | RD: 0.85468mJ  | WR: 0.0098081mJ  | all_ACT: 0mJ  | all_RD: 0mJ  | all_WR: 0mJ  | MAC: 2.6211mJ  | Total: 0.89194mJ | compute util: 0, memory util: 0, Op/B 367.2
				Linear | 3.8794us  | 1.2204e+05 - 1.2205e+05 | tensor(209, 16384) -> tensor(209, 1664) | ACT: 0.027459mJ  | RD: 0.85468mJ  | WR: 0.0098081mJ  | all_ACT: 0mJ  | all_RD: 0mJ  | all_WR: 0mJ  | MAC: 2.6211mJ  | Total: 0.89194mJ | compute util: 0.65279, memory util: 1, Op/B 367.2, GPU
			activation | 0.13042us  | 1.2205e+05 - 1.2205e+05 | tensor(209, 1664) -> tensor(209, 1664) | ACT: 0.00069811mJ  | RD: 0.019616mJ  | WR: 0.0098081mJ  | all_ACT: 0mJ  | all_RD: 0mJ  | all_WR: 0mJ  | MAC: 0mJ  | Total: 0.030122mJ | compute util: 0, memory util: 1, Op/B 0, GPU
			up_proj | 3.8794us  | 1.2205e+05 - 1.2205e+05 | tensor(209, 16384) -> tensor(209, 1664) | ACT: 0.027459mJ  | RD: 0.85468mJ  | WR: 0.0098081mJ  | all_ACT: 0mJ  | all_RD: 0mJ  | all_WR: 0mJ  | MAC: 2.6211mJ  | Total: 0.89194mJ | compute util: 0, memory util: 0, Op/B 367.2
				Linear | 3.8794us  | 1.2205e+05 - 1.2205e+05 | tensor(209, 16384) -> tensor(209, 1664) | ACT: 0.027459mJ  | RD: 0.85468mJ  | WR: 0.0098081mJ  | all_ACT: 0mJ  | all_RD: 0mJ  | all_WR: 0mJ  | MAC: 2.6211mJ  | Total: 0.89194mJ | compute util: 0.65279, memory util: 1, Op/B 367.2, GPU
			down_proj | 3.8794us  | 1.2205e+05 - 1.2206e+05 | tensor(209, 1664) -> tensor(209, 16384) | ACT: 0.027459mJ  | RD: 0.76903mJ  | WR: 0.095458mJ  | all_ACT: 0mJ  | all_RD: 0mJ  | all_WR: 0mJ  | MAC: 2.6211mJ  | Total: 0.89194mJ | compute util: 0, memory util: 0, Op/B 367.2
				Linear | 3.8794us  | 1.2205e+05 - 1.2206e+05 | tensor(209, 1664) -> tensor(209, 16384) | ACT: 0.027459mJ  | RD: 0.76903mJ  | WR: 0.095458mJ  | all_ACT: 0mJ  | all_RD: 0mJ  | all_WR: 0mJ  | MAC: 2.6211mJ  | Total: 0.89194mJ | compute util: 0.65279, memory util: 1, Op/B 367.2, GPU
		all_reduce | 74.405us  | 1.2206e+05 - 1.2213e+05 | tensor(209, 16384) -> tensor(209, 16384) | ACT: 0mJ  | RD: 0mJ  | WR: 0mJ  | all_ACT: 0mJ  | all_RD: 0mJ  | all_WR: 0mJ  | MAC: 0mJ  | Total: 0mJ | compute util: 0, memory util: 0, Op/B 0
		residual_1 | 1.2841us  | 1.2213e+05 - 1.2213e+05 | tensor(209, 16384) -> tensor(209, 16384) | ACT: 0mJ  | RD: 0mJ  | WR: 0mJ  | all_ACT: 0mJ  | all_RD: 0mJ  | all_WR: 0mJ  | MAC: 0mJ  | Total: 0mJ | compute util: 0, memory util: 0, Op/B 0
	decoder_107 | 1137.9us  | 1.2213e+05 - 1.2327e+05 | tensor(209, 16384) -> tensor(209, 16384) | ACT: 1.3378mJ  | RD: 41.766mJ  | WR: 0.22376mJ  | all_ACT: 0mJ  | all_RD: 0mJ  | all_WR: 0mJ  | MAC: 1007.7mJ  | Total: 43.327mJ | compute util: 0, memory util: 0, Op/B 2903.9
		input_layer_norm | 0.85811us  | 1.2213e+05 - 1.2213e+05 | tensor(209, 16384) -> tensor(209, 16384) | ACT: 0mJ  | RD: 0mJ  | WR: 0mJ  | all_ACT: 0mJ  | all_RD: 0mJ  | all_WR: 0mJ  | MAC: 0mJ  | Total: 0mJ | compute util: 0, memory util: 0, Op/B 0
		attention | 1047.4us  | 1.2213e+05 - 1.2318e+05 | tensor(209, 16384) -> tensor(209, 16384) | ACT: 1.2547mJ  | RD: 39.268mJ  | WR: 0.09888mJ  | all_ACT: 0mJ  | all_RD: 0mJ  | all_WR: 0mJ  | MAC: 999.85mJ  | Total: 40.621mJ | compute util: 0, memory util: 0, Op/B 3073
			attn_qkv_proj | 1.6227us  | 1.2213e+05 - 1.2213e+05 | tensor(209, 16384) -> tensor(209, 576) | ACT: 0.011519mJ  | RD: 0.35834mJ  | WR: 0.0034214mJ  | all_ACT: 0mJ  | all_RD: 0mJ  | all_WR: 0mJ  | MAC: 0.90729mJ  | Total: 0.37328mJ | compute util: 0, memory util: 0, Op/B 303.87
				Linear | 1.6227us  | 1.2213e+05 - 1.2213e+05 | tensor(209, 16384) -> tensor(209, 576) | ACT: 0.011519mJ  | RD: 0.35834mJ  | WR: 0.0034214mJ  | all_ACT: 0mJ  | all_RD: 0mJ  | all_WR: 0mJ  | MAC: 0.90729mJ  | Total: 0.37328mJ | compute util: 0.54021, memory util: 1, Op/B 303.87, GPU
			self_attention | 969.9us  | 1.2213e+05 - 1.231e+05 | tensor(209, 576) -> tensor(209, 512) | ACT: 1.2326mJ  | RD: 38.672mJ  | WR: 0mJ  | all_ACT: 0mJ  | all_RD: 0mJ  | all_WR: 0mJ  | MAC: 998.14mJ  | Total: 39.905mJ | compute util: 0, memory util: 0, Op/B 3122.7
				AttentionSplit | 0us  | 1.2213e+05 - 1.2213e+05 | tensor(209, 576) -> tensor(0, 768) tensor(209, 768) | ACT: 0mJ  | RD: 0mJ  | WR: 0mJ  | all_ACT: 0mJ  | all_RD: 0mJ  | all_WR: 0mJ  | MAC: 0mJ  | Total: 0mJ | compute util: 0, memory util: 0, Op/B 0
				AttentionSum | 0us  | 1.2213e+05 - 1.2213e+05 | tensor(0, 768) -> tensor(0, 2048) | ACT: 0mJ  | RD: 0mJ  | WR: 0mJ  | all_ACT: 0mJ  | all_RD: 0mJ  | all_WR: 0mJ  | MAC: 0mJ  | Total: 0mJ | compute util: 0, memory util: 0, Op/B 0, GPU
				AttentionGen | 964.39us  | 1.2213e+05 - 1.231e+05 | tensor(209, 768) -> tensor(209, 2048) | ACT: 1.2326mJ  | RD: 38.672mJ  | WR: 0mJ  | all_ACT: 0mJ  | all_RD: 0mJ  | all_WR: 0mJ  | MAC: 998.14mJ  | Total: 39.905mJ | compute util: 1, memory util: 0.18013, Op/B 3122.7, GPU
				context_merge | 5.5134us  | 1.231e+05 - 1.231e+05 | tensor(209, 2048) -> tensor(209, 2048) | ACT: 0mJ  | RD: 0mJ  | WR: 0mJ  | all_ACT: 0mJ  | all_RD: 0mJ  | all_WR: 0mJ  | MAC: 0mJ  | Total: 0mJ | compute util: 0, memory util: 0, Op/B 0
				AttentionMerge | 0us  | 1.231e+05 - 1.231e+05 | tensor(0, 2048) tensor(209, 2048) -> tensor(209, 512) | ACT: 0mJ  | RD: 0mJ  | WR: 0mJ  | all_ACT: 0mJ  | all_RD: 0mJ  | all_WR: 0mJ  | MAC: 0mJ  | Total: 0mJ | compute util: 0, memory util: 0, Op/B 0
			attn_o_proj | 1.49us  | 1.231e+05 - 1.231e+05 | tensor(209, 512) -> tensor(209, 16384) | ACT: 0.010588mJ  | RD: 0.23688mJ  | WR: 0.095458mJ  | all_ACT: 0mJ  | all_RD: 0mJ  | all_WR: 0mJ  | MAC: 0.80648mJ  | Total: 0.34292mJ | compute util: 0, memory util: 0, Op/B 294.17
				Linear | 1.49us  | 1.231e+05 - 1.231e+05 | tensor(209, 512) -> tensor(209, 16384) | ACT: 0.010588mJ  | RD: 0.23688mJ  | WR: 0.095458mJ  | all_ACT: 0mJ  | all_RD: 0mJ  | all_WR: 0mJ  | MAC: 0.80648mJ  | Total: 0.34292mJ | compute util: 0.52296, memory util: 1, Op/B 294.17, GPU
			all_reduce | 74.405us  | 1.231e+05 - 1.2318e+05 | tensor(209, 16384) -> tensor(209, 16384) | ACT: 0mJ  | RD: 0mJ  | WR: 0mJ  | all_ACT: 0mJ  | all_RD: 0mJ  | all_WR: 0mJ  | MAC: 0mJ  | Total: 0mJ | compute util: 0, memory util: 0, Op/B 0
		residual_1 | 1.2841us  | 1.2318e+05 - 1.2318e+05 | tensor(209, 16384) -> tensor(209, 16384) | ACT: 0mJ  | RD: 0mJ  | WR: 0mJ  | all_ACT: 0mJ  | all_RD: 0mJ  | all_WR: 0mJ  | MAC: 0mJ  | Total: 0mJ | compute util: 0, memory util: 0, Op/B 0
		post_attn_layer_norm | 0.85811us  | 1.2318e+05 - 1.2318e+05 | tensor(209, 16384) -> tensor(209, 16384) | ACT: 0mJ  | RD: 0mJ  | WR: 0mJ  | all_ACT: 0mJ  | all_RD: 0mJ  | all_WR: 0mJ  | MAC: 0mJ  | Total: 0mJ | compute util: 0, memory util: 0, Op/B 0
		feedforward | 11.769us  | 1.2318e+05 - 1.2319e+05 | tensor(209, 16384) -> tensor(209, 16384) | ACT: 0.083075mJ  | RD: 2.498mJ  | WR: 0.12488mJ  | all_ACT: 0mJ  | all_RD: 0mJ  | all_WR: 0mJ  | MAC: 7.8632mJ  | Total: 2.706mJ | compute util: 0, memory util: 0, Op/B 363.13
			gate_proj | 3.8794us  | 1.2318e+05 - 1.2319e+05 | tensor(209, 16384) -> tensor(209, 1664) | ACT: 0.027459mJ  | RD: 0.85468mJ  | WR: 0.0098081mJ  | all_ACT: 0mJ  | all_RD: 0mJ  | all_WR: 0mJ  | MAC: 2.6211mJ  | Total: 0.89194mJ | compute util: 0, memory util: 0, Op/B 367.2
				Linear | 3.8794us  | 1.2318e+05 - 1.2319e+05 | tensor(209, 16384) -> tensor(209, 1664) | ACT: 0.027459mJ  | RD: 0.85468mJ  | WR: 0.0098081mJ  | all_ACT: 0mJ  | all_RD: 0mJ  | all_WR: 0mJ  | MAC: 2.6211mJ  | Total: 0.89194mJ | compute util: 0.65279, memory util: 1, Op/B 367.2, GPU
			activation | 0.13042us  | 1.2319e+05 - 1.2319e+05 | tensor(209, 1664) -> tensor(209, 1664) | ACT: 0.00069811mJ  | RD: 0.019616mJ  | WR: 0.0098081mJ  | all_ACT: 0mJ  | all_RD: 0mJ  | all_WR: 0mJ  | MAC: 0mJ  | Total: 0.030122mJ | compute util: 0, memory util: 1, Op/B 0, GPU
			up_proj | 3.8794us  | 1.2319e+05 - 1.2319e+05 | tensor(209, 16384) -> tensor(209, 1664) | ACT: 0.027459mJ  | RD: 0.85468mJ  | WR: 0.0098081mJ  | all_ACT: 0mJ  | all_RD: 0mJ  | all_WR: 0mJ  | MAC: 2.6211mJ  | Total: 0.89194mJ | compute util: 0, memory util: 0, Op/B 367.2
				Linear | 3.8794us  | 1.2319e+05 - 1.2319e+05 | tensor(209, 16384) -> tensor(209, 1664) | ACT: 0.027459mJ  | RD: 0.85468mJ  | WR: 0.0098081mJ  | all_ACT: 0mJ  | all_RD: 0mJ  | all_WR: 0mJ  | MAC: 2.6211mJ  | Total: 0.89194mJ | compute util: 0.65279, memory util: 1, Op/B 367.2, GPU
			down_proj | 3.8794us  | 1.2319e+05 - 1.2319e+05 | tensor(209, 1664) -> tensor(209, 16384) | ACT: 0.027459mJ  | RD: 0.76903mJ  | WR: 0.095458mJ  | all_ACT: 0mJ  | all_RD: 0mJ  | all_WR: 0mJ  | MAC: 2.6211mJ  | Total: 0.89194mJ | compute util: 0, memory util: 0, Op/B 367.2
				Linear | 3.8794us  | 1.2319e+05 - 1.2319e+05 | tensor(209, 1664) -> tensor(209, 16384) | ACT: 0.027459mJ  | RD: 0.76903mJ  | WR: 0.095458mJ  | all_ACT: 0mJ  | all_RD: 0mJ  | all_WR: 0mJ  | MAC: 2.6211mJ  | Total: 0.89194mJ | compute util: 0.65279, memory util: 1, Op/B 367.2, GPU
		all_reduce | 74.405us  | 1.2319e+05 - 1.2327e+05 | tensor(209, 16384) -> tensor(209, 16384) | ACT: 0mJ  | RD: 0mJ  | WR: 0mJ  | all_ACT: 0mJ  | all_RD: 0mJ  | all_WR: 0mJ  | MAC: 0mJ  | Total: 0mJ | compute util: 0, memory util: 0, Op/B 0
		residual_1 | 1.2841us  | 1.2327e+05 - 1.2327e+05 | tensor(209, 16384) -> tensor(209, 16384) | ACT: 0mJ  | RD: 0mJ  | WR: 0mJ  | all_ACT: 0mJ  | all_RD: 0mJ  | all_WR: 0mJ  | MAC: 0mJ  | Total: 0mJ | compute util: 0, memory util: 0, Op/B 0
	decoder_108 | 1144.9us  | 1.2327e+05 - 1.2441e+05 | tensor(209, 16384) -> tensor(209, 16384) | ACT: 1.3378mJ  | RD: 41.766mJ  | WR: 0.22376mJ  | all_ACT: 0mJ  | all_RD: 0mJ  | all_WR: 0mJ  | MAC: 1007.7mJ  | Total: 43.327mJ | compute util: 0, memory util: 0, Op/B 2903.9
		input_layer_norm | 0.85811us  | 1.2327e+05 - 1.2327e+05 | tensor(209, 16384) -> tensor(209, 16384) | ACT: 0mJ  | RD: 0mJ  | WR: 0mJ  | all_ACT: 0mJ  | all_RD: 0mJ  | all_WR: 0mJ  | MAC: 0mJ  | Total: 0mJ | compute util: 0, memory util: 0, Op/B 0
		attention | 1054.4us  | 1.2327e+05 - 1.2432e+05 | tensor(209, 16384) -> tensor(209, 16384) | ACT: 1.2547mJ  | RD: 39.268mJ  | WR: 0.09888mJ  | all_ACT: 0mJ  | all_RD: 0mJ  | all_WR: 0mJ  | MAC: 999.85mJ  | Total: 40.621mJ | compute util: 0, memory util: 0, Op/B 3073
			attn_qkv_proj | 1.6227us  | 1.2327e+05 - 1.2327e+05 | tensor(209, 16384) -> tensor(209, 576) | ACT: 0.011519mJ  | RD: 0.35834mJ  | WR: 0.0034214mJ  | all_ACT: 0mJ  | all_RD: 0mJ  | all_WR: 0mJ  | MAC: 0.90729mJ  | Total: 0.37328mJ | compute util: 0, memory util: 0, Op/B 303.87
				Linear | 1.6227us  | 1.2327e+05 - 1.2327e+05 | tensor(209, 16384) -> tensor(209, 576) | ACT: 0.011519mJ  | RD: 0.35834mJ  | WR: 0.0034214mJ  | all_ACT: 0mJ  | all_RD: 0mJ  | all_WR: 0mJ  | MAC: 0.90729mJ  | Total: 0.37328mJ | compute util: 0.54021, memory util: 1, Op/B 303.87, GPU
			self_attention | 976.9us  | 1.2327e+05 - 1.2425e+05 | tensor(209, 576) -> tensor(209, 512) | ACT: 1.2326mJ  | RD: 38.672mJ  | WR: 0mJ  | all_ACT: 0mJ  | all_RD: 0mJ  | all_WR: 0mJ  | MAC: 998.14mJ  | Total: 39.905mJ | compute util: 0, memory util: 0, Op/B 3122.7
				AttentionSplit | 0us  | 1.2327e+05 - 1.2327e+05 | tensor(209, 576) -> tensor(0, 768) tensor(209, 768) | ACT: 0mJ  | RD: 0mJ  | WR: 0mJ  | all_ACT: 0mJ  | all_RD: 0mJ  | all_WR: 0mJ  | MAC: 0mJ  | Total: 0mJ | compute util: 0, memory util: 0, Op/B 0
				AttentionSum | 0us  | 1.2327e+05 - 1.2327e+05 | tensor(0, 768) -> tensor(0, 2048) | ACT: 0mJ  | RD: 0mJ  | WR: 0mJ  | all_ACT: 0mJ  | all_RD: 0mJ  | all_WR: 0mJ  | MAC: 0mJ  | Total: 0mJ | compute util: 0, memory util: 0, Op/B 0, GPU
				AttentionGen | 964.39us  | 1.2327e+05 - 1.2424e+05 | tensor(209, 768) -> tensor(209, 2048) | ACT: 1.2326mJ  | RD: 38.672mJ  | WR: 0mJ  | all_ACT: 0mJ  | all_RD: 0mJ  | all_WR: 0mJ  | MAC: 998.14mJ  | Total: 39.905mJ | compute util: 1, memory util: 0.18013, Op/B 3122.7, GPU
				context_merge | 12.517us  | 1.2424e+05 - 1.2425e+05 | tensor(209, 2048) -> tensor(209, 2048) | ACT: 0mJ  | RD: 0mJ  | WR: 0mJ  | all_ACT: 0mJ  | all_RD: 0mJ  | all_WR: 0mJ  | MAC: 0mJ  | Total: 0mJ | compute util: 0, memory util: 0, Op/B 0
				AttentionMerge | 0us  | 1.2425e+05 - 1.2425e+05 | tensor(0, 2048) tensor(209, 2048) -> tensor(209, 512) | ACT: 0mJ  | RD: 0mJ  | WR: 0mJ  | all_ACT: 0mJ  | all_RD: 0mJ  | all_WR: 0mJ  | MAC: 0mJ  | Total: 0mJ | compute util: 0, memory util: 0, Op/B 0
			attn_o_proj | 1.49us  | 1.2425e+05 - 1.2425e+05 | tensor(209, 512) -> tensor(209, 16384) | ACT: 0.010588mJ  | RD: 0.23688mJ  | WR: 0.095458mJ  | all_ACT: 0mJ  | all_RD: 0mJ  | all_WR: 0mJ  | MAC: 0.80648mJ  | Total: 0.34292mJ | compute util: 0, memory util: 0, Op/B 294.17
				Linear | 1.49us  | 1.2425e+05 - 1.2425e+05 | tensor(209, 512) -> tensor(209, 16384) | ACT: 0.010588mJ  | RD: 0.23688mJ  | WR: 0.095458mJ  | all_ACT: 0mJ  | all_RD: 0mJ  | all_WR: 0mJ  | MAC: 0.80648mJ  | Total: 0.34292mJ | compute util: 0.52296, memory util: 1, Op/B 294.17, GPU
			all_reduce | 74.405us  | 1.2425e+05 - 1.2432e+05 | tensor(209, 16384) -> tensor(209, 16384) | ACT: 0mJ  | RD: 0mJ  | WR: 0mJ  | all_ACT: 0mJ  | all_RD: 0mJ  | all_WR: 0mJ  | MAC: 0mJ  | Total: 0mJ | compute util: 0, memory util: 0, Op/B 0
		residual_1 | 1.2841us  | 1.2432e+05 - 1.2433e+05 | tensor(209, 16384) -> tensor(209, 16384) | ACT: 0mJ  | RD: 0mJ  | WR: 0mJ  | all_ACT: 0mJ  | all_RD: 0mJ  | all_WR: 0mJ  | MAC: 0mJ  | Total: 0mJ | compute util: 0, memory util: 0, Op/B 0
		post_attn_layer_norm | 0.85811us  | 1.2433e+05 - 1.2433e+05 | tensor(209, 16384) -> tensor(209, 16384) | ACT: 0mJ  | RD: 0mJ  | WR: 0mJ  | all_ACT: 0mJ  | all_RD: 0mJ  | all_WR: 0mJ  | MAC: 0mJ  | Total: 0mJ | compute util: 0, memory util: 0, Op/B 0
		feedforward | 11.769us  | 1.2433e+05 - 1.2434e+05 | tensor(209, 16384) -> tensor(209, 16384) | ACT: 0.083075mJ  | RD: 2.498mJ  | WR: 0.12488mJ  | all_ACT: 0mJ  | all_RD: 0mJ  | all_WR: 0mJ  | MAC: 7.8632mJ  | Total: 2.706mJ | compute util: 0, memory util: 0, Op/B 363.13
			gate_proj | 3.8794us  | 1.2433e+05 - 1.2433e+05 | tensor(209, 16384) -> tensor(209, 1664) | ACT: 0.027459mJ  | RD: 0.85468mJ  | WR: 0.0098081mJ  | all_ACT: 0mJ  | all_RD: 0mJ  | all_WR: 0mJ  | MAC: 2.6211mJ  | Total: 0.89194mJ | compute util: 0, memory util: 0, Op/B 367.2
				Linear | 3.8794us  | 1.2433e+05 - 1.2433e+05 | tensor(209, 16384) -> tensor(209, 1664) | ACT: 0.027459mJ  | RD: 0.85468mJ  | WR: 0.0098081mJ  | all_ACT: 0mJ  | all_RD: 0mJ  | all_WR: 0mJ  | MAC: 2.6211mJ  | Total: 0.89194mJ | compute util: 0.65279, memory util: 1, Op/B 367.2, GPU
			activation | 0.13042us  | 1.2433e+05 - 1.2433e+05 | tensor(209, 1664) -> tensor(209, 1664) | ACT: 0.00069811mJ  | RD: 0.019616mJ  | WR: 0.0098081mJ  | all_ACT: 0mJ  | all_RD: 0mJ  | all_WR: 0mJ  | MAC: 0mJ  | Total: 0.030122mJ | compute util: 0, memory util: 1, Op/B 0, GPU
			up_proj | 3.8794us  | 1.2433e+05 - 1.2433e+05 | tensor(209, 16384) -> tensor(209, 1664) | ACT: 0.027459mJ  | RD: 0.85468mJ  | WR: 0.0098081mJ  | all_ACT: 0mJ  | all_RD: 0mJ  | all_WR: 0mJ  | MAC: 2.6211mJ  | Total: 0.89194mJ | compute util: 0, memory util: 0, Op/B 367.2
				Linear | 3.8794us  | 1.2433e+05 - 1.2433e+05 | tensor(209, 16384) -> tensor(209, 1664) | ACT: 0.027459mJ  | RD: 0.85468mJ  | WR: 0.0098081mJ  | all_ACT: 0mJ  | all_RD: 0mJ  | all_WR: 0mJ  | MAC: 2.6211mJ  | Total: 0.89194mJ | compute util: 0.65279, memory util: 1, Op/B 367.2, GPU
			down_proj | 3.8794us  | 1.2433e+05 - 1.2434e+05 | tensor(209, 1664) -> tensor(209, 16384) | ACT: 0.027459mJ  | RD: 0.76903mJ  | WR: 0.095458mJ  | all_ACT: 0mJ  | all_RD: 0mJ  | all_WR: 0mJ  | MAC: 2.6211mJ  | Total: 0.89194mJ | compute util: 0, memory util: 0, Op/B 367.2
				Linear | 3.8794us  | 1.2433e+05 - 1.2434e+05 | tensor(209, 1664) -> tensor(209, 16384) | ACT: 0.027459mJ  | RD: 0.76903mJ  | WR: 0.095458mJ  | all_ACT: 0mJ  | all_RD: 0mJ  | all_WR: 0mJ  | MAC: 2.6211mJ  | Total: 0.89194mJ | compute util: 0.65279, memory util: 1, Op/B 367.2, GPU
		all_reduce | 74.405us  | 1.2434e+05 - 1.2441e+05 | tensor(209, 16384) -> tensor(209, 16384) | ACT: 0mJ  | RD: 0mJ  | WR: 0mJ  | all_ACT: 0mJ  | all_RD: 0mJ  | all_WR: 0mJ  | MAC: 0mJ  | Total: 0mJ | compute util: 0, memory util: 0, Op/B 0
		residual_1 | 1.2841us  | 1.2441e+05 - 1.2441e+05 | tensor(209, 16384) -> tensor(209, 16384) | ACT: 0mJ  | RD: 0mJ  | WR: 0mJ  | all_ACT: 0mJ  | all_RD: 0mJ  | all_WR: 0mJ  | MAC: 0mJ  | Total: 0mJ | compute util: 0, memory util: 0, Op/B 0
	decoder_109 | 1137.9us  | 1.2441e+05 - 1.2555e+05 | tensor(209, 16384) -> tensor(209, 16384) | ACT: 1.3378mJ  | RD: 41.766mJ  | WR: 0.22376mJ  | all_ACT: 0mJ  | all_RD: 0mJ  | all_WR: 0mJ  | MAC: 1007.7mJ  | Total: 43.327mJ | compute util: 0, memory util: 0, Op/B 2903.9
		input_layer_norm | 0.85811us  | 1.2441e+05 - 1.2441e+05 | tensor(209, 16384) -> tensor(209, 16384) | ACT: 0mJ  | RD: 0mJ  | WR: 0mJ  | all_ACT: 0mJ  | all_RD: 0mJ  | all_WR: 0mJ  | MAC: 0mJ  | Total: 0mJ | compute util: 0, memory util: 0, Op/B 0
		attention | 1047.4us  | 1.2441e+05 - 1.2546e+05 | tensor(209, 16384) -> tensor(209, 16384) | ACT: 1.2547mJ  | RD: 39.268mJ  | WR: 0.09888mJ  | all_ACT: 0mJ  | all_RD: 0mJ  | all_WR: 0mJ  | MAC: 999.85mJ  | Total: 40.621mJ | compute util: 0, memory util: 0, Op/B 3073
			attn_qkv_proj | 1.6227us  | 1.2441e+05 - 1.2442e+05 | tensor(209, 16384) -> tensor(209, 576) | ACT: 0.011519mJ  | RD: 0.35834mJ  | WR: 0.0034214mJ  | all_ACT: 0mJ  | all_RD: 0mJ  | all_WR: 0mJ  | MAC: 0.90729mJ  | Total: 0.37328mJ | compute util: 0, memory util: 0, Op/B 303.87
				Linear | 1.6227us  | 1.2441e+05 - 1.2442e+05 | tensor(209, 16384) -> tensor(209, 576) | ACT: 0.011519mJ  | RD: 0.35834mJ  | WR: 0.0034214mJ  | all_ACT: 0mJ  | all_RD: 0mJ  | all_WR: 0mJ  | MAC: 0.90729mJ  | Total: 0.37328mJ | compute util: 0.54021, memory util: 1, Op/B 303.87, GPU
			self_attention | 969.9us  | 1.2442e+05 - 1.2539e+05 | tensor(209, 576) -> tensor(209, 512) | ACT: 1.2326mJ  | RD: 38.672mJ  | WR: 0mJ  | all_ACT: 0mJ  | all_RD: 0mJ  | all_WR: 0mJ  | MAC: 998.14mJ  | Total: 39.905mJ | compute util: 0, memory util: 0, Op/B 3122.7
				AttentionSplit | 0us  | 1.2442e+05 - 1.2442e+05 | tensor(209, 576) -> tensor(0, 768) tensor(209, 768) | ACT: 0mJ  | RD: 0mJ  | WR: 0mJ  | all_ACT: 0mJ  | all_RD: 0mJ  | all_WR: 0mJ  | MAC: 0mJ  | Total: 0mJ | compute util: 0, memory util: 0, Op/B 0
				AttentionSum | 0us  | 1.2442e+05 - 1.2442e+05 | tensor(0, 768) -> tensor(0, 2048) | ACT: 0mJ  | RD: 0mJ  | WR: 0mJ  | all_ACT: 0mJ  | all_RD: 0mJ  | all_WR: 0mJ  | MAC: 0mJ  | Total: 0mJ | compute util: 0, memory util: 0, Op/B 0, GPU
				AttentionGen | 964.39us  | 1.2442e+05 - 1.2538e+05 | tensor(209, 768) -> tensor(209, 2048) | ACT: 1.2326mJ  | RD: 38.672mJ  | WR: 0mJ  | all_ACT: 0mJ  | all_RD: 0mJ  | all_WR: 0mJ  | MAC: 998.14mJ  | Total: 39.905mJ | compute util: 1, memory util: 0.18013, Op/B 3122.7, GPU
				context_merge | 5.5134us  | 1.2538e+05 - 1.2539e+05 | tensor(209, 2048) -> tensor(209, 2048) | ACT: 0mJ  | RD: 0mJ  | WR: 0mJ  | all_ACT: 0mJ  | all_RD: 0mJ  | all_WR: 0mJ  | MAC: 0mJ  | Total: 0mJ | compute util: 0, memory util: 0, Op/B 0
				AttentionMerge | 0us  | 1.2539e+05 - 1.2539e+05 | tensor(0, 2048) tensor(209, 2048) -> tensor(209, 512) | ACT: 0mJ  | RD: 0mJ  | WR: 0mJ  | all_ACT: 0mJ  | all_RD: 0mJ  | all_WR: 0mJ  | MAC: 0mJ  | Total: 0mJ | compute util: 0, memory util: 0, Op/B 0
			attn_o_proj | 1.49us  | 1.2539e+05 - 1.2539e+05 | tensor(209, 512) -> tensor(209, 16384) | ACT: 0.010588mJ  | RD: 0.23688mJ  | WR: 0.095458mJ  | all_ACT: 0mJ  | all_RD: 0mJ  | all_WR: 0mJ  | MAC: 0.80648mJ  | Total: 0.34292mJ | compute util: 0, memory util: 0, Op/B 294.17
				Linear | 1.49us  | 1.2539e+05 - 1.2539e+05 | tensor(209, 512) -> tensor(209, 16384) | ACT: 0.010588mJ  | RD: 0.23688mJ  | WR: 0.095458mJ  | all_ACT: 0mJ  | all_RD: 0mJ  | all_WR: 0mJ  | MAC: 0.80648mJ  | Total: 0.34292mJ | compute util: 0.52296, memory util: 1, Op/B 294.17, GPU
			all_reduce | 74.405us  | 1.2539e+05 - 1.2546e+05 | tensor(209, 16384) -> tensor(209, 16384) | ACT: 0mJ  | RD: 0mJ  | WR: 0mJ  | all_ACT: 0mJ  | all_RD: 0mJ  | all_WR: 0mJ  | MAC: 0mJ  | Total: 0mJ | compute util: 0, memory util: 0, Op/B 0
		residual_1 | 1.2841us  | 1.2546e+05 - 1.2546e+05 | tensor(209, 16384) -> tensor(209, 16384) | ACT: 0mJ  | RD: 0mJ  | WR: 0mJ  | all_ACT: 0mJ  | all_RD: 0mJ  | all_WR: 0mJ  | MAC: 0mJ  | Total: 0mJ | compute util: 0, memory util: 0, Op/B 0
		post_attn_layer_norm | 0.85811us  | 1.2546e+05 - 1.2546e+05 | tensor(209, 16384) -> tensor(209, 16384) | ACT: 0mJ  | RD: 0mJ  | WR: 0mJ  | all_ACT: 0mJ  | all_RD: 0mJ  | all_WR: 0mJ  | MAC: 0mJ  | Total: 0mJ | compute util: 0, memory util: 0, Op/B 0
		feedforward | 11.769us  | 1.2546e+05 - 1.2548e+05 | tensor(209, 16384) -> tensor(209, 16384) | ACT: 0.083075mJ  | RD: 2.498mJ  | WR: 0.12488mJ  | all_ACT: 0mJ  | all_RD: 0mJ  | all_WR: 0mJ  | MAC: 7.8632mJ  | Total: 2.706mJ | compute util: 0, memory util: 0, Op/B 363.13
			gate_proj | 3.8794us  | 1.2546e+05 - 1.2547e+05 | tensor(209, 16384) -> tensor(209, 1664) | ACT: 0.027459mJ  | RD: 0.85468mJ  | WR: 0.0098081mJ  | all_ACT: 0mJ  | all_RD: 0mJ  | all_WR: 0mJ  | MAC: 2.6211mJ  | Total: 0.89194mJ | compute util: 0, memory util: 0, Op/B 367.2
				Linear | 3.8794us  | 1.2546e+05 - 1.2547e+05 | tensor(209, 16384) -> tensor(209, 1664) | ACT: 0.027459mJ  | RD: 0.85468mJ  | WR: 0.0098081mJ  | all_ACT: 0mJ  | all_RD: 0mJ  | all_WR: 0mJ  | MAC: 2.6211mJ  | Total: 0.89194mJ | compute util: 0.65279, memory util: 1, Op/B 367.2, GPU
			activation | 0.13042us  | 1.2547e+05 - 1.2547e+05 | tensor(209, 1664) -> tensor(209, 1664) | ACT: 0.00069811mJ  | RD: 0.019616mJ  | WR: 0.0098081mJ  | all_ACT: 0mJ  | all_RD: 0mJ  | all_WR: 0mJ  | MAC: 0mJ  | Total: 0.030122mJ | compute util: 0, memory util: 1, Op/B 0, GPU
			up_proj | 3.8794us  | 1.2547e+05 - 1.2547e+05 | tensor(209, 16384) -> tensor(209, 1664) | ACT: 0.027459mJ  | RD: 0.85468mJ  | WR: 0.0098081mJ  | all_ACT: 0mJ  | all_RD: 0mJ  | all_WR: 0mJ  | MAC: 2.6211mJ  | Total: 0.89194mJ | compute util: 0, memory util: 0, Op/B 367.2
				Linear | 3.8794us  | 1.2547e+05 - 1.2547e+05 | tensor(209, 16384) -> tensor(209, 1664) | ACT: 0.027459mJ  | RD: 0.85468mJ  | WR: 0.0098081mJ  | all_ACT: 0mJ  | all_RD: 0mJ  | all_WR: 0mJ  | MAC: 2.6211mJ  | Total: 0.89194mJ | compute util: 0.65279, memory util: 1, Op/B 367.2, GPU
			down_proj | 3.8794us  | 1.2547e+05 - 1.2548e+05 | tensor(209, 1664) -> tensor(209, 16384) | ACT: 0.027459mJ  | RD: 0.76903mJ  | WR: 0.095458mJ  | all_ACT: 0mJ  | all_RD: 0mJ  | all_WR: 0mJ  | MAC: 2.6211mJ  | Total: 0.89194mJ | compute util: 0, memory util: 0, Op/B 367.2
				Linear | 3.8794us  | 1.2547e+05 - 1.2548e+05 | tensor(209, 1664) -> tensor(209, 16384) | ACT: 0.027459mJ  | RD: 0.76903mJ  | WR: 0.095458mJ  | all_ACT: 0mJ  | all_RD: 0mJ  | all_WR: 0mJ  | MAC: 2.6211mJ  | Total: 0.89194mJ | compute util: 0.65279, memory util: 1, Op/B 367.2, GPU
		all_reduce | 74.405us  | 1.2548e+05 - 1.2555e+05 | tensor(209, 16384) -> tensor(209, 16384) | ACT: 0mJ  | RD: 0mJ  | WR: 0mJ  | all_ACT: 0mJ  | all_RD: 0mJ  | all_WR: 0mJ  | MAC: 0mJ  | Total: 0mJ | compute util: 0, memory util: 0, Op/B 0
		residual_1 | 1.2841us  | 1.2555e+05 - 1.2555e+05 | tensor(209, 16384) -> tensor(209, 16384) | ACT: 0mJ  | RD: 0mJ  | WR: 0mJ  | all_ACT: 0mJ  | all_RD: 0mJ  | all_WR: 0mJ  | MAC: 0mJ  | Total: 0mJ | compute util: 0, memory util: 0, Op/B 0
	decoder_110 | 1144.9us  | 1.2555e+05 - 1.267e+05 | tensor(209, 16384) -> tensor(209, 16384) | ACT: 1.3378mJ  | RD: 41.766mJ  | WR: 0.22376mJ  | all_ACT: 0mJ  | all_RD: 0mJ  | all_WR: 0mJ  | MAC: 1007.7mJ  | Total: 43.327mJ | compute util: 0, memory util: 0, Op/B 2903.9
		input_layer_norm | 0.85811us  | 1.2555e+05 - 1.2555e+05 | tensor(209, 16384) -> tensor(209, 16384) | ACT: 0mJ  | RD: 0mJ  | WR: 0mJ  | all_ACT: 0mJ  | all_RD: 0mJ  | all_WR: 0mJ  | MAC: 0mJ  | Total: 0mJ | compute util: 0, memory util: 0, Op/B 0
		attention | 1054.4us  | 1.2555e+05 - 1.2661e+05 | tensor(209, 16384) -> tensor(209, 16384) | ACT: 1.2547mJ  | RD: 39.268mJ  | WR: 0.09888mJ  | all_ACT: 0mJ  | all_RD: 0mJ  | all_WR: 0mJ  | MAC: 999.85mJ  | Total: 40.621mJ | compute util: 0, memory util: 0, Op/B 3073
			attn_qkv_proj | 1.6227us  | 1.2555e+05 - 1.2555e+05 | tensor(209, 16384) -> tensor(209, 576) | ACT: 0.011519mJ  | RD: 0.35834mJ  | WR: 0.0034214mJ  | all_ACT: 0mJ  | all_RD: 0mJ  | all_WR: 0mJ  | MAC: 0.90729mJ  | Total: 0.37328mJ | compute util: 0, memory util: 0, Op/B 303.87
				Linear | 1.6227us  | 1.2555e+05 - 1.2555e+05 | tensor(209, 16384) -> tensor(209, 576) | ACT: 0.011519mJ  | RD: 0.35834mJ  | WR: 0.0034214mJ  | all_ACT: 0mJ  | all_RD: 0mJ  | all_WR: 0mJ  | MAC: 0.90729mJ  | Total: 0.37328mJ | compute util: 0.54021, memory util: 1, Op/B 303.87, GPU
			self_attention | 976.9us  | 1.2555e+05 - 1.2653e+05 | tensor(209, 576) -> tensor(209, 512) | ACT: 1.2326mJ  | RD: 38.672mJ  | WR: 0mJ  | all_ACT: 0mJ  | all_RD: 0mJ  | all_WR: 0mJ  | MAC: 998.14mJ  | Total: 39.905mJ | compute util: 0, memory util: 0, Op/B 3122.7
				AttentionSplit | 0us  | 1.2555e+05 - 1.2555e+05 | tensor(209, 576) -> tensor(0, 768) tensor(209, 768) | ACT: 0mJ  | RD: 0mJ  | WR: 0mJ  | all_ACT: 0mJ  | all_RD: 0mJ  | all_WR: 0mJ  | MAC: 0mJ  | Total: 0mJ | compute util: 0, memory util: 0, Op/B 0
				AttentionSum | 0us  | 1.2555e+05 - 1.2555e+05 | tensor(0, 768) -> tensor(0, 2048) | ACT: 0mJ  | RD: 0mJ  | WR: 0mJ  | all_ACT: 0mJ  | all_RD: 0mJ  | all_WR: 0mJ  | MAC: 0mJ  | Total: 0mJ | compute util: 0, memory util: 0, Op/B 0, GPU
				AttentionGen | 964.39us  | 1.2555e+05 - 1.2652e+05 | tensor(209, 768) -> tensor(209, 2048) | ACT: 1.2326mJ  | RD: 38.672mJ  | WR: 0mJ  | all_ACT: 0mJ  | all_RD: 0mJ  | all_WR: 0mJ  | MAC: 998.14mJ  | Total: 39.905mJ | compute util: 1, memory util: 0.18013, Op/B 3122.7, GPU
				context_merge | 12.517us  | 1.2652e+05 - 1.2653e+05 | tensor(209, 2048) -> tensor(209, 2048) | ACT: 0mJ  | RD: 0mJ  | WR: 0mJ  | all_ACT: 0mJ  | all_RD: 0mJ  | all_WR: 0mJ  | MAC: 0mJ  | Total: 0mJ | compute util: 0, memory util: 0, Op/B 0
				AttentionMerge | 0us  | 1.2653e+05 - 1.2653e+05 | tensor(0, 2048) tensor(209, 2048) -> tensor(209, 512) | ACT: 0mJ  | RD: 0mJ  | WR: 0mJ  | all_ACT: 0mJ  | all_RD: 0mJ  | all_WR: 0mJ  | MAC: 0mJ  | Total: 0mJ | compute util: 0, memory util: 0, Op/B 0
			attn_o_proj | 1.49us  | 1.2653e+05 - 1.2653e+05 | tensor(209, 512) -> tensor(209, 16384) | ACT: 0.010588mJ  | RD: 0.23688mJ  | WR: 0.095458mJ  | all_ACT: 0mJ  | all_RD: 0mJ  | all_WR: 0mJ  | MAC: 0.80648mJ  | Total: 0.34292mJ | compute util: 0, memory util: 0, Op/B 294.17
				Linear | 1.49us  | 1.2653e+05 - 1.2653e+05 | tensor(209, 512) -> tensor(209, 16384) | ACT: 0.010588mJ  | RD: 0.23688mJ  | WR: 0.095458mJ  | all_ACT: 0mJ  | all_RD: 0mJ  | all_WR: 0mJ  | MAC: 0.80648mJ  | Total: 0.34292mJ | compute util: 0.52296, memory util: 1, Op/B 294.17, GPU
			all_reduce | 74.405us  | 1.2653e+05 - 1.2661e+05 | tensor(209, 16384) -> tensor(209, 16384) | ACT: 0mJ  | RD: 0mJ  | WR: 0mJ  | all_ACT: 0mJ  | all_RD: 0mJ  | all_WR: 0mJ  | MAC: 0mJ  | Total: 0mJ | compute util: 0, memory util: 0, Op/B 0
		residual_1 | 1.2841us  | 1.2661e+05 - 1.2661e+05 | tensor(209, 16384) -> tensor(209, 16384) | ACT: 0mJ  | RD: 0mJ  | WR: 0mJ  | all_ACT: 0mJ  | all_RD: 0mJ  | all_WR: 0mJ  | MAC: 0mJ  | Total: 0mJ | compute util: 0, memory util: 0, Op/B 0
		post_attn_layer_norm | 0.85811us  | 1.2661e+05 - 1.2661e+05 | tensor(209, 16384) -> tensor(209, 16384) | ACT: 0mJ  | RD: 0mJ  | WR: 0mJ  | all_ACT: 0mJ  | all_RD: 0mJ  | all_WR: 0mJ  | MAC: 0mJ  | Total: 0mJ | compute util: 0, memory util: 0, Op/B 0
		feedforward | 11.769us  | 1.2661e+05 - 1.2662e+05 | tensor(209, 16384) -> tensor(209, 16384) | ACT: 0.083075mJ  | RD: 2.498mJ  | WR: 0.12488mJ  | all_ACT: 0mJ  | all_RD: 0mJ  | all_WR: 0mJ  | MAC: 7.8632mJ  | Total: 2.706mJ | compute util: 0, memory util: 0, Op/B 363.13
			gate_proj | 3.8794us  | 1.2661e+05 - 1.2661e+05 | tensor(209, 16384) -> tensor(209, 1664) | ACT: 0.027459mJ  | RD: 0.85468mJ  | WR: 0.0098081mJ  | all_ACT: 0mJ  | all_RD: 0mJ  | all_WR: 0mJ  | MAC: 2.6211mJ  | Total: 0.89194mJ | compute util: 0, memory util: 0, Op/B 367.2
				Linear | 3.8794us  | 1.2661e+05 - 1.2661e+05 | tensor(209, 16384) -> tensor(209, 1664) | ACT: 0.027459mJ  | RD: 0.85468mJ  | WR: 0.0098081mJ  | all_ACT: 0mJ  | all_RD: 0mJ  | all_WR: 0mJ  | MAC: 2.6211mJ  | Total: 0.89194mJ | compute util: 0.65279, memory util: 1, Op/B 367.2, GPU
			activation | 0.13042us  | 1.2661e+05 - 1.2661e+05 | tensor(209, 1664) -> tensor(209, 1664) | ACT: 0.00069811mJ  | RD: 0.019616mJ  | WR: 0.0098081mJ  | all_ACT: 0mJ  | all_RD: 0mJ  | all_WR: 0mJ  | MAC: 0mJ  | Total: 0.030122mJ | compute util: 0, memory util: 1, Op/B 0, GPU
			up_proj | 3.8794us  | 1.2661e+05 - 1.2662e+05 | tensor(209, 16384) -> tensor(209, 1664) | ACT: 0.027459mJ  | RD: 0.85468mJ  | WR: 0.0098081mJ  | all_ACT: 0mJ  | all_RD: 0mJ  | all_WR: 0mJ  | MAC: 2.6211mJ  | Total: 0.89194mJ | compute util: 0, memory util: 0, Op/B 367.2
				Linear | 3.8794us  | 1.2661e+05 - 1.2662e+05 | tensor(209, 16384) -> tensor(209, 1664) | ACT: 0.027459mJ  | RD: 0.85468mJ  | WR: 0.0098081mJ  | all_ACT: 0mJ  | all_RD: 0mJ  | all_WR: 0mJ  | MAC: 2.6211mJ  | Total: 0.89194mJ | compute util: 0.65279, memory util: 1, Op/B 367.2, GPU
			down_proj | 3.8794us  | 1.2662e+05 - 1.2662e+05 | tensor(209, 1664) -> tensor(209, 16384) | ACT: 0.027459mJ  | RD: 0.76903mJ  | WR: 0.095458mJ  | all_ACT: 0mJ  | all_RD: 0mJ  | all_WR: 0mJ  | MAC: 2.6211mJ  | Total: 0.89194mJ | compute util: 0, memory util: 0, Op/B 367.2
				Linear | 3.8794us  | 1.2662e+05 - 1.2662e+05 | tensor(209, 1664) -> tensor(209, 16384) | ACT: 0.027459mJ  | RD: 0.76903mJ  | WR: 0.095458mJ  | all_ACT: 0mJ  | all_RD: 0mJ  | all_WR: 0mJ  | MAC: 2.6211mJ  | Total: 0.89194mJ | compute util: 0.65279, memory util: 1, Op/B 367.2, GPU
		all_reduce | 74.405us  | 1.2662e+05 - 1.267e+05 | tensor(209, 16384) -> tensor(209, 16384) | ACT: 0mJ  | RD: 0mJ  | WR: 0mJ  | all_ACT: 0mJ  | all_RD: 0mJ  | all_WR: 0mJ  | MAC: 0mJ  | Total: 0mJ | compute util: 0, memory util: 0, Op/B 0
		residual_1 | 1.2841us  | 1.267e+05 - 1.267e+05 | tensor(209, 16384) -> tensor(209, 16384) | ACT: 0mJ  | RD: 0mJ  | WR: 0mJ  | all_ACT: 0mJ  | all_RD: 0mJ  | all_WR: 0mJ  | MAC: 0mJ  | Total: 0mJ | compute util: 0, memory util: 0, Op/B 0
	decoder_111 | 1137.9us  | 1.267e+05 - 1.2783e+05 | tensor(209, 16384) -> tensor(209, 16384) | ACT: 1.3378mJ  | RD: 41.766mJ  | WR: 0.22376mJ  | all_ACT: 0mJ  | all_RD: 0mJ  | all_WR: 0mJ  | MAC: 1007.7mJ  | Total: 43.327mJ | compute util: 0, memory util: 0, Op/B 2903.9
		input_layer_norm | 0.85811us  | 1.267e+05 - 1.267e+05 | tensor(209, 16384) -> tensor(209, 16384) | ACT: 0mJ  | RD: 0mJ  | WR: 0mJ  | all_ACT: 0mJ  | all_RD: 0mJ  | all_WR: 0mJ  | MAC: 0mJ  | Total: 0mJ | compute util: 0, memory util: 0, Op/B 0
		attention | 1047.4us  | 1.267e+05 - 1.2774e+05 | tensor(209, 16384) -> tensor(209, 16384) | ACT: 1.2547mJ  | RD: 39.268mJ  | WR: 0.09888mJ  | all_ACT: 0mJ  | all_RD: 0mJ  | all_WR: 0mJ  | MAC: 999.85mJ  | Total: 40.621mJ | compute util: 0, memory util: 0, Op/B 3073
			attn_qkv_proj | 1.6227us  | 1.267e+05 - 1.267e+05 | tensor(209, 16384) -> tensor(209, 576) | ACT: 0.011519mJ  | RD: 0.35834mJ  | WR: 0.0034214mJ  | all_ACT: 0mJ  | all_RD: 0mJ  | all_WR: 0mJ  | MAC: 0.90729mJ  | Total: 0.37328mJ | compute util: 0, memory util: 0, Op/B 303.87
				Linear | 1.6227us  | 1.267e+05 - 1.267e+05 | tensor(209, 16384) -> tensor(209, 576) | ACT: 0.011519mJ  | RD: 0.35834mJ  | WR: 0.0034214mJ  | all_ACT: 0mJ  | all_RD: 0mJ  | all_WR: 0mJ  | MAC: 0.90729mJ  | Total: 0.37328mJ | compute util: 0.54021, memory util: 1, Op/B 303.87, GPU
			self_attention | 969.9us  | 1.267e+05 - 1.2767e+05 | tensor(209, 576) -> tensor(209, 512) | ACT: 1.2326mJ  | RD: 38.672mJ  | WR: 0mJ  | all_ACT: 0mJ  | all_RD: 0mJ  | all_WR: 0mJ  | MAC: 998.14mJ  | Total: 39.905mJ | compute util: 0, memory util: 0, Op/B 3122.7
				AttentionSplit | 0us  | 1.267e+05 - 1.267e+05 | tensor(209, 576) -> tensor(0, 768) tensor(209, 768) | ACT: 0mJ  | RD: 0mJ  | WR: 0mJ  | all_ACT: 0mJ  | all_RD: 0mJ  | all_WR: 0mJ  | MAC: 0mJ  | Total: 0mJ | compute util: 0, memory util: 0, Op/B 0
				AttentionSum | 0us  | 1.267e+05 - 1.267e+05 | tensor(0, 768) -> tensor(0, 2048) | ACT: 0mJ  | RD: 0mJ  | WR: 0mJ  | all_ACT: 0mJ  | all_RD: 0mJ  | all_WR: 0mJ  | MAC: 0mJ  | Total: 0mJ | compute util: 0, memory util: 0, Op/B 0, GPU
				AttentionGen | 964.39us  | 1.267e+05 - 1.2766e+05 | tensor(209, 768) -> tensor(209, 2048) | ACT: 1.2326mJ  | RD: 38.672mJ  | WR: 0mJ  | all_ACT: 0mJ  | all_RD: 0mJ  | all_WR: 0mJ  | MAC: 998.14mJ  | Total: 39.905mJ | compute util: 1, memory util: 0.18013, Op/B 3122.7, GPU
				context_merge | 5.5134us  | 1.2766e+05 - 1.2767e+05 | tensor(209, 2048) -> tensor(209, 2048) | ACT: 0mJ  | RD: 0mJ  | WR: 0mJ  | all_ACT: 0mJ  | all_RD: 0mJ  | all_WR: 0mJ  | MAC: 0mJ  | Total: 0mJ | compute util: 0, memory util: 0, Op/B 0
				AttentionMerge | 0us  | 1.2767e+05 - 1.2767e+05 | tensor(0, 2048) tensor(209, 2048) -> tensor(209, 512) | ACT: 0mJ  | RD: 0mJ  | WR: 0mJ  | all_ACT: 0mJ  | all_RD: 0mJ  | all_WR: 0mJ  | MAC: 0mJ  | Total: 0mJ | compute util: 0, memory util: 0, Op/B 0
			attn_o_proj | 1.49us  | 1.2767e+05 - 1.2767e+05 | tensor(209, 512) -> tensor(209, 16384) | ACT: 0.010588mJ  | RD: 0.23688mJ  | WR: 0.095458mJ  | all_ACT: 0mJ  | all_RD: 0mJ  | all_WR: 0mJ  | MAC: 0.80648mJ  | Total: 0.34292mJ | compute util: 0, memory util: 0, Op/B 294.17
				Linear | 1.49us  | 1.2767e+05 - 1.2767e+05 | tensor(209, 512) -> tensor(209, 16384) | ACT: 0.010588mJ  | RD: 0.23688mJ  | WR: 0.095458mJ  | all_ACT: 0mJ  | all_RD: 0mJ  | all_WR: 0mJ  | MAC: 0.80648mJ  | Total: 0.34292mJ | compute util: 0.52296, memory util: 1, Op/B 294.17, GPU
			all_reduce | 74.405us  | 1.2767e+05 - 1.2774e+05 | tensor(209, 16384) -> tensor(209, 16384) | ACT: 0mJ  | RD: 0mJ  | WR: 0mJ  | all_ACT: 0mJ  | all_RD: 0mJ  | all_WR: 0mJ  | MAC: 0mJ  | Total: 0mJ | compute util: 0, memory util: 0, Op/B 0
		residual_1 | 1.2841us  | 1.2774e+05 - 1.2775e+05 | tensor(209, 16384) -> tensor(209, 16384) | ACT: 0mJ  | RD: 0mJ  | WR: 0mJ  | all_ACT: 0mJ  | all_RD: 0mJ  | all_WR: 0mJ  | MAC: 0mJ  | Total: 0mJ | compute util: 0, memory util: 0, Op/B 0
		post_attn_layer_norm | 0.85811us  | 1.2775e+05 - 1.2775e+05 | tensor(209, 16384) -> tensor(209, 16384) | ACT: 0mJ  | RD: 0mJ  | WR: 0mJ  | all_ACT: 0mJ  | all_RD: 0mJ  | all_WR: 0mJ  | MAC: 0mJ  | Total: 0mJ | compute util: 0, memory util: 0, Op/B 0
		feedforward | 11.769us  | 1.2775e+05 - 1.2776e+05 | tensor(209, 16384) -> tensor(209, 16384) | ACT: 0.083075mJ  | RD: 2.498mJ  | WR: 0.12488mJ  | all_ACT: 0mJ  | all_RD: 0mJ  | all_WR: 0mJ  | MAC: 7.8632mJ  | Total: 2.706mJ | compute util: 0, memory util: 0, Op/B 363.13
			gate_proj | 3.8794us  | 1.2775e+05 - 1.2775e+05 | tensor(209, 16384) -> tensor(209, 1664) | ACT: 0.027459mJ  | RD: 0.85468mJ  | WR: 0.0098081mJ  | all_ACT: 0mJ  | all_RD: 0mJ  | all_WR: 0mJ  | MAC: 2.6211mJ  | Total: 0.89194mJ | compute util: 0, memory util: 0, Op/B 367.2
				Linear | 3.8794us  | 1.2775e+05 - 1.2775e+05 | tensor(209, 16384) -> tensor(209, 1664) | ACT: 0.027459mJ  | RD: 0.85468mJ  | WR: 0.0098081mJ  | all_ACT: 0mJ  | all_RD: 0mJ  | all_WR: 0mJ  | MAC: 2.6211mJ  | Total: 0.89194mJ | compute util: 0.65279, memory util: 1, Op/B 367.2, GPU
			activation | 0.13042us  | 1.2775e+05 - 1.2775e+05 | tensor(209, 1664) -> tensor(209, 1664) | ACT: 0.00069811mJ  | RD: 0.019616mJ  | WR: 0.0098081mJ  | all_ACT: 0mJ  | all_RD: 0mJ  | all_WR: 0mJ  | MAC: 0mJ  | Total: 0.030122mJ | compute util: 0, memory util: 1, Op/B 0, GPU
			up_proj | 3.8794us  | 1.2775e+05 - 1.2775e+05 | tensor(209, 16384) -> tensor(209, 1664) | ACT: 0.027459mJ  | RD: 0.85468mJ  | WR: 0.0098081mJ  | all_ACT: 0mJ  | all_RD: 0mJ  | all_WR: 0mJ  | MAC: 2.6211mJ  | Total: 0.89194mJ | compute util: 0, memory util: 0, Op/B 367.2
				Linear | 3.8794us  | 1.2775e+05 - 1.2775e+05 | tensor(209, 16384) -> tensor(209, 1664) | ACT: 0.027459mJ  | RD: 0.85468mJ  | WR: 0.0098081mJ  | all_ACT: 0mJ  | all_RD: 0mJ  | all_WR: 0mJ  | MAC: 2.6211mJ  | Total: 0.89194mJ | compute util: 0.65279, memory util: 1, Op/B 367.2, GPU
			down_proj | 3.8794us  | 1.2775e+05 - 1.2776e+05 | tensor(209, 1664) -> tensor(209, 16384) | ACT: 0.027459mJ  | RD: 0.76903mJ  | WR: 0.095458mJ  | all_ACT: 0mJ  | all_RD: 0mJ  | all_WR: 0mJ  | MAC: 2.6211mJ  | Total: 0.89194mJ | compute util: 0, memory util: 0, Op/B 367.2
				Linear | 3.8794us  | 1.2775e+05 - 1.2776e+05 | tensor(209, 1664) -> tensor(209, 16384) | ACT: 0.027459mJ  | RD: 0.76903mJ  | WR: 0.095458mJ  | all_ACT: 0mJ  | all_RD: 0mJ  | all_WR: 0mJ  | MAC: 2.6211mJ  | Total: 0.89194mJ | compute util: 0.65279, memory util: 1, Op/B 367.2, GPU
		all_reduce | 74.405us  | 1.2776e+05 - 1.2783e+05 | tensor(209, 16384) -> tensor(209, 16384) | ACT: 0mJ  | RD: 0mJ  | WR: 0mJ  | all_ACT: 0mJ  | all_RD: 0mJ  | all_WR: 0mJ  | MAC: 0mJ  | Total: 0mJ | compute util: 0, memory util: 0, Op/B 0
		residual_1 | 1.2841us  | 1.2783e+05 - 1.2783e+05 | tensor(209, 16384) -> tensor(209, 16384) | ACT: 0mJ  | RD: 0mJ  | WR: 0mJ  | all_ACT: 0mJ  | all_RD: 0mJ  | all_WR: 0mJ  | MAC: 0mJ  | Total: 0mJ | compute util: 0, memory util: 0, Op/B 0
	decoder_112 | 1144.9us  | 1.2783e+05 - 1.2898e+05 | tensor(209, 16384) -> tensor(209, 16384) | ACT: 1.3378mJ  | RD: 41.766mJ  | WR: 0.22376mJ  | all_ACT: 0mJ  | all_RD: 0mJ  | all_WR: 0mJ  | MAC: 1007.7mJ  | Total: 43.327mJ | compute util: 0, memory util: 0, Op/B 2903.9
		input_layer_norm | 0.85811us  | 1.2783e+05 - 1.2784e+05 | tensor(209, 16384) -> tensor(209, 16384) | ACT: 0mJ  | RD: 0mJ  | WR: 0mJ  | all_ACT: 0mJ  | all_RD: 0mJ  | all_WR: 0mJ  | MAC: 0mJ  | Total: 0mJ | compute util: 0, memory util: 0, Op/B 0
		attention | 1054.4us  | 1.2784e+05 - 1.2889e+05 | tensor(209, 16384) -> tensor(209, 16384) | ACT: 1.2547mJ  | RD: 39.268mJ  | WR: 0.09888mJ  | all_ACT: 0mJ  | all_RD: 0mJ  | all_WR: 0mJ  | MAC: 999.85mJ  | Total: 40.621mJ | compute util: 0, memory util: 0, Op/B 3073
			attn_qkv_proj | 1.6227us  | 1.2784e+05 - 1.2784e+05 | tensor(209, 16384) -> tensor(209, 576) | ACT: 0.011519mJ  | RD: 0.35834mJ  | WR: 0.0034214mJ  | all_ACT: 0mJ  | all_RD: 0mJ  | all_WR: 0mJ  | MAC: 0.90729mJ  | Total: 0.37328mJ | compute util: 0, memory util: 0, Op/B 303.87
				Linear | 1.6227us  | 1.2784e+05 - 1.2784e+05 | tensor(209, 16384) -> tensor(209, 576) | ACT: 0.011519mJ  | RD: 0.35834mJ  | WR: 0.0034214mJ  | all_ACT: 0mJ  | all_RD: 0mJ  | all_WR: 0mJ  | MAC: 0.90729mJ  | Total: 0.37328mJ | compute util: 0.54021, memory util: 1, Op/B 303.87, GPU
			self_attention | 976.9us  | 1.2784e+05 - 1.2881e+05 | tensor(209, 576) -> tensor(209, 512) | ACT: 1.2326mJ  | RD: 38.672mJ  | WR: 0mJ  | all_ACT: 0mJ  | all_RD: 0mJ  | all_WR: 0mJ  | MAC: 998.14mJ  | Total: 39.905mJ | compute util: 0, memory util: 0, Op/B 3122.7
				AttentionSplit | 0us  | 1.2784e+05 - 1.2784e+05 | tensor(209, 576) -> tensor(0, 768) tensor(209, 768) | ACT: 0mJ  | RD: 0mJ  | WR: 0mJ  | all_ACT: 0mJ  | all_RD: 0mJ  | all_WR: 0mJ  | MAC: 0mJ  | Total: 0mJ | compute util: 0, memory util: 0, Op/B 0
				AttentionSum | 0us  | 1.2784e+05 - 1.2784e+05 | tensor(0, 768) -> tensor(0, 2048) | ACT: 0mJ  | RD: 0mJ  | WR: 0mJ  | all_ACT: 0mJ  | all_RD: 0mJ  | all_WR: 0mJ  | MAC: 0mJ  | Total: 0mJ | compute util: 0, memory util: 0, Op/B 0, GPU
				AttentionGen | 964.39us  | 1.2784e+05 - 1.288e+05 | tensor(209, 768) -> tensor(209, 2048) | ACT: 1.2326mJ  | RD: 38.672mJ  | WR: 0mJ  | all_ACT: 0mJ  | all_RD: 0mJ  | all_WR: 0mJ  | MAC: 998.14mJ  | Total: 39.905mJ | compute util: 1, memory util: 0.18013, Op/B 3122.7, GPU
				context_merge | 12.517us  | 1.288e+05 - 1.2881e+05 | tensor(209, 2048) -> tensor(209, 2048) | ACT: 0mJ  | RD: 0mJ  | WR: 0mJ  | all_ACT: 0mJ  | all_RD: 0mJ  | all_WR: 0mJ  | MAC: 0mJ  | Total: 0mJ | compute util: 0, memory util: 0, Op/B 0
				AttentionMerge | 0us  | 1.2881e+05 - 1.2881e+05 | tensor(0, 2048) tensor(209, 2048) -> tensor(209, 512) | ACT: 0mJ  | RD: 0mJ  | WR: 0mJ  | all_ACT: 0mJ  | all_RD: 0mJ  | all_WR: 0mJ  | MAC: 0mJ  | Total: 0mJ | compute util: 0, memory util: 0, Op/B 0
			attn_o_proj | 1.49us  | 1.2881e+05 - 1.2882e+05 | tensor(209, 512) -> tensor(209, 16384) | ACT: 0.010588mJ  | RD: 0.23688mJ  | WR: 0.095458mJ  | all_ACT: 0mJ  | all_RD: 0mJ  | all_WR: 0mJ  | MAC: 0.80648mJ  | Total: 0.34292mJ | compute util: 0, memory util: 0, Op/B 294.17
				Linear | 1.49us  | 1.2881e+05 - 1.2882e+05 | tensor(209, 512) -> tensor(209, 16384) | ACT: 0.010588mJ  | RD: 0.23688mJ  | WR: 0.095458mJ  | all_ACT: 0mJ  | all_RD: 0mJ  | all_WR: 0mJ  | MAC: 0.80648mJ  | Total: 0.34292mJ | compute util: 0.52296, memory util: 1, Op/B 294.17, GPU
			all_reduce | 74.405us  | 1.2882e+05 - 1.2889e+05 | tensor(209, 16384) -> tensor(209, 16384) | ACT: 0mJ  | RD: 0mJ  | WR: 0mJ  | all_ACT: 0mJ  | all_RD: 0mJ  | all_WR: 0mJ  | MAC: 0mJ  | Total: 0mJ | compute util: 0, memory util: 0, Op/B 0
		residual_1 | 1.2841us  | 1.2889e+05 - 1.2889e+05 | tensor(209, 16384) -> tensor(209, 16384) | ACT: 0mJ  | RD: 0mJ  | WR: 0mJ  | all_ACT: 0mJ  | all_RD: 0mJ  | all_WR: 0mJ  | MAC: 0mJ  | Total: 0mJ | compute util: 0, memory util: 0, Op/B 0
		post_attn_layer_norm | 0.85811us  | 1.2889e+05 - 1.2889e+05 | tensor(209, 16384) -> tensor(209, 16384) | ACT: 0mJ  | RD: 0mJ  | WR: 0mJ  | all_ACT: 0mJ  | all_RD: 0mJ  | all_WR: 0mJ  | MAC: 0mJ  | Total: 0mJ | compute util: 0, memory util: 0, Op/B 0
		feedforward | 11.769us  | 1.2889e+05 - 1.289e+05 | tensor(209, 16384) -> tensor(209, 16384) | ACT: 0.083075mJ  | RD: 2.498mJ  | WR: 0.12488mJ  | all_ACT: 0mJ  | all_RD: 0mJ  | all_WR: 0mJ  | MAC: 7.8632mJ  | Total: 2.706mJ | compute util: 0, memory util: 0, Op/B 363.13
			gate_proj | 3.8794us  | 1.2889e+05 - 1.289e+05 | tensor(209, 16384) -> tensor(209, 1664) | ACT: 0.027459mJ  | RD: 0.85468mJ  | WR: 0.0098081mJ  | all_ACT: 0mJ  | all_RD: 0mJ  | all_WR: 0mJ  | MAC: 2.6211mJ  | Total: 0.89194mJ | compute util: 0, memory util: 0, Op/B 367.2
				Linear | 3.8794us  | 1.2889e+05 - 1.289e+05 | tensor(209, 16384) -> tensor(209, 1664) | ACT: 0.027459mJ  | RD: 0.85468mJ  | WR: 0.0098081mJ  | all_ACT: 0mJ  | all_RD: 0mJ  | all_WR: 0mJ  | MAC: 2.6211mJ  | Total: 0.89194mJ | compute util: 0.65279, memory util: 1, Op/B 367.2, GPU
			activation | 0.13042us  | 1.289e+05 - 1.289e+05 | tensor(209, 1664) -> tensor(209, 1664) | ACT: 0.00069811mJ  | RD: 0.019616mJ  | WR: 0.0098081mJ  | all_ACT: 0mJ  | all_RD: 0mJ  | all_WR: 0mJ  | MAC: 0mJ  | Total: 0.030122mJ | compute util: 0, memory util: 1, Op/B 0, GPU
			up_proj | 3.8794us  | 1.289e+05 - 1.289e+05 | tensor(209, 16384) -> tensor(209, 1664) | ACT: 0.027459mJ  | RD: 0.85468mJ  | WR: 0.0098081mJ  | all_ACT: 0mJ  | all_RD: 0mJ  | all_WR: 0mJ  | MAC: 2.6211mJ  | Total: 0.89194mJ | compute util: 0, memory util: 0, Op/B 367.2
				Linear | 3.8794us  | 1.289e+05 - 1.289e+05 | tensor(209, 16384) -> tensor(209, 1664) | ACT: 0.027459mJ  | RD: 0.85468mJ  | WR: 0.0098081mJ  | all_ACT: 0mJ  | all_RD: 0mJ  | all_WR: 0mJ  | MAC: 2.6211mJ  | Total: 0.89194mJ | compute util: 0.65279, memory util: 1, Op/B 367.2, GPU
			down_proj | 3.8794us  | 1.289e+05 - 1.289e+05 | tensor(209, 1664) -> tensor(209, 16384) | ACT: 0.027459mJ  | RD: 0.76903mJ  | WR: 0.095458mJ  | all_ACT: 0mJ  | all_RD: 0mJ  | all_WR: 0mJ  | MAC: 2.6211mJ  | Total: 0.89194mJ | compute util: 0, memory util: 0, Op/B 367.2
				Linear | 3.8794us  | 1.289e+05 - 1.289e+05 | tensor(209, 1664) -> tensor(209, 16384) | ACT: 0.027459mJ  | RD: 0.76903mJ  | WR: 0.095458mJ  | all_ACT: 0mJ  | all_RD: 0mJ  | all_WR: 0mJ  | MAC: 2.6211mJ  | Total: 0.89194mJ | compute util: 0.65279, memory util: 1, Op/B 367.2, GPU
		all_reduce | 74.405us  | 1.289e+05 - 1.2898e+05 | tensor(209, 16384) -> tensor(209, 16384) | ACT: 0mJ  | RD: 0mJ  | WR: 0mJ  | all_ACT: 0mJ  | all_RD: 0mJ  | all_WR: 0mJ  | MAC: 0mJ  | Total: 0mJ | compute util: 0, memory util: 0, Op/B 0
		residual_1 | 1.2841us  | 1.2898e+05 - 1.2898e+05 | tensor(209, 16384) -> tensor(209, 16384) | ACT: 0mJ  | RD: 0mJ  | WR: 0mJ  | all_ACT: 0mJ  | all_RD: 0mJ  | all_WR: 0mJ  | MAC: 0mJ  | Total: 0mJ | compute util: 0, memory util: 0, Op/B 0
	decoder_113 | 1137.9us  | 1.2898e+05 - 1.3012e+05 | tensor(209, 16384) -> tensor(209, 16384) | ACT: 1.3378mJ  | RD: 41.766mJ  | WR: 0.22376mJ  | all_ACT: 0mJ  | all_RD: 0mJ  | all_WR: 0mJ  | MAC: 1007.7mJ  | Total: 43.327mJ | compute util: 0, memory util: 0, Op/B 2903.9
		input_layer_norm | 0.85811us  | 1.2898e+05 - 1.2898e+05 | tensor(209, 16384) -> tensor(209, 16384) | ACT: 0mJ  | RD: 0mJ  | WR: 0mJ  | all_ACT: 0mJ  | all_RD: 0mJ  | all_WR: 0mJ  | MAC: 0mJ  | Total: 0mJ | compute util: 0, memory util: 0, Op/B 0
		attention | 1047.4us  | 1.2898e+05 - 1.3003e+05 | tensor(209, 16384) -> tensor(209, 16384) | ACT: 1.2547mJ  | RD: 39.268mJ  | WR: 0.09888mJ  | all_ACT: 0mJ  | all_RD: 0mJ  | all_WR: 0mJ  | MAC: 999.85mJ  | Total: 40.621mJ | compute util: 0, memory util: 0, Op/B 3073
			attn_qkv_proj | 1.6227us  | 1.2898e+05 - 1.2898e+05 | tensor(209, 16384) -> tensor(209, 576) | ACT: 0.011519mJ  | RD: 0.35834mJ  | WR: 0.0034214mJ  | all_ACT: 0mJ  | all_RD: 0mJ  | all_WR: 0mJ  | MAC: 0.90729mJ  | Total: 0.37328mJ | compute util: 0, memory util: 0, Op/B 303.87
				Linear | 1.6227us  | 1.2898e+05 - 1.2898e+05 | tensor(209, 16384) -> tensor(209, 576) | ACT: 0.011519mJ  | RD: 0.35834mJ  | WR: 0.0034214mJ  | all_ACT: 0mJ  | all_RD: 0mJ  | all_WR: 0mJ  | MAC: 0.90729mJ  | Total: 0.37328mJ | compute util: 0.54021, memory util: 1, Op/B 303.87, GPU
			self_attention | 969.9us  | 1.2898e+05 - 1.2995e+05 | tensor(209, 576) -> tensor(209, 512) | ACT: 1.2326mJ  | RD: 38.672mJ  | WR: 0mJ  | all_ACT: 0mJ  | all_RD: 0mJ  | all_WR: 0mJ  | MAC: 998.14mJ  | Total: 39.905mJ | compute util: 0, memory util: 0, Op/B 3122.7
				AttentionSplit | 0us  | 1.2898e+05 - 1.2898e+05 | tensor(209, 576) -> tensor(0, 768) tensor(209, 768) | ACT: 0mJ  | RD: 0mJ  | WR: 0mJ  | all_ACT: 0mJ  | all_RD: 0mJ  | all_WR: 0mJ  | MAC: 0mJ  | Total: 0mJ | compute util: 0, memory util: 0, Op/B 0
				AttentionSum | 0us  | 1.2898e+05 - 1.2898e+05 | tensor(0, 768) -> tensor(0, 2048) | ACT: 0mJ  | RD: 0mJ  | WR: 0mJ  | all_ACT: 0mJ  | all_RD: 0mJ  | all_WR: 0mJ  | MAC: 0mJ  | Total: 0mJ | compute util: 0, memory util: 0, Op/B 0, GPU
				AttentionGen | 964.39us  | 1.2898e+05 - 1.2995e+05 | tensor(209, 768) -> tensor(209, 2048) | ACT: 1.2326mJ  | RD: 38.672mJ  | WR: 0mJ  | all_ACT: 0mJ  | all_RD: 0mJ  | all_WR: 0mJ  | MAC: 998.14mJ  | Total: 39.905mJ | compute util: 1, memory util: 0.18013, Op/B 3122.7, GPU
				context_merge | 5.5134us  | 1.2995e+05 - 1.2995e+05 | tensor(209, 2048) -> tensor(209, 2048) | ACT: 0mJ  | RD: 0mJ  | WR: 0mJ  | all_ACT: 0mJ  | all_RD: 0mJ  | all_WR: 0mJ  | MAC: 0mJ  | Total: 0mJ | compute util: 0, memory util: 0, Op/B 0
				AttentionMerge | 0us  | 1.2995e+05 - 1.2995e+05 | tensor(0, 2048) tensor(209, 2048) -> tensor(209, 512) | ACT: 0mJ  | RD: 0mJ  | WR: 0mJ  | all_ACT: 0mJ  | all_RD: 0mJ  | all_WR: 0mJ  | MAC: 0mJ  | Total: 0mJ | compute util: 0, memory util: 0, Op/B 0
			attn_o_proj | 1.49us  | 1.2995e+05 - 1.2995e+05 | tensor(209, 512) -> tensor(209, 16384) | ACT: 0.010588mJ  | RD: 0.23688mJ  | WR: 0.095458mJ  | all_ACT: 0mJ  | all_RD: 0mJ  | all_WR: 0mJ  | MAC: 0.80648mJ  | Total: 0.34292mJ | compute util: 0, memory util: 0, Op/B 294.17
				Linear | 1.49us  | 1.2995e+05 - 1.2995e+05 | tensor(209, 512) -> tensor(209, 16384) | ACT: 0.010588mJ  | RD: 0.23688mJ  | WR: 0.095458mJ  | all_ACT: 0mJ  | all_RD: 0mJ  | all_WR: 0mJ  | MAC: 0.80648mJ  | Total: 0.34292mJ | compute util: 0.52296, memory util: 1, Op/B 294.17, GPU
			all_reduce | 74.405us  | 1.2995e+05 - 1.3003e+05 | tensor(209, 16384) -> tensor(209, 16384) | ACT: 0mJ  | RD: 0mJ  | WR: 0mJ  | all_ACT: 0mJ  | all_RD: 0mJ  | all_WR: 0mJ  | MAC: 0mJ  | Total: 0mJ | compute util: 0, memory util: 0, Op/B 0
		residual_1 | 1.2841us  | 1.3003e+05 - 1.3003e+05 | tensor(209, 16384) -> tensor(209, 16384) | ACT: 0mJ  | RD: 0mJ  | WR: 0mJ  | all_ACT: 0mJ  | all_RD: 0mJ  | all_WR: 0mJ  | MAC: 0mJ  | Total: 0mJ | compute util: 0, memory util: 0, Op/B 0
		post_attn_layer_norm | 0.85811us  | 1.3003e+05 - 1.3003e+05 | tensor(209, 16384) -> tensor(209, 16384) | ACT: 0mJ  | RD: 0mJ  | WR: 0mJ  | all_ACT: 0mJ  | all_RD: 0mJ  | all_WR: 0mJ  | MAC: 0mJ  | Total: 0mJ | compute util: 0, memory util: 0, Op/B 0
		feedforward | 11.769us  | 1.3003e+05 - 1.3004e+05 | tensor(209, 16384) -> tensor(209, 16384) | ACT: 0.083075mJ  | RD: 2.498mJ  | WR: 0.12488mJ  | all_ACT: 0mJ  | all_RD: 0mJ  | all_WR: 0mJ  | MAC: 7.8632mJ  | Total: 2.706mJ | compute util: 0, memory util: 0, Op/B 363.13
			gate_proj | 3.8794us  | 1.3003e+05 - 1.3003e+05 | tensor(209, 16384) -> tensor(209, 1664) | ACT: 0.027459mJ  | RD: 0.85468mJ  | WR: 0.0098081mJ  | all_ACT: 0mJ  | all_RD: 0mJ  | all_WR: 0mJ  | MAC: 2.6211mJ  | Total: 0.89194mJ | compute util: 0, memory util: 0, Op/B 367.2
				Linear | 3.8794us  | 1.3003e+05 - 1.3003e+05 | tensor(209, 16384) -> tensor(209, 1664) | ACT: 0.027459mJ  | RD: 0.85468mJ  | WR: 0.0098081mJ  | all_ACT: 0mJ  | all_RD: 0mJ  | all_WR: 0mJ  | MAC: 2.6211mJ  | Total: 0.89194mJ | compute util: 0.65279, memory util: 1, Op/B 367.2, GPU
			activation | 0.13042us  | 1.3003e+05 - 1.3003e+05 | tensor(209, 1664) -> tensor(209, 1664) | ACT: 0.00069811mJ  | RD: 0.019616mJ  | WR: 0.0098081mJ  | all_ACT: 0mJ  | all_RD: 0mJ  | all_WR: 0mJ  | MAC: 0mJ  | Total: 0.030122mJ | compute util: 0, memory util: 1, Op/B 0, GPU
			up_proj | 3.8794us  | 1.3003e+05 - 1.3004e+05 | tensor(209, 16384) -> tensor(209, 1664) | ACT: 0.027459mJ  | RD: 0.85468mJ  | WR: 0.0098081mJ  | all_ACT: 0mJ  | all_RD: 0mJ  | all_WR: 0mJ  | MAC: 2.6211mJ  | Total: 0.89194mJ | compute util: 0, memory util: 0, Op/B 367.2
				Linear | 3.8794us  | 1.3003e+05 - 1.3004e+05 | tensor(209, 16384) -> tensor(209, 1664) | ACT: 0.027459mJ  | RD: 0.85468mJ  | WR: 0.0098081mJ  | all_ACT: 0mJ  | all_RD: 0mJ  | all_WR: 0mJ  | MAC: 2.6211mJ  | Total: 0.89194mJ | compute util: 0.65279, memory util: 1, Op/B 367.2, GPU
			down_proj | 3.8794us  | 1.3004e+05 - 1.3004e+05 | tensor(209, 1664) -> tensor(209, 16384) | ACT: 0.027459mJ  | RD: 0.76903mJ  | WR: 0.095458mJ  | all_ACT: 0mJ  | all_RD: 0mJ  | all_WR: 0mJ  | MAC: 2.6211mJ  | Total: 0.89194mJ | compute util: 0, memory util: 0, Op/B 367.2
				Linear | 3.8794us  | 1.3004e+05 - 1.3004e+05 | tensor(209, 1664) -> tensor(209, 16384) | ACT: 0.027459mJ  | RD: 0.76903mJ  | WR: 0.095458mJ  | all_ACT: 0mJ  | all_RD: 0mJ  | all_WR: 0mJ  | MAC: 2.6211mJ  | Total: 0.89194mJ | compute util: 0.65279, memory util: 1, Op/B 367.2, GPU
		all_reduce | 74.405us  | 1.3004e+05 - 1.3012e+05 | tensor(209, 16384) -> tensor(209, 16384) | ACT: 0mJ  | RD: 0mJ  | WR: 0mJ  | all_ACT: 0mJ  | all_RD: 0mJ  | all_WR: 0mJ  | MAC: 0mJ  | Total: 0mJ | compute util: 0, memory util: 0, Op/B 0
		residual_1 | 1.2841us  | 1.3012e+05 - 1.3012e+05 | tensor(209, 16384) -> tensor(209, 16384) | ACT: 0mJ  | RD: 0mJ  | WR: 0mJ  | all_ACT: 0mJ  | all_RD: 0mJ  | all_WR: 0mJ  | MAC: 0mJ  | Total: 0mJ | compute util: 0, memory util: 0, Op/B 0
	decoder_114 | 1144.9us  | 1.3012e+05 - 1.3126e+05 | tensor(209, 16384) -> tensor(209, 16384) | ACT: 1.3378mJ  | RD: 41.766mJ  | WR: 0.22376mJ  | all_ACT: 0mJ  | all_RD: 0mJ  | all_WR: 0mJ  | MAC: 1007.7mJ  | Total: 43.327mJ | compute util: 0, memory util: 0, Op/B 2903.9
		input_layer_norm | 0.85811us  | 1.3012e+05 - 1.3012e+05 | tensor(209, 16384) -> tensor(209, 16384) | ACT: 0mJ  | RD: 0mJ  | WR: 0mJ  | all_ACT: 0mJ  | all_RD: 0mJ  | all_WR: 0mJ  | MAC: 0mJ  | Total: 0mJ | compute util: 0, memory util: 0, Op/B 0
		attention | 1054.4us  | 1.3012e+05 - 1.3117e+05 | tensor(209, 16384) -> tensor(209, 16384) | ACT: 1.2547mJ  | RD: 39.268mJ  | WR: 0.09888mJ  | all_ACT: 0mJ  | all_RD: 0mJ  | all_WR: 0mJ  | MAC: 999.85mJ  | Total: 40.621mJ | compute util: 0, memory util: 0, Op/B 3073
			attn_qkv_proj | 1.6227us  | 1.3012e+05 - 1.3012e+05 | tensor(209, 16384) -> tensor(209, 576) | ACT: 0.011519mJ  | RD: 0.35834mJ  | WR: 0.0034214mJ  | all_ACT: 0mJ  | all_RD: 0mJ  | all_WR: 0mJ  | MAC: 0.90729mJ  | Total: 0.37328mJ | compute util: 0, memory util: 0, Op/B 303.87
				Linear | 1.6227us  | 1.3012e+05 - 1.3012e+05 | tensor(209, 16384) -> tensor(209, 576) | ACT: 0.011519mJ  | RD: 0.35834mJ  | WR: 0.0034214mJ  | all_ACT: 0mJ  | all_RD: 0mJ  | all_WR: 0mJ  | MAC: 0.90729mJ  | Total: 0.37328mJ | compute util: 0.54021, memory util: 1, Op/B 303.87, GPU
			self_attention | 976.9us  | 1.3012e+05 - 1.311e+05 | tensor(209, 576) -> tensor(209, 512) | ACT: 1.2326mJ  | RD: 38.672mJ  | WR: 0mJ  | all_ACT: 0mJ  | all_RD: 0mJ  | all_WR: 0mJ  | MAC: 998.14mJ  | Total: 39.905mJ | compute util: 0, memory util: 0, Op/B 3122.7
				AttentionSplit | 0us  | 1.3012e+05 - 1.3012e+05 | tensor(209, 576) -> tensor(0, 768) tensor(209, 768) | ACT: 0mJ  | RD: 0mJ  | WR: 0mJ  | all_ACT: 0mJ  | all_RD: 0mJ  | all_WR: 0mJ  | MAC: 0mJ  | Total: 0mJ | compute util: 0, memory util: 0, Op/B 0
				AttentionSum | 0us  | 1.3012e+05 - 1.3012e+05 | tensor(0, 768) -> tensor(0, 2048) | ACT: 0mJ  | RD: 0mJ  | WR: 0mJ  | all_ACT: 0mJ  | all_RD: 0mJ  | all_WR: 0mJ  | MAC: 0mJ  | Total: 0mJ | compute util: 0, memory util: 0, Op/B 0, GPU
				AttentionGen | 964.39us  | 1.3012e+05 - 1.3108e+05 | tensor(209, 768) -> tensor(209, 2048) | ACT: 1.2326mJ  | RD: 38.672mJ  | WR: 0mJ  | all_ACT: 0mJ  | all_RD: 0mJ  | all_WR: 0mJ  | MAC: 998.14mJ  | Total: 39.905mJ | compute util: 1, memory util: 0.18013, Op/B 3122.7, GPU
				context_merge | 12.517us  | 1.3108e+05 - 1.311e+05 | tensor(209, 2048) -> tensor(209, 2048) | ACT: 0mJ  | RD: 0mJ  | WR: 0mJ  | all_ACT: 0mJ  | all_RD: 0mJ  | all_WR: 0mJ  | MAC: 0mJ  | Total: 0mJ | compute util: 0, memory util: 0, Op/B 0
				AttentionMerge | 0us  | 1.311e+05 - 1.311e+05 | tensor(0, 2048) tensor(209, 2048) -> tensor(209, 512) | ACT: 0mJ  | RD: 0mJ  | WR: 0mJ  | all_ACT: 0mJ  | all_RD: 0mJ  | all_WR: 0mJ  | MAC: 0mJ  | Total: 0mJ | compute util: 0, memory util: 0, Op/B 0
			attn_o_proj | 1.49us  | 1.311e+05 - 1.311e+05 | tensor(209, 512) -> tensor(209, 16384) | ACT: 0.010588mJ  | RD: 0.23688mJ  | WR: 0.095458mJ  | all_ACT: 0mJ  | all_RD: 0mJ  | all_WR: 0mJ  | MAC: 0.80648mJ  | Total: 0.34292mJ | compute util: 0, memory util: 0, Op/B 294.17
				Linear | 1.49us  | 1.311e+05 - 1.311e+05 | tensor(209, 512) -> tensor(209, 16384) | ACT: 0.010588mJ  | RD: 0.23688mJ  | WR: 0.095458mJ  | all_ACT: 0mJ  | all_RD: 0mJ  | all_WR: 0mJ  | MAC: 0.80648mJ  | Total: 0.34292mJ | compute util: 0.52296, memory util: 1, Op/B 294.17, GPU
			all_reduce | 74.405us  | 1.311e+05 - 1.3117e+05 | tensor(209, 16384) -> tensor(209, 16384) | ACT: 0mJ  | RD: 0mJ  | WR: 0mJ  | all_ACT: 0mJ  | all_RD: 0mJ  | all_WR: 0mJ  | MAC: 0mJ  | Total: 0mJ | compute util: 0, memory util: 0, Op/B 0
		residual_1 | 1.2841us  | 1.3117e+05 - 1.3117e+05 | tensor(209, 16384) -> tensor(209, 16384) | ACT: 0mJ  | RD: 0mJ  | WR: 0mJ  | all_ACT: 0mJ  | all_RD: 0mJ  | all_WR: 0mJ  | MAC: 0mJ  | Total: 0mJ | compute util: 0, memory util: 0, Op/B 0
		post_attn_layer_norm | 0.85811us  | 1.3117e+05 - 1.3117e+05 | tensor(209, 16384) -> tensor(209, 16384) | ACT: 0mJ  | RD: 0mJ  | WR: 0mJ  | all_ACT: 0mJ  | all_RD: 0mJ  | all_WR: 0mJ  | MAC: 0mJ  | Total: 0mJ | compute util: 0, memory util: 0, Op/B 0
		feedforward | 11.769us  | 1.3117e+05 - 1.3119e+05 | tensor(209, 16384) -> tensor(209, 16384) | ACT: 0.083075mJ  | RD: 2.498mJ  | WR: 0.12488mJ  | all_ACT: 0mJ  | all_RD: 0mJ  | all_WR: 0mJ  | MAC: 7.8632mJ  | Total: 2.706mJ | compute util: 0, memory util: 0, Op/B 363.13
			gate_proj | 3.8794us  | 1.3117e+05 - 1.3118e+05 | tensor(209, 16384) -> tensor(209, 1664) | ACT: 0.027459mJ  | RD: 0.85468mJ  | WR: 0.0098081mJ  | all_ACT: 0mJ  | all_RD: 0mJ  | all_WR: 0mJ  | MAC: 2.6211mJ  | Total: 0.89194mJ | compute util: 0, memory util: 0, Op/B 367.2
				Linear | 3.8794us  | 1.3117e+05 - 1.3118e+05 | tensor(209, 16384) -> tensor(209, 1664) | ACT: 0.027459mJ  | RD: 0.85468mJ  | WR: 0.0098081mJ  | all_ACT: 0mJ  | all_RD: 0mJ  | all_WR: 0mJ  | MAC: 2.6211mJ  | Total: 0.89194mJ | compute util: 0.65279, memory util: 1, Op/B 367.2, GPU
			activation | 0.13042us  | 1.3118e+05 - 1.3118e+05 | tensor(209, 1664) -> tensor(209, 1664) | ACT: 0.00069811mJ  | RD: 0.019616mJ  | WR: 0.0098081mJ  | all_ACT: 0mJ  | all_RD: 0mJ  | all_WR: 0mJ  | MAC: 0mJ  | Total: 0.030122mJ | compute util: 0, memory util: 1, Op/B 0, GPU
			up_proj | 3.8794us  | 1.3118e+05 - 1.3118e+05 | tensor(209, 16384) -> tensor(209, 1664) | ACT: 0.027459mJ  | RD: 0.85468mJ  | WR: 0.0098081mJ  | all_ACT: 0mJ  | all_RD: 0mJ  | all_WR: 0mJ  | MAC: 2.6211mJ  | Total: 0.89194mJ | compute util: 0, memory util: 0, Op/B 367.2
				Linear | 3.8794us  | 1.3118e+05 - 1.3118e+05 | tensor(209, 16384) -> tensor(209, 1664) | ACT: 0.027459mJ  | RD: 0.85468mJ  | WR: 0.0098081mJ  | all_ACT: 0mJ  | all_RD: 0mJ  | all_WR: 0mJ  | MAC: 2.6211mJ  | Total: 0.89194mJ | compute util: 0.65279, memory util: 1, Op/B 367.2, GPU
			down_proj | 3.8794us  | 1.3118e+05 - 1.3119e+05 | tensor(209, 1664) -> tensor(209, 16384) | ACT: 0.027459mJ  | RD: 0.76903mJ  | WR: 0.095458mJ  | all_ACT: 0mJ  | all_RD: 0mJ  | all_WR: 0mJ  | MAC: 2.6211mJ  | Total: 0.89194mJ | compute util: 0, memory util: 0, Op/B 367.2
				Linear | 3.8794us  | 1.3118e+05 - 1.3119e+05 | tensor(209, 1664) -> tensor(209, 16384) | ACT: 0.027459mJ  | RD: 0.76903mJ  | WR: 0.095458mJ  | all_ACT: 0mJ  | all_RD: 0mJ  | all_WR: 0mJ  | MAC: 2.6211mJ  | Total: 0.89194mJ | compute util: 0.65279, memory util: 1, Op/B 367.2, GPU
		all_reduce | 74.405us  | 1.3119e+05 - 1.3126e+05 | tensor(209, 16384) -> tensor(209, 16384) | ACT: 0mJ  | RD: 0mJ  | WR: 0mJ  | all_ACT: 0mJ  | all_RD: 0mJ  | all_WR: 0mJ  | MAC: 0mJ  | Total: 0mJ | compute util: 0, memory util: 0, Op/B 0
		residual_1 | 1.2841us  | 1.3126e+05 - 1.3126e+05 | tensor(209, 16384) -> tensor(209, 16384) | ACT: 0mJ  | RD: 0mJ  | WR: 0mJ  | all_ACT: 0mJ  | all_RD: 0mJ  | all_WR: 0mJ  | MAC: 0mJ  | Total: 0mJ | compute util: 0, memory util: 0, Op/B 0
	decoder_115 | 1137.9us  | 1.3126e+05 - 1.324e+05 | tensor(209, 16384) -> tensor(209, 16384) | ACT: 1.3378mJ  | RD: 41.766mJ  | WR: 0.22376mJ  | all_ACT: 0mJ  | all_RD: 0mJ  | all_WR: 0mJ  | MAC: 1007.7mJ  | Total: 43.327mJ | compute util: 0, memory util: 0, Op/B 2903.9
		input_layer_norm | 0.85811us  | 1.3126e+05 - 1.3126e+05 | tensor(209, 16384) -> tensor(209, 16384) | ACT: 0mJ  | RD: 0mJ  | WR: 0mJ  | all_ACT: 0mJ  | all_RD: 0mJ  | all_WR: 0mJ  | MAC: 0mJ  | Total: 0mJ | compute util: 0, memory util: 0, Op/B 0
		attention | 1047.4us  | 1.3126e+05 - 1.3231e+05 | tensor(209, 16384) -> tensor(209, 16384) | ACT: 1.2547mJ  | RD: 39.268mJ  | WR: 0.09888mJ  | all_ACT: 0mJ  | all_RD: 0mJ  | all_WR: 0mJ  | MAC: 999.85mJ  | Total: 40.621mJ | compute util: 0, memory util: 0, Op/B 3073
			attn_qkv_proj | 1.6227us  | 1.3126e+05 - 1.3126e+05 | tensor(209, 16384) -> tensor(209, 576) | ACT: 0.011519mJ  | RD: 0.35834mJ  | WR: 0.0034214mJ  | all_ACT: 0mJ  | all_RD: 0mJ  | all_WR: 0mJ  | MAC: 0.90729mJ  | Total: 0.37328mJ | compute util: 0, memory util: 0, Op/B 303.87
				Linear | 1.6227us  | 1.3126e+05 - 1.3126e+05 | tensor(209, 16384) -> tensor(209, 576) | ACT: 0.011519mJ  | RD: 0.35834mJ  | WR: 0.0034214mJ  | all_ACT: 0mJ  | all_RD: 0mJ  | all_WR: 0mJ  | MAC: 0.90729mJ  | Total: 0.37328mJ | compute util: 0.54021, memory util: 1, Op/B 303.87, GPU
			self_attention | 969.9us  | 1.3126e+05 - 1.3223e+05 | tensor(209, 576) -> tensor(209, 512) | ACT: 1.2326mJ  | RD: 38.672mJ  | WR: 0mJ  | all_ACT: 0mJ  | all_RD: 0mJ  | all_WR: 0mJ  | MAC: 998.14mJ  | Total: 39.905mJ | compute util: 0, memory util: 0, Op/B 3122.7
				AttentionSplit | 0us  | 1.3126e+05 - 1.3126e+05 | tensor(209, 576) -> tensor(0, 768) tensor(209, 768) | ACT: 0mJ  | RD: 0mJ  | WR: 0mJ  | all_ACT: 0mJ  | all_RD: 0mJ  | all_WR: 0mJ  | MAC: 0mJ  | Total: 0mJ | compute util: 0, memory util: 0, Op/B 0
				AttentionSum | 0us  | 1.3126e+05 - 1.3126e+05 | tensor(0, 768) -> tensor(0, 2048) | ACT: 0mJ  | RD: 0mJ  | WR: 0mJ  | all_ACT: 0mJ  | all_RD: 0mJ  | all_WR: 0mJ  | MAC: 0mJ  | Total: 0mJ | compute util: 0, memory util: 0, Op/B 0, GPU
				AttentionGen | 964.39us  | 1.3126e+05 - 1.3223e+05 | tensor(209, 768) -> tensor(209, 2048) | ACT: 1.2326mJ  | RD: 38.672mJ  | WR: 0mJ  | all_ACT: 0mJ  | all_RD: 0mJ  | all_WR: 0mJ  | MAC: 998.14mJ  | Total: 39.905mJ | compute util: 1, memory util: 0.18013, Op/B 3122.7, GPU
				context_merge | 5.5134us  | 1.3223e+05 - 1.3223e+05 | tensor(209, 2048) -> tensor(209, 2048) | ACT: 0mJ  | RD: 0mJ  | WR: 0mJ  | all_ACT: 0mJ  | all_RD: 0mJ  | all_WR: 0mJ  | MAC: 0mJ  | Total: 0mJ | compute util: 0, memory util: 0, Op/B 0
				AttentionMerge | 0us  | 1.3223e+05 - 1.3223e+05 | tensor(0, 2048) tensor(209, 2048) -> tensor(209, 512) | ACT: 0mJ  | RD: 0mJ  | WR: 0mJ  | all_ACT: 0mJ  | all_RD: 0mJ  | all_WR: 0mJ  | MAC: 0mJ  | Total: 0mJ | compute util: 0, memory util: 0, Op/B 0
			attn_o_proj | 1.49us  | 1.3223e+05 - 1.3224e+05 | tensor(209, 512) -> tensor(209, 16384) | ACT: 0.010588mJ  | RD: 0.23688mJ  | WR: 0.095458mJ  | all_ACT: 0mJ  | all_RD: 0mJ  | all_WR: 0mJ  | MAC: 0.80648mJ  | Total: 0.34292mJ | compute util: 0, memory util: 0, Op/B 294.17
				Linear | 1.49us  | 1.3223e+05 - 1.3224e+05 | tensor(209, 512) -> tensor(209, 16384) | ACT: 0.010588mJ  | RD: 0.23688mJ  | WR: 0.095458mJ  | all_ACT: 0mJ  | all_RD: 0mJ  | all_WR: 0mJ  | MAC: 0.80648mJ  | Total: 0.34292mJ | compute util: 0.52296, memory util: 1, Op/B 294.17, GPU
			all_reduce | 74.405us  | 1.3224e+05 - 1.3231e+05 | tensor(209, 16384) -> tensor(209, 16384) | ACT: 0mJ  | RD: 0mJ  | WR: 0mJ  | all_ACT: 0mJ  | all_RD: 0mJ  | all_WR: 0mJ  | MAC: 0mJ  | Total: 0mJ | compute util: 0, memory util: 0, Op/B 0
		residual_1 | 1.2841us  | 1.3231e+05 - 1.3231e+05 | tensor(209, 16384) -> tensor(209, 16384) | ACT: 0mJ  | RD: 0mJ  | WR: 0mJ  | all_ACT: 0mJ  | all_RD: 0mJ  | all_WR: 0mJ  | MAC: 0mJ  | Total: 0mJ | compute util: 0, memory util: 0, Op/B 0
		post_attn_layer_norm | 0.85811us  | 1.3231e+05 - 1.3231e+05 | tensor(209, 16384) -> tensor(209, 16384) | ACT: 0mJ  | RD: 0mJ  | WR: 0mJ  | all_ACT: 0mJ  | all_RD: 0mJ  | all_WR: 0mJ  | MAC: 0mJ  | Total: 0mJ | compute util: 0, memory util: 0, Op/B 0
		feedforward | 11.769us  | 1.3231e+05 - 1.3232e+05 | tensor(209, 16384) -> tensor(209, 16384) | ACT: 0.083075mJ  | RD: 2.498mJ  | WR: 0.12488mJ  | all_ACT: 0mJ  | all_RD: 0mJ  | all_WR: 0mJ  | MAC: 7.8632mJ  | Total: 2.706mJ | compute util: 0, memory util: 0, Op/B 363.13
			gate_proj | 3.8794us  | 1.3231e+05 - 1.3232e+05 | tensor(209, 16384) -> tensor(209, 1664) | ACT: 0.027459mJ  | RD: 0.85468mJ  | WR: 0.0098081mJ  | all_ACT: 0mJ  | all_RD: 0mJ  | all_WR: 0mJ  | MAC: 2.6211mJ  | Total: 0.89194mJ | compute util: 0, memory util: 0, Op/B 367.2
				Linear | 3.8794us  | 1.3231e+05 - 1.3232e+05 | tensor(209, 16384) -> tensor(209, 1664) | ACT: 0.027459mJ  | RD: 0.85468mJ  | WR: 0.0098081mJ  | all_ACT: 0mJ  | all_RD: 0mJ  | all_WR: 0mJ  | MAC: 2.6211mJ  | Total: 0.89194mJ | compute util: 0.65279, memory util: 1, Op/B 367.2, GPU
			activation | 0.13042us  | 1.3232e+05 - 1.3232e+05 | tensor(209, 1664) -> tensor(209, 1664) | ACT: 0.00069811mJ  | RD: 0.019616mJ  | WR: 0.0098081mJ  | all_ACT: 0mJ  | all_RD: 0mJ  | all_WR: 0mJ  | MAC: 0mJ  | Total: 0.030122mJ | compute util: 0, memory util: 1, Op/B 0, GPU
			up_proj | 3.8794us  | 1.3232e+05 - 1.3232e+05 | tensor(209, 16384) -> tensor(209, 1664) | ACT: 0.027459mJ  | RD: 0.85468mJ  | WR: 0.0098081mJ  | all_ACT: 0mJ  | all_RD: 0mJ  | all_WR: 0mJ  | MAC: 2.6211mJ  | Total: 0.89194mJ | compute util: 0, memory util: 0, Op/B 367.2
				Linear | 3.8794us  | 1.3232e+05 - 1.3232e+05 | tensor(209, 16384) -> tensor(209, 1664) | ACT: 0.027459mJ  | RD: 0.85468mJ  | WR: 0.0098081mJ  | all_ACT: 0mJ  | all_RD: 0mJ  | all_WR: 0mJ  | MAC: 2.6211mJ  | Total: 0.89194mJ | compute util: 0.65279, memory util: 1, Op/B 367.2, GPU
			down_proj | 3.8794us  | 1.3232e+05 - 1.3232e+05 | tensor(209, 1664) -> tensor(209, 16384) | ACT: 0.027459mJ  | RD: 0.76903mJ  | WR: 0.095458mJ  | all_ACT: 0mJ  | all_RD: 0mJ  | all_WR: 0mJ  | MAC: 2.6211mJ  | Total: 0.89194mJ | compute util: 0, memory util: 0, Op/B 367.2
				Linear | 3.8794us  | 1.3232e+05 - 1.3232e+05 | tensor(209, 1664) -> tensor(209, 16384) | ACT: 0.027459mJ  | RD: 0.76903mJ  | WR: 0.095458mJ  | all_ACT: 0mJ  | all_RD: 0mJ  | all_WR: 0mJ  | MAC: 2.6211mJ  | Total: 0.89194mJ | compute util: 0.65279, memory util: 1, Op/B 367.2, GPU
		all_reduce | 74.405us  | 1.3232e+05 - 1.324e+05 | tensor(209, 16384) -> tensor(209, 16384) | ACT: 0mJ  | RD: 0mJ  | WR: 0mJ  | all_ACT: 0mJ  | all_RD: 0mJ  | all_WR: 0mJ  | MAC: 0mJ  | Total: 0mJ | compute util: 0, memory util: 0, Op/B 0
		residual_1 | 1.2841us  | 1.324e+05 - 1.324e+05 | tensor(209, 16384) -> tensor(209, 16384) | ACT: 0mJ  | RD: 0mJ  | WR: 0mJ  | all_ACT: 0mJ  | all_RD: 0mJ  | all_WR: 0mJ  | MAC: 0mJ  | Total: 0mJ | compute util: 0, memory util: 0, Op/B 0
	decoder_116 | 1144.9us  | 1.324e+05 - 1.3354e+05 | tensor(209, 16384) -> tensor(209, 16384) | ACT: 1.3378mJ  | RD: 41.766mJ  | WR: 0.22376mJ  | all_ACT: 0mJ  | all_RD: 0mJ  | all_WR: 0mJ  | MAC: 1007.7mJ  | Total: 43.327mJ | compute util: 0, memory util: 0, Op/B 2903.9
		input_layer_norm | 0.85811us  | 1.324e+05 - 1.324e+05 | tensor(209, 16384) -> tensor(209, 16384) | ACT: 0mJ  | RD: 0mJ  | WR: 0mJ  | all_ACT: 0mJ  | all_RD: 0mJ  | all_WR: 0mJ  | MAC: 0mJ  | Total: 0mJ | compute util: 0, memory util: 0, Op/B 0
		attention | 1054.4us  | 1.324e+05 - 1.3346e+05 | tensor(209, 16384) -> tensor(209, 16384) | ACT: 1.2547mJ  | RD: 39.268mJ  | WR: 0.09888mJ  | all_ACT: 0mJ  | all_RD: 0mJ  | all_WR: 0mJ  | MAC: 999.85mJ  | Total: 40.621mJ | compute util: 0, memory util: 0, Op/B 3073
			attn_qkv_proj | 1.6227us  | 1.324e+05 - 1.324e+05 | tensor(209, 16384) -> tensor(209, 576) | ACT: 0.011519mJ  | RD: 0.35834mJ  | WR: 0.0034214mJ  | all_ACT: 0mJ  | all_RD: 0mJ  | all_WR: 0mJ  | MAC: 0.90729mJ  | Total: 0.37328mJ | compute util: 0, memory util: 0, Op/B 303.87
				Linear | 1.6227us  | 1.324e+05 - 1.324e+05 | tensor(209, 16384) -> tensor(209, 576) | ACT: 0.011519mJ  | RD: 0.35834mJ  | WR: 0.0034214mJ  | all_ACT: 0mJ  | all_RD: 0mJ  | all_WR: 0mJ  | MAC: 0.90729mJ  | Total: 0.37328mJ | compute util: 0.54021, memory util: 1, Op/B 303.87, GPU
			self_attention | 976.9us  | 1.324e+05 - 1.3338e+05 | tensor(209, 576) -> tensor(209, 512) | ACT: 1.2326mJ  | RD: 38.672mJ  | WR: 0mJ  | all_ACT: 0mJ  | all_RD: 0mJ  | all_WR: 0mJ  | MAC: 998.14mJ  | Total: 39.905mJ | compute util: 0, memory util: 0, Op/B 3122.7
				AttentionSplit | 0us  | 1.324e+05 - 1.324e+05 | tensor(209, 576) -> tensor(0, 768) tensor(209, 768) | ACT: 0mJ  | RD: 0mJ  | WR: 0mJ  | all_ACT: 0mJ  | all_RD: 0mJ  | all_WR: 0mJ  | MAC: 0mJ  | Total: 0mJ | compute util: 0, memory util: 0, Op/B 0
				AttentionSum | 0us  | 1.324e+05 - 1.324e+05 | tensor(0, 768) -> tensor(0, 2048) | ACT: 0mJ  | RD: 0mJ  | WR: 0mJ  | all_ACT: 0mJ  | all_RD: 0mJ  | all_WR: 0mJ  | MAC: 0mJ  | Total: 0mJ | compute util: 0, memory util: 0, Op/B 0, GPU
				AttentionGen | 964.39us  | 1.324e+05 - 1.3337e+05 | tensor(209, 768) -> tensor(209, 2048) | ACT: 1.2326mJ  | RD: 38.672mJ  | WR: 0mJ  | all_ACT: 0mJ  | all_RD: 0mJ  | all_WR: 0mJ  | MAC: 998.14mJ  | Total: 39.905mJ | compute util: 1, memory util: 0.18013, Op/B 3122.7, GPU
				context_merge | 12.517us  | 1.3337e+05 - 1.3338e+05 | tensor(209, 2048) -> tensor(209, 2048) | ACT: 0mJ  | RD: 0mJ  | WR: 0mJ  | all_ACT: 0mJ  | all_RD: 0mJ  | all_WR: 0mJ  | MAC: 0mJ  | Total: 0mJ | compute util: 0, memory util: 0, Op/B 0
				AttentionMerge | 0us  | 1.3338e+05 - 1.3338e+05 | tensor(0, 2048) tensor(209, 2048) -> tensor(209, 512) | ACT: 0mJ  | RD: 0mJ  | WR: 0mJ  | all_ACT: 0mJ  | all_RD: 0mJ  | all_WR: 0mJ  | MAC: 0mJ  | Total: 0mJ | compute util: 0, memory util: 0, Op/B 0
			attn_o_proj | 1.49us  | 1.3338e+05 - 1.3338e+05 | tensor(209, 512) -> tensor(209, 16384) | ACT: 0.010588mJ  | RD: 0.23688mJ  | WR: 0.095458mJ  | all_ACT: 0mJ  | all_RD: 0mJ  | all_WR: 0mJ  | MAC: 0.80648mJ  | Total: 0.34292mJ | compute util: 0, memory util: 0, Op/B 294.17
				Linear | 1.49us  | 1.3338e+05 - 1.3338e+05 | tensor(209, 512) -> tensor(209, 16384) | ACT: 0.010588mJ  | RD: 0.23688mJ  | WR: 0.095458mJ  | all_ACT: 0mJ  | all_RD: 0mJ  | all_WR: 0mJ  | MAC: 0.80648mJ  | Total: 0.34292mJ | compute util: 0.52296, memory util: 1, Op/B 294.17, GPU
			all_reduce | 74.405us  | 1.3338e+05 - 1.3346e+05 | tensor(209, 16384) -> tensor(209, 16384) | ACT: 0mJ  | RD: 0mJ  | WR: 0mJ  | all_ACT: 0mJ  | all_RD: 0mJ  | all_WR: 0mJ  | MAC: 0mJ  | Total: 0mJ | compute util: 0, memory util: 0, Op/B 0
		residual_1 | 1.2841us  | 1.3346e+05 - 1.3346e+05 | tensor(209, 16384) -> tensor(209, 16384) | ACT: 0mJ  | RD: 0mJ  | WR: 0mJ  | all_ACT: 0mJ  | all_RD: 0mJ  | all_WR: 0mJ  | MAC: 0mJ  | Total: 0mJ | compute util: 0, memory util: 0, Op/B 0
		post_attn_layer_norm | 0.85811us  | 1.3346e+05 - 1.3346e+05 | tensor(209, 16384) -> tensor(209, 16384) | ACT: 0mJ  | RD: 0mJ  | WR: 0mJ  | all_ACT: 0mJ  | all_RD: 0mJ  | all_WR: 0mJ  | MAC: 0mJ  | Total: 0mJ | compute util: 0, memory util: 0, Op/B 0
		feedforward | 11.769us  | 1.3346e+05 - 1.3347e+05 | tensor(209, 16384) -> tensor(209, 16384) | ACT: 0.083075mJ  | RD: 2.498mJ  | WR: 0.12488mJ  | all_ACT: 0mJ  | all_RD: 0mJ  | all_WR: 0mJ  | MAC: 7.8632mJ  | Total: 2.706mJ | compute util: 0, memory util: 0, Op/B 363.13
			gate_proj | 3.8794us  | 1.3346e+05 - 1.3346e+05 | tensor(209, 16384) -> tensor(209, 1664) | ACT: 0.027459mJ  | RD: 0.85468mJ  | WR: 0.0098081mJ  | all_ACT: 0mJ  | all_RD: 0mJ  | all_WR: 0mJ  | MAC: 2.6211mJ  | Total: 0.89194mJ | compute util: 0, memory util: 0, Op/B 367.2
				Linear | 3.8794us  | 1.3346e+05 - 1.3346e+05 | tensor(209, 16384) -> tensor(209, 1664) | ACT: 0.027459mJ  | RD: 0.85468mJ  | WR: 0.0098081mJ  | all_ACT: 0mJ  | all_RD: 0mJ  | all_WR: 0mJ  | MAC: 2.6211mJ  | Total: 0.89194mJ | compute util: 0.65279, memory util: 1, Op/B 367.2, GPU
			activation | 0.13042us  | 1.3346e+05 - 1.3346e+05 | tensor(209, 1664) -> tensor(209, 1664) | ACT: 0.00069811mJ  | RD: 0.019616mJ  | WR: 0.0098081mJ  | all_ACT: 0mJ  | all_RD: 0mJ  | all_WR: 0mJ  | MAC: 0mJ  | Total: 0.030122mJ | compute util: 0, memory util: 1, Op/B 0, GPU
			up_proj | 3.8794us  | 1.3346e+05 - 1.3347e+05 | tensor(209, 16384) -> tensor(209, 1664) | ACT: 0.027459mJ  | RD: 0.85468mJ  | WR: 0.0098081mJ  | all_ACT: 0mJ  | all_RD: 0mJ  | all_WR: 0mJ  | MAC: 2.6211mJ  | Total: 0.89194mJ | compute util: 0, memory util: 0, Op/B 367.2
				Linear | 3.8794us  | 1.3346e+05 - 1.3347e+05 | tensor(209, 16384) -> tensor(209, 1664) | ACT: 0.027459mJ  | RD: 0.85468mJ  | WR: 0.0098081mJ  | all_ACT: 0mJ  | all_RD: 0mJ  | all_WR: 0mJ  | MAC: 2.6211mJ  | Total: 0.89194mJ | compute util: 0.65279, memory util: 1, Op/B 367.2, GPU
			down_proj | 3.8794us  | 1.3347e+05 - 1.3347e+05 | tensor(209, 1664) -> tensor(209, 16384) | ACT: 0.027459mJ  | RD: 0.76903mJ  | WR: 0.095458mJ  | all_ACT: 0mJ  | all_RD: 0mJ  | all_WR: 0mJ  | MAC: 2.6211mJ  | Total: 0.89194mJ | compute util: 0, memory util: 0, Op/B 367.2
				Linear | 3.8794us  | 1.3347e+05 - 1.3347e+05 | tensor(209, 1664) -> tensor(209, 16384) | ACT: 0.027459mJ  | RD: 0.76903mJ  | WR: 0.095458mJ  | all_ACT: 0mJ  | all_RD: 0mJ  | all_WR: 0mJ  | MAC: 2.6211mJ  | Total: 0.89194mJ | compute util: 0.65279, memory util: 1, Op/B 367.2, GPU
		all_reduce | 74.405us  | 1.3347e+05 - 1.3354e+05 | tensor(209, 16384) -> tensor(209, 16384) | ACT: 0mJ  | RD: 0mJ  | WR: 0mJ  | all_ACT: 0mJ  | all_RD: 0mJ  | all_WR: 0mJ  | MAC: 0mJ  | Total: 0mJ | compute util: 0, memory util: 0, Op/B 0
		residual_1 | 1.2841us  | 1.3354e+05 - 1.3354e+05 | tensor(209, 16384) -> tensor(209, 16384) | ACT: 0mJ  | RD: 0mJ  | WR: 0mJ  | all_ACT: 0mJ  | all_RD: 0mJ  | all_WR: 0mJ  | MAC: 0mJ  | Total: 0mJ | compute util: 0, memory util: 0, Op/B 0
	decoder_117 | 1137.9us  | 1.3354e+05 - 1.3468e+05 | tensor(209, 16384) -> tensor(209, 16384) | ACT: 1.3378mJ  | RD: 41.766mJ  | WR: 0.22376mJ  | all_ACT: 0mJ  | all_RD: 0mJ  | all_WR: 0mJ  | MAC: 1007.7mJ  | Total: 43.327mJ | compute util: 0, memory util: 0, Op/B 2903.9
		input_layer_norm | 0.85811us  | 1.3354e+05 - 1.3355e+05 | tensor(209, 16384) -> tensor(209, 16384) | ACT: 0mJ  | RD: 0mJ  | WR: 0mJ  | all_ACT: 0mJ  | all_RD: 0mJ  | all_WR: 0mJ  | MAC: 0mJ  | Total: 0mJ | compute util: 0, memory util: 0, Op/B 0
		attention | 1047.4us  | 1.3355e+05 - 1.3459e+05 | tensor(209, 16384) -> tensor(209, 16384) | ACT: 1.2547mJ  | RD: 39.268mJ  | WR: 0.09888mJ  | all_ACT: 0mJ  | all_RD: 0mJ  | all_WR: 0mJ  | MAC: 999.85mJ  | Total: 40.621mJ | compute util: 0, memory util: 0, Op/B 3073
			attn_qkv_proj | 1.6227us  | 1.3355e+05 - 1.3355e+05 | tensor(209, 16384) -> tensor(209, 576) | ACT: 0.011519mJ  | RD: 0.35834mJ  | WR: 0.0034214mJ  | all_ACT: 0mJ  | all_RD: 0mJ  | all_WR: 0mJ  | MAC: 0.90729mJ  | Total: 0.37328mJ | compute util: 0, memory util: 0, Op/B 303.87
				Linear | 1.6227us  | 1.3355e+05 - 1.3355e+05 | tensor(209, 16384) -> tensor(209, 576) | ACT: 0.011519mJ  | RD: 0.35834mJ  | WR: 0.0034214mJ  | all_ACT: 0mJ  | all_RD: 0mJ  | all_WR: 0mJ  | MAC: 0.90729mJ  | Total: 0.37328mJ | compute util: 0.54021, memory util: 1, Op/B 303.87, GPU
			self_attention | 969.9us  | 1.3355e+05 - 1.3452e+05 | tensor(209, 576) -> tensor(209, 512) | ACT: 1.2326mJ  | RD: 38.672mJ  | WR: 0mJ  | all_ACT: 0mJ  | all_RD: 0mJ  | all_WR: 0mJ  | MAC: 998.14mJ  | Total: 39.905mJ | compute util: 0, memory util: 0, Op/B 3122.7
				AttentionSplit | 0us  | 1.3355e+05 - 1.3355e+05 | tensor(209, 576) -> tensor(0, 768) tensor(209, 768) | ACT: 0mJ  | RD: 0mJ  | WR: 0mJ  | all_ACT: 0mJ  | all_RD: 0mJ  | all_WR: 0mJ  | MAC: 0mJ  | Total: 0mJ | compute util: 0, memory util: 0, Op/B 0
				AttentionSum | 0us  | 1.3355e+05 - 1.3355e+05 | tensor(0, 768) -> tensor(0, 2048) | ACT: 0mJ  | RD: 0mJ  | WR: 0mJ  | all_ACT: 0mJ  | all_RD: 0mJ  | all_WR: 0mJ  | MAC: 0mJ  | Total: 0mJ | compute util: 0, memory util: 0, Op/B 0, GPU
				AttentionGen | 964.39us  | 1.3355e+05 - 1.3451e+05 | tensor(209, 768) -> tensor(209, 2048) | ACT: 1.2326mJ  | RD: 38.672mJ  | WR: 0mJ  | all_ACT: 0mJ  | all_RD: 0mJ  | all_WR: 0mJ  | MAC: 998.14mJ  | Total: 39.905mJ | compute util: 1, memory util: 0.18013, Op/B 3122.7, GPU
				context_merge | 5.5134us  | 1.3451e+05 - 1.3452e+05 | tensor(209, 2048) -> tensor(209, 2048) | ACT: 0mJ  | RD: 0mJ  | WR: 0mJ  | all_ACT: 0mJ  | all_RD: 0mJ  | all_WR: 0mJ  | MAC: 0mJ  | Total: 0mJ | compute util: 0, memory util: 0, Op/B 0
				AttentionMerge | 0us  | 1.3452e+05 - 1.3452e+05 | tensor(0, 2048) tensor(209, 2048) -> tensor(209, 512) | ACT: 0mJ  | RD: 0mJ  | WR: 0mJ  | all_ACT: 0mJ  | all_RD: 0mJ  | all_WR: 0mJ  | MAC: 0mJ  | Total: 0mJ | compute util: 0, memory util: 0, Op/B 0
			attn_o_proj | 1.49us  | 1.3452e+05 - 1.3452e+05 | tensor(209, 512) -> tensor(209, 16384) | ACT: 0.010588mJ  | RD: 0.23688mJ  | WR: 0.095458mJ  | all_ACT: 0mJ  | all_RD: 0mJ  | all_WR: 0mJ  | MAC: 0.80648mJ  | Total: 0.34292mJ | compute util: 0, memory util: 0, Op/B 294.17
				Linear | 1.49us  | 1.3452e+05 - 1.3452e+05 | tensor(209, 512) -> tensor(209, 16384) | ACT: 0.010588mJ  | RD: 0.23688mJ  | WR: 0.095458mJ  | all_ACT: 0mJ  | all_RD: 0mJ  | all_WR: 0mJ  | MAC: 0.80648mJ  | Total: 0.34292mJ | compute util: 0.52296, memory util: 1, Op/B 294.17, GPU
			all_reduce | 74.405us  | 1.3452e+05 - 1.3459e+05 | tensor(209, 16384) -> tensor(209, 16384) | ACT: 0mJ  | RD: 0mJ  | WR: 0mJ  | all_ACT: 0mJ  | all_RD: 0mJ  | all_WR: 0mJ  | MAC: 0mJ  | Total: 0mJ | compute util: 0, memory util: 0, Op/B 0
		residual_1 | 1.2841us  | 1.3459e+05 - 1.3459e+05 | tensor(209, 16384) -> tensor(209, 16384) | ACT: 0mJ  | RD: 0mJ  | WR: 0mJ  | all_ACT: 0mJ  | all_RD: 0mJ  | all_WR: 0mJ  | MAC: 0mJ  | Total: 0mJ | compute util: 0, memory util: 0, Op/B 0
		post_attn_layer_norm | 0.85811us  | 1.3459e+05 - 1.346e+05 | tensor(209, 16384) -> tensor(209, 16384) | ACT: 0mJ  | RD: 0mJ  | WR: 0mJ  | all_ACT: 0mJ  | all_RD: 0mJ  | all_WR: 0mJ  | MAC: 0mJ  | Total: 0mJ | compute util: 0, memory util: 0, Op/B 0
		feedforward | 11.769us  | 1.346e+05 - 1.3461e+05 | tensor(209, 16384) -> tensor(209, 16384) | ACT: 0.083075mJ  | RD: 2.498mJ  | WR: 0.12488mJ  | all_ACT: 0mJ  | all_RD: 0mJ  | all_WR: 0mJ  | MAC: 7.8632mJ  | Total: 2.706mJ | compute util: 0, memory util: 0, Op/B 363.13
			gate_proj | 3.8794us  | 1.346e+05 - 1.346e+05 | tensor(209, 16384) -> tensor(209, 1664) | ACT: 0.027459mJ  | RD: 0.85468mJ  | WR: 0.0098081mJ  | all_ACT: 0mJ  | all_RD: 0mJ  | all_WR: 0mJ  | MAC: 2.6211mJ  | Total: 0.89194mJ | compute util: 0, memory util: 0, Op/B 367.2
				Linear | 3.8794us  | 1.346e+05 - 1.346e+05 | tensor(209, 16384) -> tensor(209, 1664) | ACT: 0.027459mJ  | RD: 0.85468mJ  | WR: 0.0098081mJ  | all_ACT: 0mJ  | all_RD: 0mJ  | all_WR: 0mJ  | MAC: 2.6211mJ  | Total: 0.89194mJ | compute util: 0.65279, memory util: 1, Op/B 367.2, GPU
			activation | 0.13042us  | 1.346e+05 - 1.346e+05 | tensor(209, 1664) -> tensor(209, 1664) | ACT: 0.00069811mJ  | RD: 0.019616mJ  | WR: 0.0098081mJ  | all_ACT: 0mJ  | all_RD: 0mJ  | all_WR: 0mJ  | MAC: 0mJ  | Total: 0.030122mJ | compute util: 0, memory util: 1, Op/B 0, GPU
			up_proj | 3.8794us  | 1.346e+05 - 1.346e+05 | tensor(209, 16384) -> tensor(209, 1664) | ACT: 0.027459mJ  | RD: 0.85468mJ  | WR: 0.0098081mJ  | all_ACT: 0mJ  | all_RD: 0mJ  | all_WR: 0mJ  | MAC: 2.6211mJ  | Total: 0.89194mJ | compute util: 0, memory util: 0, Op/B 367.2
				Linear | 3.8794us  | 1.346e+05 - 1.346e+05 | tensor(209, 16384) -> tensor(209, 1664) | ACT: 0.027459mJ  | RD: 0.85468mJ  | WR: 0.0098081mJ  | all_ACT: 0mJ  | all_RD: 0mJ  | all_WR: 0mJ  | MAC: 2.6211mJ  | Total: 0.89194mJ | compute util: 0.65279, memory util: 1, Op/B 367.2, GPU
			down_proj | 3.8794us  | 1.346e+05 - 1.3461e+05 | tensor(209, 1664) -> tensor(209, 16384) | ACT: 0.027459mJ  | RD: 0.76903mJ  | WR: 0.095458mJ  | all_ACT: 0mJ  | all_RD: 0mJ  | all_WR: 0mJ  | MAC: 2.6211mJ  | Total: 0.89194mJ | compute util: 0, memory util: 0, Op/B 367.2
				Linear | 3.8794us  | 1.346e+05 - 1.3461e+05 | tensor(209, 1664) -> tensor(209, 16384) | ACT: 0.027459mJ  | RD: 0.76903mJ  | WR: 0.095458mJ  | all_ACT: 0mJ  | all_RD: 0mJ  | all_WR: 0mJ  | MAC: 2.6211mJ  | Total: 0.89194mJ | compute util: 0.65279, memory util: 1, Op/B 367.2, GPU
		all_reduce | 74.405us  | 1.3461e+05 - 1.3468e+05 | tensor(209, 16384) -> tensor(209, 16384) | ACT: 0mJ  | RD: 0mJ  | WR: 0mJ  | all_ACT: 0mJ  | all_RD: 0mJ  | all_WR: 0mJ  | MAC: 0mJ  | Total: 0mJ | compute util: 0, memory util: 0, Op/B 0
		residual_1 | 1.2841us  | 1.3468e+05 - 1.3468e+05 | tensor(209, 16384) -> tensor(209, 16384) | ACT: 0mJ  | RD: 0mJ  | WR: 0mJ  | all_ACT: 0mJ  | all_RD: 0mJ  | all_WR: 0mJ  | MAC: 0mJ  | Total: 0mJ | compute util: 0, memory util: 0, Op/B 0
	decoder_118 | 1144.9us  | 1.3468e+05 - 1.3583e+05 | tensor(209, 16384) -> tensor(209, 16384) | ACT: 1.3378mJ  | RD: 41.766mJ  | WR: 0.22376mJ  | all_ACT: 0mJ  | all_RD: 0mJ  | all_WR: 0mJ  | MAC: 1007.7mJ  | Total: 43.327mJ | compute util: 0, memory util: 0, Op/B 2903.9
		input_layer_norm | 0.85811us  | 1.3468e+05 - 1.3468e+05 | tensor(209, 16384) -> tensor(209, 16384) | ACT: 0mJ  | RD: 0mJ  | WR: 0mJ  | all_ACT: 0mJ  | all_RD: 0mJ  | all_WR: 0mJ  | MAC: 0mJ  | Total: 0mJ | compute util: 0, memory util: 0, Op/B 0
		attention | 1054.4us  | 1.3468e+05 - 1.3574e+05 | tensor(209, 16384) -> tensor(209, 16384) | ACT: 1.2547mJ  | RD: 39.268mJ  | WR: 0.09888mJ  | all_ACT: 0mJ  | all_RD: 0mJ  | all_WR: 0mJ  | MAC: 999.85mJ  | Total: 40.621mJ | compute util: 0, memory util: 0, Op/B 3073
			attn_qkv_proj | 1.6227us  | 1.3468e+05 - 1.3469e+05 | tensor(209, 16384) -> tensor(209, 576) | ACT: 0.011519mJ  | RD: 0.35834mJ  | WR: 0.0034214mJ  | all_ACT: 0mJ  | all_RD: 0mJ  | all_WR: 0mJ  | MAC: 0.90729mJ  | Total: 0.37328mJ | compute util: 0, memory util: 0, Op/B 303.87
				Linear | 1.6227us  | 1.3468e+05 - 1.3469e+05 | tensor(209, 16384) -> tensor(209, 576) | ACT: 0.011519mJ  | RD: 0.35834mJ  | WR: 0.0034214mJ  | all_ACT: 0mJ  | all_RD: 0mJ  | all_WR: 0mJ  | MAC: 0.90729mJ  | Total: 0.37328mJ | compute util: 0.54021, memory util: 1, Op/B 303.87, GPU
			self_attention | 976.9us  | 1.3469e+05 - 1.3566e+05 | tensor(209, 576) -> tensor(209, 512) | ACT: 1.2326mJ  | RD: 38.672mJ  | WR: 0mJ  | all_ACT: 0mJ  | all_RD: 0mJ  | all_WR: 0mJ  | MAC: 998.14mJ  | Total: 39.905mJ | compute util: 0, memory util: 0, Op/B 3122.7
				AttentionSplit | 0us  | 1.3469e+05 - 1.3469e+05 | tensor(209, 576) -> tensor(0, 768) tensor(209, 768) | ACT: 0mJ  | RD: 0mJ  | WR: 0mJ  | all_ACT: 0mJ  | all_RD: 0mJ  | all_WR: 0mJ  | MAC: 0mJ  | Total: 0mJ | compute util: 0, memory util: 0, Op/B 0
				AttentionSum | 0us  | 1.3469e+05 - 1.3469e+05 | tensor(0, 768) -> tensor(0, 2048) | ACT: 0mJ  | RD: 0mJ  | WR: 0mJ  | all_ACT: 0mJ  | all_RD: 0mJ  | all_WR: 0mJ  | MAC: 0mJ  | Total: 0mJ | compute util: 0, memory util: 0, Op/B 0, GPU
				AttentionGen | 964.39us  | 1.3469e+05 - 1.3565e+05 | tensor(209, 768) -> tensor(209, 2048) | ACT: 1.2326mJ  | RD: 38.672mJ  | WR: 0mJ  | all_ACT: 0mJ  | all_RD: 0mJ  | all_WR: 0mJ  | MAC: 998.14mJ  | Total: 39.905mJ | compute util: 1, memory util: 0.18013, Op/B 3122.7, GPU
				context_merge | 12.517us  | 1.3565e+05 - 1.3566e+05 | tensor(209, 2048) -> tensor(209, 2048) | ACT: 0mJ  | RD: 0mJ  | WR: 0mJ  | all_ACT: 0mJ  | all_RD: 0mJ  | all_WR: 0mJ  | MAC: 0mJ  | Total: 0mJ | compute util: 0, memory util: 0, Op/B 0
				AttentionMerge | 0us  | 1.3566e+05 - 1.3566e+05 | tensor(0, 2048) tensor(209, 2048) -> tensor(209, 512) | ACT: 0mJ  | RD: 0mJ  | WR: 0mJ  | all_ACT: 0mJ  | all_RD: 0mJ  | all_WR: 0mJ  | MAC: 0mJ  | Total: 0mJ | compute util: 0, memory util: 0, Op/B 0
			attn_o_proj | 1.49us  | 1.3566e+05 - 1.3566e+05 | tensor(209, 512) -> tensor(209, 16384) | ACT: 0.010588mJ  | RD: 0.23688mJ  | WR: 0.095458mJ  | all_ACT: 0mJ  | all_RD: 0mJ  | all_WR: 0mJ  | MAC: 0.80648mJ  | Total: 0.34292mJ | compute util: 0, memory util: 0, Op/B 294.17
				Linear | 1.49us  | 1.3566e+05 - 1.3566e+05 | tensor(209, 512) -> tensor(209, 16384) | ACT: 0.010588mJ  | RD: 0.23688mJ  | WR: 0.095458mJ  | all_ACT: 0mJ  | all_RD: 0mJ  | all_WR: 0mJ  | MAC: 0.80648mJ  | Total: 0.34292mJ | compute util: 0.52296, memory util: 1, Op/B 294.17, GPU
			all_reduce | 74.405us  | 1.3566e+05 - 1.3574e+05 | tensor(209, 16384) -> tensor(209, 16384) | ACT: 0mJ  | RD: 0mJ  | WR: 0mJ  | all_ACT: 0mJ  | all_RD: 0mJ  | all_WR: 0mJ  | MAC: 0mJ  | Total: 0mJ | compute util: 0, memory util: 0, Op/B 0
		residual_1 | 1.2841us  | 1.3574e+05 - 1.3574e+05 | tensor(209, 16384) -> tensor(209, 16384) | ACT: 0mJ  | RD: 0mJ  | WR: 0mJ  | all_ACT: 0mJ  | all_RD: 0mJ  | all_WR: 0mJ  | MAC: 0mJ  | Total: 0mJ | compute util: 0, memory util: 0, Op/B 0
		post_attn_layer_norm | 0.85811us  | 1.3574e+05 - 1.3574e+05 | tensor(209, 16384) -> tensor(209, 16384) | ACT: 0mJ  | RD: 0mJ  | WR: 0mJ  | all_ACT: 0mJ  | all_RD: 0mJ  | all_WR: 0mJ  | MAC: 0mJ  | Total: 0mJ | compute util: 0, memory util: 0, Op/B 0
		feedforward | 11.769us  | 1.3574e+05 - 1.3575e+05 | tensor(209, 16384) -> tensor(209, 16384) | ACT: 0.083075mJ  | RD: 2.498mJ  | WR: 0.12488mJ  | all_ACT: 0mJ  | all_RD: 0mJ  | all_WR: 0mJ  | MAC: 7.8632mJ  | Total: 2.706mJ | compute util: 0, memory util: 0, Op/B 363.13
			gate_proj | 3.8794us  | 1.3574e+05 - 1.3574e+05 | tensor(209, 16384) -> tensor(209, 1664) | ACT: 0.027459mJ  | RD: 0.85468mJ  | WR: 0.0098081mJ  | all_ACT: 0mJ  | all_RD: 0mJ  | all_WR: 0mJ  | MAC: 2.6211mJ  | Total: 0.89194mJ | compute util: 0, memory util: 0, Op/B 367.2
				Linear | 3.8794us  | 1.3574e+05 - 1.3574e+05 | tensor(209, 16384) -> tensor(209, 1664) | ACT: 0.027459mJ  | RD: 0.85468mJ  | WR: 0.0098081mJ  | all_ACT: 0mJ  | all_RD: 0mJ  | all_WR: 0mJ  | MAC: 2.6211mJ  | Total: 0.89194mJ | compute util: 0.65279, memory util: 1, Op/B 367.2, GPU
			activation | 0.13042us  | 1.3574e+05 - 1.3574e+05 | tensor(209, 1664) -> tensor(209, 1664) | ACT: 0.00069811mJ  | RD: 0.019616mJ  | WR: 0.0098081mJ  | all_ACT: 0mJ  | all_RD: 0mJ  | all_WR: 0mJ  | MAC: 0mJ  | Total: 0.030122mJ | compute util: 0, memory util: 1, Op/B 0, GPU
			up_proj | 3.8794us  | 1.3574e+05 - 1.3575e+05 | tensor(209, 16384) -> tensor(209, 1664) | ACT: 0.027459mJ  | RD: 0.85468mJ  | WR: 0.0098081mJ  | all_ACT: 0mJ  | all_RD: 0mJ  | all_WR: 0mJ  | MAC: 2.6211mJ  | Total: 0.89194mJ | compute util: 0, memory util: 0, Op/B 367.2
				Linear | 3.8794us  | 1.3574e+05 - 1.3575e+05 | tensor(209, 16384) -> tensor(209, 1664) | ACT: 0.027459mJ  | RD: 0.85468mJ  | WR: 0.0098081mJ  | all_ACT: 0mJ  | all_RD: 0mJ  | all_WR: 0mJ  | MAC: 2.6211mJ  | Total: 0.89194mJ | compute util: 0.65279, memory util: 1, Op/B 367.2, GPU
			down_proj | 3.8794us  | 1.3575e+05 - 1.3575e+05 | tensor(209, 1664) -> tensor(209, 16384) | ACT: 0.027459mJ  | RD: 0.76903mJ  | WR: 0.095458mJ  | all_ACT: 0mJ  | all_RD: 0mJ  | all_WR: 0mJ  | MAC: 2.6211mJ  | Total: 0.89194mJ | compute util: 0, memory util: 0, Op/B 367.2
				Linear | 3.8794us  | 1.3575e+05 - 1.3575e+05 | tensor(209, 1664) -> tensor(209, 16384) | ACT: 0.027459mJ  | RD: 0.76903mJ  | WR: 0.095458mJ  | all_ACT: 0mJ  | all_RD: 0mJ  | all_WR: 0mJ  | MAC: 2.6211mJ  | Total: 0.89194mJ | compute util: 0.65279, memory util: 1, Op/B 367.2, GPU
		all_reduce | 74.405us  | 1.3575e+05 - 1.3583e+05 | tensor(209, 16384) -> tensor(209, 16384) | ACT: 0mJ  | RD: 0mJ  | WR: 0mJ  | all_ACT: 0mJ  | all_RD: 0mJ  | all_WR: 0mJ  | MAC: 0mJ  | Total: 0mJ | compute util: 0, memory util: 0, Op/B 0
		residual_1 | 1.2841us  | 1.3583e+05 - 1.3583e+05 | tensor(209, 16384) -> tensor(209, 16384) | ACT: 0mJ  | RD: 0mJ  | WR: 0mJ  | all_ACT: 0mJ  | all_RD: 0mJ  | all_WR: 0mJ  | MAC: 0mJ  | Total: 0mJ | compute util: 0, memory util: 0, Op/B 0
	decoder_119 | 1137.9us  | 1.3583e+05 - 1.3697e+05 | tensor(209, 16384) -> tensor(209, 16384) | ACT: 1.3378mJ  | RD: 41.766mJ  | WR: 0.22376mJ  | all_ACT: 0mJ  | all_RD: 0mJ  | all_WR: 0mJ  | MAC: 1007.7mJ  | Total: 43.327mJ | compute util: 0, memory util: 0, Op/B 2903.9
		input_layer_norm | 0.85811us  | 1.3583e+05 - 1.3583e+05 | tensor(209, 16384) -> tensor(209, 16384) | ACT: 0mJ  | RD: 0mJ  | WR: 0mJ  | all_ACT: 0mJ  | all_RD: 0mJ  | all_WR: 0mJ  | MAC: 0mJ  | Total: 0mJ | compute util: 0, memory util: 0, Op/B 0
		attention | 1047.4us  | 1.3583e+05 - 1.3688e+05 | tensor(209, 16384) -> tensor(209, 16384) | ACT: 1.2547mJ  | RD: 39.268mJ  | WR: 0.09888mJ  | all_ACT: 0mJ  | all_RD: 0mJ  | all_WR: 0mJ  | MAC: 999.85mJ  | Total: 40.621mJ | compute util: 0, memory util: 0, Op/B 3073
			attn_qkv_proj | 1.6227us  | 1.3583e+05 - 1.3583e+05 | tensor(209, 16384) -> tensor(209, 576) | ACT: 0.011519mJ  | RD: 0.35834mJ  | WR: 0.0034214mJ  | all_ACT: 0mJ  | all_RD: 0mJ  | all_WR: 0mJ  | MAC: 0.90729mJ  | Total: 0.37328mJ | compute util: 0, memory util: 0, Op/B 303.87
				Linear | 1.6227us  | 1.3583e+05 - 1.3583e+05 | tensor(209, 16384) -> tensor(209, 576) | ACT: 0.011519mJ  | RD: 0.35834mJ  | WR: 0.0034214mJ  | all_ACT: 0mJ  | all_RD: 0mJ  | all_WR: 0mJ  | MAC: 0.90729mJ  | Total: 0.37328mJ | compute util: 0.54021, memory util: 1, Op/B 303.87, GPU
			self_attention | 969.9us  | 1.3583e+05 - 1.368e+05 | tensor(209, 576) -> tensor(209, 512) | ACT: 1.2326mJ  | RD: 38.672mJ  | WR: 0mJ  | all_ACT: 0mJ  | all_RD: 0mJ  | all_WR: 0mJ  | MAC: 998.14mJ  | Total: 39.905mJ | compute util: 0, memory util: 0, Op/B 3122.7
				AttentionSplit | 0us  | 1.3583e+05 - 1.3583e+05 | tensor(209, 576) -> tensor(0, 768) tensor(209, 768) | ACT: 0mJ  | RD: 0mJ  | WR: 0mJ  | all_ACT: 0mJ  | all_RD: 0mJ  | all_WR: 0mJ  | MAC: 0mJ  | Total: 0mJ | compute util: 0, memory util: 0, Op/B 0
				AttentionSum | 0us  | 1.3583e+05 - 1.3583e+05 | tensor(0, 768) -> tensor(0, 2048) | ACT: 0mJ  | RD: 0mJ  | WR: 0mJ  | all_ACT: 0mJ  | all_RD: 0mJ  | all_WR: 0mJ  | MAC: 0mJ  | Total: 0mJ | compute util: 0, memory util: 0, Op/B 0, GPU
				AttentionGen | 964.39us  | 1.3583e+05 - 1.3679e+05 | tensor(209, 768) -> tensor(209, 2048) | ACT: 1.2326mJ  | RD: 38.672mJ  | WR: 0mJ  | all_ACT: 0mJ  | all_RD: 0mJ  | all_WR: 0mJ  | MAC: 998.14mJ  | Total: 39.905mJ | compute util: 1, memory util: 0.18013, Op/B 3122.7, GPU
				context_merge | 5.5134us  | 1.3679e+05 - 1.368e+05 | tensor(209, 2048) -> tensor(209, 2048) | ACT: 0mJ  | RD: 0mJ  | WR: 0mJ  | all_ACT: 0mJ  | all_RD: 0mJ  | all_WR: 0mJ  | MAC: 0mJ  | Total: 0mJ | compute util: 0, memory util: 0, Op/B 0
				AttentionMerge | 0us  | 1.368e+05 - 1.368e+05 | tensor(0, 2048) tensor(209, 2048) -> tensor(209, 512) | ACT: 0mJ  | RD: 0mJ  | WR: 0mJ  | all_ACT: 0mJ  | all_RD: 0mJ  | all_WR: 0mJ  | MAC: 0mJ  | Total: 0mJ | compute util: 0, memory util: 0, Op/B 0
			attn_o_proj | 1.49us  | 1.368e+05 - 1.368e+05 | tensor(209, 512) -> tensor(209, 16384) | ACT: 0.010588mJ  | RD: 0.23688mJ  | WR: 0.095458mJ  | all_ACT: 0mJ  | all_RD: 0mJ  | all_WR: 0mJ  | MAC: 0.80648mJ  | Total: 0.34292mJ | compute util: 0, memory util: 0, Op/B 294.17
				Linear | 1.49us  | 1.368e+05 - 1.368e+05 | tensor(209, 512) -> tensor(209, 16384) | ACT: 0.010588mJ  | RD: 0.23688mJ  | WR: 0.095458mJ  | all_ACT: 0mJ  | all_RD: 0mJ  | all_WR: 0mJ  | MAC: 0.80648mJ  | Total: 0.34292mJ | compute util: 0.52296, memory util: 1, Op/B 294.17, GPU
			all_reduce | 74.405us  | 1.368e+05 - 1.3688e+05 | tensor(209, 16384) -> tensor(209, 16384) | ACT: 0mJ  | RD: 0mJ  | WR: 0mJ  | all_ACT: 0mJ  | all_RD: 0mJ  | all_WR: 0mJ  | MAC: 0mJ  | Total: 0mJ | compute util: 0, memory util: 0, Op/B 0
		residual_1 | 1.2841us  | 1.3688e+05 - 1.3688e+05 | tensor(209, 16384) -> tensor(209, 16384) | ACT: 0mJ  | RD: 0mJ  | WR: 0mJ  | all_ACT: 0mJ  | all_RD: 0mJ  | all_WR: 0mJ  | MAC: 0mJ  | Total: 0mJ | compute util: 0, memory util: 0, Op/B 0
		post_attn_layer_norm | 0.85811us  | 1.3688e+05 - 1.3688e+05 | tensor(209, 16384) -> tensor(209, 16384) | ACT: 0mJ  | RD: 0mJ  | WR: 0mJ  | all_ACT: 0mJ  | all_RD: 0mJ  | all_WR: 0mJ  | MAC: 0mJ  | Total: 0mJ | compute util: 0, memory util: 0, Op/B 0
		feedforward | 11.769us  | 1.3688e+05 - 1.3689e+05 | tensor(209, 16384) -> tensor(209, 16384) | ACT: 0.083075mJ  | RD: 2.498mJ  | WR: 0.12488mJ  | all_ACT: 0mJ  | all_RD: 0mJ  | all_WR: 0mJ  | MAC: 7.8632mJ  | Total: 2.706mJ | compute util: 0, memory util: 0, Op/B 363.13
			gate_proj | 3.8794us  | 1.3688e+05 - 1.3688e+05 | tensor(209, 16384) -> tensor(209, 1664) | ACT: 0.027459mJ  | RD: 0.85468mJ  | WR: 0.0098081mJ  | all_ACT: 0mJ  | all_RD: 0mJ  | all_WR: 0mJ  | MAC: 2.6211mJ  | Total: 0.89194mJ | compute util: 0, memory util: 0, Op/B 367.2
				Linear | 3.8794us  | 1.3688e+05 - 1.3688e+05 | tensor(209, 16384) -> tensor(209, 1664) | ACT: 0.027459mJ  | RD: 0.85468mJ  | WR: 0.0098081mJ  | all_ACT: 0mJ  | all_RD: 0mJ  | all_WR: 0mJ  | MAC: 2.6211mJ  | Total: 0.89194mJ | compute util: 0.65279, memory util: 1, Op/B 367.2, GPU
			activation | 0.13042us  | 1.3688e+05 - 1.3688e+05 | tensor(209, 1664) -> tensor(209, 1664) | ACT: 0.00069811mJ  | RD: 0.019616mJ  | WR: 0.0098081mJ  | all_ACT: 0mJ  | all_RD: 0mJ  | all_WR: 0mJ  | MAC: 0mJ  | Total: 0.030122mJ | compute util: 0, memory util: 1, Op/B 0, GPU
			up_proj | 3.8794us  | 1.3688e+05 - 1.3689e+05 | tensor(209, 16384) -> tensor(209, 1664) | ACT: 0.027459mJ  | RD: 0.85468mJ  | WR: 0.0098081mJ  | all_ACT: 0mJ  | all_RD: 0mJ  | all_WR: 0mJ  | MAC: 2.6211mJ  | Total: 0.89194mJ | compute util: 0, memory util: 0, Op/B 367.2
				Linear | 3.8794us  | 1.3688e+05 - 1.3689e+05 | tensor(209, 16384) -> tensor(209, 1664) | ACT: 0.027459mJ  | RD: 0.85468mJ  | WR: 0.0098081mJ  | all_ACT: 0mJ  | all_RD: 0mJ  | all_WR: 0mJ  | MAC: 2.6211mJ  | Total: 0.89194mJ | compute util: 0.65279, memory util: 1, Op/B 367.2, GPU
			down_proj | 3.8794us  | 1.3689e+05 - 1.3689e+05 | tensor(209, 1664) -> tensor(209, 16384) | ACT: 0.027459mJ  | RD: 0.76903mJ  | WR: 0.095458mJ  | all_ACT: 0mJ  | all_RD: 0mJ  | all_WR: 0mJ  | MAC: 2.6211mJ  | Total: 0.89194mJ | compute util: 0, memory util: 0, Op/B 367.2
				Linear | 3.8794us  | 1.3689e+05 - 1.3689e+05 | tensor(209, 1664) -> tensor(209, 16384) | ACT: 0.027459mJ  | RD: 0.76903mJ  | WR: 0.095458mJ  | all_ACT: 0mJ  | all_RD: 0mJ  | all_WR: 0mJ  | MAC: 2.6211mJ  | Total: 0.89194mJ | compute util: 0.65279, memory util: 1, Op/B 367.2, GPU
		all_reduce | 74.405us  | 1.3689e+05 - 1.3696e+05 | tensor(209, 16384) -> tensor(209, 16384) | ACT: 0mJ  | RD: 0mJ  | WR: 0mJ  | all_ACT: 0mJ  | all_RD: 0mJ  | all_WR: 0mJ  | MAC: 0mJ  | Total: 0mJ | compute util: 0, memory util: 0, Op/B 0
		residual_1 | 1.2841us  | 1.3696e+05 - 1.3697e+05 | tensor(209, 16384) -> tensor(209, 16384) | ACT: 0mJ  | RD: 0mJ  | WR: 0mJ  | all_ACT: 0mJ  | all_RD: 0mJ  | all_WR: 0mJ  | MAC: 0mJ  | Total: 0mJ | compute util: 0, memory util: 0, Op/B 0
	decoder_120 | 1144.9us  | 1.3697e+05 - 1.3811e+05 | tensor(209, 16384) -> tensor(209, 16384) | ACT: 1.3378mJ  | RD: 41.766mJ  | WR: 0.22376mJ  | all_ACT: 0mJ  | all_RD: 0mJ  | all_WR: 0mJ  | MAC: 1007.7mJ  | Total: 43.327mJ | compute util: 0, memory util: 0, Op/B 2903.9
		input_layer_norm | 0.85811us  | 1.3697e+05 - 1.3697e+05 | tensor(209, 16384) -> tensor(209, 16384) | ACT: 0mJ  | RD: 0mJ  | WR: 0mJ  | all_ACT: 0mJ  | all_RD: 0mJ  | all_WR: 0mJ  | MAC: 0mJ  | Total: 0mJ | compute util: 0, memory util: 0, Op/B 0
		attention | 1054.4us  | 1.3697e+05 - 1.3802e+05 | tensor(209, 16384) -> tensor(209, 16384) | ACT: 1.2547mJ  | RD: 39.268mJ  | WR: 0.09888mJ  | all_ACT: 0mJ  | all_RD: 0mJ  | all_WR: 0mJ  | MAC: 999.85mJ  | Total: 40.621mJ | compute util: 0, memory util: 0, Op/B 3073
			attn_qkv_proj | 1.6227us  | 1.3697e+05 - 1.3697e+05 | tensor(209, 16384) -> tensor(209, 576) | ACT: 0.011519mJ  | RD: 0.35834mJ  | WR: 0.0034214mJ  | all_ACT: 0mJ  | all_RD: 0mJ  | all_WR: 0mJ  | MAC: 0.90729mJ  | Total: 0.37328mJ | compute util: 0, memory util: 0, Op/B 303.87
				Linear | 1.6227us  | 1.3697e+05 - 1.3697e+05 | tensor(209, 16384) -> tensor(209, 576) | ACT: 0.011519mJ  | RD: 0.35834mJ  | WR: 0.0034214mJ  | all_ACT: 0mJ  | all_RD: 0mJ  | all_WR: 0mJ  | MAC: 0.90729mJ  | Total: 0.37328mJ | compute util: 0.54021, memory util: 1, Op/B 303.87, GPU
			self_attention | 976.9us  | 1.3697e+05 - 1.3794e+05 | tensor(209, 576) -> tensor(209, 512) | ACT: 1.2326mJ  | RD: 38.672mJ  | WR: 0mJ  | all_ACT: 0mJ  | all_RD: 0mJ  | all_WR: 0mJ  | MAC: 998.14mJ  | Total: 39.905mJ | compute util: 0, memory util: 0, Op/B 3122.7
				AttentionSplit | 0us  | 1.3697e+05 - 1.3697e+05 | tensor(209, 576) -> tensor(0, 768) tensor(209, 768) | ACT: 0mJ  | RD: 0mJ  | WR: 0mJ  | all_ACT: 0mJ  | all_RD: 0mJ  | all_WR: 0mJ  | MAC: 0mJ  | Total: 0mJ | compute util: 0, memory util: 0, Op/B 0
				AttentionSum | 0us  | 1.3697e+05 - 1.3697e+05 | tensor(0, 768) -> tensor(0, 2048) | ACT: 0mJ  | RD: 0mJ  | WR: 0mJ  | all_ACT: 0mJ  | all_RD: 0mJ  | all_WR: 0mJ  | MAC: 0mJ  | Total: 0mJ | compute util: 0, memory util: 0, Op/B 0, GPU
				AttentionGen | 964.39us  | 1.3697e+05 - 1.3793e+05 | tensor(209, 768) -> tensor(209, 2048) | ACT: 1.2326mJ  | RD: 38.672mJ  | WR: 0mJ  | all_ACT: 0mJ  | all_RD: 0mJ  | all_WR: 0mJ  | MAC: 998.14mJ  | Total: 39.905mJ | compute util: 1, memory util: 0.18013, Op/B 3122.7, GPU
				context_merge | 12.517us  | 1.3793e+05 - 1.3794e+05 | tensor(209, 2048) -> tensor(209, 2048) | ACT: 0mJ  | RD: 0mJ  | WR: 0mJ  | all_ACT: 0mJ  | all_RD: 0mJ  | all_WR: 0mJ  | MAC: 0mJ  | Total: 0mJ | compute util: 0, memory util: 0, Op/B 0
				AttentionMerge | 0us  | 1.3794e+05 - 1.3794e+05 | tensor(0, 2048) tensor(209, 2048) -> tensor(209, 512) | ACT: 0mJ  | RD: 0mJ  | WR: 0mJ  | all_ACT: 0mJ  | all_RD: 0mJ  | all_WR: 0mJ  | MAC: 0mJ  | Total: 0mJ | compute util: 0, memory util: 0, Op/B 0
			attn_o_proj | 1.49us  | 1.3794e+05 - 1.3795e+05 | tensor(209, 512) -> tensor(209, 16384) | ACT: 0.010588mJ  | RD: 0.23688mJ  | WR: 0.095458mJ  | all_ACT: 0mJ  | all_RD: 0mJ  | all_WR: 0mJ  | MAC: 0.80648mJ  | Total: 0.34292mJ | compute util: 0, memory util: 0, Op/B 294.17
				Linear | 1.49us  | 1.3794e+05 - 1.3795e+05 | tensor(209, 512) -> tensor(209, 16384) | ACT: 0.010588mJ  | RD: 0.23688mJ  | WR: 0.095458mJ  | all_ACT: 0mJ  | all_RD: 0mJ  | all_WR: 0mJ  | MAC: 0.80648mJ  | Total: 0.34292mJ | compute util: 0.52296, memory util: 1, Op/B 294.17, GPU
			all_reduce | 74.405us  | 1.3795e+05 - 1.3802e+05 | tensor(209, 16384) -> tensor(209, 16384) | ACT: 0mJ  | RD: 0mJ  | WR: 0mJ  | all_ACT: 0mJ  | all_RD: 0mJ  | all_WR: 0mJ  | MAC: 0mJ  | Total: 0mJ | compute util: 0, memory util: 0, Op/B 0
		residual_1 | 1.2841us  | 1.3802e+05 - 1.3802e+05 | tensor(209, 16384) -> tensor(209, 16384) | ACT: 0mJ  | RD: 0mJ  | WR: 0mJ  | all_ACT: 0mJ  | all_RD: 0mJ  | all_WR: 0mJ  | MAC: 0mJ  | Total: 0mJ | compute util: 0, memory util: 0, Op/B 0
		post_attn_layer_norm | 0.85811us  | 1.3802e+05 - 1.3802e+05 | tensor(209, 16384) -> tensor(209, 16384) | ACT: 0mJ  | RD: 0mJ  | WR: 0mJ  | all_ACT: 0mJ  | all_RD: 0mJ  | all_WR: 0mJ  | MAC: 0mJ  | Total: 0mJ | compute util: 0, memory util: 0, Op/B 0
		feedforward | 11.769us  | 1.3802e+05 - 1.3803e+05 | tensor(209, 16384) -> tensor(209, 16384) | ACT: 0.083075mJ  | RD: 2.498mJ  | WR: 0.12488mJ  | all_ACT: 0mJ  | all_RD: 0mJ  | all_WR: 0mJ  | MAC: 7.8632mJ  | Total: 2.706mJ | compute util: 0, memory util: 0, Op/B 363.13
			gate_proj | 3.8794us  | 1.3802e+05 - 1.3803e+05 | tensor(209, 16384) -> tensor(209, 1664) | ACT: 0.027459mJ  | RD: 0.85468mJ  | WR: 0.0098081mJ  | all_ACT: 0mJ  | all_RD: 0mJ  | all_WR: 0mJ  | MAC: 2.6211mJ  | Total: 0.89194mJ | compute util: 0, memory util: 0, Op/B 367.2
				Linear | 3.8794us  | 1.3802e+05 - 1.3803e+05 | tensor(209, 16384) -> tensor(209, 1664) | ACT: 0.027459mJ  | RD: 0.85468mJ  | WR: 0.0098081mJ  | all_ACT: 0mJ  | all_RD: 0mJ  | all_WR: 0mJ  | MAC: 2.6211mJ  | Total: 0.89194mJ | compute util: 0.65279, memory util: 1, Op/B 367.2, GPU
			activation | 0.13042us  | 1.3803e+05 - 1.3803e+05 | tensor(209, 1664) -> tensor(209, 1664) | ACT: 0.00069811mJ  | RD: 0.019616mJ  | WR: 0.0098081mJ  | all_ACT: 0mJ  | all_RD: 0mJ  | all_WR: 0mJ  | MAC: 0mJ  | Total: 0.030122mJ | compute util: 0, memory util: 1, Op/B 0, GPU
			up_proj | 3.8794us  | 1.3803e+05 - 1.3803e+05 | tensor(209, 16384) -> tensor(209, 1664) | ACT: 0.027459mJ  | RD: 0.85468mJ  | WR: 0.0098081mJ  | all_ACT: 0mJ  | all_RD: 0mJ  | all_WR: 0mJ  | MAC: 2.6211mJ  | Total: 0.89194mJ | compute util: 0, memory util: 0, Op/B 367.2
				Linear | 3.8794us  | 1.3803e+05 - 1.3803e+05 | tensor(209, 16384) -> tensor(209, 1664) | ACT: 0.027459mJ  | RD: 0.85468mJ  | WR: 0.0098081mJ  | all_ACT: 0mJ  | all_RD: 0mJ  | all_WR: 0mJ  | MAC: 2.6211mJ  | Total: 0.89194mJ | compute util: 0.65279, memory util: 1, Op/B 367.2, GPU
			down_proj | 3.8794us  | 1.3803e+05 - 1.3803e+05 | tensor(209, 1664) -> tensor(209, 16384) | ACT: 0.027459mJ  | RD: 0.76903mJ  | WR: 0.095458mJ  | all_ACT: 0mJ  | all_RD: 0mJ  | all_WR: 0mJ  | MAC: 2.6211mJ  | Total: 0.89194mJ | compute util: 0, memory util: 0, Op/B 367.2
				Linear | 3.8794us  | 1.3803e+05 - 1.3803e+05 | tensor(209, 1664) -> tensor(209, 16384) | ACT: 0.027459mJ  | RD: 0.76903mJ  | WR: 0.095458mJ  | all_ACT: 0mJ  | all_RD: 0mJ  | all_WR: 0mJ  | MAC: 2.6211mJ  | Total: 0.89194mJ | compute util: 0.65279, memory util: 1, Op/B 367.2, GPU
		all_reduce | 74.405us  | 1.3803e+05 - 1.3811e+05 | tensor(209, 16384) -> tensor(209, 16384) | ACT: 0mJ  | RD: 0mJ  | WR: 0mJ  | all_ACT: 0mJ  | all_RD: 0mJ  | all_WR: 0mJ  | MAC: 0mJ  | Total: 0mJ | compute util: 0, memory util: 0, Op/B 0
		residual_1 | 1.2841us  | 1.3811e+05 - 1.3811e+05 | tensor(209, 16384) -> tensor(209, 16384) | ACT: 0mJ  | RD: 0mJ  | WR: 0mJ  | all_ACT: 0mJ  | all_RD: 0mJ  | all_WR: 0mJ  | MAC: 0mJ  | Total: 0mJ | compute util: 0, memory util: 0, Op/B 0
	decoder_121 | 1137.9us  | 1.3811e+05 - 1.3925e+05 | tensor(209, 16384) -> tensor(209, 16384) | ACT: 1.3378mJ  | RD: 41.766mJ  | WR: 0.22376mJ  | all_ACT: 0mJ  | all_RD: 0mJ  | all_WR: 0mJ  | MAC: 1007.7mJ  | Total: 43.327mJ | compute util: 0, memory util: 0, Op/B 2903.9
		input_layer_norm | 0.85811us  | 1.3811e+05 - 1.3811e+05 | tensor(209, 16384) -> tensor(209, 16384) | ACT: 0mJ  | RD: 0mJ  | WR: 0mJ  | all_ACT: 0mJ  | all_RD: 0mJ  | all_WR: 0mJ  | MAC: 0mJ  | Total: 0mJ | compute util: 0, memory util: 0, Op/B 0
		attention | 1047.4us  | 1.3811e+05 - 1.3916e+05 | tensor(209, 16384) -> tensor(209, 16384) | ACT: 1.2547mJ  | RD: 39.268mJ  | WR: 0.09888mJ  | all_ACT: 0mJ  | all_RD: 0mJ  | all_WR: 0mJ  | MAC: 999.85mJ  | Total: 40.621mJ | compute util: 0, memory util: 0, Op/B 3073
			attn_qkv_proj | 1.6227us  | 1.3811e+05 - 1.3811e+05 | tensor(209, 16384) -> tensor(209, 576) | ACT: 0.011519mJ  | RD: 0.35834mJ  | WR: 0.0034214mJ  | all_ACT: 0mJ  | all_RD: 0mJ  | all_WR: 0mJ  | MAC: 0.90729mJ  | Total: 0.37328mJ | compute util: 0, memory util: 0, Op/B 303.87
				Linear | 1.6227us  | 1.3811e+05 - 1.3811e+05 | tensor(209, 16384) -> tensor(209, 576) | ACT: 0.011519mJ  | RD: 0.35834mJ  | WR: 0.0034214mJ  | all_ACT: 0mJ  | all_RD: 0mJ  | all_WR: 0mJ  | MAC: 0.90729mJ  | Total: 0.37328mJ | compute util: 0.54021, memory util: 1, Op/B 303.87, GPU
			self_attention | 969.9us  | 1.3811e+05 - 1.3908e+05 | tensor(209, 576) -> tensor(209, 512) | ACT: 1.2326mJ  | RD: 38.672mJ  | WR: 0mJ  | all_ACT: 0mJ  | all_RD: 0mJ  | all_WR: 0mJ  | MAC: 998.14mJ  | Total: 39.905mJ | compute util: 0, memory util: 0, Op/B 3122.7
				AttentionSplit | 0us  | 1.3811e+05 - 1.3811e+05 | tensor(209, 576) -> tensor(0, 768) tensor(209, 768) | ACT: 0mJ  | RD: 0mJ  | WR: 0mJ  | all_ACT: 0mJ  | all_RD: 0mJ  | all_WR: 0mJ  | MAC: 0mJ  | Total: 0mJ | compute util: 0, memory util: 0, Op/B 0
				AttentionSum | 0us  | 1.3811e+05 - 1.3811e+05 | tensor(0, 768) -> tensor(0, 2048) | ACT: 0mJ  | RD: 0mJ  | WR: 0mJ  | all_ACT: 0mJ  | all_RD: 0mJ  | all_WR: 0mJ  | MAC: 0mJ  | Total: 0mJ | compute util: 0, memory util: 0, Op/B 0, GPU
				AttentionGen | 964.39us  | 1.3811e+05 - 1.3908e+05 | tensor(209, 768) -> tensor(209, 2048) | ACT: 1.2326mJ  | RD: 38.672mJ  | WR: 0mJ  | all_ACT: 0mJ  | all_RD: 0mJ  | all_WR: 0mJ  | MAC: 998.14mJ  | Total: 39.905mJ | compute util: 1, memory util: 0.18013, Op/B 3122.7, GPU
				context_merge | 5.5134us  | 1.3908e+05 - 1.3908e+05 | tensor(209, 2048) -> tensor(209, 2048) | ACT: 0mJ  | RD: 0mJ  | WR: 0mJ  | all_ACT: 0mJ  | all_RD: 0mJ  | all_WR: 0mJ  | MAC: 0mJ  | Total: 0mJ | compute util: 0, memory util: 0, Op/B 0
				AttentionMerge | 0us  | 1.3908e+05 - 1.3908e+05 | tensor(0, 2048) tensor(209, 2048) -> tensor(209, 512) | ACT: 0mJ  | RD: 0mJ  | WR: 0mJ  | all_ACT: 0mJ  | all_RD: 0mJ  | all_WR: 0mJ  | MAC: 0mJ  | Total: 0mJ | compute util: 0, memory util: 0, Op/B 0
			attn_o_proj | 1.49us  | 1.3908e+05 - 1.3908e+05 | tensor(209, 512) -> tensor(209, 16384) | ACT: 0.010588mJ  | RD: 0.23688mJ  | WR: 0.095458mJ  | all_ACT: 0mJ  | all_RD: 0mJ  | all_WR: 0mJ  | MAC: 0.80648mJ  | Total: 0.34292mJ | compute util: 0, memory util: 0, Op/B 294.17
				Linear | 1.49us  | 1.3908e+05 - 1.3908e+05 | tensor(209, 512) -> tensor(209, 16384) | ACT: 0.010588mJ  | RD: 0.23688mJ  | WR: 0.095458mJ  | all_ACT: 0mJ  | all_RD: 0mJ  | all_WR: 0mJ  | MAC: 0.80648mJ  | Total: 0.34292mJ | compute util: 0.52296, memory util: 1, Op/B 294.17, GPU
			all_reduce | 74.405us  | 1.3908e+05 - 1.3916e+05 | tensor(209, 16384) -> tensor(209, 16384) | ACT: 0mJ  | RD: 0mJ  | WR: 0mJ  | all_ACT: 0mJ  | all_RD: 0mJ  | all_WR: 0mJ  | MAC: 0mJ  | Total: 0mJ | compute util: 0, memory util: 0, Op/B 0
		residual_1 | 1.2841us  | 1.3916e+05 - 1.3916e+05 | tensor(209, 16384) -> tensor(209, 16384) | ACT: 0mJ  | RD: 0mJ  | WR: 0mJ  | all_ACT: 0mJ  | all_RD: 0mJ  | all_WR: 0mJ  | MAC: 0mJ  | Total: 0mJ | compute util: 0, memory util: 0, Op/B 0
		post_attn_layer_norm | 0.85811us  | 1.3916e+05 - 1.3916e+05 | tensor(209, 16384) -> tensor(209, 16384) | ACT: 0mJ  | RD: 0mJ  | WR: 0mJ  | all_ACT: 0mJ  | all_RD: 0mJ  | all_WR: 0mJ  | MAC: 0mJ  | Total: 0mJ | compute util: 0, memory util: 0, Op/B 0
		feedforward | 11.769us  | 1.3916e+05 - 1.3917e+05 | tensor(209, 16384) -> tensor(209, 16384) | ACT: 0.083075mJ  | RD: 2.498mJ  | WR: 0.12488mJ  | all_ACT: 0mJ  | all_RD: 0mJ  | all_WR: 0mJ  | MAC: 7.8632mJ  | Total: 2.706mJ | compute util: 0, memory util: 0, Op/B 363.13
			gate_proj | 3.8794us  | 1.3916e+05 - 1.3916e+05 | tensor(209, 16384) -> tensor(209, 1664) | ACT: 0.027459mJ  | RD: 0.85468mJ  | WR: 0.0098081mJ  | all_ACT: 0mJ  | all_RD: 0mJ  | all_WR: 0mJ  | MAC: 2.6211mJ  | Total: 0.89194mJ | compute util: 0, memory util: 0, Op/B 367.2
				Linear | 3.8794us  | 1.3916e+05 - 1.3916e+05 | tensor(209, 16384) -> tensor(209, 1664) | ACT: 0.027459mJ  | RD: 0.85468mJ  | WR: 0.0098081mJ  | all_ACT: 0mJ  | all_RD: 0mJ  | all_WR: 0mJ  | MAC: 2.6211mJ  | Total: 0.89194mJ | compute util: 0.65279, memory util: 1, Op/B 367.2, GPU
			activation | 0.13042us  | 1.3916e+05 - 1.3916e+05 | tensor(209, 1664) -> tensor(209, 1664) | ACT: 0.00069811mJ  | RD: 0.019616mJ  | WR: 0.0098081mJ  | all_ACT: 0mJ  | all_RD: 0mJ  | all_WR: 0mJ  | MAC: 0mJ  | Total: 0.030122mJ | compute util: 0, memory util: 1, Op/B 0, GPU
			up_proj | 3.8794us  | 1.3916e+05 - 1.3917e+05 | tensor(209, 16384) -> tensor(209, 1664) | ACT: 0.027459mJ  | RD: 0.85468mJ  | WR: 0.0098081mJ  | all_ACT: 0mJ  | all_RD: 0mJ  | all_WR: 0mJ  | MAC: 2.6211mJ  | Total: 0.89194mJ | compute util: 0, memory util: 0, Op/B 367.2
				Linear | 3.8794us  | 1.3916e+05 - 1.3917e+05 | tensor(209, 16384) -> tensor(209, 1664) | ACT: 0.027459mJ  | RD: 0.85468mJ  | WR: 0.0098081mJ  | all_ACT: 0mJ  | all_RD: 0mJ  | all_WR: 0mJ  | MAC: 2.6211mJ  | Total: 0.89194mJ | compute util: 0.65279, memory util: 1, Op/B 367.2, GPU
			down_proj | 3.8794us  | 1.3917e+05 - 1.3917e+05 | tensor(209, 1664) -> tensor(209, 16384) | ACT: 0.027459mJ  | RD: 0.76903mJ  | WR: 0.095458mJ  | all_ACT: 0mJ  | all_RD: 0mJ  | all_WR: 0mJ  | MAC: 2.6211mJ  | Total: 0.89194mJ | compute util: 0, memory util: 0, Op/B 367.2
				Linear | 3.8794us  | 1.3917e+05 - 1.3917e+05 | tensor(209, 1664) -> tensor(209, 16384) | ACT: 0.027459mJ  | RD: 0.76903mJ  | WR: 0.095458mJ  | all_ACT: 0mJ  | all_RD: 0mJ  | all_WR: 0mJ  | MAC: 2.6211mJ  | Total: 0.89194mJ | compute util: 0.65279, memory util: 1, Op/B 367.2, GPU
		all_reduce | 74.405us  | 1.3917e+05 - 1.3925e+05 | tensor(209, 16384) -> tensor(209, 16384) | ACT: 0mJ  | RD: 0mJ  | WR: 0mJ  | all_ACT: 0mJ  | all_RD: 0mJ  | all_WR: 0mJ  | MAC: 0mJ  | Total: 0mJ | compute util: 0, memory util: 0, Op/B 0
		residual_1 | 1.2841us  | 1.3925e+05 - 1.3925e+05 | tensor(209, 16384) -> tensor(209, 16384) | ACT: 0mJ  | RD: 0mJ  | WR: 0mJ  | all_ACT: 0mJ  | all_RD: 0mJ  | all_WR: 0mJ  | MAC: 0mJ  | Total: 0mJ | compute util: 0, memory util: 0, Op/B 0
	decoder_122 | 1144.9us  | 1.3925e+05 - 1.4039e+05 | tensor(209, 16384) -> tensor(209, 16384) | ACT: 1.3378mJ  | RD: 41.766mJ  | WR: 0.22376mJ  | all_ACT: 0mJ  | all_RD: 0mJ  | all_WR: 0mJ  | MAC: 1007.7mJ  | Total: 43.327mJ | compute util: 0, memory util: 0, Op/B 2903.9
		input_layer_norm | 0.85811us  | 1.3925e+05 - 1.3925e+05 | tensor(209, 16384) -> tensor(209, 16384) | ACT: 0mJ  | RD: 0mJ  | WR: 0mJ  | all_ACT: 0mJ  | all_RD: 0mJ  | all_WR: 0mJ  | MAC: 0mJ  | Total: 0mJ | compute util: 0, memory util: 0, Op/B 0
		attention | 1054.4us  | 1.3925e+05 - 1.403e+05 | tensor(209, 16384) -> tensor(209, 16384) | ACT: 1.2547mJ  | RD: 39.268mJ  | WR: 0.09888mJ  | all_ACT: 0mJ  | all_RD: 0mJ  | all_WR: 0mJ  | MAC: 999.85mJ  | Total: 40.621mJ | compute util: 0, memory util: 0, Op/B 3073
			attn_qkv_proj | 1.6227us  | 1.3925e+05 - 1.3925e+05 | tensor(209, 16384) -> tensor(209, 576) | ACT: 0.011519mJ  | RD: 0.35834mJ  | WR: 0.0034214mJ  | all_ACT: 0mJ  | all_RD: 0mJ  | all_WR: 0mJ  | MAC: 0.90729mJ  | Total: 0.37328mJ | compute util: 0, memory util: 0, Op/B 303.87
				Linear | 1.6227us  | 1.3925e+05 - 1.3925e+05 | tensor(209, 16384) -> tensor(209, 576) | ACT: 0.011519mJ  | RD: 0.35834mJ  | WR: 0.0034214mJ  | all_ACT: 0mJ  | all_RD: 0mJ  | all_WR: 0mJ  | MAC: 0.90729mJ  | Total: 0.37328mJ | compute util: 0.54021, memory util: 1, Op/B 303.87, GPU
			self_attention | 976.9us  | 1.3925e+05 - 1.4023e+05 | tensor(209, 576) -> tensor(209, 512) | ACT: 1.2326mJ  | RD: 38.672mJ  | WR: 0mJ  | all_ACT: 0mJ  | all_RD: 0mJ  | all_WR: 0mJ  | MAC: 998.14mJ  | Total: 39.905mJ | compute util: 0, memory util: 0, Op/B 3122.7
				AttentionSplit | 0us  | 1.3925e+05 - 1.3925e+05 | tensor(209, 576) -> tensor(0, 768) tensor(209, 768) | ACT: 0mJ  | RD: 0mJ  | WR: 0mJ  | all_ACT: 0mJ  | all_RD: 0mJ  | all_WR: 0mJ  | MAC: 0mJ  | Total: 0mJ | compute util: 0, memory util: 0, Op/B 0
				AttentionSum | 0us  | 1.3925e+05 - 1.3925e+05 | tensor(0, 768) -> tensor(0, 2048) | ACT: 0mJ  | RD: 0mJ  | WR: 0mJ  | all_ACT: 0mJ  | all_RD: 0mJ  | all_WR: 0mJ  | MAC: 0mJ  | Total: 0mJ | compute util: 0, memory util: 0, Op/B 0, GPU
				AttentionGen | 964.39us  | 1.3925e+05 - 1.4021e+05 | tensor(209, 768) -> tensor(209, 2048) | ACT: 1.2326mJ  | RD: 38.672mJ  | WR: 0mJ  | all_ACT: 0mJ  | all_RD: 0mJ  | all_WR: 0mJ  | MAC: 998.14mJ  | Total: 39.905mJ | compute util: 1, memory util: 0.18013, Op/B 3122.7, GPU
				context_merge | 12.517us  | 1.4021e+05 - 1.4023e+05 | tensor(209, 2048) -> tensor(209, 2048) | ACT: 0mJ  | RD: 0mJ  | WR: 0mJ  | all_ACT: 0mJ  | all_RD: 0mJ  | all_WR: 0mJ  | MAC: 0mJ  | Total: 0mJ | compute util: 0, memory util: 0, Op/B 0
				AttentionMerge | 0us  | 1.4023e+05 - 1.4023e+05 | tensor(0, 2048) tensor(209, 2048) -> tensor(209, 512) | ACT: 0mJ  | RD: 0mJ  | WR: 0mJ  | all_ACT: 0mJ  | all_RD: 0mJ  | all_WR: 0mJ  | MAC: 0mJ  | Total: 0mJ | compute util: 0, memory util: 0, Op/B 0
			attn_o_proj | 1.49us  | 1.4023e+05 - 1.4023e+05 | tensor(209, 512) -> tensor(209, 16384) | ACT: 0.010588mJ  | RD: 0.23688mJ  | WR: 0.095458mJ  | all_ACT: 0mJ  | all_RD: 0mJ  | all_WR: 0mJ  | MAC: 0.80648mJ  | Total: 0.34292mJ | compute util: 0, memory util: 0, Op/B 294.17
				Linear | 1.49us  | 1.4023e+05 - 1.4023e+05 | tensor(209, 512) -> tensor(209, 16384) | ACT: 0.010588mJ  | RD: 0.23688mJ  | WR: 0.095458mJ  | all_ACT: 0mJ  | all_RD: 0mJ  | all_WR: 0mJ  | MAC: 0.80648mJ  | Total: 0.34292mJ | compute util: 0.52296, memory util: 1, Op/B 294.17, GPU
			all_reduce | 74.405us  | 1.4023e+05 - 1.403e+05 | tensor(209, 16384) -> tensor(209, 16384) | ACT: 0mJ  | RD: 0mJ  | WR: 0mJ  | all_ACT: 0mJ  | all_RD: 0mJ  | all_WR: 0mJ  | MAC: 0mJ  | Total: 0mJ | compute util: 0, memory util: 0, Op/B 0
		residual_1 | 1.2841us  | 1.403e+05 - 1.403e+05 | tensor(209, 16384) -> tensor(209, 16384) | ACT: 0mJ  | RD: 0mJ  | WR: 0mJ  | all_ACT: 0mJ  | all_RD: 0mJ  | all_WR: 0mJ  | MAC: 0mJ  | Total: 0mJ | compute util: 0, memory util: 0, Op/B 0
		post_attn_layer_norm | 0.85811us  | 1.403e+05 - 1.4031e+05 | tensor(209, 16384) -> tensor(209, 16384) | ACT: 0mJ  | RD: 0mJ  | WR: 0mJ  | all_ACT: 0mJ  | all_RD: 0mJ  | all_WR: 0mJ  | MAC: 0mJ  | Total: 0mJ | compute util: 0, memory util: 0, Op/B 0
		feedforward | 11.769us  | 1.4031e+05 - 1.4032e+05 | tensor(209, 16384) -> tensor(209, 16384) | ACT: 0.083075mJ  | RD: 2.498mJ  | WR: 0.12488mJ  | all_ACT: 0mJ  | all_RD: 0mJ  | all_WR: 0mJ  | MAC: 7.8632mJ  | Total: 2.706mJ | compute util: 0, memory util: 0, Op/B 363.13
			gate_proj | 3.8794us  | 1.4031e+05 - 1.4031e+05 | tensor(209, 16384) -> tensor(209, 1664) | ACT: 0.027459mJ  | RD: 0.85468mJ  | WR: 0.0098081mJ  | all_ACT: 0mJ  | all_RD: 0mJ  | all_WR: 0mJ  | MAC: 2.6211mJ  | Total: 0.89194mJ | compute util: 0, memory util: 0, Op/B 367.2
				Linear | 3.8794us  | 1.4031e+05 - 1.4031e+05 | tensor(209, 16384) -> tensor(209, 1664) | ACT: 0.027459mJ  | RD: 0.85468mJ  | WR: 0.0098081mJ  | all_ACT: 0mJ  | all_RD: 0mJ  | all_WR: 0mJ  | MAC: 2.6211mJ  | Total: 0.89194mJ | compute util: 0.65279, memory util: 1, Op/B 367.2, GPU
			activation | 0.13042us  | 1.4031e+05 - 1.4031e+05 | tensor(209, 1664) -> tensor(209, 1664) | ACT: 0.00069811mJ  | RD: 0.019616mJ  | WR: 0.0098081mJ  | all_ACT: 0mJ  | all_RD: 0mJ  | all_WR: 0mJ  | MAC: 0mJ  | Total: 0.030122mJ | compute util: 0, memory util: 1, Op/B 0, GPU
			up_proj | 3.8794us  | 1.4031e+05 - 1.4031e+05 | tensor(209, 16384) -> tensor(209, 1664) | ACT: 0.027459mJ  | RD: 0.85468mJ  | WR: 0.0098081mJ  | all_ACT: 0mJ  | all_RD: 0mJ  | all_WR: 0mJ  | MAC: 2.6211mJ  | Total: 0.89194mJ | compute util: 0, memory util: 0, Op/B 367.2
				Linear | 3.8794us  | 1.4031e+05 - 1.4031e+05 | tensor(209, 16384) -> tensor(209, 1664) | ACT: 0.027459mJ  | RD: 0.85468mJ  | WR: 0.0098081mJ  | all_ACT: 0mJ  | all_RD: 0mJ  | all_WR: 0mJ  | MAC: 2.6211mJ  | Total: 0.89194mJ | compute util: 0.65279, memory util: 1, Op/B 367.2, GPU
			down_proj | 3.8794us  | 1.4031e+05 - 1.4032e+05 | tensor(209, 1664) -> tensor(209, 16384) | ACT: 0.027459mJ  | RD: 0.76903mJ  | WR: 0.095458mJ  | all_ACT: 0mJ  | all_RD: 0mJ  | all_WR: 0mJ  | MAC: 2.6211mJ  | Total: 0.89194mJ | compute util: 0, memory util: 0, Op/B 367.2
				Linear | 3.8794us  | 1.4031e+05 - 1.4032e+05 | tensor(209, 1664) -> tensor(209, 16384) | ACT: 0.027459mJ  | RD: 0.76903mJ  | WR: 0.095458mJ  | all_ACT: 0mJ  | all_RD: 0mJ  | all_WR: 0mJ  | MAC: 2.6211mJ  | Total: 0.89194mJ | compute util: 0.65279, memory util: 1, Op/B 367.2, GPU
		all_reduce | 74.405us  | 1.4032e+05 - 1.4039e+05 | tensor(209, 16384) -> tensor(209, 16384) | ACT: 0mJ  | RD: 0mJ  | WR: 0mJ  | all_ACT: 0mJ  | all_RD: 0mJ  | all_WR: 0mJ  | MAC: 0mJ  | Total: 0mJ | compute util: 0, memory util: 0, Op/B 0
		residual_1 | 1.2841us  | 1.4039e+05 - 1.4039e+05 | tensor(209, 16384) -> tensor(209, 16384) | ACT: 0mJ  | RD: 0mJ  | WR: 0mJ  | all_ACT: 0mJ  | all_RD: 0mJ  | all_WR: 0mJ  | MAC: 0mJ  | Total: 0mJ | compute util: 0, memory util: 0, Op/B 0
	decoder_123 | 1137.9us  | 1.4039e+05 - 1.4153e+05 | tensor(209, 16384) -> tensor(209, 16384) | ACT: 1.3378mJ  | RD: 41.766mJ  | WR: 0.22376mJ  | all_ACT: 0mJ  | all_RD: 0mJ  | all_WR: 0mJ  | MAC: 1007.7mJ  | Total: 43.327mJ | compute util: 0, memory util: 0, Op/B 2903.9
		input_layer_norm | 0.85811us  | 1.4039e+05 - 1.4039e+05 | tensor(209, 16384) -> tensor(209, 16384) | ACT: 0mJ  | RD: 0mJ  | WR: 0mJ  | all_ACT: 0mJ  | all_RD: 0mJ  | all_WR: 0mJ  | MAC: 0mJ  | Total: 0mJ | compute util: 0, memory util: 0, Op/B 0
		attention | 1047.4us  | 1.4039e+05 - 1.4144e+05 | tensor(209, 16384) -> tensor(209, 16384) | ACT: 1.2547mJ  | RD: 39.268mJ  | WR: 0.09888mJ  | all_ACT: 0mJ  | all_RD: 0mJ  | all_WR: 0mJ  | MAC: 999.85mJ  | Total: 40.621mJ | compute util: 0, memory util: 0, Op/B 3073
			attn_qkv_proj | 1.6227us  | 1.4039e+05 - 1.404e+05 | tensor(209, 16384) -> tensor(209, 576) | ACT: 0.011519mJ  | RD: 0.35834mJ  | WR: 0.0034214mJ  | all_ACT: 0mJ  | all_RD: 0mJ  | all_WR: 0mJ  | MAC: 0.90729mJ  | Total: 0.37328mJ | compute util: 0, memory util: 0, Op/B 303.87
				Linear | 1.6227us  | 1.4039e+05 - 1.404e+05 | tensor(209, 16384) -> tensor(209, 576) | ACT: 0.011519mJ  | RD: 0.35834mJ  | WR: 0.0034214mJ  | all_ACT: 0mJ  | all_RD: 0mJ  | all_WR: 0mJ  | MAC: 0.90729mJ  | Total: 0.37328mJ | compute util: 0.54021, memory util: 1, Op/B 303.87, GPU
			self_attention | 969.9us  | 1.404e+05 - 1.4137e+05 | tensor(209, 576) -> tensor(209, 512) | ACT: 1.2326mJ  | RD: 38.672mJ  | WR: 0mJ  | all_ACT: 0mJ  | all_RD: 0mJ  | all_WR: 0mJ  | MAC: 998.14mJ  | Total: 39.905mJ | compute util: 0, memory util: 0, Op/B 3122.7
				AttentionSplit | 0us  | 1.404e+05 - 1.404e+05 | tensor(209, 576) -> tensor(0, 768) tensor(209, 768) | ACT: 0mJ  | RD: 0mJ  | WR: 0mJ  | all_ACT: 0mJ  | all_RD: 0mJ  | all_WR: 0mJ  | MAC: 0mJ  | Total: 0mJ | compute util: 0, memory util: 0, Op/B 0
				AttentionSum | 0us  | 1.404e+05 - 1.404e+05 | tensor(0, 768) -> tensor(0, 2048) | ACT: 0mJ  | RD: 0mJ  | WR: 0mJ  | all_ACT: 0mJ  | all_RD: 0mJ  | all_WR: 0mJ  | MAC: 0mJ  | Total: 0mJ | compute util: 0, memory util: 0, Op/B 0, GPU
				AttentionGen | 964.39us  | 1.404e+05 - 1.4136e+05 | tensor(209, 768) -> tensor(209, 2048) | ACT: 1.2326mJ  | RD: 38.672mJ  | WR: 0mJ  | all_ACT: 0mJ  | all_RD: 0mJ  | all_WR: 0mJ  | MAC: 998.14mJ  | Total: 39.905mJ | compute util: 1, memory util: 0.18013, Op/B 3122.7, GPU
				context_merge | 5.5134us  | 1.4136e+05 - 1.4137e+05 | tensor(209, 2048) -> tensor(209, 2048) | ACT: 0mJ  | RD: 0mJ  | WR: 0mJ  | all_ACT: 0mJ  | all_RD: 0mJ  | all_WR: 0mJ  | MAC: 0mJ  | Total: 0mJ | compute util: 0, memory util: 0, Op/B 0
				AttentionMerge | 0us  | 1.4137e+05 - 1.4137e+05 | tensor(0, 2048) tensor(209, 2048) -> tensor(209, 512) | ACT: 0mJ  | RD: 0mJ  | WR: 0mJ  | all_ACT: 0mJ  | all_RD: 0mJ  | all_WR: 0mJ  | MAC: 0mJ  | Total: 0mJ | compute util: 0, memory util: 0, Op/B 0
			attn_o_proj | 1.49us  | 1.4137e+05 - 1.4137e+05 | tensor(209, 512) -> tensor(209, 16384) | ACT: 0.010588mJ  | RD: 0.23688mJ  | WR: 0.095458mJ  | all_ACT: 0mJ  | all_RD: 0mJ  | all_WR: 0mJ  | MAC: 0.80648mJ  | Total: 0.34292mJ | compute util: 0, memory util: 0, Op/B 294.17
				Linear | 1.49us  | 1.4137e+05 - 1.4137e+05 | tensor(209, 512) -> tensor(209, 16384) | ACT: 0.010588mJ  | RD: 0.23688mJ  | WR: 0.095458mJ  | all_ACT: 0mJ  | all_RD: 0mJ  | all_WR: 0mJ  | MAC: 0.80648mJ  | Total: 0.34292mJ | compute util: 0.52296, memory util: 1, Op/B 294.17, GPU
			all_reduce | 74.405us  | 1.4137e+05 - 1.4144e+05 | tensor(209, 16384) -> tensor(209, 16384) | ACT: 0mJ  | RD: 0mJ  | WR: 0mJ  | all_ACT: 0mJ  | all_RD: 0mJ  | all_WR: 0mJ  | MAC: 0mJ  | Total: 0mJ | compute util: 0, memory util: 0, Op/B 0
		residual_1 | 1.2841us  | 1.4144e+05 - 1.4144e+05 | tensor(209, 16384) -> tensor(209, 16384) | ACT: 0mJ  | RD: 0mJ  | WR: 0mJ  | all_ACT: 0mJ  | all_RD: 0mJ  | all_WR: 0mJ  | MAC: 0mJ  | Total: 0mJ | compute util: 0, memory util: 0, Op/B 0
		post_attn_layer_norm | 0.85811us  | 1.4144e+05 - 1.4144e+05 | tensor(209, 16384) -> tensor(209, 16384) | ACT: 0mJ  | RD: 0mJ  | WR: 0mJ  | all_ACT: 0mJ  | all_RD: 0mJ  | all_WR: 0mJ  | MAC: 0mJ  | Total: 0mJ | compute util: 0, memory util: 0, Op/B 0
		feedforward | 11.769us  | 1.4144e+05 - 1.4146e+05 | tensor(209, 16384) -> tensor(209, 16384) | ACT: 0.083075mJ  | RD: 2.498mJ  | WR: 0.12488mJ  | all_ACT: 0mJ  | all_RD: 0mJ  | all_WR: 0mJ  | MAC: 7.8632mJ  | Total: 2.706mJ | compute util: 0, memory util: 0, Op/B 363.13
			gate_proj | 3.8794us  | 1.4144e+05 - 1.4145e+05 | tensor(209, 16384) -> tensor(209, 1664) | ACT: 0.027459mJ  | RD: 0.85468mJ  | WR: 0.0098081mJ  | all_ACT: 0mJ  | all_RD: 0mJ  | all_WR: 0mJ  | MAC: 2.6211mJ  | Total: 0.89194mJ | compute util: 0, memory util: 0, Op/B 367.2
				Linear | 3.8794us  | 1.4144e+05 - 1.4145e+05 | tensor(209, 16384) -> tensor(209, 1664) | ACT: 0.027459mJ  | RD: 0.85468mJ  | WR: 0.0098081mJ  | all_ACT: 0mJ  | all_RD: 0mJ  | all_WR: 0mJ  | MAC: 2.6211mJ  | Total: 0.89194mJ | compute util: 0.65279, memory util: 1, Op/B 367.2, GPU
			activation | 0.13042us  | 1.4145e+05 - 1.4145e+05 | tensor(209, 1664) -> tensor(209, 1664) | ACT: 0.00069811mJ  | RD: 0.019616mJ  | WR: 0.0098081mJ  | all_ACT: 0mJ  | all_RD: 0mJ  | all_WR: 0mJ  | MAC: 0mJ  | Total: 0.030122mJ | compute util: 0, memory util: 1, Op/B 0, GPU
			up_proj | 3.8794us  | 1.4145e+05 - 1.4145e+05 | tensor(209, 16384) -> tensor(209, 1664) | ACT: 0.027459mJ  | RD: 0.85468mJ  | WR: 0.0098081mJ  | all_ACT: 0mJ  | all_RD: 0mJ  | all_WR: 0mJ  | MAC: 2.6211mJ  | Total: 0.89194mJ | compute util: 0, memory util: 0, Op/B 367.2
				Linear | 3.8794us  | 1.4145e+05 - 1.4145e+05 | tensor(209, 16384) -> tensor(209, 1664) | ACT: 0.027459mJ  | RD: 0.85468mJ  | WR: 0.0098081mJ  | all_ACT: 0mJ  | all_RD: 0mJ  | all_WR: 0mJ  | MAC: 2.6211mJ  | Total: 0.89194mJ | compute util: 0.65279, memory util: 1, Op/B 367.2, GPU
			down_proj | 3.8794us  | 1.4145e+05 - 1.4146e+05 | tensor(209, 1664) -> tensor(209, 16384) | ACT: 0.027459mJ  | RD: 0.76903mJ  | WR: 0.095458mJ  | all_ACT: 0mJ  | all_RD: 0mJ  | all_WR: 0mJ  | MAC: 2.6211mJ  | Total: 0.89194mJ | compute util: 0, memory util: 0, Op/B 367.2
				Linear | 3.8794us  | 1.4145e+05 - 1.4146e+05 | tensor(209, 1664) -> tensor(209, 16384) | ACT: 0.027459mJ  | RD: 0.76903mJ  | WR: 0.095458mJ  | all_ACT: 0mJ  | all_RD: 0mJ  | all_WR: 0mJ  | MAC: 2.6211mJ  | Total: 0.89194mJ | compute util: 0.65279, memory util: 1, Op/B 367.2, GPU
		all_reduce | 74.405us  | 1.4146e+05 - 1.4153e+05 | tensor(209, 16384) -> tensor(209, 16384) | ACT: 0mJ  | RD: 0mJ  | WR: 0mJ  | all_ACT: 0mJ  | all_RD: 0mJ  | all_WR: 0mJ  | MAC: 0mJ  | Total: 0mJ | compute util: 0, memory util: 0, Op/B 0
		residual_1 | 1.2841us  | 1.4153e+05 - 1.4153e+05 | tensor(209, 16384) -> tensor(209, 16384) | ACT: 0mJ  | RD: 0mJ  | WR: 0mJ  | all_ACT: 0mJ  | all_RD: 0mJ  | all_WR: 0mJ  | MAC: 0mJ  | Total: 0mJ | compute util: 0, memory util: 0, Op/B 0
	decoder_124 | 1144.9us  | 1.4153e+05 - 1.4268e+05 | tensor(209, 16384) -> tensor(209, 16384) | ACT: 1.3378mJ  | RD: 41.766mJ  | WR: 0.22376mJ  | all_ACT: 0mJ  | all_RD: 0mJ  | all_WR: 0mJ  | MAC: 1007.7mJ  | Total: 43.327mJ | compute util: 0, memory util: 0, Op/B 2903.9
		input_layer_norm | 0.85811us  | 1.4153e+05 - 1.4153e+05 | tensor(209, 16384) -> tensor(209, 16384) | ACT: 0mJ  | RD: 0mJ  | WR: 0mJ  | all_ACT: 0mJ  | all_RD: 0mJ  | all_WR: 0mJ  | MAC: 0mJ  | Total: 0mJ | compute util: 0, memory util: 0, Op/B 0
		attention | 1054.4us  | 1.4153e+05 - 1.4259e+05 | tensor(209, 16384) -> tensor(209, 16384) | ACT: 1.2547mJ  | RD: 39.268mJ  | WR: 0.09888mJ  | all_ACT: 0mJ  | all_RD: 0mJ  | all_WR: 0mJ  | MAC: 999.85mJ  | Total: 40.621mJ | compute util: 0, memory util: 0, Op/B 3073
			attn_qkv_proj | 1.6227us  | 1.4153e+05 - 1.4153e+05 | tensor(209, 16384) -> tensor(209, 576) | ACT: 0.011519mJ  | RD: 0.35834mJ  | WR: 0.0034214mJ  | all_ACT: 0mJ  | all_RD: 0mJ  | all_WR: 0mJ  | MAC: 0.90729mJ  | Total: 0.37328mJ | compute util: 0, memory util: 0, Op/B 303.87
				Linear | 1.6227us  | 1.4153e+05 - 1.4153e+05 | tensor(209, 16384) -> tensor(209, 576) | ACT: 0.011519mJ  | RD: 0.35834mJ  | WR: 0.0034214mJ  | all_ACT: 0mJ  | all_RD: 0mJ  | all_WR: 0mJ  | MAC: 0.90729mJ  | Total: 0.37328mJ | compute util: 0.54021, memory util: 1, Op/B 303.87, GPU
			self_attention | 976.9us  | 1.4153e+05 - 1.4251e+05 | tensor(209, 576) -> tensor(209, 512) | ACT: 1.2326mJ  | RD: 38.672mJ  | WR: 0mJ  | all_ACT: 0mJ  | all_RD: 0mJ  | all_WR: 0mJ  | MAC: 998.14mJ  | Total: 39.905mJ | compute util: 0, memory util: 0, Op/B 3122.7
				AttentionSplit | 0us  | 1.4153e+05 - 1.4153e+05 | tensor(209, 576) -> tensor(0, 768) tensor(209, 768) | ACT: 0mJ  | RD: 0mJ  | WR: 0mJ  | all_ACT: 0mJ  | all_RD: 0mJ  | all_WR: 0mJ  | MAC: 0mJ  | Total: 0mJ | compute util: 0, memory util: 0, Op/B 0
				AttentionSum | 0us  | 1.4153e+05 - 1.4153e+05 | tensor(0, 768) -> tensor(0, 2048) | ACT: 0mJ  | RD: 0mJ  | WR: 0mJ  | all_ACT: 0mJ  | all_RD: 0mJ  | all_WR: 0mJ  | MAC: 0mJ  | Total: 0mJ | compute util: 0, memory util: 0, Op/B 0, GPU
				AttentionGen | 964.39us  | 1.4153e+05 - 1.425e+05 | tensor(209, 768) -> tensor(209, 2048) | ACT: 1.2326mJ  | RD: 38.672mJ  | WR: 0mJ  | all_ACT: 0mJ  | all_RD: 0mJ  | all_WR: 0mJ  | MAC: 998.14mJ  | Total: 39.905mJ | compute util: 1, memory util: 0.18013, Op/B 3122.7, GPU
				context_merge | 12.517us  | 1.425e+05 - 1.4251e+05 | tensor(209, 2048) -> tensor(209, 2048) | ACT: 0mJ  | RD: 0mJ  | WR: 0mJ  | all_ACT: 0mJ  | all_RD: 0mJ  | all_WR: 0mJ  | MAC: 0mJ  | Total: 0mJ | compute util: 0, memory util: 0, Op/B 0
				AttentionMerge | 0us  | 1.4251e+05 - 1.4251e+05 | tensor(0, 2048) tensor(209, 2048) -> tensor(209, 512) | ACT: 0mJ  | RD: 0mJ  | WR: 0mJ  | all_ACT: 0mJ  | all_RD: 0mJ  | all_WR: 0mJ  | MAC: 0mJ  | Total: 0mJ | compute util: 0, memory util: 0, Op/B 0
			attn_o_proj | 1.49us  | 1.4251e+05 - 1.4251e+05 | tensor(209, 512) -> tensor(209, 16384) | ACT: 0.010588mJ  | RD: 0.23688mJ  | WR: 0.095458mJ  | all_ACT: 0mJ  | all_RD: 0mJ  | all_WR: 0mJ  | MAC: 0.80648mJ  | Total: 0.34292mJ | compute util: 0, memory util: 0, Op/B 294.17
				Linear | 1.49us  | 1.4251e+05 - 1.4251e+05 | tensor(209, 512) -> tensor(209, 16384) | ACT: 0.010588mJ  | RD: 0.23688mJ  | WR: 0.095458mJ  | all_ACT: 0mJ  | all_RD: 0mJ  | all_WR: 0mJ  | MAC: 0.80648mJ  | Total: 0.34292mJ | compute util: 0.52296, memory util: 1, Op/B 294.17, GPU
			all_reduce | 74.405us  | 1.4251e+05 - 1.4259e+05 | tensor(209, 16384) -> tensor(209, 16384) | ACT: 0mJ  | RD: 0mJ  | WR: 0mJ  | all_ACT: 0mJ  | all_RD: 0mJ  | all_WR: 0mJ  | MAC: 0mJ  | Total: 0mJ | compute util: 0, memory util: 0, Op/B 0
		residual_1 | 1.2841us  | 1.4259e+05 - 1.4259e+05 | tensor(209, 16384) -> tensor(209, 16384) | ACT: 0mJ  | RD: 0mJ  | WR: 0mJ  | all_ACT: 0mJ  | all_RD: 0mJ  | all_WR: 0mJ  | MAC: 0mJ  | Total: 0mJ | compute util: 0, memory util: 0, Op/B 0
		post_attn_layer_norm | 0.85811us  | 1.4259e+05 - 1.4259e+05 | tensor(209, 16384) -> tensor(209, 16384) | ACT: 0mJ  | RD: 0mJ  | WR: 0mJ  | all_ACT: 0mJ  | all_RD: 0mJ  | all_WR: 0mJ  | MAC: 0mJ  | Total: 0mJ | compute util: 0, memory util: 0, Op/B 0
		feedforward | 11.769us  | 1.4259e+05 - 1.426e+05 | tensor(209, 16384) -> tensor(209, 16384) | ACT: 0.083075mJ  | RD: 2.498mJ  | WR: 0.12488mJ  | all_ACT: 0mJ  | all_RD: 0mJ  | all_WR: 0mJ  | MAC: 7.8632mJ  | Total: 2.706mJ | compute util: 0, memory util: 0, Op/B 363.13
			gate_proj | 3.8794us  | 1.4259e+05 - 1.4259e+05 | tensor(209, 16384) -> tensor(209, 1664) | ACT: 0.027459mJ  | RD: 0.85468mJ  | WR: 0.0098081mJ  | all_ACT: 0mJ  | all_RD: 0mJ  | all_WR: 0mJ  | MAC: 2.6211mJ  | Total: 0.89194mJ | compute util: 0, memory util: 0, Op/B 367.2
				Linear | 3.8794us  | 1.4259e+05 - 1.4259e+05 | tensor(209, 16384) -> tensor(209, 1664) | ACT: 0.027459mJ  | RD: 0.85468mJ  | WR: 0.0098081mJ  | all_ACT: 0mJ  | all_RD: 0mJ  | all_WR: 0mJ  | MAC: 2.6211mJ  | Total: 0.89194mJ | compute util: 0.65279, memory util: 1, Op/B 367.2, GPU
			activation | 0.13042us  | 1.4259e+05 - 1.4259e+05 | tensor(209, 1664) -> tensor(209, 1664) | ACT: 0.00069811mJ  | RD: 0.019616mJ  | WR: 0.0098081mJ  | all_ACT: 0mJ  | all_RD: 0mJ  | all_WR: 0mJ  | MAC: 0mJ  | Total: 0.030122mJ | compute util: 0, memory util: 1, Op/B 0, GPU
			up_proj | 3.8794us  | 1.4259e+05 - 1.426e+05 | tensor(209, 16384) -> tensor(209, 1664) | ACT: 0.027459mJ  | RD: 0.85468mJ  | WR: 0.0098081mJ  | all_ACT: 0mJ  | all_RD: 0mJ  | all_WR: 0mJ  | MAC: 2.6211mJ  | Total: 0.89194mJ | compute util: 0, memory util: 0, Op/B 367.2
				Linear | 3.8794us  | 1.4259e+05 - 1.426e+05 | tensor(209, 16384) -> tensor(209, 1664) | ACT: 0.027459mJ  | RD: 0.85468mJ  | WR: 0.0098081mJ  | all_ACT: 0mJ  | all_RD: 0mJ  | all_WR: 0mJ  | MAC: 2.6211mJ  | Total: 0.89194mJ | compute util: 0.65279, memory util: 1, Op/B 367.2, GPU
			down_proj | 3.8794us  | 1.426e+05 - 1.426e+05 | tensor(209, 1664) -> tensor(209, 16384) | ACT: 0.027459mJ  | RD: 0.76903mJ  | WR: 0.095458mJ  | all_ACT: 0mJ  | all_RD: 0mJ  | all_WR: 0mJ  | MAC: 2.6211mJ  | Total: 0.89194mJ | compute util: 0, memory util: 0, Op/B 367.2
				Linear | 3.8794us  | 1.426e+05 - 1.426e+05 | tensor(209, 1664) -> tensor(209, 16384) | ACT: 0.027459mJ  | RD: 0.76903mJ  | WR: 0.095458mJ  | all_ACT: 0mJ  | all_RD: 0mJ  | all_WR: 0mJ  | MAC: 2.6211mJ  | Total: 0.89194mJ | compute util: 0.65279, memory util: 1, Op/B 367.2, GPU
		all_reduce | 74.405us  | 1.426e+05 - 1.4267e+05 | tensor(209, 16384) -> tensor(209, 16384) | ACT: 0mJ  | RD: 0mJ  | WR: 0mJ  | all_ACT: 0mJ  | all_RD: 0mJ  | all_WR: 0mJ  | MAC: 0mJ  | Total: 0mJ | compute util: 0, memory util: 0, Op/B 0
		residual_1 | 1.2841us  | 1.4267e+05 - 1.4268e+05 | tensor(209, 16384) -> tensor(209, 16384) | ACT: 0mJ  | RD: 0mJ  | WR: 0mJ  | all_ACT: 0mJ  | all_RD: 0mJ  | all_WR: 0mJ  | MAC: 0mJ  | Total: 0mJ | compute util: 0, memory util: 0, Op/B 0
	decoder_125 | 1137.9us  | 1.4268e+05 - 1.4381e+05 | tensor(209, 16384) -> tensor(209, 16384) | ACT: 1.3378mJ  | RD: 41.766mJ  | WR: 0.22376mJ  | all_ACT: 0mJ  | all_RD: 0mJ  | all_WR: 0mJ  | MAC: 1007.7mJ  | Total: 43.327mJ | compute util: 0, memory util: 0, Op/B 2903.9
		input_layer_norm | 0.85811us  | 1.4268e+05 - 1.4268e+05 | tensor(209, 16384) -> tensor(209, 16384) | ACT: 0mJ  | RD: 0mJ  | WR: 0mJ  | all_ACT: 0mJ  | all_RD: 0mJ  | all_WR: 0mJ  | MAC: 0mJ  | Total: 0mJ | compute util: 0, memory util: 0, Op/B 0
		attention | 1047.4us  | 1.4268e+05 - 1.4372e+05 | tensor(209, 16384) -> tensor(209, 16384) | ACT: 1.2547mJ  | RD: 39.268mJ  | WR: 0.09888mJ  | all_ACT: 0mJ  | all_RD: 0mJ  | all_WR: 0mJ  | MAC: 999.85mJ  | Total: 40.621mJ | compute util: 0, memory util: 0, Op/B 3073
			attn_qkv_proj | 1.6227us  | 1.4268e+05 - 1.4268e+05 | tensor(209, 16384) -> tensor(209, 576) | ACT: 0.011519mJ  | RD: 0.35834mJ  | WR: 0.0034214mJ  | all_ACT: 0mJ  | all_RD: 0mJ  | all_WR: 0mJ  | MAC: 0.90729mJ  | Total: 0.37328mJ | compute util: 0, memory util: 0, Op/B 303.87
				Linear | 1.6227us  | 1.4268e+05 - 1.4268e+05 | tensor(209, 16384) -> tensor(209, 576) | ACT: 0.011519mJ  | RD: 0.35834mJ  | WR: 0.0034214mJ  | all_ACT: 0mJ  | all_RD: 0mJ  | all_WR: 0mJ  | MAC: 0.90729mJ  | Total: 0.37328mJ | compute util: 0.54021, memory util: 1, Op/B 303.87, GPU
			self_attention | 969.9us  | 1.4268e+05 - 1.4365e+05 | tensor(209, 576) -> tensor(209, 512) | ACT: 1.2326mJ  | RD: 38.672mJ  | WR: 0mJ  | all_ACT: 0mJ  | all_RD: 0mJ  | all_WR: 0mJ  | MAC: 998.14mJ  | Total: 39.905mJ | compute util: 0, memory util: 0, Op/B 3122.7
				AttentionSplit | 0us  | 1.4268e+05 - 1.4268e+05 | tensor(209, 576) -> tensor(0, 768) tensor(209, 768) | ACT: 0mJ  | RD: 0mJ  | WR: 0mJ  | all_ACT: 0mJ  | all_RD: 0mJ  | all_WR: 0mJ  | MAC: 0mJ  | Total: 0mJ | compute util: 0, memory util: 0, Op/B 0
				AttentionSum | 0us  | 1.4268e+05 - 1.4268e+05 | tensor(0, 768) -> tensor(0, 2048) | ACT: 0mJ  | RD: 0mJ  | WR: 0mJ  | all_ACT: 0mJ  | all_RD: 0mJ  | all_WR: 0mJ  | MAC: 0mJ  | Total: 0mJ | compute util: 0, memory util: 0, Op/B 0, GPU
				AttentionGen | 964.39us  | 1.4268e+05 - 1.4364e+05 | tensor(209, 768) -> tensor(209, 2048) | ACT: 1.2326mJ  | RD: 38.672mJ  | WR: 0mJ  | all_ACT: 0mJ  | all_RD: 0mJ  | all_WR: 0mJ  | MAC: 998.14mJ  | Total: 39.905mJ | compute util: 1, memory util: 0.18013, Op/B 3122.7, GPU
				context_merge | 5.5134us  | 1.4364e+05 - 1.4365e+05 | tensor(209, 2048) -> tensor(209, 2048) | ACT: 0mJ  | RD: 0mJ  | WR: 0mJ  | all_ACT: 0mJ  | all_RD: 0mJ  | all_WR: 0mJ  | MAC: 0mJ  | Total: 0mJ | compute util: 0, memory util: 0, Op/B 0
				AttentionMerge | 0us  | 1.4365e+05 - 1.4365e+05 | tensor(0, 2048) tensor(209, 2048) -> tensor(209, 512) | ACT: 0mJ  | RD: 0mJ  | WR: 0mJ  | all_ACT: 0mJ  | all_RD: 0mJ  | all_WR: 0mJ  | MAC: 0mJ  | Total: 0mJ | compute util: 0, memory util: 0, Op/B 0
			attn_o_proj | 1.49us  | 1.4365e+05 - 1.4365e+05 | tensor(209, 512) -> tensor(209, 16384) | ACT: 0.010588mJ  | RD: 0.23688mJ  | WR: 0.095458mJ  | all_ACT: 0mJ  | all_RD: 0mJ  | all_WR: 0mJ  | MAC: 0.80648mJ  | Total: 0.34292mJ | compute util: 0, memory util: 0, Op/B 294.17
				Linear | 1.49us  | 1.4365e+05 - 1.4365e+05 | tensor(209, 512) -> tensor(209, 16384) | ACT: 0.010588mJ  | RD: 0.23688mJ  | WR: 0.095458mJ  | all_ACT: 0mJ  | all_RD: 0mJ  | all_WR: 0mJ  | MAC: 0.80648mJ  | Total: 0.34292mJ | compute util: 0.52296, memory util: 1, Op/B 294.17, GPU
			all_reduce | 74.405us  | 1.4365e+05 - 1.4372e+05 | tensor(209, 16384) -> tensor(209, 16384) | ACT: 0mJ  | RD: 0mJ  | WR: 0mJ  | all_ACT: 0mJ  | all_RD: 0mJ  | all_WR: 0mJ  | MAC: 0mJ  | Total: 0mJ | compute util: 0, memory util: 0, Op/B 0
		residual_1 | 1.2841us  | 1.4372e+05 - 1.4373e+05 | tensor(209, 16384) -> tensor(209, 16384) | ACT: 0mJ  | RD: 0mJ  | WR: 0mJ  | all_ACT: 0mJ  | all_RD: 0mJ  | all_WR: 0mJ  | MAC: 0mJ  | Total: 0mJ | compute util: 0, memory util: 0, Op/B 0
		post_attn_layer_norm | 0.85811us  | 1.4373e+05 - 1.4373e+05 | tensor(209, 16384) -> tensor(209, 16384) | ACT: 0mJ  | RD: 0mJ  | WR: 0mJ  | all_ACT: 0mJ  | all_RD: 0mJ  | all_WR: 0mJ  | MAC: 0mJ  | Total: 0mJ | compute util: 0, memory util: 0, Op/B 0
		feedforward | 11.769us  | 1.4373e+05 - 1.4374e+05 | tensor(209, 16384) -> tensor(209, 16384) | ACT: 0.083075mJ  | RD: 2.498mJ  | WR: 0.12488mJ  | all_ACT: 0mJ  | all_RD: 0mJ  | all_WR: 0mJ  | MAC: 7.8632mJ  | Total: 2.706mJ | compute util: 0, memory util: 0, Op/B 363.13
			gate_proj | 3.8794us  | 1.4373e+05 - 1.4373e+05 | tensor(209, 16384) -> tensor(209, 1664) | ACT: 0.027459mJ  | RD: 0.85468mJ  | WR: 0.0098081mJ  | all_ACT: 0mJ  | all_RD: 0mJ  | all_WR: 0mJ  | MAC: 2.6211mJ  | Total: 0.89194mJ | compute util: 0, memory util: 0, Op/B 367.2
				Linear | 3.8794us  | 1.4373e+05 - 1.4373e+05 | tensor(209, 16384) -> tensor(209, 1664) | ACT: 0.027459mJ  | RD: 0.85468mJ  | WR: 0.0098081mJ  | all_ACT: 0mJ  | all_RD: 0mJ  | all_WR: 0mJ  | MAC: 2.6211mJ  | Total: 0.89194mJ | compute util: 0.65279, memory util: 1, Op/B 367.2, GPU
			activation | 0.13042us  | 1.4373e+05 - 1.4373e+05 | tensor(209, 1664) -> tensor(209, 1664) | ACT: 0.00069811mJ  | RD: 0.019616mJ  | WR: 0.0098081mJ  | all_ACT: 0mJ  | all_RD: 0mJ  | all_WR: 0mJ  | MAC: 0mJ  | Total: 0.030122mJ | compute util: 0, memory util: 1, Op/B 0, GPU
			up_proj | 3.8794us  | 1.4373e+05 - 1.4373e+05 | tensor(209, 16384) -> tensor(209, 1664) | ACT: 0.027459mJ  | RD: 0.85468mJ  | WR: 0.0098081mJ  | all_ACT: 0mJ  | all_RD: 0mJ  | all_WR: 0mJ  | MAC: 2.6211mJ  | Total: 0.89194mJ | compute util: 0, memory util: 0, Op/B 367.2
				Linear | 3.8794us  | 1.4373e+05 - 1.4373e+05 | tensor(209, 16384) -> tensor(209, 1664) | ACT: 0.027459mJ  | RD: 0.85468mJ  | WR: 0.0098081mJ  | all_ACT: 0mJ  | all_RD: 0mJ  | all_WR: 0mJ  | MAC: 2.6211mJ  | Total: 0.89194mJ | compute util: 0.65279, memory util: 1, Op/B 367.2, GPU
			down_proj | 3.8794us  | 1.4373e+05 - 1.4374e+05 | tensor(209, 1664) -> tensor(209, 16384) | ACT: 0.027459mJ  | RD: 0.76903mJ  | WR: 0.095458mJ  | all_ACT: 0mJ  | all_RD: 0mJ  | all_WR: 0mJ  | MAC: 2.6211mJ  | Total: 0.89194mJ | compute util: 0, memory util: 0, Op/B 367.2
				Linear | 3.8794us  | 1.4373e+05 - 1.4374e+05 | tensor(209, 1664) -> tensor(209, 16384) | ACT: 0.027459mJ  | RD: 0.76903mJ  | WR: 0.095458mJ  | all_ACT: 0mJ  | all_RD: 0mJ  | all_WR: 0mJ  | MAC: 2.6211mJ  | Total: 0.89194mJ | compute util: 0.65279, memory util: 1, Op/B 367.2, GPU
		all_reduce | 74.405us  | 1.4374e+05 - 1.4381e+05 | tensor(209, 16384) -> tensor(209, 16384) | ACT: 0mJ  | RD: 0mJ  | WR: 0mJ  | all_ACT: 0mJ  | all_RD: 0mJ  | all_WR: 0mJ  | MAC: 0mJ  | Total: 0mJ | compute util: 0, memory util: 0, Op/B 0
		residual_1 | 1.2841us  | 1.4381e+05 - 1.4381e+05 | tensor(209, 16384) -> tensor(209, 16384) | ACT: 0mJ  | RD: 0mJ  | WR: 0mJ  | all_ACT: 0mJ  | all_RD: 0mJ  | all_WR: 0mJ  | MAC: 0mJ  | Total: 0mJ | compute util: 0, memory util: 0, Op/B 0
	lm_head | 0us  | 1.4381e+05 - 1.4381e+05 | tensor(209, 16384) -> tensor(209, 128256) | ACT: 0mJ  | RD: 0mJ  | WR: 0mJ  | all_ACT: 0mJ  | all_RD: 0mJ  | all_WR: 0mJ  | MAC: 0mJ  | Total: 0mJ | compute util: 0, memory util: 0, Op/B 0
H3: per-device power 1000 W, total system power 32000 W

[ATTN BREAKDOWN] (ms, device 0, summed over all iterations)
  mean n_private (private ctx tokens actually used) = 1020
  T_comp  score=59.937  softmax=1.6389  ctx=59.937  TOTAL=121.51
  T_mem   score_priv=0.86628  score_shared=10.078  ctx_priv=0.86628  ctx_shared=10.078  TOTAL=21.889

